Archive member included because of file (symbol)

/Users/jayhe/Documents/CEG4166/FreeRTOS801/Release/libFreeRTOS801.a(i2cMultiMaster.o)
                              ./ReadTmp.o (I2C_Master_Start_Transceiver_With_Data)
/Users/jayhe/Documents/CEG4166/FreeRTOS801/Release/libFreeRTOS801.a(queue.o)
                              /Users/jayhe/Documents/CEG4166/FreeRTOS801/Release/libFreeRTOS801.a(i2cMultiMaster.o) (xQueueGenericSend)
/Users/jayhe/Documents/CEG4166/FreeRTOS801/Release/libFreeRTOS801.a(tasks.o)
                              /Users/jayhe/Documents/CEG4166/FreeRTOS801/Release/libFreeRTOS801.a(queue.o) (vTaskSuspendAll)
/Users/jayhe/Documents/CEG4166/FreeRTOS801/Release/libFreeRTOS801.a(port.o)
                              /Users/jayhe/Documents/CEG4166/FreeRTOS801/Release/libFreeRTOS801.a(tasks.o) (pxPortInitialiseStack)
/Users/jayhe/Documents/CEG4166/FreeRTOS801/Release/libFreeRTOS801.a(system_tick.o)
                              /Users/jayhe/Documents/CEG4166/FreeRTOS801/Release/libFreeRTOS801.a(port.o) (system_tick)
/Users/jayhe/Documents/CEG4166/FreeRTOS801/Release/libFreeRTOS801.a(system_time.o)
                              /Users/jayhe/Documents/CEG4166/FreeRTOS801/Release/libFreeRTOS801.a(system_tick.o) (__system_time)
/Users/jayhe/Documents/CEG4166/FreeRTOS801/Release/libFreeRTOS801.a(heap_4.o)
                              /Users/jayhe/Documents/CEG4166/FreeRTOS801/Release/libFreeRTOS801.a(queue.o) (vPortFree)
/Users/jayhe/Documents/CEG4166/FreeRTOS801/Release/libFreeRTOS801.a(list.o)
                              /Users/jayhe/Documents/CEG4166/FreeRTOS801/Release/libFreeRTOS801.a(queue.o) (vListInitialise)
/Users/jayhe/Documents/CEG4166/FreeRTOS801/Release/libFreeRTOS801.a(runtTimeStatsTimer.o)
                              /Users/jayhe/Documents/CEG4166/FreeRTOS801/Release/libFreeRTOS801.a(tasks.o) (xconfigTimerForRunTimeStats)
/Applications/Arduino.app/Contents/Resources/Java/hardware/tools/avr/bin/../lib/gcc/avr/4.3.2/../../../../avr/lib/avr6/libprintf_flt.a(vfprintf_flt.o)
                              (vfprintf)
/Users/jayhe/Documents/CEG4166/CEG4166_RTS_Lib/Release/libCEG4166_RTS_Lib.a(usartSerial.o)
                              ./LCD.o (usartWrite)
/Applications/Arduino.app/Contents/Resources/Java/hardware/tools/avr/bin/../lib/gcc/avr/4.3.2/avr6/libgcc.a(_divmodhi4.o)
                              ./ReadTmp.o (__divmodhi4)
/Applications/Arduino.app/Contents/Resources/Java/hardware/tools/avr/bin/../lib/gcc/avr/4.3.2/avr6/libgcc.a(_udivmodsi4.o)
                              /Users/jayhe/Documents/CEG4166/FreeRTOS801/Release/libFreeRTOS801.a(tasks.o) (__udivmodsi4)
/Applications/Arduino.app/Contents/Resources/Java/hardware/tools/avr/bin/../lib/gcc/avr/4.3.2/avr6/libgcc.a(_prologue.o)
                              ./LCD.o (__prologue_saves__)
/Applications/Arduino.app/Contents/Resources/Java/hardware/tools/avr/bin/../lib/gcc/avr/4.3.2/avr6/libgcc.a(_epilogue.o)
                              ./LCD.o (__epilogue_restores__)
/Applications/Arduino.app/Contents/Resources/Java/hardware/tools/avr/bin/../lib/gcc/avr/4.3.2/avr6/libgcc.a(_exit.o)
                              /Applications/Arduino.app/Contents/Resources/Java/hardware/tools/avr/bin/../lib/gcc/avr/4.3.2/../../../../avr/lib/avr6/crtm2560.o (exit)
/Applications/Arduino.app/Contents/Resources/Java/hardware/tools/avr/bin/../lib/gcc/avr/4.3.2/avr6/libgcc.a(_tablejump.o)
                              /Users/jayhe/Documents/CEG4166/FreeRTOS801/Release/libFreeRTOS801.a(i2cMultiMaster.o) (__tablejump2__)
/Applications/Arduino.app/Contents/Resources/Java/hardware/tools/avr/bin/../lib/gcc/avr/4.3.2/avr6/libgcc.a(_clear_bss.o)
                              ./LCD.o (__do_clear_bss)
/Applications/Arduino.app/Contents/Resources/Java/hardware/tools/avr/bin/../lib/gcc/avr/4.3.2/avr6/libgcc.a(_udivmodhi4.o)
                              /Applications/Arduino.app/Contents/Resources/Java/hardware/tools/avr/bin/../lib/gcc/avr/4.3.2/avr6/libgcc.a(_divmodhi4.o) (__udivmodhi4)
/Applications/Arduino.app/Contents/Resources/Java/hardware/tools/avr/bin/../lib/gcc/avr/4.3.2/../../../../avr/lib/avr6/libc.a(ftoa_engine.o)
                              /Applications/Arduino.app/Contents/Resources/Java/hardware/tools/avr/bin/../lib/gcc/avr/4.3.2/../../../../avr/lib/avr6/libprintf_flt.a(vfprintf_flt.o) (__ftoa_engine)
/Applications/Arduino.app/Contents/Resources/Java/hardware/tools/avr/bin/../lib/gcc/avr/4.3.2/../../../../avr/lib/avr6/libc.a(strlen_P.o)
                              /Users/jayhe/Documents/CEG4166/CEG4166_RTS_Lib/Release/libCEG4166_RTS_Lib.a(usartSerial.o) (strlen_P)
/Applications/Arduino.app/Contents/Resources/Java/hardware/tools/avr/bin/../lib/gcc/avr/4.3.2/../../../../avr/lib/avr6/libc.a(strnlen_P.o)
                              /Applications/Arduino.app/Contents/Resources/Java/hardware/tools/avr/bin/../lib/gcc/avr/4.3.2/../../../../avr/lib/avr6/libprintf_flt.a(vfprintf_flt.o) (strnlen_P)
/Applications/Arduino.app/Contents/Resources/Java/hardware/tools/avr/bin/../lib/gcc/avr/4.3.2/../../../../avr/lib/avr6/libc.a(memcpy.o)
                              /Users/jayhe/Documents/CEG4166/FreeRTOS801/Release/libFreeRTOS801.a(queue.o) (memcpy)
/Applications/Arduino.app/Contents/Resources/Java/hardware/tools/avr/bin/../lib/gcc/avr/4.3.2/../../../../avr/lib/avr6/libc.a(memset.o)
                              /Users/jayhe/Documents/CEG4166/FreeRTOS801/Release/libFreeRTOS801.a(tasks.o) (memset)
/Applications/Arduino.app/Contents/Resources/Java/hardware/tools/avr/bin/../lib/gcc/avr/4.3.2/../../../../avr/lib/avr6/libc.a(strnlen.o)
                              /Applications/Arduino.app/Contents/Resources/Java/hardware/tools/avr/bin/../lib/gcc/avr/4.3.2/../../../../avr/lib/avr6/libprintf_flt.a(vfprintf_flt.o) (strnlen)
/Applications/Arduino.app/Contents/Resources/Java/hardware/tools/avr/bin/../lib/gcc/avr/4.3.2/../../../../avr/lib/avr6/libc.a(fputc.o)
                              /Applications/Arduino.app/Contents/Resources/Java/hardware/tools/avr/bin/../lib/gcc/avr/4.3.2/../../../../avr/lib/avr6/libprintf_flt.a(vfprintf_flt.o) (fputc)
/Applications/Arduino.app/Contents/Resources/Java/hardware/tools/avr/bin/../lib/gcc/avr/4.3.2/../../../../avr/lib/avr6/libc.a(sprintf.o)
                              ./LCD.o (sprintf)
/Applications/Arduino.app/Contents/Resources/Java/hardware/tools/avr/bin/../lib/gcc/avr/4.3.2/../../../../avr/lib/avr6/libc.a(vsnprintf.o)
                              /Users/jayhe/Documents/CEG4166/CEG4166_RTS_Lib/Release/libCEG4166_RTS_Lib.a(usartSerial.o) (vsnprintf)
/Applications/Arduino.app/Contents/Resources/Java/hardware/tools/avr/bin/../lib/gcc/avr/4.3.2/../../../../avr/lib/avr6/libc.a(vsnprintf_p.o)
                              /Users/jayhe/Documents/CEG4166/CEG4166_RTS_Lib/Release/libCEG4166_RTS_Lib.a(usartSerial.o) (vsnprintf_P)
/Applications/Arduino.app/Contents/Resources/Java/hardware/tools/avr/bin/../lib/gcc/avr/4.3.2/../../../../avr/lib/avr6/libc.a(ultoa_invert.o)
                              /Applications/Arduino.app/Contents/Resources/Java/hardware/tools/avr/bin/../lib/gcc/avr/4.3.2/../../../../avr/lib/avr6/libprintf_flt.a(vfprintf_flt.o) (__ultoa_invert)

Allocating common symbols
Common symbol       size              file

usartComBuf         0x74              /Users/jayhe/Documents/CEG4166/CEG4166_RTS_Lib/Release/libCEG4166_RTS_Lib.a(usartSerial.o)
avgTemperature      0x1               ./main.o
lcdString           0x20              ./main.o
result              0x12              ./main.o
usartfd             0x2               ./main.o
__system_time       0x4               /Users/jayhe/Documents/CEG4166/FreeRTOS801/Release/libFreeRTOS801.a(system_time.o)

Memory Configuration

Name             Origin             Length             Attributes
text             0x00000000         0x00100000         xr
data             0x00800200         0x0000fe00         rw !x
eeprom           0x00810000         0x00010000         rw !x
fuse             0x00820000         0x00000400         rw !x
lock             0x00830000         0x00000400         rw !x
signature        0x00840000         0x00000400         rw !x
*default*        0x00000000         0xffffffff

Linker script and memory map

Address of section .data set to 0x800200
LOAD /Applications/Arduino.app/Contents/Resources/Java/hardware/tools/avr/bin/../lib/gcc/avr/4.3.2/../../../../avr/lib/avr6/crtm2560.o
LOAD ./LCD.o
LOAD ./ReadTmp.o
LOAD ./main.o
LOAD /Users/jayhe/Documents/CEG4166/FreeRTOS801/Release/libFreeRTOS801.a
LOAD /Applications/Arduino.app/Contents/Resources/Java/hardware/tools/avr/bin/../lib/gcc/avr/4.3.2/../../../../avr/lib/avr6/libm.a
LOAD /Applications/Arduino.app/Contents/Resources/Java/hardware/tools/avr/bin/../lib/gcc/avr/4.3.2/../../../../avr/lib/avr6/libprintf_flt.a
LOAD /Users/jayhe/Documents/CEG4166/FreeRTOS801/Release/libFreeRTOS801.a
LOAD /Users/jayhe/Documents/CEG4166/CEG4166_RTS_Lib/Release/libCEG4166_RTS_Lib.a
LOAD /Applications/Arduino.app/Contents/Resources/Java/hardware/tools/avr/bin/../lib/gcc/avr/4.3.2/avr6/libgcc.a
LOAD /Applications/Arduino.app/Contents/Resources/Java/hardware/tools/avr/bin/../lib/gcc/avr/4.3.2/../../../../avr/lib/avr6/libc.a
LOAD /Applications/Arduino.app/Contents/Resources/Java/hardware/tools/avr/bin/../lib/gcc/avr/4.3.2/avr6/libgcc.a

.hash
 *(.hash)

.dynsym
 *(.dynsym)

.dynstr
 *(.dynstr)

.gnu.version
 *(.gnu.version)

.gnu.version_d
 *(.gnu.version_d)

.gnu.version_r
 *(.gnu.version_r)

.rel.init
 *(.rel.init)

.rela.init
 *(.rela.init)

.rel.text
 *(.rel.text)
 *(.rel.text.*)
 *(.rel.gnu.linkonce.t*)

.rela.text
 *(.rela.text)
 *(.rela.text.*)
 *(.rela.gnu.linkonce.t*)

.rel.fini
 *(.rel.fini)

.rela.fini
 *(.rela.fini)

.rel.rodata
 *(.rel.rodata)
 *(.rel.rodata.*)
 *(.rel.gnu.linkonce.r*)

.rela.rodata
 *(.rela.rodata)
 *(.rela.rodata.*)
 *(.rela.gnu.linkonce.r*)

.rel.data
 *(.rel.data)
 *(.rel.data.*)
 *(.rel.gnu.linkonce.d*)

.rela.data
 *(.rela.data)
 *(.rela.data.*)
 *(.rela.gnu.linkonce.d*)

.rel.ctors
 *(.rel.ctors)

.rela.ctors
 *(.rela.ctors)

.rel.dtors
 *(.rel.dtors)

.rela.dtors
 *(.rela.dtors)

.rel.got
 *(.rel.got)

.rela.got
 *(.rela.got)

.rel.bss
 *(.rel.bss)

.rela.bss
 *(.rela.bss)

.rel.plt
 *(.rel.plt)

.rela.plt
 *(.rela.plt)

.text           0x00000000     0x6cfe
 *(.vectors)
 .vectors       0x00000000       0xe4 /Applications/Arduino.app/Contents/Resources/Java/hardware/tools/avr/bin/../lib/gcc/avr/4.3.2/../../../../avr/lib/avr6/crtm2560.o
                0x00000000                __vectors
                0x00000000                __vector_default
 *(.vectors)
 *(.progmem.gcc*)
 .progmem.gcc_sw_table
                0x000000e4      0x182 /Users/jayhe/Documents/CEG4166/FreeRTOS801/Release/libFreeRTOS801.a(i2cMultiMaster.o)
 *(.progmem*)
 .progmem.data  0x00000266       0x15 ./ReadTmp.o
 .progmem.data  0x0000027b        0x8 /Applications/Arduino.app/Contents/Resources/Java/hardware/tools/avr/bin/../lib/gcc/avr/4.3.2/../../../../avr/lib/avr6/libprintf_flt.a(vfprintf_flt.o)
 .progmem.data  0x00000283       0xfa /Applications/Arduino.app/Contents/Resources/Java/hardware/tools/avr/bin/../lib/gcc/avr/4.3.2/../../../../avr/lib/avr6/libc.a(ftoa_engine.o)
                0x0000037e                . = ALIGN (0x2)
 *fill*         0x0000037d        0x1 00
                0x0000037e                __trampolines_start = .
 *(.trampolines)
 .trampolines   0x0000037e        0x0 linker stubs
 *(.trampolines*)
                0x0000037e                __trampolines_end = .
 *(.jumptables)
 *(.jumptables*)
 *(.lowtext)
 .lowtext       0x0000037e      0x2e8 /Users/jayhe/Documents/CEG4166/FreeRTOS801/Release/libFreeRTOS801.a(tasks.o)
 *(.lowtext*)
                0x00000666                __ctors_start = .
 *(.ctors)
                0x00000666                __ctors_end = .
                0x00000666                __dtors_start = .
 *(.dtors)
                0x00000666                __dtors_end = .
 SORT(*)(.ctors)
 SORT(*)(.dtors)
 *(.init0)
 .init0         0x00000666        0x0 /Applications/Arduino.app/Contents/Resources/Java/hardware/tools/avr/bin/../lib/gcc/avr/4.3.2/../../../../avr/lib/avr6/crtm2560.o
                0x00000666                __init
 *(.init0)
 *(.init1)
 *(.init1)
 *(.init2)
 .init2         0x00000666       0x10 /Applications/Arduino.app/Contents/Resources/Java/hardware/tools/avr/bin/../lib/gcc/avr/4.3.2/../../../../avr/lib/avr6/crtm2560.o
 *(.init2)
 *(.init3)
 *(.init3)
 *(.init4)
 .init4         0x00000676       0x1c /Applications/Arduino.app/Contents/Resources/Java/hardware/tools/avr/bin/../lib/gcc/avr/4.3.2/../../../../avr/lib/avr6/crtm2560.o
                0x00000676                __do_copy_data
 .init4         0x00000692       0x10 /Applications/Arduino.app/Contents/Resources/Java/hardware/tools/avr/bin/../lib/gcc/avr/4.3.2/avr6/libgcc.a(_clear_bss.o)
                0x00000692                __do_clear_bss
 *(.init4)
 *(.init5)
 *(.init5)
 *(.init6)
 *(.init6)
 *(.init7)
 *(.init7)
 *(.init8)
 *(.init8)
 *(.init9)
 .init9         0x000006a2        0x8 /Applications/Arduino.app/Contents/Resources/Java/hardware/tools/avr/bin/../lib/gcc/avr/4.3.2/../../../../avr/lib/avr6/crtm2560.o
 *(.init9)
 *(.text)
 .text          0x000006aa        0x4 /Applications/Arduino.app/Contents/Resources/Java/hardware/tools/avr/bin/../lib/gcc/avr/4.3.2/../../../../avr/lib/avr6/crtm2560.o
                0x000006aa                __vector_38
                0x000006aa                __vector_22
                0x000006aa                __vector_28
                0x000006aa                __vector_1
                0x000006aa                __vector_34
                0x000006aa                __vector_24
                0x000006aa                __vector_12
                0x000006aa                __vector_46
                0x000006aa                __bad_interrupt
                0x000006aa                __vector_6
                0x000006aa                __vector_31
                0x000006aa                __vector_35
                0x000006aa                __vector_3
                0x000006aa                __vector_23
                0x000006aa                __vector_30
                0x000006aa                __vector_45
                0x000006aa                __vector_11
                0x000006aa                __vector_13
                0x000006aa                __vector_17
                0x000006aa                __vector_19
                0x000006aa                __vector_56
                0x000006aa                __vector_7
                0x000006aa                __vector_49
                0x000006aa                __vector_41
                0x000006aa                __vector_43
                0x000006aa                __vector_27
                0x000006aa                __vector_5
                0x000006aa                __vector_33
                0x000006aa                __vector_47
                0x000006aa                __vector_4
                0x000006aa                __vector_44
                0x000006aa                __vector_9
                0x000006aa                __vector_2
                0x000006aa                __vector_21
                0x000006aa                __vector_15
                0x000006aa                __vector_29
                0x000006aa                __vector_40
                0x000006aa                __vector_8
                0x000006aa                __vector_48
                0x000006aa                __vector_14
                0x000006aa                __vector_53
                0x000006aa                __vector_10
                0x000006aa                __vector_50
                0x000006aa                __vector_16
                0x000006aa                __vector_18
                0x000006aa                __vector_20
                0x000006aa                __vector_42
 .text          0x000006ae        0x0 ./LCD.o
 .text          0x000006ae        0x0 ./ReadTmp.o
 .text          0x000006ae        0x0 ./main.o
 .text          0x000006ae        0x0 /Users/jayhe/Documents/CEG4166/FreeRTOS801/Release/libFreeRTOS801.a(i2cMultiMaster.o)
 .text          0x000006ae        0x0 /Users/jayhe/Documents/CEG4166/FreeRTOS801/Release/libFreeRTOS801.a(queue.o)
 .text          0x000006ae        0x0 /Users/jayhe/Documents/CEG4166/FreeRTOS801/Release/libFreeRTOS801.a(tasks.o)
 .text          0x000006ae        0x0 /Users/jayhe/Documents/CEG4166/FreeRTOS801/Release/libFreeRTOS801.a(port.o)
 .text          0x000006ae       0x38 /Users/jayhe/Documents/CEG4166/FreeRTOS801/Release/libFreeRTOS801.a(system_tick.o)
                0x000006ae                system_tick
 .text          0x000006e6        0x0 /Users/jayhe/Documents/CEG4166/FreeRTOS801/Release/libFreeRTOS801.a(system_time.o)
 .text          0x000006e6        0x0 /Users/jayhe/Documents/CEG4166/FreeRTOS801/Release/libFreeRTOS801.a(heap_4.o)
 .text          0x000006e6        0x0 /Users/jayhe/Documents/CEG4166/FreeRTOS801/Release/libFreeRTOS801.a(list.o)
 .text          0x000006e6        0x0 /Users/jayhe/Documents/CEG4166/FreeRTOS801/Release/libFreeRTOS801.a(runtTimeStatsTimer.o)
 .text          0x000006e6      0x712 /Applications/Arduino.app/Contents/Resources/Java/hardware/tools/avr/bin/../lib/gcc/avr/4.3.2/../../../../avr/lib/avr6/libprintf_flt.a(vfprintf_flt.o)
                0x000006e6                vfprintf
 .text          0x00000df8        0x0 /Users/jayhe/Documents/CEG4166/CEG4166_RTS_Lib/Release/libCEG4166_RTS_Lib.a(usartSerial.o)
 .text          0x00000df8        0x0 /Applications/Arduino.app/Contents/Resources/Java/hardware/tools/avr/bin/../lib/gcc/avr/4.3.2/avr6/libgcc.a(_divmodhi4.o)
 .text          0x00000df8        0x0 /Applications/Arduino.app/Contents/Resources/Java/hardware/tools/avr/bin/../lib/gcc/avr/4.3.2/avr6/libgcc.a(_udivmodsi4.o)
 .text          0x00000df8        0x0 /Applications/Arduino.app/Contents/Resources/Java/hardware/tools/avr/bin/../lib/gcc/avr/4.3.2/avr6/libgcc.a(_prologue.o)
 .text          0x00000df8        0x0 /Applications/Arduino.app/Contents/Resources/Java/hardware/tools/avr/bin/../lib/gcc/avr/4.3.2/avr6/libgcc.a(_epilogue.o)
 .text          0x00000df8        0x0 /Applications/Arduino.app/Contents/Resources/Java/hardware/tools/avr/bin/../lib/gcc/avr/4.3.2/avr6/libgcc.a(_exit.o)
 .text          0x00000df8        0x0 /Applications/Arduino.app/Contents/Resources/Java/hardware/tools/avr/bin/../lib/gcc/avr/4.3.2/avr6/libgcc.a(_tablejump.o)
 .text          0x00000df8        0x0 /Applications/Arduino.app/Contents/Resources/Java/hardware/tools/avr/bin/../lib/gcc/avr/4.3.2/avr6/libgcc.a(_clear_bss.o)
 .text          0x00000df8        0x0 /Applications/Arduino.app/Contents/Resources/Java/hardware/tools/avr/bin/../lib/gcc/avr/4.3.2/avr6/libgcc.a(_udivmodhi4.o)
 .text          0x00000df8      0x1b0 /Applications/Arduino.app/Contents/Resources/Java/hardware/tools/avr/bin/../lib/gcc/avr/4.3.2/../../../../avr/lib/avr6/libc.a(ftoa_engine.o)
                0x00000df8                __ftoa_engine
 .text          0x00000fa8       0x12 /Applications/Arduino.app/Contents/Resources/Java/hardware/tools/avr/bin/../lib/gcc/avr/4.3.2/../../../../avr/lib/avr6/libc.a(strlen_P.o)
                0x00000fa8                strlen_P
 .text          0x00000fba       0x16 /Applications/Arduino.app/Contents/Resources/Java/hardware/tools/avr/bin/../lib/gcc/avr/4.3.2/../../../../avr/lib/avr6/libc.a(strnlen_P.o)
                0x00000fba                strnlen_P
 .text          0x00000fd0       0x12 /Applications/Arduino.app/Contents/Resources/Java/hardware/tools/avr/bin/../lib/gcc/avr/4.3.2/../../../../avr/lib/avr6/libc.a(memcpy.o)
                0x00000fd0                memcpy
 .text          0x00000fe2        0xe /Applications/Arduino.app/Contents/Resources/Java/hardware/tools/avr/bin/../lib/gcc/avr/4.3.2/../../../../avr/lib/avr6/libc.a(memset.o)
                0x00000fe2                memset
 .text          0x00000ff0       0x16 /Applications/Arduino.app/Contents/Resources/Java/hardware/tools/avr/bin/../lib/gcc/avr/4.3.2/../../../../avr/lib/avr6/libc.a(strnlen.o)
                0x00000ff0                strnlen
 .text          0x00001006       0x58 /Applications/Arduino.app/Contents/Resources/Java/hardware/tools/avr/bin/../lib/gcc/avr/4.3.2/../../../../avr/lib/avr6/libc.a(fputc.o)
                0x00001006                fputc
 .text          0x0000105e       0x48 /Applications/Arduino.app/Contents/Resources/Java/hardware/tools/avr/bin/../lib/gcc/avr/4.3.2/../../../../avr/lib/avr6/libc.a(sprintf.o)
                0x0000105e                sprintf
 .text          0x000010a6       0x54 /Applications/Arduino.app/Contents/Resources/Java/hardware/tools/avr/bin/../lib/gcc/avr/4.3.2/../../../../avr/lib/avr6/libc.a(vsnprintf.o)
                0x000010a6                vsnprintf
 .text          0x000010fa       0x54 /Applications/Arduino.app/Contents/Resources/Java/hardware/tools/avr/bin/../lib/gcc/avr/4.3.2/../../../../avr/lib/avr6/libc.a(vsnprintf_p.o)
                0x000010fa                vsnprintf_P
 .text          0x0000114e       0xbc /Applications/Arduino.app/Contents/Resources/Java/hardware/tools/avr/bin/../lib/gcc/avr/4.3.2/../../../../avr/lib/avr6/libc.a(ultoa_invert.o)
                0x0000114e                __ultoa_invert
                0x0000120a                . = ALIGN (0x2)
 *(.text.*)
 .text.lcdPrint
                0x0000120a      0x192 ./LCD.o
                0x0000120a                lcdPrint
 .text.TaskReadTemperature
                0x0000139c      0x160 ./ReadTmp.o
                0x0000139c                TaskReadTemperature
 .text.vApplicationStackOverflowHook
                0x000014fc        0x2 ./main.o
                0x000014fc                vApplicationStackOverflowHook
 .text.main     0x000014fe       0x74 ./main.o
                0x000014fe                main
 .text.scheduler
                0x00001572       0x32 ./main.o
                0x00001572                scheduler
 .text.I2C_Slave_Start_Transceiver
                0x000015a4       0x1a /Users/jayhe/Documents/CEG4166/FreeRTOS801/Release/libFreeRTOS801.a(i2cMultiMaster.o)
                0x000015a4                I2C_Slave_Start_Transceiver
 .text.I2C_Master_Start_Transceiver
                0x000015be       0x1a /Users/jayhe/Documents/CEG4166/FreeRTOS801/Release/libFreeRTOS801.a(i2cMultiMaster.o)
                0x000015be                I2C_Master_Start_Transceiver
 .text.I2C_Slave_Start_Transceiver_With_Data
                0x000015d8       0x40 /Users/jayhe/Documents/CEG4166/FreeRTOS801/Release/libFreeRTOS801.a(i2cMultiMaster.o)
                0x000015d8                I2C_Slave_Start_Transceiver_With_Data
 .text.I2C_Master_Start_Transceiver_With_Data
                0x00001618       0x4e /Users/jayhe/Documents/CEG4166/FreeRTOS801/Release/libFreeRTOS801.a(i2cMultiMaster.o)
                0x00001618                I2C_Master_Start_Transceiver_With_Data
 .text.I2C_Slave_Get_Data_From_Transceiver
                0x00001666       0x48 /Users/jayhe/Documents/CEG4166/FreeRTOS801/Release/libFreeRTOS801.a(i2cMultiMaster.o)
                0x00001666                I2C_Slave_Get_Data_From_Transceiver
 .text.I2C_Master_Get_Data_From_Transceiver
                0x000016ae       0x40 /Users/jayhe/Documents/CEG4166/FreeRTOS801/Release/libFreeRTOS801.a(i2cMultiMaster.o)
                0x000016ae                I2C_Master_Get_Data_From_Transceiver
 .text.I2C_Check_Free_After_Stop
                0x000016ee       0x12 /Users/jayhe/Documents/CEG4166/FreeRTOS801/Release/libFreeRTOS801.a(i2cMultiMaster.o)
                0x000016ee                I2C_Check_Free_After_Stop
 .text.I2C_Get_State_Info
                0x00001700        0xe /Users/jayhe/Documents/CEG4166/FreeRTOS801/Release/libFreeRTOS801.a(i2cMultiMaster.o)
                0x00001700                I2C_Get_State_Info
 .text.__vector_39
                0x0000170e      0x1b2 /Users/jayhe/Documents/CEG4166/FreeRTOS801/Release/libFreeRTOS801.a(i2cMultiMaster.o)
                0x0000170e                __vector_39
 .text.I2C_Master_Initialise
                0x000018c0       0x60 /Users/jayhe/Documents/CEG4166/FreeRTOS801/Release/libFreeRTOS801.a(i2cMultiMaster.o)
                0x000018c0                I2C_Master_Initialise
 .text.I2C_Slave_Initialise
                0x00001920       0x50 /Users/jayhe/Documents/CEG4166/FreeRTOS801/Release/libFreeRTOS801.a(i2cMultiMaster.o)
                0x00001920                I2C_Slave_Initialise
 .text.hot      0x00001970      0xc06 /Users/jayhe/Documents/CEG4166/FreeRTOS801/Release/libFreeRTOS801.a(queue.o)
                0x00001e62                xQueueGenericSendFromISR
                0x000019f0                xQueuePeekFromISR
                0x0000199a                uxQueueGetQueueNumber
                0x000019d2                vQueueDelete
                0x00001f74                xQueueGenericSend
                0x000019a6                ucQueueGetQueueType
                0x00001a4a                xQueueReceiveFromISR
                0x0000249a                xQueueGenericCreate
                0x000019a0                vQueueSetQueueNumber
                0x00001980                uxQueueSpacesAvailable
                0x000019bc                xQueueIsQueueFullFromISR
                0x00001ada                xQueueGenericReceive
                0x00001970                uxQueueMessagesWaiting
                0x0000240a                xQueueGenericReset
                0x00001994                uxQueueMessagesWaitingFromISR
                0x000019ac                xQueueIsQueueEmptyFromISR
                0x00002328                xQueueCreateMutex
 .text.hot      0x00002576     0x3098 /Users/jayhe/Documents/CEG4166/FreeRTOS801/Release/libFreeRTOS801.a(tasks.o)
                0x00002ca0                vTaskPlaceOnUnorderedEventList
                0x00003224                vTaskGetRunTimeStats
                0x0000522c                vTaskEndScheduler
                0x00002d7e                vTaskPlaceOnEventList
                0x00005238                xTaskGenericCreate
                0x000027bc                uxTaskGetStackHighWaterMark
                0x00002bf2                xTaskResumeFromISR
                0x00002582                xTaskGetTickCount
                0x000029aa                xTaskRemoveFromEventList
                0x00005162                vTaskDelete
                0x000025c0                xTaskCheckForTimeOut
                0x00002576                vTaskSuspendAll
                0x00002598                xTaskGetTickCountFromISR
                0x00002836                vTaskPriorityDisinherit
                0x0000289a                vTaskPriorityInherit
                0x00004864                vTaskResume
                0x00002e4e                vTaskSwitchContext
                0x00002654                vTaskSetTaskNumber
                0x000048f0                vTaskSuspend
                0x000025a4                uxTaskGetNumberOfTasks
                0x00003d72                vTaskList
                0x00002646                uxTaskGetTaskNumber
                0x00004e22                vTaskDelayUntil
                0x000027fa                xTaskGetCurrentTaskHandle
                0x0000293a                xTaskRemoveFromUnorderedEventList
                0x00002faa                xTaskResumeAll
                0x00005442                vTaskStartScheduler
                0x0000263e                vTaskMissedYield
                0x00002a3c                xTaskIncrementTick
                0x00004b12                vTaskDelay
                0x000025aa                vTaskSetTimeOutState
                0x00002806                uxTaskResetEventItemValue
 .text.uxTaskGetSystemState
                0x0000560e      0x102 /Users/jayhe/Documents/CEG4166/FreeRTOS801/Release/libFreeRTOS801.a(tasks.o)
                0x0000560e                uxTaskGetSystemState
 .text.hot      0x00005710      0x12a /Users/jayhe/Documents/CEG4166/FreeRTOS801/Release/libFreeRTOS801.a(port.o)
                0x000057a6                xPortStartScheduler
                0x00005838                vPortEndScheduler
                0x00005710                pxPortInitialiseStack
 .text.vPortYieldFromTick
                0x0000583a       0xf8 /Users/jayhe/Documents/CEG4166/FreeRTOS801/Release/libFreeRTOS801.a(port.o)
                0x0000583a                vPortYieldFromTick
 .text.__vector_32
                0x00005932        0x6 /Users/jayhe/Documents/CEG4166/FreeRTOS801/Release/libFreeRTOS801.a(port.o)
                0x00005932                __vector_32
 .text.vPortYield
                0x00005938       0xc2 /Users/jayhe/Documents/CEG4166/FreeRTOS801/Release/libFreeRTOS801.a(port.o)
                0x00005938                vPortYield
 .text.hot      0x000059fa      0x2f8 /Users/jayhe/Documents/CEG4166/FreeRTOS801/Release/libFreeRTOS801.a(heap_4.o)
                0x000059fa                xPortGetFreeHeapSize
                0x00005a10                vPortFree
                0x00005af6                pvPortMalloc
                0x00005a0e                vPortInitialiseBlocks
                0x00005a04                xPortGetMinimumEverFreeHeapSize
 .text.vListInitialise
                0x00005cf2       0x20 /Users/jayhe/Documents/CEG4166/FreeRTOS801/Release/libFreeRTOS801.a(list.o)
                0x00005cf2                vListInitialise
 .text.vListInitialiseItem
                0x00005d12        0x8 /Users/jayhe/Documents/CEG4166/FreeRTOS801/Release/libFreeRTOS801.a(list.o)
                0x00005d12                vListInitialiseItem
 .text.vListInsertEnd
                0x00005d1a       0x3e /Users/jayhe/Documents/CEG4166/FreeRTOS801/Release/libFreeRTOS801.a(list.o)
                0x00005d1a                vListInsertEnd
 .text.vListInsert
                0x00005d58       0x64 /Users/jayhe/Documents/CEG4166/FreeRTOS801/Release/libFreeRTOS801.a(list.o)
                0x00005d58                vListInsert
 .text.uxListRemove
                0x00005dbc       0x56 /Users/jayhe/Documents/CEG4166/FreeRTOS801/Release/libFreeRTOS801.a(list.o)
                0x00005dbc                uxListRemove
 .text.xconfigTimerForRunTimeStats
                0x00005e12       0x18 /Users/jayhe/Documents/CEG4166/FreeRTOS801/Release/libFreeRTOS801.a(runtTimeStatsTimer.o)
                0x00005e12                xconfigTimerForRunTimeStats
 .text.setDefaultUSART
                0x00005e2a        0x6 /Users/jayhe/Documents/CEG4166/CEG4166_RTS_Lib/Release/libCEG4166_RTS_Lib.a(usartSerial.o)
                0x00005e2a                setDefaultUSART
 .text.usartWrite
                0x00005e30       0x52 /Users/jayhe/Documents/CEG4166/CEG4166_RTS_Lib/Release/libCEG4166_RTS_Lib.a(usartSerial.o)
                0x00005e30                usartWrite
 .text.usartRead
                0x00005e82       0x5c /Users/jayhe/Documents/CEG4166/CEG4166_RTS_Lib/Release/libCEG4166_RTS_Lib.a(usartSerial.o)
                0x00005e82                usartRead
 .text.usart_xflushRx
                0x00005ede       0x82 /Users/jayhe/Documents/CEG4166/CEG4166_RTS_Lib/Release/libCEG4166_RTS_Lib.a(usartSerial.o)
                0x00005ede                usart_xflushRx
 .text.usart_AvailableCharRx
                0x00005f60       0x2a /Users/jayhe/Documents/CEG4166/CEG4166_RTS_Lib/Release/libCEG4166_RTS_Lib.a(usartSerial.o)
                0x00005f60                usart_AvailableCharRx
 .text.usart_xgetChar
                0x00005f8a       0x8a /Users/jayhe/Documents/CEG4166/CEG4166_RTS_Lib/Release/libCEG4166_RTS_Lib.a(usartSerial.o)
                0x00005f8a                usart_xgetChar
 .text.usart_xputChar
                0x00006014      0x116 /Users/jayhe/Documents/CEG4166/CEG4166_RTS_Lib/Release/libCEG4166_RTS_Lib.a(usartSerial.o)
                0x00006014                usart_xputChar
 .text.usartCheckRxComplete
                0x0000612a       0x24 /Users/jayhe/Documents/CEG4166/CEG4166_RTS_Lib/Release/libCEG4166_RTS_Lib.a(usartSerial.o)
                0x0000612a                usartCheckRxComplete
 .text.usart_rx_isr
                0x0000614e       0xd0 /Users/jayhe/Documents/CEG4166/CEG4166_RTS_Lib/Release/libCEG4166_RTS_Lib.a(usartSerial.o)
                0x0000614e                usart_rx_isr
 .text.__vector_54
                0x0000621e       0x52 /Users/jayhe/Documents/CEG4166/CEG4166_RTS_Lib/Release/libCEG4166_RTS_Lib.a(usartSerial.o)
                0x0000621e                __vector_54
 .text.__vector_51
                0x00006270       0x52 /Users/jayhe/Documents/CEG4166/CEG4166_RTS_Lib/Release/libCEG4166_RTS_Lib.a(usartSerial.o)
                0x00006270                __vector_51
 .text.__vector_36
                0x000062c2       0x52 /Users/jayhe/Documents/CEG4166/CEG4166_RTS_Lib/Release/libCEG4166_RTS_Lib.a(usartSerial.o)
                0x000062c2                __vector_36
 .text.__vector_25
                0x00006314       0x52 /Users/jayhe/Documents/CEG4166/CEG4166_RTS_Lib/Release/libCEG4166_RTS_Lib.a(usartSerial.o)
                0x00006314                __vector_25
 .text.usart_tx_isr
                0x00006366       0xb6 /Users/jayhe/Documents/CEG4166/CEG4166_RTS_Lib/Release/libCEG4166_RTS_Lib.a(usartSerial.o)
                0x00006366                usart_tx_isr
 .text.__vector_55
                0x0000641c       0x52 /Users/jayhe/Documents/CEG4166/CEG4166_RTS_Lib/Release/libCEG4166_RTS_Lib.a(usartSerial.o)
                0x0000641c                __vector_55
 .text.__vector_52
                0x0000646e       0x52 /Users/jayhe/Documents/CEG4166/CEG4166_RTS_Lib/Release/libCEG4166_RTS_Lib.a(usartSerial.o)
                0x0000646e                __vector_52
 .text.__vector_37
                0x000064c0       0x52 /Users/jayhe/Documents/CEG4166/CEG4166_RTS_Lib/Release/libCEG4166_RTS_Lib.a(usartSerial.o)
                0x000064c0                __vector_37
 .text.__vector_26
                0x00006512       0x52 /Users/jayhe/Documents/CEG4166/CEG4166_RTS_Lib/Release/libCEG4166_RTS_Lib.a(usartSerial.o)
                0x00006512                __vector_26
 .text.usart_xfprint_P
                0x00006564       0x48 /Users/jayhe/Documents/CEG4166/CEG4166_RTS_Lib/Release/libCEG4166_RTS_Lib.a(usartSerial.o)
                0x00006564                usart_xfprint_P
 .text.usart_xprint_P
                0x000065ac        0xc /Users/jayhe/Documents/CEG4166/CEG4166_RTS_Lib/Release/libCEG4166_RTS_Lib.a(usartSerial.o)
                0x000065ac                usart_xprint_P
 .text.usart_fprint_P
                0x000065b8       0x8a /Users/jayhe/Documents/CEG4166/CEG4166_RTS_Lib/Release/libCEG4166_RTS_Lib.a(usartSerial.o)
                0x000065b8                usart_fprint_P
 .text.usart_print_P
                0x00006642        0xc /Users/jayhe/Documents/CEG4166/CEG4166_RTS_Lib/Release/libCEG4166_RTS_Lib.a(usartSerial.o)
                0x00006642                usart_print_P
 .text.usart_xfprint
                0x0000664e       0x50 /Users/jayhe/Documents/CEG4166/CEG4166_RTS_Lib/Release/libCEG4166_RTS_Lib.a(usartSerial.o)
                0x0000664e                usart_xfprint
 .text.usart_xfprintf_P_arg
                0x0000669e       0x7a /Users/jayhe/Documents/CEG4166/CEG4166_RTS_Lib/Release/libCEG4166_RTS_Lib.a(usartSerial.o)
                0x0000669e                usart_xfprintf_P_arg
 .text.usart_xfprintf_arg
                0x00006718       0x7a /Users/jayhe/Documents/CEG4166/CEG4166_RTS_Lib/Release/libCEG4166_RTS_Lib.a(usartSerial.o)
                0x00006718                usart_xfprintf_arg
 .text.usart_xprint
                0x00006792        0xc /Users/jayhe/Documents/CEG4166/CEG4166_RTS_Lib/Release/libCEG4166_RTS_Lib.a(usartSerial.o)
                0x00006792                usart_xprint
 .text.usart_fprint
                0x0000679e       0x84 /Users/jayhe/Documents/CEG4166/CEG4166_RTS_Lib/Release/libCEG4166_RTS_Lib.a(usartSerial.o)
                0x0000679e                usart_fprint
 .text.usart_fprintf_P_arg
                0x00006822       0x5c /Users/jayhe/Documents/CEG4166/CEG4166_RTS_Lib/Release/libCEG4166_RTS_Lib.a(usartSerial.o)
                0x00006822                usart_fprintf_P_arg
 .text.usart_fprintf_arg
                0x0000687e       0x58 /Users/jayhe/Documents/CEG4166/CEG4166_RTS_Lib/Release/libCEG4166_RTS_Lib.a(usartSerial.o)
                0x0000687e                usart_fprintf_arg
 .text.usart_print
                0x000068d6        0xc /Users/jayhe/Documents/CEG4166/CEG4166_RTS_Lib/Release/libCEG4166_RTS_Lib.a(usartSerial.o)
                0x000068d6                usart_print
 .text.usart_xfprintf_P
                0x000068e2       0x20 /Users/jayhe/Documents/CEG4166/CEG4166_RTS_Lib/Release/libCEG4166_RTS_Lib.a(usartSerial.o)
                0x000068e2                usart_xfprintf_P
 .text.usart_xfprintf
                0x00006902       0x20 /Users/jayhe/Documents/CEG4166/CEG4166_RTS_Lib/Release/libCEG4166_RTS_Lib.a(usartSerial.o)
                0x00006902                usart_xfprintf
 .text.usart_xprintf_P
                0x00006922       0x20 /Users/jayhe/Documents/CEG4166/CEG4166_RTS_Lib/Release/libCEG4166_RTS_Lib.a(usartSerial.o)
                0x00006922                usart_xprintf_P
 .text.usart_xprintf
                0x00006942       0x20 /Users/jayhe/Documents/CEG4166/CEG4166_RTS_Lib/Release/libCEG4166_RTS_Lib.a(usartSerial.o)
                0x00006942                usart_xprintf
 .text.usart_fprintf_P
                0x00006962       0x20 /Users/jayhe/Documents/CEG4166/CEG4166_RTS_Lib/Release/libCEG4166_RTS_Lib.a(usartSerial.o)
                0x00006962                usart_fprintf_P
 .text.usart_fprintf
                0x00006982       0x20 /Users/jayhe/Documents/CEG4166/CEG4166_RTS_Lib/Release/libCEG4166_RTS_Lib.a(usartSerial.o)
                0x00006982                usart_fprintf
 .text.usart_printf_P
                0x000069a2       0x20 /Users/jayhe/Documents/CEG4166/CEG4166_RTS_Lib/Release/libCEG4166_RTS_Lib.a(usartSerial.o)
                0x000069a2                usart_printf_P
 .text.usart_printf
                0x000069c2       0x20 /Users/jayhe/Documents/CEG4166/CEG4166_RTS_Lib/Release/libCEG4166_RTS_Lib.a(usartSerial.o)
                0x000069c2                usart_printf
 .text.usartClose
                0x000069e2       0x82 /Users/jayhe/Documents/CEG4166/CEG4166_RTS_Lib/Release/libCEG4166_RTS_Lib.a(usartSerial.o)
                0x000069e2                usartClose
 .text.usartOpen
                0x00006a64      0x18a /Users/jayhe/Documents/CEG4166/CEG4166_RTS_Lib/Release/libCEG4166_RTS_Lib.a(usartSerial.o)
                0x00006a64                usartOpen
 .text.libgcc   0x00006bee       0x26 /Applications/Arduino.app/Contents/Resources/Java/hardware/tools/avr/bin/../lib/gcc/avr/4.3.2/avr6/libgcc.a(_divmodhi4.o)
                0x00006bee                __divmodhi4
                0x00006bee                _div
 .text.libgcc   0x00006c14       0x44 /Applications/Arduino.app/Contents/Resources/Java/hardware/tools/avr/bin/../lib/gcc/avr/4.3.2/avr6/libgcc.a(_udivmodsi4.o)
                0x00006c14                __udivmodsi4
 .text.libgcc   0x00006c58       0x38 /Applications/Arduino.app/Contents/Resources/Java/hardware/tools/avr/bin/../lib/gcc/avr/4.3.2/avr6/libgcc.a(_prologue.o)
                0x00006c58                __prologue_saves__
 .text.libgcc   0x00006c90       0x36 /Applications/Arduino.app/Contents/Resources/Java/hardware/tools/avr/bin/../lib/gcc/avr/4.3.2/avr6/libgcc.a(_epilogue.o)
                0x00006c90                __epilogue_restores__
 .text.libgcc   0x00006cc6        0x0 /Applications/Arduino.app/Contents/Resources/Java/hardware/tools/avr/bin/../lib/gcc/avr/4.3.2/avr6/libgcc.a(_exit.o)
 .text.libgcc   0x00006cc6        0xc /Applications/Arduino.app/Contents/Resources/Java/hardware/tools/avr/bin/../lib/gcc/avr/4.3.2/avr6/libgcc.a(_tablejump.o)
                0x00006cca                __tablejump__
                0x00006cc6                __tablejump2__
 .text.libgcc   0x00006cd2        0x0 /Applications/Arduino.app/Contents/Resources/Java/hardware/tools/avr/bin/../lib/gcc/avr/4.3.2/avr6/libgcc.a(_clear_bss.o)
 .text.libgcc   0x00006cd2       0x28 /Applications/Arduino.app/Contents/Resources/Java/hardware/tools/avr/bin/../lib/gcc/avr/4.3.2/avr6/libgcc.a(_udivmodhi4.o)
                0x00006cd2                __udivmodhi4
                0x00006cfa                . = ALIGN (0x2)
 *(.fini9)
 .fini9         0x00006cfa        0x0 /Applications/Arduino.app/Contents/Resources/Java/hardware/tools/avr/bin/../lib/gcc/avr/4.3.2/avr6/libgcc.a(_exit.o)
                0x00006cfa                exit
                0x00006cfa                _exit
 *(.fini9)
 *(.fini8)
 *(.fini8)
 *(.fini7)
 *(.fini7)
 *(.fini6)
 *(.fini6)
 *(.fini5)
 *(.fini5)
 *(.fini4)
 *(.fini4)
 *(.fini3)
 *(.fini3)
 *(.fini2)
 *(.fini2)
 *(.fini1)
 *(.fini1)
 *(.fini0)
 .fini0         0x00006cfa        0x4 /Applications/Arduino.app/Contents/Resources/Java/hardware/tools/avr/bin/../lib/gcc/avr/4.3.2/avr6/libgcc.a(_exit.o)
 *(.fini0)
                0x00006cfe                _etext = .

.data           0x00800200       0x84 load address 0x00006cfe
                0x00800200                PROVIDE (__data_start, .)
 *(.data)
 .data          0x00800200        0x0 /Applications/Arduino.app/Contents/Resources/Java/hardware/tools/avr/bin/../lib/gcc/avr/4.3.2/../../../../avr/lib/avr6/crtm2560.o
 .data          0x00800200        0xd ./LCD.o
 .data          0x0080020d        0x0 ./ReadTmp.o
 .data          0x0080020d        0x0 ./main.o
 .data          0x0080020d        0x0 /Users/jayhe/Documents/CEG4166/FreeRTOS801/Release/libFreeRTOS801.a(i2cMultiMaster.o)
 .data          0x0080020d        0x0 /Users/jayhe/Documents/CEG4166/FreeRTOS801/Release/libFreeRTOS801.a(queue.o)
 .data          0x0080020d       0x35 /Users/jayhe/Documents/CEG4166/FreeRTOS801/Release/libFreeRTOS801.a(tasks.o)
 .data          0x00800242        0x0 /Users/jayhe/Documents/CEG4166/FreeRTOS801/Release/libFreeRTOS801.a(port.o)
 .data          0x00800242        0x0 /Users/jayhe/Documents/CEG4166/FreeRTOS801/Release/libFreeRTOS801.a(system_tick.o)
 .data          0x00800242        0x0 /Users/jayhe/Documents/CEG4166/FreeRTOS801/Release/libFreeRTOS801.a(system_time.o)
 .data          0x00800242        0x0 /Users/jayhe/Documents/CEG4166/FreeRTOS801/Release/libFreeRTOS801.a(heap_4.o)
 .data          0x00800242        0x0 /Users/jayhe/Documents/CEG4166/FreeRTOS801/Release/libFreeRTOS801.a(list.o)
 .data          0x00800242        0x0 /Users/jayhe/Documents/CEG4166/FreeRTOS801/Release/libFreeRTOS801.a(runtTimeStatsTimer.o)
 .data          0x00800242        0x0 /Applications/Arduino.app/Contents/Resources/Java/hardware/tools/avr/bin/../lib/gcc/avr/4.3.2/../../../../avr/lib/avr6/libprintf_flt.a(vfprintf_flt.o)
 .data          0x00800242        0x0 /Users/jayhe/Documents/CEG4166/CEG4166_RTS_Lib/Release/libCEG4166_RTS_Lib.a(usartSerial.o)
 .data          0x00800242        0x0 /Applications/Arduino.app/Contents/Resources/Java/hardware/tools/avr/bin/../lib/gcc/avr/4.3.2/avr6/libgcc.a(_divmodhi4.o)
 .data          0x00800242        0x0 /Applications/Arduino.app/Contents/Resources/Java/hardware/tools/avr/bin/../lib/gcc/avr/4.3.2/avr6/libgcc.a(_udivmodsi4.o)
 .data          0x00800242        0x0 /Applications/Arduino.app/Contents/Resources/Java/hardware/tools/avr/bin/../lib/gcc/avr/4.3.2/avr6/libgcc.a(_prologue.o)
 .data          0x00800242        0x0 /Applications/Arduino.app/Contents/Resources/Java/hardware/tools/avr/bin/../lib/gcc/avr/4.3.2/avr6/libgcc.a(_epilogue.o)
 .data          0x00800242        0x0 /Applications/Arduino.app/Contents/Resources/Java/hardware/tools/avr/bin/../lib/gcc/avr/4.3.2/avr6/libgcc.a(_exit.o)
 .data          0x00800242        0x0 /Applications/Arduino.app/Contents/Resources/Java/hardware/tools/avr/bin/../lib/gcc/avr/4.3.2/avr6/libgcc.a(_tablejump.o)
 .data          0x00800242        0x0 /Applications/Arduino.app/Contents/Resources/Java/hardware/tools/avr/bin/../lib/gcc/avr/4.3.2/avr6/libgcc.a(_clear_bss.o)
 .data          0x00800242        0x0 /Applications/Arduino.app/Contents/Resources/Java/hardware/tools/avr/bin/../lib/gcc/avr/4.3.2/avr6/libgcc.a(_udivmodhi4.o)
 .data          0x00800242        0x0 /Applications/Arduino.app/Contents/Resources/Java/hardware/tools/avr/bin/../lib/gcc/avr/4.3.2/../../../../avr/lib/avr6/libc.a(ftoa_engine.o)
 .data          0x00800242        0x0 /Applications/Arduino.app/Contents/Resources/Java/hardware/tools/avr/bin/../lib/gcc/avr/4.3.2/../../../../avr/lib/avr6/libc.a(strlen_P.o)
 .data          0x00800242        0x0 /Applications/Arduino.app/Contents/Resources/Java/hardware/tools/avr/bin/../lib/gcc/avr/4.3.2/../../../../avr/lib/avr6/libc.a(strnlen_P.o)
 .data          0x00800242        0x0 /Applications/Arduino.app/Contents/Resources/Java/hardware/tools/avr/bin/../lib/gcc/avr/4.3.2/../../../../avr/lib/avr6/libc.a(memcpy.o)
 .data          0x00800242        0x0 /Applications/Arduino.app/Contents/Resources/Java/hardware/tools/avr/bin/../lib/gcc/avr/4.3.2/../../../../avr/lib/avr6/libc.a(memset.o)
 .data          0x00800242        0x0 /Applications/Arduino.app/Contents/Resources/Java/hardware/tools/avr/bin/../lib/gcc/avr/4.3.2/../../../../avr/lib/avr6/libc.a(strnlen.o)
 .data          0x00800242        0x0 /Applications/Arduino.app/Contents/Resources/Java/hardware/tools/avr/bin/../lib/gcc/avr/4.3.2/../../../../avr/lib/avr6/libc.a(fputc.o)
 .data          0x00800242        0x0 /Applications/Arduino.app/Contents/Resources/Java/hardware/tools/avr/bin/../lib/gcc/avr/4.3.2/../../../../avr/lib/avr6/libc.a(sprintf.o)
 .data          0x00800242        0x0 /Applications/Arduino.app/Contents/Resources/Java/hardware/tools/avr/bin/../lib/gcc/avr/4.3.2/../../../../avr/lib/avr6/libc.a(vsnprintf.o)
 .data          0x00800242        0x0 /Applications/Arduino.app/Contents/Resources/Java/hardware/tools/avr/bin/../lib/gcc/avr/4.3.2/../../../../avr/lib/avr6/libc.a(vsnprintf_p.o)
 .data          0x00800242        0x0 /Applications/Arduino.app/Contents/Resources/Java/hardware/tools/avr/bin/../lib/gcc/avr/4.3.2/../../../../avr/lib/avr6/libc.a(ultoa_invert.o)
 *(.data*)
 .data.I2C_state
                0x00800242        0x1 /Users/jayhe/Documents/CEG4166/FreeRTOS801/Release/libFreeRTOS801.a(i2cMultiMaster.o)
 .data.xNextTaskUnblockTime
                0x00800243        0x2 /Users/jayhe/Documents/CEG4166/FreeRTOS801/Release/libFreeRTOS801.a(tasks.o)
 .data.xMinimumEverFreeBytesRemaining
                0x00800245        0x2 /Users/jayhe/Documents/CEG4166/FreeRTOS801/Release/libFreeRTOS801.a(heap_4.o)
 .data.xFreeBytesRemaining
                0x00800247        0x2 /Users/jayhe/Documents/CEG4166/FreeRTOS801/Release/libFreeRTOS801.a(heap_4.o)
 .data.usartReg
                0x00800249       0x28 /Users/jayhe/Documents/CEG4166/CEG4166_RTS_Lib/Release/libCEG4166_RTS_Lib.a(usartSerial.o)
                0x00800249                usartReg
 *(.rodata)
 *(.rodata*)
 .rodata.C.1.2185
                0x00800271       0x12 ./ReadTmp.o
 *(.gnu.linkonce.d*)
                0x00800284                . = ALIGN (0x2)
 *fill*         0x00800283        0x1 00
                0x00800284                _edata = .
                0x00800284                PROVIDE (__data_end, .)

.bss            0x00800284     0x1342
                0x00800284                PROVIDE (__bss_start, .)
 *(.bss)
 .bss           0x00800284        0x0 /Applications/Arduino.app/Contents/Resources/Java/hardware/tools/avr/bin/../lib/gcc/avr/4.3.2/../../../../avr/lib/avr6/crtm2560.o
 .bss           0x00800284        0x0 ./LCD.o
 .bss           0x00800284        0x0 ./ReadTmp.o
 .bss           0x00800284        0x0 ./main.o
 .bss           0x00800284        0x0 /Users/jayhe/Documents/CEG4166/FreeRTOS801/Release/libFreeRTOS801.a(i2cMultiMaster.o)
 .bss           0x00800284        0x0 /Users/jayhe/Documents/CEG4166/FreeRTOS801/Release/libFreeRTOS801.a(queue.o)
 .bss           0x00800284        0x0 /Users/jayhe/Documents/CEG4166/FreeRTOS801/Release/libFreeRTOS801.a(tasks.o)
 .bss           0x00800284        0x0 /Users/jayhe/Documents/CEG4166/FreeRTOS801/Release/libFreeRTOS801.a(port.o)
 .bss           0x00800284        0x0 /Users/jayhe/Documents/CEG4166/FreeRTOS801/Release/libFreeRTOS801.a(system_tick.o)
 .bss           0x00800284        0x0 /Users/jayhe/Documents/CEG4166/FreeRTOS801/Release/libFreeRTOS801.a(system_time.o)
 .bss           0x00800284        0x0 /Users/jayhe/Documents/CEG4166/FreeRTOS801/Release/libFreeRTOS801.a(heap_4.o)
 .bss           0x00800284        0x0 /Users/jayhe/Documents/CEG4166/FreeRTOS801/Release/libFreeRTOS801.a(list.o)
 .bss           0x00800284        0x0 /Users/jayhe/Documents/CEG4166/FreeRTOS801/Release/libFreeRTOS801.a(runtTimeStatsTimer.o)
 .bss           0x00800284        0x0 /Applications/Arduino.app/Contents/Resources/Java/hardware/tools/avr/bin/../lib/gcc/avr/4.3.2/../../../../avr/lib/avr6/libprintf_flt.a(vfprintf_flt.o)
 .bss           0x00800284        0x0 /Users/jayhe/Documents/CEG4166/CEG4166_RTS_Lib/Release/libCEG4166_RTS_Lib.a(usartSerial.o)
 .bss           0x00800284        0x0 /Applications/Arduino.app/Contents/Resources/Java/hardware/tools/avr/bin/../lib/gcc/avr/4.3.2/avr6/libgcc.a(_divmodhi4.o)
 .bss           0x00800284        0x0 /Applications/Arduino.app/Contents/Resources/Java/hardware/tools/avr/bin/../lib/gcc/avr/4.3.2/avr6/libgcc.a(_udivmodsi4.o)
 .bss           0x00800284        0x0 /Applications/Arduino.app/Contents/Resources/Java/hardware/tools/avr/bin/../lib/gcc/avr/4.3.2/avr6/libgcc.a(_prologue.o)
 .bss           0x00800284        0x0 /Applications/Arduino.app/Contents/Resources/Java/hardware/tools/avr/bin/../lib/gcc/avr/4.3.2/avr6/libgcc.a(_epilogue.o)
 .bss           0x00800284        0x0 /Applications/Arduino.app/Contents/Resources/Java/hardware/tools/avr/bin/../lib/gcc/avr/4.3.2/avr6/libgcc.a(_exit.o)
 .bss           0x00800284        0x0 /Applications/Arduino.app/Contents/Resources/Java/hardware/tools/avr/bin/../lib/gcc/avr/4.3.2/avr6/libgcc.a(_tablejump.o)
 .bss           0x00800284        0x0 /Applications/Arduino.app/Contents/Resources/Java/hardware/tools/avr/bin/../lib/gcc/avr/4.3.2/avr6/libgcc.a(_clear_bss.o)
 .bss           0x00800284        0x0 /Applications/Arduino.app/Contents/Resources/Java/hardware/tools/avr/bin/../lib/gcc/avr/4.3.2/avr6/libgcc.a(_udivmodhi4.o)
 .bss           0x00800284        0x0 /Applications/Arduino.app/Contents/Resources/Java/hardware/tools/avr/bin/../lib/gcc/avr/4.3.2/../../../../avr/lib/avr6/libc.a(ftoa_engine.o)
 .bss           0x00800284        0x0 /Applications/Arduino.app/Contents/Resources/Java/hardware/tools/avr/bin/../lib/gcc/avr/4.3.2/../../../../avr/lib/avr6/libc.a(strlen_P.o)
 .bss           0x00800284        0x0 /Applications/Arduino.app/Contents/Resources/Java/hardware/tools/avr/bin/../lib/gcc/avr/4.3.2/../../../../avr/lib/avr6/libc.a(strnlen_P.o)
 .bss           0x00800284        0x0 /Applications/Arduino.app/Contents/Resources/Java/hardware/tools/avr/bin/../lib/gcc/avr/4.3.2/../../../../avr/lib/avr6/libc.a(memcpy.o)
 .bss           0x00800284        0x0 /Applications/Arduino.app/Contents/Resources/Java/hardware/tools/avr/bin/../lib/gcc/avr/4.3.2/../../../../avr/lib/avr6/libc.a(memset.o)
 .bss           0x00800284        0x0 /Applications/Arduino.app/Contents/Resources/Java/hardware/tools/avr/bin/../lib/gcc/avr/4.3.2/../../../../avr/lib/avr6/libc.a(strnlen.o)
 .bss           0x00800284        0x0 /Applications/Arduino.app/Contents/Resources/Java/hardware/tools/avr/bin/../lib/gcc/avr/4.3.2/../../../../avr/lib/avr6/libc.a(fputc.o)
 .bss           0x00800284        0x0 /Applications/Arduino.app/Contents/Resources/Java/hardware/tools/avr/bin/../lib/gcc/avr/4.3.2/../../../../avr/lib/avr6/libc.a(sprintf.o)
 .bss           0x00800284        0x0 /Applications/Arduino.app/Contents/Resources/Java/hardware/tools/avr/bin/../lib/gcc/avr/4.3.2/../../../../avr/lib/avr6/libc.a(vsnprintf.o)
 .bss           0x00800284        0x0 /Applications/Arduino.app/Contents/Resources/Java/hardware/tools/avr/bin/../lib/gcc/avr/4.3.2/../../../../avr/lib/avr6/libc.a(vsnprintf_p.o)
 .bss           0x00800284        0x0 /Applications/Arduino.app/Contents/Resources/Java/hardware/tools/avr/bin/../lib/gcc/avr/4.3.2/../../../../avr/lib/avr6/libc.a(ultoa_invert.o)
 *(.bss*)
 .bss.xI2CSemaphore
                0x00800284        0x2 /Users/jayhe/Documents/CEG4166/FreeRTOS801/Release/libFreeRTOS801.a(i2cMultiMaster.o)
                0x00800284                xI2CSemaphore
 .bss.I2C_statusReg
                0x00800286        0x1 /Users/jayhe/Documents/CEG4166/FreeRTOS801/Release/libFreeRTOS801.a(i2cMultiMaster.o)
                0x00800286                I2C_statusReg
 .bss.I2C_checkBusyAfterStop
                0x00800287        0x1 /Users/jayhe/Documents/CEG4166/FreeRTOS801/Release/libFreeRTOS801.a(i2cMultiMaster.o)
 .bss.I2C_bufPtr.1864
                0x00800288        0x1 /Users/jayhe/Documents/CEG4166/FreeRTOS801/Release/libFreeRTOS801.a(i2cMultiMaster.o)
 .bss.I2C_buf   0x00800289       0x18 /Users/jayhe/Documents/CEG4166/FreeRTOS801/Release/libFreeRTOS801.a(i2cMultiMaster.o)
 .bss.I2C_msgSize
                0x008002a1        0x1 /Users/jayhe/Documents/CEG4166/FreeRTOS801/Release/libFreeRTOS801.a(i2cMultiMaster.o)
 .bss.pxCurrentTCB
                0x008002a2        0x2 /Users/jayhe/Documents/CEG4166/FreeRTOS801/Release/libFreeRTOS801.a(tasks.o)
                0x008002a2                pxCurrentTCB
 .bss.uxCurrentNumberOfTasks
                0x008002a4        0x1 /Users/jayhe/Documents/CEG4166/FreeRTOS801/Release/libFreeRTOS801.a(tasks.o)
 .bss.uxTopReadyPriority
                0x008002a5        0x1 /Users/jayhe/Documents/CEG4166/FreeRTOS801/Release/libFreeRTOS801.a(tasks.o)
 .bss.xYieldPending
                0x008002a6        0x1 /Users/jayhe/Documents/CEG4166/FreeRTOS801/Release/libFreeRTOS801.a(tasks.o)
 .bss.xTickCount
                0x008002a7        0x2 /Users/jayhe/Documents/CEG4166/FreeRTOS801/Release/libFreeRTOS801.a(tasks.o)
 .bss.xNumOfOverflows
                0x008002a9        0x1 /Users/jayhe/Documents/CEG4166/FreeRTOS801/Release/libFreeRTOS801.a(tasks.o)
 .bss.uxSchedulerSuspended
                0x008002aa        0x1 /Users/jayhe/Documents/CEG4166/FreeRTOS801/Release/libFreeRTOS801.a(tasks.o)
 .bss.ulTotalRunTime
                0x008002ab        0x4 /Users/jayhe/Documents/CEG4166/FreeRTOS801/Release/libFreeRTOS801.a(tasks.o)
 .bss.ulTaskSwitchedInTime
                0x008002af        0x4 /Users/jayhe/Documents/CEG4166/FreeRTOS801/Release/libFreeRTOS801.a(tasks.o)
 .bss.uxPendedTicks
                0x008002b3        0x1 /Users/jayhe/Documents/CEG4166/FreeRTOS801/Release/libFreeRTOS801.a(tasks.o)
 .bss.xSchedulerRunning
                0x008002b4        0x1 /Users/jayhe/Documents/CEG4166/FreeRTOS801/Release/libFreeRTOS801.a(tasks.o)
 .bss.uxTasksDeleted
                0x008002b5        0x1 /Users/jayhe/Documents/CEG4166/FreeRTOS801/Release/libFreeRTOS801.a(tasks.o)
 .bss.uxTaskNumber
                0x008002b6        0x1 /Users/jayhe/Documents/CEG4166/FreeRTOS801/Release/libFreeRTOS801.a(tasks.o)
 .bss.pxReadyTasksLists
                0x008002b7       0x24 /Users/jayhe/Documents/CEG4166/FreeRTOS801/Release/libFreeRTOS801.a(tasks.o)
 .bss.xDelayedTaskList1
                0x008002db        0x9 /Users/jayhe/Documents/CEG4166/FreeRTOS801/Release/libFreeRTOS801.a(tasks.o)
 .bss.xDelayedTaskList2
                0x008002e4        0x9 /Users/jayhe/Documents/CEG4166/FreeRTOS801/Release/libFreeRTOS801.a(tasks.o)
 .bss.pxDelayedTaskList
                0x008002ed        0x2 /Users/jayhe/Documents/CEG4166/FreeRTOS801/Release/libFreeRTOS801.a(tasks.o)
 .bss.pxOverflowDelayedTaskList
                0x008002ef        0x2 /Users/jayhe/Documents/CEG4166/FreeRTOS801/Release/libFreeRTOS801.a(tasks.o)
 .bss.xPendingReadyList
                0x008002f1        0x9 /Users/jayhe/Documents/CEG4166/FreeRTOS801/Release/libFreeRTOS801.a(tasks.o)
 .bss.xTasksWaitingTermination
                0x008002fa        0x9 /Users/jayhe/Documents/CEG4166/FreeRTOS801/Release/libFreeRTOS801.a(tasks.o)
 .bss.xSuspendedTaskList
                0x00800303        0x9 /Users/jayhe/Documents/CEG4166/FreeRTOS801/Release/libFreeRTOS801.a(tasks.o)
 .bss.portTickRateHz
                0x0080030c        0x2 /Users/jayhe/Documents/CEG4166/FreeRTOS801/Release/libFreeRTOS801.a(port.o)
 .bss.ticksRemainingInSec
                0x0080030e        0x2 /Users/jayhe/Documents/CEG4166/FreeRTOS801/Release/libFreeRTOS801.a(port.o)
 .bss.xBlockAllocatedBit
                0x00800310        0x2 /Users/jayhe/Documents/CEG4166/FreeRTOS801/Release/libFreeRTOS801.a(heap_4.o)
 .bss.pxEnd     0x00800312        0x2 /Users/jayhe/Documents/CEG4166/FreeRTOS801/Release/libFreeRTOS801.a(heap_4.o)
 .bss.ucHeap    0x00800314     0x1200 /Users/jayhe/Documents/CEG4166/FreeRTOS801/Release/libFreeRTOS801.a(heap_4.o)
 .bss.xStart    0x00801514        0x4 /Users/jayhe/Documents/CEG4166/FreeRTOS801/Release/libFreeRTOS801.a(heap_4.o)
 .bss.defaultUSART
                0x00801518        0x1 /Users/jayhe/Documents/CEG4166/CEG4166_RTS_Lib/Release/libCEG4166_RTS_Lib.a(usartSerial.o)
                0x00801518                defaultUSART
 *(COMMON)
 COMMON         0x00801519       0x35 ./main.o
                0x00801519                avgTemperature
                0x0080151a                lcdString
                0x0080153a                result
                0x0080154c                usartfd
 COMMON         0x0080154e        0x4 /Users/jayhe/Documents/CEG4166/FreeRTOS801/Release/libFreeRTOS801.a(system_time.o)
                0x0080154e                __system_time
 COMMON         0x00801552       0x74 /Users/jayhe/Documents/CEG4166/CEG4166_RTS_Lib/Release/libCEG4166_RTS_Lib.a(usartSerial.o)
                0x00801552                usartComBuf
                0x008015c6                PROVIDE (__bss_end, .)
                0x00006cfe                __data_load_start = LOADADDR (.data)
                0x00006d82                __data_load_end = (__data_load_start + SIZEOF (.data))

.noinit         0x008015c6        0x0
                0x008015c6                PROVIDE (__noinit_start, .)
 *(.noinit*)
                0x008015c6                PROVIDE (__noinit_end, .)
                0x008015c6                _end = .
                0x008015c6                PROVIDE (__heap_start, .)

.eeprom         0x00810000        0x0
 *(.eeprom*)
                0x00810000                __eeprom_end = .

.fuse
 *(.fuse)
 *(.lfuse)
 *(.hfuse)
 *(.efuse)

.lock
 *(.lock*)

.signature
 *(.signature*)

.stab
 *(.stab)

.stabstr
 *(.stabstr)

.stab.excl
 *(.stab.excl)

.stab.exclstr
 *(.stab.exclstr)

.stab.index
 *(.stab.index)

.stab.indexstr
 *(.stab.indexstr)

.comment
 *(.comment)

.debug
 *(.debug)

.line
 *(.line)

.debug_srcinfo
 *(.debug_srcinfo)

.debug_sfnames
 *(.debug_sfnames)

.debug_aranges  0x00000000       0xa0
 *(.debug_aranges)
 .debug_aranges
                0x00000000       0x20 /Applications/Arduino.app/Contents/Resources/Java/hardware/tools/avr/bin/../lib/gcc/avr/4.3.2/../../../../avr/lib/avr6/libprintf_flt.a(vfprintf_flt.o)
 .debug_aranges
                0x00000020       0x20 /Applications/Arduino.app/Contents/Resources/Java/hardware/tools/avr/bin/../lib/gcc/avr/4.3.2/../../../../avr/lib/avr6/libc.a(fputc.o)
 .debug_aranges
                0x00000040       0x20 /Applications/Arduino.app/Contents/Resources/Java/hardware/tools/avr/bin/../lib/gcc/avr/4.3.2/../../../../avr/lib/avr6/libc.a(sprintf.o)
 .debug_aranges
                0x00000060       0x20 /Applications/Arduino.app/Contents/Resources/Java/hardware/tools/avr/bin/../lib/gcc/avr/4.3.2/../../../../avr/lib/avr6/libc.a(vsnprintf.o)
 .debug_aranges
                0x00000080       0x20 /Applications/Arduino.app/Contents/Resources/Java/hardware/tools/avr/bin/../lib/gcc/avr/4.3.2/../../../../avr/lib/avr6/libc.a(vsnprintf_p.o)

.debug_pubnames
                0x00000000       0x9b
 *(.debug_pubnames)
 .debug_pubnames
                0x00000000       0x1f /Applications/Arduino.app/Contents/Resources/Java/hardware/tools/avr/bin/../lib/gcc/avr/4.3.2/../../../../avr/lib/avr6/libprintf_flt.a(vfprintf_flt.o)
 .debug_pubnames
                0x0000001f       0x1c /Applications/Arduino.app/Contents/Resources/Java/hardware/tools/avr/bin/../lib/gcc/avr/4.3.2/../../../../avr/lib/avr6/libc.a(fputc.o)
 .debug_pubnames
                0x0000003b       0x1e /Applications/Arduino.app/Contents/Resources/Java/hardware/tools/avr/bin/../lib/gcc/avr/4.3.2/../../../../avr/lib/avr6/libc.a(sprintf.o)
 .debug_pubnames
                0x00000059       0x20 /Applications/Arduino.app/Contents/Resources/Java/hardware/tools/avr/bin/../lib/gcc/avr/4.3.2/../../../../avr/lib/avr6/libc.a(vsnprintf.o)
 .debug_pubnames
                0x00000079       0x22 /Applications/Arduino.app/Contents/Resources/Java/hardware/tools/avr/bin/../lib/gcc/avr/4.3.2/../../../../avr/lib/avr6/libc.a(vsnprintf_p.o)

.debug_info     0x00000000      0xad9
 *(.debug_info)
 .debug_info    0x00000000      0x41d /Applications/Arduino.app/Contents/Resources/Java/hardware/tools/avr/bin/../lib/gcc/avr/4.3.2/../../../../avr/lib/avr6/libprintf_flt.a(vfprintf_flt.o)
 .debug_info    0x0000041d      0x166 /Applications/Arduino.app/Contents/Resources/Java/hardware/tools/avr/bin/../lib/gcc/avr/4.3.2/../../../../avr/lib/avr6/libc.a(fputc.o)
 .debug_info    0x00000583      0x1b0 /Applications/Arduino.app/Contents/Resources/Java/hardware/tools/avr/bin/../lib/gcc/avr/4.3.2/../../../../avr/lib/avr6/libc.a(sprintf.o)
 .debug_info    0x00000733      0x1d3 /Applications/Arduino.app/Contents/Resources/Java/hardware/tools/avr/bin/../lib/gcc/avr/4.3.2/../../../../avr/lib/avr6/libc.a(vsnprintf.o)
 .debug_info    0x00000906      0x1d3 /Applications/Arduino.app/Contents/Resources/Java/hardware/tools/avr/bin/../lib/gcc/avr/4.3.2/../../../../avr/lib/avr6/libc.a(vsnprintf_p.o)
 *(.gnu.linkonce.wi.*)

.debug_abbrev   0x00000000      0x54a
 *(.debug_abbrev)
 .debug_abbrev  0x00000000      0x18f /Applications/Arduino.app/Contents/Resources/Java/hardware/tools/avr/bin/../lib/gcc/avr/4.3.2/../../../../avr/lib/avr6/libprintf_flt.a(vfprintf_flt.o)
 .debug_abbrev  0x0000018f       0xd9 /Applications/Arduino.app/Contents/Resources/Java/hardware/tools/avr/bin/../lib/gcc/avr/4.3.2/../../../../avr/lib/avr6/libc.a(fputc.o)
 .debug_abbrev  0x00000268      0x10c /Applications/Arduino.app/Contents/Resources/Java/hardware/tools/avr/bin/../lib/gcc/avr/4.3.2/../../../../avr/lib/avr6/libc.a(sprintf.o)
 .debug_abbrev  0x00000374       0xeb /Applications/Arduino.app/Contents/Resources/Java/hardware/tools/avr/bin/../lib/gcc/avr/4.3.2/../../../../avr/lib/avr6/libc.a(vsnprintf.o)
 .debug_abbrev  0x0000045f       0xeb /Applications/Arduino.app/Contents/Resources/Java/hardware/tools/avr/bin/../lib/gcc/avr/4.3.2/../../../../avr/lib/avr6/libc.a(vsnprintf_p.o)

.debug_line     0x00000000      0xbad
 *(.debug_line)
 .debug_line    0x00000000      0x740 /Applications/Arduino.app/Contents/Resources/Java/hardware/tools/avr/bin/../lib/gcc/avr/4.3.2/../../../../avr/lib/avr6/libprintf_flt.a(vfprintf_flt.o)
 .debug_line    0x00000740       0xd0 /Applications/Arduino.app/Contents/Resources/Java/hardware/tools/avr/bin/../lib/gcc/avr/4.3.2/../../../../avr/lib/avr6/libc.a(fputc.o)
 .debug_line    0x00000810      0x125 /Applications/Arduino.app/Contents/Resources/Java/hardware/tools/avr/bin/../lib/gcc/avr/4.3.2/../../../../avr/lib/avr6/libc.a(sprintf.o)
 .debug_line    0x00000935      0x13b /Applications/Arduino.app/Contents/Resources/Java/hardware/tools/avr/bin/../lib/gcc/avr/4.3.2/../../../../avr/lib/avr6/libc.a(vsnprintf.o)
 .debug_line    0x00000a70      0x13d /Applications/Arduino.app/Contents/Resources/Java/hardware/tools/avr/bin/../lib/gcc/avr/4.3.2/../../../../avr/lib/avr6/libc.a(vsnprintf_p.o)

.debug_frame    0x00000000       0xa0
 *(.debug_frame)
 .debug_frame   0x00000000       0x20 /Applications/Arduino.app/Contents/Resources/Java/hardware/tools/avr/bin/../lib/gcc/avr/4.3.2/../../../../avr/lib/avr6/libprintf_flt.a(vfprintf_flt.o)
 .debug_frame   0x00000020       0x20 /Applications/Arduino.app/Contents/Resources/Java/hardware/tools/avr/bin/../lib/gcc/avr/4.3.2/../../../../avr/lib/avr6/libc.a(fputc.o)
 .debug_frame   0x00000040       0x20 /Applications/Arduino.app/Contents/Resources/Java/hardware/tools/avr/bin/../lib/gcc/avr/4.3.2/../../../../avr/lib/avr6/libc.a(sprintf.o)
 .debug_frame   0x00000060       0x20 /Applications/Arduino.app/Contents/Resources/Java/hardware/tools/avr/bin/../lib/gcc/avr/4.3.2/../../../../avr/lib/avr6/libc.a(vsnprintf.o)
 .debug_frame   0x00000080       0x20 /Applications/Arduino.app/Contents/Resources/Java/hardware/tools/avr/bin/../lib/gcc/avr/4.3.2/../../../../avr/lib/avr6/libc.a(vsnprintf_p.o)

.debug_str      0x00000000      0x21a
 *(.debug_str)
 .debug_str     0x00000000      0x17a /Applications/Arduino.app/Contents/Resources/Java/hardware/tools/avr/bin/../lib/gcc/avr/4.3.2/../../../../avr/lib/avr6/libprintf_flt.a(vfprintf_flt.o)
                                0x1bb (size before relaxing)
 .debug_str     0x0000017a       0x22 /Applications/Arduino.app/Contents/Resources/Java/hardware/tools/avr/bin/../lib/gcc/avr/4.3.2/../../../../avr/lib/avr6/libc.a(fputc.o)
                                0x125 (size before relaxing)
 .debug_str     0x0000019c       0x26 /Applications/Arduino.app/Contents/Resources/Java/hardware/tools/avr/bin/../lib/gcc/avr/4.3.2/../../../../avr/lib/avr6/libc.a(sprintf.o)
                                0x14b (size before relaxing)
 .debug_str     0x000001c2       0x2a /Applications/Arduino.app/Contents/Resources/Java/hardware/tools/avr/bin/../lib/gcc/avr/4.3.2/../../../../avr/lib/avr6/libc.a(vsnprintf.o)
                                0x156 (size before relaxing)
 .debug_str     0x000001ec       0x2e /Applications/Arduino.app/Contents/Resources/Java/hardware/tools/avr/bin/../lib/gcc/avr/4.3.2/../../../../avr/lib/avr6/libc.a(vsnprintf_p.o)
                                0x15a (size before relaxing)

.debug_loc      0x00000000      0xb0f
 *(.debug_loc)
 .debug_loc     0x00000000      0x9ab /Applications/Arduino.app/Contents/Resources/Java/hardware/tools/avr/bin/../lib/gcc/avr/4.3.2/../../../../avr/lib/avr6/libprintf_flt.a(vfprintf_flt.o)
 .debug_loc     0x000009ab       0x60 /Applications/Arduino.app/Contents/Resources/Java/hardware/tools/avr/bin/../lib/gcc/avr/4.3.2/../../../../avr/lib/avr6/libc.a(fputc.o)
 .debug_loc     0x00000a0b       0x24 /Applications/Arduino.app/Contents/Resources/Java/hardware/tools/avr/bin/../lib/gcc/avr/4.3.2/../../../../avr/lib/avr6/libc.a(sprintf.o)
 .debug_loc     0x00000a2f       0x70 /Applications/Arduino.app/Contents/Resources/Java/hardware/tools/avr/bin/../lib/gcc/avr/4.3.2/../../../../avr/lib/avr6/libc.a(vsnprintf.o)
 .debug_loc     0x00000a9f       0x70 /Applications/Arduino.app/Contents/Resources/Java/hardware/tools/avr/bin/../lib/gcc/avr/4.3.2/../../../../avr/lib/avr6/libc.a(vsnprintf_p.o)

.debug_macinfo
 *(.debug_macinfo)
OUTPUT(ProjectTemplate.elf elf32-avr)
LOAD linker stubs

.debug_ranges   0x00000000       0x18
 .debug_ranges  0x00000000       0x18 /Applications/Arduino.app/Contents/Resources/Java/hardware/tools/avr/bin/../lib/gcc/avr/4.3.2/../../../../avr/lib/avr6/libprintf_flt.a(vfprintf_flt.o)
