Archive member included because of file (symbol)

/Users/ryanoconnor/Documents/Arduino shit/FreeRTOS801/Release/libFreeRTOS801.a(port.o)
                              ./usart_serial.o (vPortYield)
/Users/ryanoconnor/Documents/Arduino shit/FreeRTOS801/Release/libFreeRTOS801.a(system_tick.o)
                              /Users/ryanoconnor/Documents/Arduino shit/FreeRTOS801/Release/libFreeRTOS801.a(port.o) (system_tick)
/Users/ryanoconnor/Documents/Arduino shit/FreeRTOS801/Release/libFreeRTOS801.a(system_time.o)
                              /Users/ryanoconnor/Documents/Arduino shit/FreeRTOS801/Release/libFreeRTOS801.a(system_tick.o) (__system_time)
/Users/ryanoconnor/Documents/Arduino shit/FreeRTOS801/Release/libFreeRTOS801.a(i2cMultiMaster.o)
                              ./ReadTmp.o (I2C_Master_Start_Transceiver_With_Data)
/Users/ryanoconnor/Documents/Arduino shit/FreeRTOS801/Release/libFreeRTOS801.a(heap_4.o)
                              ./usart_serial.o (vPortFree)
/Users/ryanoconnor/Documents/Arduino shit/FreeRTOS801/Release/libFreeRTOS801.a(queue.o)
                              /Users/ryanoconnor/Documents/Arduino shit/FreeRTOS801/Release/libFreeRTOS801.a(i2cMultiMaster.o) (xQueueGenericSend)
/Users/ryanoconnor/Documents/Arduino shit/FreeRTOS801/Release/libFreeRTOS801.a(tasks.o)
                              /Users/ryanoconnor/Documents/Arduino shit/FreeRTOS801/Release/libFreeRTOS801.a(heap_4.o) (vTaskSuspendAll)
/Users/ryanoconnor/Documents/Arduino shit/FreeRTOS801/Release/libFreeRTOS801.a(list.o)
                              /Users/ryanoconnor/Documents/Arduino shit/FreeRTOS801/Release/libFreeRTOS801.a(queue.o) (vListInitialise)
/Users/ryanoconnor/Documents/Arduino shit/FreeRTOS801/Release/libFreeRTOS801.a(runtTimeStatsTimer.o)
                              /Users/ryanoconnor/Documents/Arduino shit/FreeRTOS801/Release/libFreeRTOS801.a(tasks.o) (xconfigTimerForRunTimeStats)
/Applications/Arduino.app/Contents/Resources/Java/hardware/tools/avr/bin/../lib/gcc/avr/4.3.2/../../../../avr/lib/avr6/libm.a(divsf3.o)
                              ./Movement.o (__divsf3)
/Applications/Arduino.app/Contents/Resources/Java/hardware/tools/avr/bin/../lib/gcc/avr/4.3.2/../../../../avr/lib/avr6/libm.a(divsf3x.o)
                              /Applications/Arduino.app/Contents/Resources/Java/hardware/tools/avr/bin/../lib/gcc/avr/4.3.2/../../../../avr/lib/avr6/libm.a(divsf3.o) (__divsf3x)
/Applications/Arduino.app/Contents/Resources/Java/hardware/tools/avr/bin/../lib/gcc/avr/4.3.2/../../../../avr/lib/avr6/libm.a(fixunssfsi.o)
                              ./Movement.o (__fixunssfsi)
/Applications/Arduino.app/Contents/Resources/Java/hardware/tools/avr/bin/../lib/gcc/avr/4.3.2/../../../../avr/lib/avr6/libm.a(floatsisf.o)
                              ./Sonar.o (__floatunsisf)
/Applications/Arduino.app/Contents/Resources/Java/hardware/tools/avr/bin/../lib/gcc/avr/4.3.2/../../../../avr/lib/avr6/libm.a(fp_inf.o)
                              /Applications/Arduino.app/Contents/Resources/Java/hardware/tools/avr/bin/../lib/gcc/avr/4.3.2/../../../../avr/lib/avr6/libm.a(divsf3x.o) (__fp_inf)
/Applications/Arduino.app/Contents/Resources/Java/hardware/tools/avr/bin/../lib/gcc/avr/4.3.2/../../../../avr/lib/avr6/libm.a(fp_nan.o)
                              /Applications/Arduino.app/Contents/Resources/Java/hardware/tools/avr/bin/../lib/gcc/avr/4.3.2/../../../../avr/lib/avr6/libm.a(divsf3x.o) (__fp_nan)
/Applications/Arduino.app/Contents/Resources/Java/hardware/tools/avr/bin/../lib/gcc/avr/4.3.2/../../../../avr/lib/avr6/libm.a(fp_pscA.o)
                              /Applications/Arduino.app/Contents/Resources/Java/hardware/tools/avr/bin/../lib/gcc/avr/4.3.2/../../../../avr/lib/avr6/libm.a(divsf3x.o) (__fp_pscA)
/Applications/Arduino.app/Contents/Resources/Java/hardware/tools/avr/bin/../lib/gcc/avr/4.3.2/../../../../avr/lib/avr6/libm.a(fp_pscB.o)
                              /Applications/Arduino.app/Contents/Resources/Java/hardware/tools/avr/bin/../lib/gcc/avr/4.3.2/../../../../avr/lib/avr6/libm.a(divsf3x.o) (__fp_pscB)
/Applications/Arduino.app/Contents/Resources/Java/hardware/tools/avr/bin/../lib/gcc/avr/4.3.2/../../../../avr/lib/avr6/libm.a(fp_round.o)
                              /Applications/Arduino.app/Contents/Resources/Java/hardware/tools/avr/bin/../lib/gcc/avr/4.3.2/../../../../avr/lib/avr6/libm.a(divsf3.o) (__fp_round)
/Applications/Arduino.app/Contents/Resources/Java/hardware/tools/avr/bin/../lib/gcc/avr/4.3.2/../../../../avr/lib/avr6/libm.a(fp_split3.o)
                              /Applications/Arduino.app/Contents/Resources/Java/hardware/tools/avr/bin/../lib/gcc/avr/4.3.2/../../../../avr/lib/avr6/libm.a(divsf3x.o) (__fp_split3)
/Applications/Arduino.app/Contents/Resources/Java/hardware/tools/avr/bin/../lib/gcc/avr/4.3.2/../../../../avr/lib/avr6/libm.a(fp_zero.o)
                              /Applications/Arduino.app/Contents/Resources/Java/hardware/tools/avr/bin/../lib/gcc/avr/4.3.2/../../../../avr/lib/avr6/libm.a(fixunssfsi.o) (__fp_zero)
/Applications/Arduino.app/Contents/Resources/Java/hardware/tools/avr/bin/../lib/gcc/avr/4.3.2/../../../../avr/lib/avr6/libm.a(mulsf3.o)
                              ./Movement.o (__mulsf3)
/Applications/Arduino.app/Contents/Resources/Java/hardware/tools/avr/bin/../lib/gcc/avr/4.3.2/../../../../avr/lib/avr6/libm.a(mulsf3x.o)
                              /Applications/Arduino.app/Contents/Resources/Java/hardware/tools/avr/bin/../lib/gcc/avr/4.3.2/../../../../avr/lib/avr6/libm.a(mulsf3.o) (__mulsf3x)
/Applications/Arduino.app/Contents/Resources/Java/hardware/tools/avr/bin/../lib/gcc/avr/4.3.2/../../../../avr/lib/avr6/libprintf_flt.a(vfprintf_flt.o)
                              (vfprintf)
/Applications/Arduino.app/Contents/Resources/Java/hardware/tools/avr/bin/../lib/gcc/avr/4.3.2/avr6/libgcc.a(_mulsi3.o)
                              ./motion.o (__mulsi3)
/Applications/Arduino.app/Contents/Resources/Java/hardware/tools/avr/bin/../lib/gcc/avr/4.3.2/avr6/libgcc.a(_udivmodhi4.o)
                              ./wireless_interface.o (__udivmodhi4)
/Applications/Arduino.app/Contents/Resources/Java/hardware/tools/avr/bin/../lib/gcc/avr/4.3.2/avr6/libgcc.a(_divmodhi4.o)
                              ./ReadTmp.o (__divmodhi4)
/Applications/Arduino.app/Contents/Resources/Java/hardware/tools/avr/bin/../lib/gcc/avr/4.3.2/avr6/libgcc.a(_udivmodsi4.o)
                              ./Scan.o (__udivmodsi4)
/Applications/Arduino.app/Contents/Resources/Java/hardware/tools/avr/bin/../lib/gcc/avr/4.3.2/avr6/libgcc.a(_prologue.o)
                              ./LCD.o (__prologue_saves__)
/Applications/Arduino.app/Contents/Resources/Java/hardware/tools/avr/bin/../lib/gcc/avr/4.3.2/avr6/libgcc.a(_epilogue.o)
                              ./LCD.o (__epilogue_restores__)
/Applications/Arduino.app/Contents/Resources/Java/hardware/tools/avr/bin/../lib/gcc/avr/4.3.2/avr6/libgcc.a(_exit.o)
                              /Applications/Arduino.app/Contents/Resources/Java/hardware/tools/avr/bin/../lib/gcc/avr/4.3.2/../../../../avr/lib/avr6/crtm2560.o (exit)
/Applications/Arduino.app/Contents/Resources/Java/hardware/tools/avr/bin/../lib/gcc/avr/4.3.2/avr6/libgcc.a(_tablejump.o)
                              ./wireless_interface.o (__tablejump2__)
/Applications/Arduino.app/Contents/Resources/Java/hardware/tools/avr/bin/../lib/gcc/avr/4.3.2/avr6/libgcc.a(_clear_bss.o)
                              ./LCD.o (__do_clear_bss)
/Applications/Arduino.app/Contents/Resources/Java/hardware/tools/avr/bin/../lib/gcc/avr/4.3.2/../../../../avr/lib/avr6/libc.a(ftoa_engine.o)
                              /Applications/Arduino.app/Contents/Resources/Java/hardware/tools/avr/bin/../lib/gcc/avr/4.3.2/../../../../avr/lib/avr6/libprintf_flt.a(vfprintf_flt.o) (__ftoa_engine)
/Applications/Arduino.app/Contents/Resources/Java/hardware/tools/avr/bin/../lib/gcc/avr/4.3.2/../../../../avr/lib/avr6/libc.a(strlen_P.o)
                              ./usart_serial.o (strlen_P)
/Applications/Arduino.app/Contents/Resources/Java/hardware/tools/avr/bin/../lib/gcc/avr/4.3.2/../../../../avr/lib/avr6/libc.a(strnlen_P.o)
                              /Applications/Arduino.app/Contents/Resources/Java/hardware/tools/avr/bin/../lib/gcc/avr/4.3.2/../../../../avr/lib/avr6/libprintf_flt.a(vfprintf_flt.o) (strnlen_P)
/Applications/Arduino.app/Contents/Resources/Java/hardware/tools/avr/bin/../lib/gcc/avr/4.3.2/../../../../avr/lib/avr6/libc.a(memcpy.o)
                              /Users/ryanoconnor/Documents/Arduino shit/FreeRTOS801/Release/libFreeRTOS801.a(queue.o) (memcpy)
/Applications/Arduino.app/Contents/Resources/Java/hardware/tools/avr/bin/../lib/gcc/avr/4.3.2/../../../../avr/lib/avr6/libc.a(memset.o)
                              ./wireless_interface.o (memset)
/Applications/Arduino.app/Contents/Resources/Java/hardware/tools/avr/bin/../lib/gcc/avr/4.3.2/../../../../avr/lib/avr6/libc.a(strcat.o)
                              ./wireless_interface.o (strcat)
/Applications/Arduino.app/Contents/Resources/Java/hardware/tools/avr/bin/../lib/gcc/avr/4.3.2/../../../../avr/lib/avr6/libc.a(strcpy.o)
                              ./wireless_interface.o (strcpy)
/Applications/Arduino.app/Contents/Resources/Java/hardware/tools/avr/bin/../lib/gcc/avr/4.3.2/../../../../avr/lib/avr6/libc.a(strncat.o)
                              ./wireless_interface.o (strncat)
/Applications/Arduino.app/Contents/Resources/Java/hardware/tools/avr/bin/../lib/gcc/avr/4.3.2/../../../../avr/lib/avr6/libc.a(strncmp.o)
                              ./wireless_interface.o (strncmp)
/Applications/Arduino.app/Contents/Resources/Java/hardware/tools/avr/bin/../lib/gcc/avr/4.3.2/../../../../avr/lib/avr6/libc.a(strncpy.o)
                              ./wireless_interface.o (strncpy)
/Applications/Arduino.app/Contents/Resources/Java/hardware/tools/avr/bin/../lib/gcc/avr/4.3.2/../../../../avr/lib/avr6/libc.a(strnlen.o)
                              /Applications/Arduino.app/Contents/Resources/Java/hardware/tools/avr/bin/../lib/gcc/avr/4.3.2/../../../../avr/lib/avr6/libprintf_flt.a(vfprintf_flt.o) (strnlen)
/Applications/Arduino.app/Contents/Resources/Java/hardware/tools/avr/bin/../lib/gcc/avr/4.3.2/../../../../avr/lib/avr6/libc.a(strstr.o)
                              ./wireless_interface.o (strstr)
/Applications/Arduino.app/Contents/Resources/Java/hardware/tools/avr/bin/../lib/gcc/avr/4.3.2/../../../../avr/lib/avr6/libc.a(fputc.o)
                              /Applications/Arduino.app/Contents/Resources/Java/hardware/tools/avr/bin/../lib/gcc/avr/4.3.2/../../../../avr/lib/avr6/libprintf_flt.a(vfprintf_flt.o) (fputc)
/Applications/Arduino.app/Contents/Resources/Java/hardware/tools/avr/bin/../lib/gcc/avr/4.3.2/../../../../avr/lib/avr6/libc.a(sprintf.o)
                              ./LCD.o (sprintf)
/Applications/Arduino.app/Contents/Resources/Java/hardware/tools/avr/bin/../lib/gcc/avr/4.3.2/../../../../avr/lib/avr6/libc.a(vsnprintf.o)
                              ./usart_serial.o (vsnprintf)
/Applications/Arduino.app/Contents/Resources/Java/hardware/tools/avr/bin/../lib/gcc/avr/4.3.2/../../../../avr/lib/avr6/libc.a(vsnprintf_p.o)
                              ./usart_serial.o (vsnprintf_P)
/Applications/Arduino.app/Contents/Resources/Java/hardware/tools/avr/bin/../lib/gcc/avr/4.3.2/../../../../avr/lib/avr6/libc.a(ultoa_invert.o)
                              /Applications/Arduino.app/Contents/Resources/Java/hardware/tools/avr/bin/../lib/gcc/avr/4.3.2/../../../../avr/lib/avr6/libprintf_flt.a(vfprintf_flt.o) (__ultoa_invert)

Allocating common symbols
Common symbol       size              file

speedDisplay        0x1               ./main.o
rest                0x1               ./main.o
client_web_page     0x25              ./wireless_interface.o
distanceDisplay     0x2               ./main.o
wifi_client         0x1               ./wireless_interface.o
usartComBuf         0x78              ./usart_serial.o
ticCount            0x2               ./main.o
objectDistance      0x2               ./main.o
counter             0x2               ./main.o
lcdString           0x20              ./main.o
ledTemp             0x2               ./ReadTmp.o
gainspan            0x57              ./wireless_interface.o
result              0x12              ./main.o
client_response_buffer
                    0x2               ./wireless_interface.o
usartfd             0x2               ./main.o
__system_time       0x4               /Users/ryanoconnor/Documents/Arduino shit/FreeRTOS801/Release/libFreeRTOS801.a(system_time.o)
wifi_server         0x3               ./wireless_interface.o

Memory Configuration

Name             Origin             Length             Attributes
text             0x00000000         0x00100000         xr
data             0x00800200         0x0000fe00         rw !x
eeprom           0x00810000         0x00010000         rw !x
fuse             0x00820000         0x00000400         rw !x
lock             0x00830000         0x00000400         rw !x
signature        0x00840000         0x00000400         rw !x
*default*        0x00000000         0xffffffff

Linker script and memory map

Address of section .data set to 0x800200
LOAD /Applications/Arduino.app/Contents/Resources/Java/hardware/tools/avr/bin/../lib/gcc/avr/4.3.2/../../../../avr/lib/avr6/crtm2560.o
LOAD ./LCD.o
LOAD ./LED.o
LOAD ./Movement.o
LOAD ./ReadTmp.o
LOAD ./Scan.o
LOAD ./Sonar.o
LOAD ./custom_timer.o
LOAD ./main.o
LOAD ./motion.o
LOAD ./usart_serial.o
LOAD ./wireless_interface.o
LOAD /Users/ryanoconnor/Documents/Arduino shit/FreeRTOS801/Release/libFreeRTOS801.a
LOAD /Applications/Arduino.app/Contents/Resources/Java/hardware/tools/avr/bin/../lib/gcc/avr/4.3.2/../../../../avr/lib/avr6/libm.a
LOAD /Applications/Arduino.app/Contents/Resources/Java/hardware/tools/avr/bin/../lib/gcc/avr/4.3.2/../../../../avr/lib/avr6/libprintf_flt.a
LOAD /Users/ryanoconnor/Documents/Arduino shit/FreeRTOS801/Release/libFreeRTOS801.a
LOAD /Users/ryanoconnor/Documents/Arduino shit/CEG4166_RTS_Lib/Release/libCEG4166_RTS_Lib.a
LOAD /Applications/Arduino.app/Contents/Resources/Java/hardware/tools/avr/bin/../lib/gcc/avr/4.3.2/avr6/libgcc.a
LOAD /Applications/Arduino.app/Contents/Resources/Java/hardware/tools/avr/bin/../lib/gcc/avr/4.3.2/../../../../avr/lib/avr6/libc.a
LOAD /Applications/Arduino.app/Contents/Resources/Java/hardware/tools/avr/bin/../lib/gcc/avr/4.3.2/avr6/libgcc.a

.hash
 *(.hash)

.dynsym
 *(.dynsym)

.dynstr
 *(.dynstr)

.gnu.version
 *(.gnu.version)

.gnu.version_d
 *(.gnu.version_d)

.gnu.version_r
 *(.gnu.version_r)

.rel.init
 *(.rel.init)

.rela.init
 *(.rela.init)

.rel.text
 *(.rel.text)
 *(.rel.text.*)
 *(.rel.gnu.linkonce.t*)

.rela.text
 *(.rela.text)
 *(.rela.text.*)
 *(.rela.gnu.linkonce.t*)

.rel.fini
 *(.rel.fini)

.rela.fini
 *(.rela.fini)

.rel.rodata
 *(.rel.rodata)
 *(.rel.rodata.*)
 *(.rel.gnu.linkonce.r*)

.rela.rodata
 *(.rela.rodata)
 *(.rela.rodata.*)
 *(.rela.gnu.linkonce.r*)

.rel.data
 *(.rel.data)
 *(.rel.data.*)
 *(.rel.gnu.linkonce.d*)

.rela.data
 *(.rela.data)
 *(.rela.data.*)
 *(.rela.gnu.linkonce.d*)

.rel.ctors
 *(.rel.ctors)

.rela.ctors
 *(.rela.ctors)

.rel.dtors
 *(.rel.dtors)

.rela.dtors
 *(.rela.dtors)

.rel.got
 *(.rel.got)

.rela.got
 *(.rela.got)

.rel.bss
 *(.rel.bss)

.rela.bss
 *(.rela.bss)

.rel.plt
 *(.rel.plt)

.rela.plt
 *(.rela.plt)

.text           0x00000000     0xa9b6
 *(.vectors)
 .vectors       0x00000000       0xe4 /Applications/Arduino.app/Contents/Resources/Java/hardware/tools/avr/bin/../lib/gcc/avr/4.3.2/../../../../avr/lib/avr6/crtm2560.o
                0x00000000                __vectors
                0x00000000                __vector_default
 *(.vectors)
 *(.progmem.gcc*)
 .progmem.gcc_sw_table
                0x000000e4       0x54 ./wireless_interface.o
 .progmem.gcc_sw_table
                0x00000138      0x182 /Users/ryanoconnor/Documents/Arduino shit/FreeRTOS801/Release/libFreeRTOS801.a(i2cMultiMaster.o)
 *(.progmem*)
 .progmem.data  0x000002ba       0x18 ./main.o
 .progmem.data  0x000002d2        0x8 /Applications/Arduino.app/Contents/Resources/Java/hardware/tools/avr/bin/../lib/gcc/avr/4.3.2/../../../../avr/lib/avr6/libprintf_flt.a(vfprintf_flt.o)
 .progmem.data  0x000002da       0xfa /Applications/Arduino.app/Contents/Resources/Java/hardware/tools/avr/bin/../lib/gcc/avr/4.3.2/../../../../avr/lib/avr6/libc.a(ftoa_engine.o)
                0x000003d4                . = ALIGN (0x2)
                0x000003d4                __trampolines_start = .
 *(.trampolines)
 .trampolines   0x000003d4        0x0 linker stubs
 *(.trampolines*)
                0x000003d4                __trampolines_end = .
 *(.jumptables)
 *(.jumptables*)
 *(.lowtext)
 .lowtext       0x000003d4      0x2e8 /Users/ryanoconnor/Documents/Arduino shit/FreeRTOS801/Release/libFreeRTOS801.a(tasks.o)
 *(.lowtext*)
                0x000006bc                __ctors_start = .
 *(.ctors)
                0x000006bc                __ctors_end = .
                0x000006bc                __dtors_start = .
 *(.dtors)
                0x000006bc                __dtors_end = .
 SORT(*)(.ctors)
 SORT(*)(.dtors)
 *(.init0)
 .init0         0x000006bc        0x0 /Applications/Arduino.app/Contents/Resources/Java/hardware/tools/avr/bin/../lib/gcc/avr/4.3.2/../../../../avr/lib/avr6/crtm2560.o
                0x000006bc                __init
 *(.init0)
 *(.init1)
 *(.init1)
 *(.init2)
 .init2         0x000006bc       0x10 /Applications/Arduino.app/Contents/Resources/Java/hardware/tools/avr/bin/../lib/gcc/avr/4.3.2/../../../../avr/lib/avr6/crtm2560.o
 *(.init2)
 *(.init3)
 *(.init3)
 *(.init4)
 .init4         0x000006cc       0x1c /Applications/Arduino.app/Contents/Resources/Java/hardware/tools/avr/bin/../lib/gcc/avr/4.3.2/../../../../avr/lib/avr6/crtm2560.o
                0x000006cc                __do_copy_data
 .init4         0x000006e8       0x10 /Applications/Arduino.app/Contents/Resources/Java/hardware/tools/avr/bin/../lib/gcc/avr/4.3.2/avr6/libgcc.a(_clear_bss.o)
                0x000006e8                __do_clear_bss
 *(.init4)
 *(.init5)
 *(.init5)
 *(.init6)
 *(.init6)
 *(.init7)
 *(.init7)
 *(.init8)
 *(.init8)
 *(.init9)
 .init9         0x000006f8        0x8 /Applications/Arduino.app/Contents/Resources/Java/hardware/tools/avr/bin/../lib/gcc/avr/4.3.2/../../../../avr/lib/avr6/crtm2560.o
 *(.init9)
 *(.text)
 .text          0x00000700        0x4 /Applications/Arduino.app/Contents/Resources/Java/hardware/tools/avr/bin/../lib/gcc/avr/4.3.2/../../../../avr/lib/avr6/crtm2560.o
                0x00000700                __vector_38
                0x00000700                __vector_22
                0x00000700                __vector_28
                0x00000700                __vector_1
                0x00000700                __vector_34
                0x00000700                __vector_24
                0x00000700                __vector_12
                0x00000700                __bad_interrupt
                0x00000700                __vector_6
                0x00000700                __vector_31
                0x00000700                __vector_35
                0x00000700                __vector_3
                0x00000700                __vector_30
                0x00000700                __vector_11
                0x00000700                __vector_13
                0x00000700                __vector_17
                0x00000700                __vector_19
                0x00000700                __vector_56
                0x00000700                __vector_7
                0x00000700                __vector_49
                0x00000700                __vector_43
                0x00000700                __vector_27
                0x00000700                __vector_5
                0x00000700                __vector_33
                0x00000700                __vector_47
                0x00000700                __vector_4
                0x00000700                __vector_44
                0x00000700                __vector_9
                0x00000700                __vector_2
                0x00000700                __vector_21
                0x00000700                __vector_15
                0x00000700                __vector_29
                0x00000700                __vector_40
                0x00000700                __vector_8
                0x00000700                __vector_48
                0x00000700                __vector_14
                0x00000700                __vector_53
                0x00000700                __vector_10
                0x00000700                __vector_16
                0x00000700                __vector_18
                0x00000700                __vector_20
                0x00000700                __vector_42
 .text          0x00000704        0x0 ./LCD.o
 .text          0x00000704        0x0 ./LED.o
 .text          0x00000704        0x0 ./Movement.o
 .text          0x00000704        0x0 ./ReadTmp.o
 .text          0x00000704        0x0 ./Scan.o
 .text          0x00000704        0x0 ./Sonar.o
 .text          0x00000704        0x0 ./custom_timer.o
 .text          0x00000704        0x0 ./main.o
 .text          0x00000704        0x0 ./motion.o
 .text          0x00000704        0x0 ./usart_serial.o
 .text          0x00000704        0x0 ./wireless_interface.o
 .text          0x00000704        0x0 /Users/ryanoconnor/Documents/Arduino shit/FreeRTOS801/Release/libFreeRTOS801.a(port.o)
 .text          0x00000704       0x38 /Users/ryanoconnor/Documents/Arduino shit/FreeRTOS801/Release/libFreeRTOS801.a(system_tick.o)
                0x00000704                system_tick
 .text          0x0000073c        0x0 /Users/ryanoconnor/Documents/Arduino shit/FreeRTOS801/Release/libFreeRTOS801.a(system_time.o)
 .text          0x0000073c        0x0 /Users/ryanoconnor/Documents/Arduino shit/FreeRTOS801/Release/libFreeRTOS801.a(i2cMultiMaster.o)
 .text          0x0000073c        0x0 /Users/ryanoconnor/Documents/Arduino shit/FreeRTOS801/Release/libFreeRTOS801.a(heap_4.o)
 .text          0x0000073c        0x0 /Users/ryanoconnor/Documents/Arduino shit/FreeRTOS801/Release/libFreeRTOS801.a(queue.o)
 .text          0x0000073c        0x0 /Users/ryanoconnor/Documents/Arduino shit/FreeRTOS801/Release/libFreeRTOS801.a(tasks.o)
 .text          0x0000073c        0x0 /Users/ryanoconnor/Documents/Arduino shit/FreeRTOS801/Release/libFreeRTOS801.a(list.o)
 .text          0x0000073c        0x0 /Users/ryanoconnor/Documents/Arduino shit/FreeRTOS801/Release/libFreeRTOS801.a(runtTimeStatsTimer.o)
 .text          0x0000073c        0x0 /Applications/Arduino.app/Contents/Resources/Java/hardware/tools/avr/bin/../lib/gcc/avr/4.3.2/../../../../avr/lib/avr6/libm.a(divsf3.o)
 .text          0x0000073c        0x0 /Applications/Arduino.app/Contents/Resources/Java/hardware/tools/avr/bin/../lib/gcc/avr/4.3.2/../../../../avr/lib/avr6/libm.a(divsf3x.o)
 .text          0x0000073c        0x0 /Applications/Arduino.app/Contents/Resources/Java/hardware/tools/avr/bin/../lib/gcc/avr/4.3.2/../../../../avr/lib/avr6/libm.a(fixunssfsi.o)
 .text          0x0000073c        0x0 /Applications/Arduino.app/Contents/Resources/Java/hardware/tools/avr/bin/../lib/gcc/avr/4.3.2/../../../../avr/lib/avr6/libm.a(floatsisf.o)
 .text          0x0000073c        0x0 /Applications/Arduino.app/Contents/Resources/Java/hardware/tools/avr/bin/../lib/gcc/avr/4.3.2/../../../../avr/lib/avr6/libm.a(fp_inf.o)
 .text          0x0000073c        0x0 /Applications/Arduino.app/Contents/Resources/Java/hardware/tools/avr/bin/../lib/gcc/avr/4.3.2/../../../../avr/lib/avr6/libm.a(fp_nan.o)
 .text          0x0000073c        0x0 /Applications/Arduino.app/Contents/Resources/Java/hardware/tools/avr/bin/../lib/gcc/avr/4.3.2/../../../../avr/lib/avr6/libm.a(fp_pscA.o)
 .text          0x0000073c        0x0 /Applications/Arduino.app/Contents/Resources/Java/hardware/tools/avr/bin/../lib/gcc/avr/4.3.2/../../../../avr/lib/avr6/libm.a(fp_pscB.o)
 .text          0x0000073c        0x0 /Applications/Arduino.app/Contents/Resources/Java/hardware/tools/avr/bin/../lib/gcc/avr/4.3.2/../../../../avr/lib/avr6/libm.a(fp_round.o)
 .text          0x0000073c        0x0 /Applications/Arduino.app/Contents/Resources/Java/hardware/tools/avr/bin/../lib/gcc/avr/4.3.2/../../../../avr/lib/avr6/libm.a(fp_split3.o)
 .text          0x0000073c        0x0 /Applications/Arduino.app/Contents/Resources/Java/hardware/tools/avr/bin/../lib/gcc/avr/4.3.2/../../../../avr/lib/avr6/libm.a(fp_zero.o)
 .text          0x0000073c        0x0 /Applications/Arduino.app/Contents/Resources/Java/hardware/tools/avr/bin/../lib/gcc/avr/4.3.2/../../../../avr/lib/avr6/libm.a(mulsf3.o)
 .text          0x0000073c        0x0 /Applications/Arduino.app/Contents/Resources/Java/hardware/tools/avr/bin/../lib/gcc/avr/4.3.2/../../../../avr/lib/avr6/libm.a(mulsf3x.o)
 .text          0x0000073c      0x712 /Applications/Arduino.app/Contents/Resources/Java/hardware/tools/avr/bin/../lib/gcc/avr/4.3.2/../../../../avr/lib/avr6/libprintf_flt.a(vfprintf_flt.o)
                0x0000073c                vfprintf
 .text          0x00000e4e        0x0 /Applications/Arduino.app/Contents/Resources/Java/hardware/tools/avr/bin/../lib/gcc/avr/4.3.2/avr6/libgcc.a(_mulsi3.o)
 .text          0x00000e4e        0x0 /Applications/Arduino.app/Contents/Resources/Java/hardware/tools/avr/bin/../lib/gcc/avr/4.3.2/avr6/libgcc.a(_udivmodhi4.o)
 .text          0x00000e4e        0x0 /Applications/Arduino.app/Contents/Resources/Java/hardware/tools/avr/bin/../lib/gcc/avr/4.3.2/avr6/libgcc.a(_divmodhi4.o)
 .text          0x00000e4e        0x0 /Applications/Arduino.app/Contents/Resources/Java/hardware/tools/avr/bin/../lib/gcc/avr/4.3.2/avr6/libgcc.a(_udivmodsi4.o)
 .text          0x00000e4e        0x0 /Applications/Arduino.app/Contents/Resources/Java/hardware/tools/avr/bin/../lib/gcc/avr/4.3.2/avr6/libgcc.a(_prologue.o)
 .text          0x00000e4e        0x0 /Applications/Arduino.app/Contents/Resources/Java/hardware/tools/avr/bin/../lib/gcc/avr/4.3.2/avr6/libgcc.a(_epilogue.o)
 .text          0x00000e4e        0x0 /Applications/Arduino.app/Contents/Resources/Java/hardware/tools/avr/bin/../lib/gcc/avr/4.3.2/avr6/libgcc.a(_exit.o)
 .text          0x00000e4e        0x0 /Applications/Arduino.app/Contents/Resources/Java/hardware/tools/avr/bin/../lib/gcc/avr/4.3.2/avr6/libgcc.a(_tablejump.o)
 .text          0x00000e4e        0x0 /Applications/Arduino.app/Contents/Resources/Java/hardware/tools/avr/bin/../lib/gcc/avr/4.3.2/avr6/libgcc.a(_clear_bss.o)
 .text          0x00000e4e      0x1b0 /Applications/Arduino.app/Contents/Resources/Java/hardware/tools/avr/bin/../lib/gcc/avr/4.3.2/../../../../avr/lib/avr6/libc.a(ftoa_engine.o)
                0x00000e4e                __ftoa_engine
 .text          0x00000ffe       0x12 /Applications/Arduino.app/Contents/Resources/Java/hardware/tools/avr/bin/../lib/gcc/avr/4.3.2/../../../../avr/lib/avr6/libc.a(strlen_P.o)
                0x00000ffe                strlen_P
 .text          0x00001010       0x16 /Applications/Arduino.app/Contents/Resources/Java/hardware/tools/avr/bin/../lib/gcc/avr/4.3.2/../../../../avr/lib/avr6/libc.a(strnlen_P.o)
                0x00001010                strnlen_P
 .text          0x00001026       0x12 /Applications/Arduino.app/Contents/Resources/Java/hardware/tools/avr/bin/../lib/gcc/avr/4.3.2/../../../../avr/lib/avr6/libc.a(memcpy.o)
                0x00001026                memcpy
 .text          0x00001038        0xe /Applications/Arduino.app/Contents/Resources/Java/hardware/tools/avr/bin/../lib/gcc/avr/4.3.2/../../../../avr/lib/avr6/libc.a(memset.o)
                0x00001038                memset
 .text          0x00001046       0x16 /Applications/Arduino.app/Contents/Resources/Java/hardware/tools/avr/bin/../lib/gcc/avr/4.3.2/../../../../avr/lib/avr6/libc.a(strcat.o)
                0x00001046                strcat
 .text          0x0000105c        0xe /Applications/Arduino.app/Contents/Resources/Java/hardware/tools/avr/bin/../lib/gcc/avr/4.3.2/../../../../avr/lib/avr6/libc.a(strcpy.o)
                0x0000105c                strcpy
 .text          0x0000106a       0x20 /Applications/Arduino.app/Contents/Resources/Java/hardware/tools/avr/bin/../lib/gcc/avr/4.3.2/../../../../avr/lib/avr6/libc.a(strncat.o)
                0x0000106a                strncat
 .text          0x0000108a       0x1c /Applications/Arduino.app/Contents/Resources/Java/hardware/tools/avr/bin/../lib/gcc/avr/4.3.2/../../../../avr/lib/avr6/libc.a(strncmp.o)
                0x0000108a                strncmp
 .text          0x000010a6       0x1e /Applications/Arduino.app/Contents/Resources/Java/hardware/tools/avr/bin/../lib/gcc/avr/4.3.2/../../../../avr/lib/avr6/libc.a(strncpy.o)
                0x000010a6                strncpy
 .text          0x000010c4       0x16 /Applications/Arduino.app/Contents/Resources/Java/hardware/tools/avr/bin/../lib/gcc/avr/4.3.2/../../../../avr/lib/avr6/libc.a(strnlen.o)
                0x000010c4                strnlen
 .text          0x000010da       0x34 /Applications/Arduino.app/Contents/Resources/Java/hardware/tools/avr/bin/../lib/gcc/avr/4.3.2/../../../../avr/lib/avr6/libc.a(strstr.o)
                0x000010da                strstr
 .text          0x0000110e       0x58 /Applications/Arduino.app/Contents/Resources/Java/hardware/tools/avr/bin/../lib/gcc/avr/4.3.2/../../../../avr/lib/avr6/libc.a(fputc.o)
                0x0000110e                fputc
 .text          0x00001166       0x48 /Applications/Arduino.app/Contents/Resources/Java/hardware/tools/avr/bin/../lib/gcc/avr/4.3.2/../../../../avr/lib/avr6/libc.a(sprintf.o)
                0x00001166                sprintf
 .text          0x000011ae       0x54 /Applications/Arduino.app/Contents/Resources/Java/hardware/tools/avr/bin/../lib/gcc/avr/4.3.2/../../../../avr/lib/avr6/libc.a(vsnprintf.o)
                0x000011ae                vsnprintf
 .text          0x00001202       0x54 /Applications/Arduino.app/Contents/Resources/Java/hardware/tools/avr/bin/../lib/gcc/avr/4.3.2/../../../../avr/lib/avr6/libc.a(vsnprintf_p.o)
                0x00001202                vsnprintf_P
 .text          0x00001256       0xbc /Applications/Arduino.app/Contents/Resources/Java/hardware/tools/avr/bin/../lib/gcc/avr/4.3.2/../../../../avr/lib/avr6/libc.a(ultoa_invert.o)
                0x00001256                __ultoa_invert
                0x00001312                . = ALIGN (0x2)
 *(.text.*)
 .text.lcdPrint
                0x00001312      0x328 ./LCD.o
                0x00001312                lcdPrint
 .text.changeLED
                0x0000163a       0x80 ./LED.o
                0x0000163a                changeLED
 .text.distanceAndSpeed
                0x000016ba      0x120 ./Movement.o
                0x000016ba                distanceAndSpeed
 .text.robotStop
                0x000017da       0x18 ./Movement.o
                0x000017da                robotStop
 .text.robotSteady
                0x000017f2       0x1e ./Movement.o
                0x000017f2                robotSteady
 .text.robotRight
                0x00001810       0x34 ./Movement.o
                0x00001810                robotRight
 .text.robotLeft
                0x00001844       0x34 ./Movement.o
                0x00001844                robotLeft
 .text.robotForward
                0x00001878       0x34 ./Movement.o
                0x00001878                robotForward
 .text.robotBackward
                0x000018ac       0x34 ./Movement.o
                0x000018ac                robotBackward
 .text.getTempSpike
                0x000018e0       0x14 ./ReadTmp.o
                0x000018e0                getTempSpike
 .text.getCurrentTemp
                0x000018f4        0x8 ./ReadTmp.o
                0x000018f4                getCurrentTemp
 .text.TaskReadTemperature
                0x000018fc      0x154 ./ReadTmp.o
                0x000018fc                TaskReadTemperature
 .text.move     0x00001a50      0x226 ./Scan.o
                0x00001a50                move
 .text.getObjectDistance
                0x00001c76       0x4c ./Sonar.o
                0x00001c76                getObjectDistance
 .text.initialize_module_timer0
                0x00001cc2       0x3e ./custom_timer.o
                0x00001cc2                initialize_module_timer0
 .text.time_in_microseconds
                0x00001d00       0x4e ./custom_timer.o
                0x00001d00                time_in_microseconds
 .text.time_in_milliseconds
                0x00001d4e       0x1c ./custom_timer.o
                0x00001d4e                time_in_milliseconds
 .text.delay_milliseconds
                0x00001d6a       0xd4 ./custom_timer.o
                0x00001d6a                delay_milliseconds
 .text.__vector_23
                0x00001e3e       0x90 ./custom_timer.o
                0x00001e3e                __vector_23
 .text.vApplicationStackOverflowHook
                0x00001ece        0x2 ./main.o
                0x00001ece                vApplicationStackOverflowHook
 .text.main     0x00001ed0      0x134 ./main.o
                0x00001ed0                main
 .text.moveRobot
                0x00002004       0x58 ./main.o
                0x00002004                moveRobot
 .text.processRequests
                0x0000205c       0x80 ./main.o
                0x0000205c                processRequests
 .text.scheduler
                0x000020dc       0x42 ./main.o
                0x000020dc                scheduler
 .text.motion_servo_start
                0x0000211e       0xc4 ./motion.o
                0x0000211e                motion_servo_start
 .text.motion_servo_stop
                0x000021e2       0x9e ./motion.o
                0x000021e2                motion_servo_stop
 .text.motion_servo_set_pulse_width
                0x00002280       0x36 ./motion.o
                0x00002280                motion_servo_set_pulse_width
 .text.motion_servo_get_pulse_width
                0x000022b6       0x2a ./motion.o
                0x000022b6                motion_servo_get_pulse_width
 .text.motion_enc_read
                0x000022e0       0x5a ./motion.o
                0x000022e0                motion_enc_read
 .text.__vector_45
                0x0000233a       0x4a ./motion.o
                0x0000233a                __vector_45
 .text.__vector_50
                0x00002384       0x4a ./motion.o
                0x00002384                __vector_50
 .text.__vector_41
                0x000023ce      0x116 ./motion.o
                0x000023ce                __vector_41
 .text.__vector_46
                0x000024e4      0x11c ./motion.o
                0x000024e4                __vector_46
 .text.motion_init
                0x00002600      0x13e ./motion.o
                0x00002600                motion_init
 .text.setDefaultUSART
                0x0000273e        0xa ./usart_serial.o
                0x0000273e                setDefaultUSART
 .text.usartWrite
                0x00002748       0x56 ./usart_serial.o
                0x00002748                usartWrite
 .text.usartRead
                0x0000279e       0x60 ./usart_serial.o
                0x0000279e                usartRead
 .text.usart_xflushRx
                0x000027fe       0x9c ./usart_serial.o
                0x000027fe                usart_xflushRx
 .text.usart_AvailableCharRx
                0x0000289a       0x32 ./usart_serial.o
                0x0000289a                usart_AvailableCharRx
 .text.usart_xgetChar
                0x000028cc       0x9e ./usart_serial.o
                0x000028cc                usart_xgetChar
 .text.usart_xputChar
                0x0000296a      0x136 ./usart_serial.o
                0x0000296a                usart_xputChar
 .text.usartCheckRxComplete
                0x00002aa0       0x22 ./usart_serial.o
                0x00002aa0                usartCheckRxComplete
 .text.usartCheckTxReady
                0x00002ac2       0x22 ./usart_serial.o
                0x00002ac2                usartCheckTxReady
 .text.xmitInterrupt_On
                0x00002ae4       0x2a ./usart_serial.o
                0x00002ae4                xmitInterrupt_On
 .text.xmitInterrupt_Off
                0x00002b0e       0x2a ./usart_serial.o
                0x00002b0e                xmitInterrupt_Off
 .text.usart_rx_isr
                0x00002b38       0xe6 ./usart_serial.o
                0x00002b38                usart_rx_isr
 .text.__vector_54
                0x00002c1e       0x54 ./usart_serial.o
                0x00002c1e                __vector_54
 .text.__vector_51
                0x00002c72       0x54 ./usart_serial.o
                0x00002c72                __vector_51
 .text.__vector_36
                0x00002cc6       0x54 ./usart_serial.o
                0x00002cc6                __vector_36
 .text.__vector_25
                0x00002d1a       0x54 ./usart_serial.o
                0x00002d1a                __vector_25
 .text.usart_tx_isr
                0x00002d6e       0xd6 ./usart_serial.o
                0x00002d6e                usart_tx_isr
 .text.__vector_55
                0x00002e44       0x54 ./usart_serial.o
                0x00002e44                __vector_55
 .text.__vector_52
                0x00002e98       0x54 ./usart_serial.o
                0x00002e98                __vector_52
 .text.__vector_37
                0x00002eec       0x54 ./usart_serial.o
                0x00002eec                __vector_37
 .text.__vector_26
                0x00002f40       0x54 ./usart_serial.o
                0x00002f40                __vector_26
 .text.usart_xfprint_P
                0x00002f94       0x42 ./usart_serial.o
                0x00002f94                usart_xfprint_P
 .text.usart_xprint_P
                0x00002fd6       0x10 ./usart_serial.o
                0x00002fd6                usart_xprint_P
 .text.usart_fprint_P
                0x00002fe6       0x8c ./usart_serial.o
                0x00002fe6                usart_fprint_P
 .text.usart_print_P
                0x00003072       0x10 ./usart_serial.o
                0x00003072                usart_print_P
 .text.usart_xfprint
                0x00003082       0x4c ./usart_serial.o
                0x00003082                usart_xfprint
 .text.usart_xfprintf_P_arg
                0x000030ce       0xa2 ./usart_serial.o
                0x000030ce                usart_xfprintf_P_arg
 .text.usart_xfprintf_arg
                0x00003170       0xa2 ./usart_serial.o
                0x00003170                usart_xfprintf_arg
 .text.usart_xprint
                0x00003212       0x10 ./usart_serial.o
                0x00003212                usart_xprint
 .text.usart_fprint
                0x00003222       0x8e ./usart_serial.o
                0x00003222                usart_fprint
 .text.usart_fprintf_P_arg
                0x000032b0       0x72 ./usart_serial.o
                0x000032b0                usart_fprintf_P_arg
 .text.usart_fprintf_arg
                0x00003322       0x72 ./usart_serial.o
                0x00003322                usart_fprintf_arg
 .text.usart_print
                0x00003394       0x10 ./usart_serial.o
                0x00003394                usart_print
 .text.usart_xfprintf_P
                0x000033a4       0x28 ./usart_serial.o
                0x000033a4                usart_xfprintf_P
 .text.usart_xfprintf
                0x000033cc       0x28 ./usart_serial.o
                0x000033cc                usart_xfprintf
 .text.usart_xprintf_P
                0x000033f4       0x2a ./usart_serial.o
                0x000033f4                usart_xprintf_P
 .text.usart_xprintf
                0x0000341e       0x2a ./usart_serial.o
                0x0000341e                usart_xprintf
 .text.usart_fprintf_P
                0x00003448       0x28 ./usart_serial.o
                0x00003448                usart_fprintf_P
 .text.usart_fprintf
                0x00003470       0x28 ./usart_serial.o
                0x00003470                usart_fprintf
 .text.usart_printf_P
                0x00003498       0x2a ./usart_serial.o
                0x00003498                usart_printf_P
 .text.usart_printf
                0x000034c2       0x2a ./usart_serial.o
                0x000034c2                usart_printf
 .text.usartClose
                0x000034ec       0x8a ./usart_serial.o
                0x000034ec                usartClose
 .text.usartOpen
                0x00003576      0x1ac ./usart_serial.o
                0x00003576                usartOpen
 .text.gs_set_usart
                0x00003722       0x42 ./wireless_interface.o
                0x00003722                gs_set_usart
 .text.gs_get_socket_status
                0x00003764       0x2c ./wireless_interface.o
                0x00003764                gs_get_socket_status
 .text.gs_activate_socket
                0x00003790       0x42 ./wireless_interface.o
                0x00003790                gs_activate_socket
 .text.gs_get_active_socket
                0x000037d2        0x6 ./wireless_interface.o
                0x000037d2                gs_get_active_socket
 .text.gs_get_socket_protocol
                0x000037d8       0x1e ./wireless_interface.o
                0x000037d8                gs_get_socket_protocol
 .text.gs_get_socket_port
                0x000037f6       0x1e ./wireless_interface.o
                0x000037f6                gs_get_socket_port
 .text.gs_get_data_on_socket_status
                0x00003814       0x18 ./wireless_interface.o
                0x00003814                gs_get_data_on_socket_status
 .text.gs_configure_socket
                0x0000382c       0x2e ./wireless_interface.o
                0x0000382c                gs_configure_socket
 .text.gs_get_socket_having_active_connection_and_data
                0x0000385a       0x26 ./wireless_interface.o
                0x0000385a                gs_get_socket_having_active_connection_and_data
 .text.gs_get_socket_connection_status
                0x00003880       0x30 ./wireless_interface.o
                0x00003880                gs_get_socket_connection_status
 .text.get_next_client_response
                0x000038b0       0x2c ./wireless_interface.o
                0x000038b0                get_next_client_response
 .text.hex_to_int
                0x000038dc       0x24 ./wireless_interface.o
                0x000038dc                hex_to_int
 .text.int_to_hex
                0x00003900       0x1a ./wireless_interface.o
                0x00003900                int_to_hex
 .text.initialize_web_server
                0x0000391a       0x20 ./wireless_interface.o
                0x0000391a                initialize_web_server
 .text.gs_send_activation_status_to_serial_terminal
                0x0000393a      0x106 ./wireless_interface.o
                0x0000393a                gs_send_activation_status_to_serial_terminal
 .text.gs_send_command_response_to_serial_terminal
                0x00003a40      0x12c ./wireless_interface.o
                0x00003a40                gs_send_command_response_to_serial_terminal
 .text.gs_reset_socket
                0x00003b6c      0x162 ./wireless_interface.o
                0x00003b6c                gs_reset_socket
 .text.gs_parse_command_response_tcp
                0x00003cce      0x398 ./wireless_interface.o
                0x00003cce                gs_parse_command_response_tcp
 .text.gs_parse_command_response
                0x00004066       0xd8 ./wireless_interface.o
                0x00004066                gs_parse_command_response
 .text.gs_flush
                0x0000413e       0x3e ./wireless_interface.o
                0x0000413e                gs_flush
 .text.gs_send_command
                0x0000417c      0x6fa ./wireless_interface.o
                0x0000417c                gs_send_command
 .text.gs_get_command_response
                0x00004876       0xcc ./wireless_interface.o
                0x00004876                gs_get_command_response
 .text.gs_read_data_from_socket
                0x00004942      0x23c ./wireless_interface.o
                0x00004942                gs_read_data_from_socket
 .text.gs_disconnect_deactivate_socket
                0x00004b7e      0x17e ./wireless_interface.o
                0x00004b7e                gs_disconnect_deactivate_socket
 .text.gs_enable_activate_socket
                0x00004cfc       0xaa ./wireless_interface.o
                0x00004cfc                gs_enable_activate_socket
 .text.start_web_server
                0x00004da6       0xc6 ./wireless_interface.o
                0x00004da6                start_web_server
 .text.gs_activate_wireless_connection
                0x00004e6c      0x256 ./wireless_interface.o
                0x00004e6c                gs_activate_wireless_connection
 .text.gs_initialize_gainspan
                0x000050c2      0x1c8 ./wireless_interface.o
                0x000050c2                gs_initialize_gainspan
 .text.gs_initialize_module
                0x0000528a       0x6e ./wireless_interface.o
                0x0000528a                gs_initialize_module
 .text.gs_set_webserver_authentication
                0x000052f8       0x32 ./wireless_interface.o
                0x000052f8                gs_set_webserver_authentication
 .text.gs_set_wireless_ssid
                0x0000532a       0x10 ./wireless_interface.o
                0x0000532a                gs_set_wireless_ssid
 .text.gs_set_wireless_configuration
                0x0000533a       0x8e ./wireless_interface.o
                0x0000533a                gs_set_wireless_configuration
 .text.gs_set_network_configuration
                0x000053c8       0x54 ./wireless_interface.o
                0x000053c8                gs_set_network_configuration
 .text.add_element_choice
                0x0000541c      0x112 ./wireless_interface.o
                0x0000541c                add_element_choice
 .text.configure_web_page
                0x0000552e      0x1ae ./wireless_interface.o
                0x0000552e                configure_web_page
 .text.gs_write_data_to_socket
                0x000056dc      0x1a8 ./wireless_interface.o
                0x000056dc                gs_write_data_to_socket
 .text.process_client_request
                0x00005884      0x454 ./wireless_interface.o
                0x00005884                process_client_request
 .text.hot      0x00005cd8      0x12a /Users/ryanoconnor/Documents/Arduino shit/FreeRTOS801/Release/libFreeRTOS801.a(port.o)
                0x00005d6e                xPortStartScheduler
                0x00005e00                vPortEndScheduler
                0x00005cd8                pxPortInitialiseStack
 .text.vPortYieldFromTick
                0x00005e02       0xf8 /Users/ryanoconnor/Documents/Arduino shit/FreeRTOS801/Release/libFreeRTOS801.a(port.o)
                0x00005e02                vPortYieldFromTick
 .text.__vector_32
                0x00005efa        0x6 /Users/ryanoconnor/Documents/Arduino shit/FreeRTOS801/Release/libFreeRTOS801.a(port.o)
                0x00005efa                __vector_32
 .text.vPortYield
                0x00005f00       0xc2 /Users/ryanoconnor/Documents/Arduino shit/FreeRTOS801/Release/libFreeRTOS801.a(port.o)
                0x00005f00                vPortYield
 .text.I2C_Slave_Start_Transceiver
                0x00005fc2       0x1a /Users/ryanoconnor/Documents/Arduino shit/FreeRTOS801/Release/libFreeRTOS801.a(i2cMultiMaster.o)
                0x00005fc2                I2C_Slave_Start_Transceiver
 .text.I2C_Master_Start_Transceiver
                0x00005fdc       0x1a /Users/ryanoconnor/Documents/Arduino shit/FreeRTOS801/Release/libFreeRTOS801.a(i2cMultiMaster.o)
                0x00005fdc                I2C_Master_Start_Transceiver
 .text.I2C_Slave_Start_Transceiver_With_Data
                0x00005ff6       0x40 /Users/ryanoconnor/Documents/Arduino shit/FreeRTOS801/Release/libFreeRTOS801.a(i2cMultiMaster.o)
                0x00005ff6                I2C_Slave_Start_Transceiver_With_Data
 .text.I2C_Master_Start_Transceiver_With_Data
                0x00006036       0x4e /Users/ryanoconnor/Documents/Arduino shit/FreeRTOS801/Release/libFreeRTOS801.a(i2cMultiMaster.o)
                0x00006036                I2C_Master_Start_Transceiver_With_Data
 .text.I2C_Slave_Get_Data_From_Transceiver
                0x00006084       0x48 /Users/ryanoconnor/Documents/Arduino shit/FreeRTOS801/Release/libFreeRTOS801.a(i2cMultiMaster.o)
                0x00006084                I2C_Slave_Get_Data_From_Transceiver
 .text.I2C_Master_Get_Data_From_Transceiver
                0x000060cc       0x40 /Users/ryanoconnor/Documents/Arduino shit/FreeRTOS801/Release/libFreeRTOS801.a(i2cMultiMaster.o)
                0x000060cc                I2C_Master_Get_Data_From_Transceiver
 .text.I2C_Check_Free_After_Stop
                0x0000610c       0x12 /Users/ryanoconnor/Documents/Arduino shit/FreeRTOS801/Release/libFreeRTOS801.a(i2cMultiMaster.o)
                0x0000610c                I2C_Check_Free_After_Stop
 .text.I2C_Get_State_Info
                0x0000611e        0xe /Users/ryanoconnor/Documents/Arduino shit/FreeRTOS801/Release/libFreeRTOS801.a(i2cMultiMaster.o)
                0x0000611e                I2C_Get_State_Info
 .text.__vector_39
                0x0000612c      0x1b2 /Users/ryanoconnor/Documents/Arduino shit/FreeRTOS801/Release/libFreeRTOS801.a(i2cMultiMaster.o)
                0x0000612c                __vector_39
 .text.I2C_Master_Initialise
                0x000062de       0x60 /Users/ryanoconnor/Documents/Arduino shit/FreeRTOS801/Release/libFreeRTOS801.a(i2cMultiMaster.o)
                0x000062de                I2C_Master_Initialise
 .text.I2C_Slave_Initialise
                0x0000633e       0x50 /Users/ryanoconnor/Documents/Arduino shit/FreeRTOS801/Release/libFreeRTOS801.a(i2cMultiMaster.o)
                0x0000633e                I2C_Slave_Initialise
 .text.hot      0x0000638e      0x2f8 /Users/ryanoconnor/Documents/Arduino shit/FreeRTOS801/Release/libFreeRTOS801.a(heap_4.o)
                0x0000638e                xPortGetFreeHeapSize
                0x000063a4                vPortFree
                0x0000648a                pvPortMalloc
                0x000063a2                vPortInitialiseBlocks
                0x00006398                xPortGetMinimumEverFreeHeapSize
 .text.hot      0x00006686      0xc06 /Users/ryanoconnor/Documents/Arduino shit/FreeRTOS801/Release/libFreeRTOS801.a(queue.o)
                0x00006b78                xQueueGenericSendFromISR
                0x00006706                xQueuePeekFromISR
                0x000066b0                uxQueueGetQueueNumber
                0x000066e8                vQueueDelete
                0x00006c8a                xQueueGenericSend
                0x000066bc                ucQueueGetQueueType
                0x00006760                xQueueReceiveFromISR
                0x000071b0                xQueueGenericCreate
                0x000066b6                vQueueSetQueueNumber
                0x00006696                uxQueueSpacesAvailable
                0x000066d2                xQueueIsQueueFullFromISR
                0x000067f0                xQueueGenericReceive
                0x00006686                uxQueueMessagesWaiting
                0x00007120                xQueueGenericReset
                0x000066aa                uxQueueMessagesWaitingFromISR
                0x000066c2                xQueueIsQueueEmptyFromISR
                0x0000703e                xQueueCreateMutex
 .text.hot      0x0000728c     0x3098 /Users/ryanoconnor/Documents/Arduino shit/FreeRTOS801/Release/libFreeRTOS801.a(tasks.o)
                0x000079b6                vTaskPlaceOnUnorderedEventList
                0x00007f3a                vTaskGetRunTimeStats
                0x00009f42                vTaskEndScheduler
                0x00007a94                vTaskPlaceOnEventList
                0x00009f4e                xTaskGenericCreate
                0x000074d2                uxTaskGetStackHighWaterMark
                0x00007908                xTaskResumeFromISR
                0x00007298                xTaskGetTickCount
                0x000076c0                xTaskRemoveFromEventList
                0x00009e78                vTaskDelete
                0x000072d6                xTaskCheckForTimeOut
                0x0000728c                vTaskSuspendAll
                0x000072ae                xTaskGetTickCountFromISR
                0x0000754c                vTaskPriorityDisinherit
                0x000075b0                vTaskPriorityInherit
                0x0000957a                vTaskResume
                0x00007b64                vTaskSwitchContext
                0x0000736a                vTaskSetTaskNumber
                0x00009606                vTaskSuspend
                0x000072ba                uxTaskGetNumberOfTasks
                0x00008a88                vTaskList
                0x0000735c                uxTaskGetTaskNumber
                0x00009b38                vTaskDelayUntil
                0x00007510                xTaskGetCurrentTaskHandle
                0x00007650                xTaskRemoveFromUnorderedEventList
                0x00007cc0                xTaskResumeAll
                0x0000a158                vTaskStartScheduler
                0x00007354                vTaskMissedYield
                0x00007752                xTaskIncrementTick
                0x00009828                vTaskDelay
                0x000072c0                vTaskSetTimeOutState
                0x0000751c                uxTaskResetEventItemValue
 .text.uxTaskGetSystemState
                0x0000a324      0x102 /Users/ryanoconnor/Documents/Arduino shit/FreeRTOS801/Release/libFreeRTOS801.a(tasks.o)
                0x0000a324                uxTaskGetSystemState
 .text.vListInitialise
                0x0000a426       0x20 /Users/ryanoconnor/Documents/Arduino shit/FreeRTOS801/Release/libFreeRTOS801.a(list.o)
                0x0000a426                vListInitialise
 .text.vListInitialiseItem
                0x0000a446        0x8 /Users/ryanoconnor/Documents/Arduino shit/FreeRTOS801/Release/libFreeRTOS801.a(list.o)
                0x0000a446                vListInitialiseItem
 .text.vListInsertEnd
                0x0000a44e       0x3e /Users/ryanoconnor/Documents/Arduino shit/FreeRTOS801/Release/libFreeRTOS801.a(list.o)
                0x0000a44e                vListInsertEnd
 .text.vListInsert
                0x0000a48c       0x64 /Users/ryanoconnor/Documents/Arduino shit/FreeRTOS801/Release/libFreeRTOS801.a(list.o)
                0x0000a48c                vListInsert
 .text.uxListRemove
                0x0000a4f0       0x56 /Users/ryanoconnor/Documents/Arduino shit/FreeRTOS801/Release/libFreeRTOS801.a(list.o)
                0x0000a4f0                uxListRemove
 .text.xconfigTimerForRunTimeStats
                0x0000a546       0x18 /Users/ryanoconnor/Documents/Arduino shit/FreeRTOS801/Release/libFreeRTOS801.a(runtTimeStatsTimer.o)
                0x0000a546                xconfigTimerForRunTimeStats
 .text.fplib    0x0000a55e        0x4 /Applications/Arduino.app/Contents/Resources/Java/hardware/tools/avr/bin/../lib/gcc/avr/4.3.2/../../../../avr/lib/avr6/libm.a(divsf3.o)
                0x0000a55e                __divsf3
 .text.fplib    0x0000a562       0xcc /Applications/Arduino.app/Contents/Resources/Java/hardware/tools/avr/bin/../lib/gcc/avr/4.3.2/../../../../avr/lib/avr6/libm.a(divsf3x.o)
                0x0000a578                __divsf3x
                0x0000a57c                __divsf3_pse
 .text.fplib    0x0000a62e       0x58 /Applications/Arduino.app/Contents/Resources/Java/hardware/tools/avr/bin/../lib/gcc/avr/4.3.2/../../../../avr/lib/avr6/libm.a(fixunssfsi.o)
                0x0000a62e                __fixunssfsi
 .text.fplib    0x0000a686       0x7a /Applications/Arduino.app/Contents/Resources/Java/hardware/tools/avr/bin/../lib/gcc/avr/4.3.2/../../../../avr/lib/avr6/libm.a(floatsisf.o)
                0x0000a68a                __floatsisf
                0x0000a686                __floatunsisf
 .text.fplib    0x0000a700        0xc /Applications/Arduino.app/Contents/Resources/Java/hardware/tools/avr/bin/../lib/gcc/avr/4.3.2/../../../../avr/lib/avr6/libm.a(fp_inf.o)
                0x0000a700                __fp_inf
 .text.fplib    0x0000a70c        0x6 /Applications/Arduino.app/Contents/Resources/Java/hardware/tools/avr/bin/../lib/gcc/avr/4.3.2/../../../../avr/lib/avr6/libm.a(fp_nan.o)
                0x0000a70c                __fp_nan
 .text.fplib    0x0000a712        0xe /Applications/Arduino.app/Contents/Resources/Java/hardware/tools/avr/bin/../lib/gcc/avr/4.3.2/../../../../avr/lib/avr6/libm.a(fp_pscA.o)
                0x0000a712                __fp_pscA
 .text.fplib    0x0000a720        0xe /Applications/Arduino.app/Contents/Resources/Java/hardware/tools/avr/bin/../lib/gcc/avr/4.3.2/../../../../avr/lib/avr6/libm.a(fp_pscB.o)
                0x0000a720                __fp_pscB
 .text.fplib    0x0000a72e       0x22 /Applications/Arduino.app/Contents/Resources/Java/hardware/tools/avr/bin/../lib/gcc/avr/4.3.2/../../../../avr/lib/avr6/libm.a(fp_round.o)
                0x0000a72e                __fp_round
 .text.fplib    0x0000a750       0x44 /Applications/Arduino.app/Contents/Resources/Java/hardware/tools/avr/bin/../lib/gcc/avr/4.3.2/../../../../avr/lib/avr6/libm.a(fp_split3.o)
                0x0000a750                __fp_split3
                0x0000a760                __fp_splitA
 .text.fplib    0x0000a794        0xe /Applications/Arduino.app/Contents/Resources/Java/hardware/tools/avr/bin/../lib/gcc/avr/4.3.2/../../../../avr/lib/avr6/libm.a(fp_zero.o)
                0x0000a794                __fp_zero
                0x0000a796                __fp_szero
 .text.fplib    0x0000a7a2        0x4 /Applications/Arduino.app/Contents/Resources/Java/hardware/tools/avr/bin/../lib/gcc/avr/4.3.2/../../../../avr/lib/avr6/libm.a(mulsf3.o)
                0x0000a7a2                __mulsf3
 .text.fplib    0x0000a7a6       0xc2 /Applications/Arduino.app/Contents/Resources/Java/hardware/tools/avr/bin/../lib/gcc/avr/4.3.2/../../../../avr/lib/avr6/libm.a(mulsf3x.o)
                0x0000a7be                __mulsf3_pse
                0x0000a7ba                __mulsf3x
 .text.libgcc   0x0000a868       0x3e /Applications/Arduino.app/Contents/Resources/Java/hardware/tools/avr/bin/../lib/gcc/avr/4.3.2/avr6/libgcc.a(_mulsi3.o)
                0x0000a868                __mulsi3
 .text.libgcc   0x0000a8a6       0x28 /Applications/Arduino.app/Contents/Resources/Java/hardware/tools/avr/bin/../lib/gcc/avr/4.3.2/avr6/libgcc.a(_udivmodhi4.o)
                0x0000a8a6                __udivmodhi4
 .text.libgcc   0x0000a8ce       0x26 /Applications/Arduino.app/Contents/Resources/Java/hardware/tools/avr/bin/../lib/gcc/avr/4.3.2/avr6/libgcc.a(_divmodhi4.o)
                0x0000a8ce                __divmodhi4
                0x0000a8ce                _div
 .text.libgcc   0x0000a8f4       0x44 /Applications/Arduino.app/Contents/Resources/Java/hardware/tools/avr/bin/../lib/gcc/avr/4.3.2/avr6/libgcc.a(_udivmodsi4.o)
                0x0000a8f4                __udivmodsi4
 .text.libgcc   0x0000a938       0x38 /Applications/Arduino.app/Contents/Resources/Java/hardware/tools/avr/bin/../lib/gcc/avr/4.3.2/avr6/libgcc.a(_prologue.o)
                0x0000a938                __prologue_saves__
 .text.libgcc   0x0000a970       0x36 /Applications/Arduino.app/Contents/Resources/Java/hardware/tools/avr/bin/../lib/gcc/avr/4.3.2/avr6/libgcc.a(_epilogue.o)
                0x0000a970                __epilogue_restores__
 .text.libgcc   0x0000a9a6        0x0 /Applications/Arduino.app/Contents/Resources/Java/hardware/tools/avr/bin/../lib/gcc/avr/4.3.2/avr6/libgcc.a(_exit.o)
 .text.libgcc   0x0000a9a6        0xc /Applications/Arduino.app/Contents/Resources/Java/hardware/tools/avr/bin/../lib/gcc/avr/4.3.2/avr6/libgcc.a(_tablejump.o)
                0x0000a9aa                __tablejump__
                0x0000a9a6                __tablejump2__
 .text.libgcc   0x0000a9b2        0x0 /Applications/Arduino.app/Contents/Resources/Java/hardware/tools/avr/bin/../lib/gcc/avr/4.3.2/avr6/libgcc.a(_clear_bss.o)
                0x0000a9b2                . = ALIGN (0x2)
 *(.fini9)
 .fini9         0x0000a9b2        0x0 /Applications/Arduino.app/Contents/Resources/Java/hardware/tools/avr/bin/../lib/gcc/avr/4.3.2/avr6/libgcc.a(_exit.o)
                0x0000a9b2                exit
                0x0000a9b2                _exit
 *(.fini9)
 *(.fini8)
 *(.fini8)
 *(.fini7)
 *(.fini7)
 *(.fini6)
 *(.fini6)
 *(.fini5)
 *(.fini5)
 *(.fini4)
 *(.fini4)
 *(.fini3)
 *(.fini3)
 *(.fini2)
 *(.fini2)
 *(.fini1)
 *(.fini1)
 *(.fini0)
 .fini0         0x0000a9b2        0x4 /Applications/Arduino.app/Contents/Resources/Java/hardware/tools/avr/bin/../lib/gcc/avr/4.3.2/avr6/libgcc.a(_exit.o)
 *(.fini0)
                0x0000a9b6                _etext = .

.data           0x00800200      0x848 load address 0x0000a9b6
                0x00800200                PROVIDE (__data_start, .)
 *(.data)
 .data          0x00800200        0x0 /Applications/Arduino.app/Contents/Resources/Java/hardware/tools/avr/bin/../lib/gcc/avr/4.3.2/../../../../avr/lib/avr6/crtm2560.o
 .data          0x00800200        0xf ./LCD.o
 .data          0x0080020f        0x0 ./LED.o
 .data          0x0080020f        0x0 ./Movement.o
 .data          0x0080020f        0x0 ./ReadTmp.o
 .data          0x0080020f        0x0 ./Scan.o
 .data          0x0080020f        0x0 ./Sonar.o
 .data          0x0080020f        0x0 ./custom_timer.o
 .data          0x0080020f       0x88 ./main.o
 .data          0x00800297        0x0 ./motion.o
 .data          0x00800297        0x0 ./usart_serial.o
 .data          0x00800297      0x697 ./wireless_interface.o
 .data          0x0080092e        0x0 /Users/ryanoconnor/Documents/Arduino shit/FreeRTOS801/Release/libFreeRTOS801.a(port.o)
 .data          0x0080092e        0x0 /Users/ryanoconnor/Documents/Arduino shit/FreeRTOS801/Release/libFreeRTOS801.a(system_tick.o)
 .data          0x0080092e        0x0 /Users/ryanoconnor/Documents/Arduino shit/FreeRTOS801/Release/libFreeRTOS801.a(system_time.o)
 .data          0x0080092e        0x0 /Users/ryanoconnor/Documents/Arduino shit/FreeRTOS801/Release/libFreeRTOS801.a(i2cMultiMaster.o)
 .data          0x0080092e        0x0 /Users/ryanoconnor/Documents/Arduino shit/FreeRTOS801/Release/libFreeRTOS801.a(heap_4.o)
 .data          0x0080092e        0x0 /Users/ryanoconnor/Documents/Arduino shit/FreeRTOS801/Release/libFreeRTOS801.a(queue.o)
 .data          0x0080092e       0x35 /Users/ryanoconnor/Documents/Arduino shit/FreeRTOS801/Release/libFreeRTOS801.a(tasks.o)
 .data          0x00800963        0x0 /Users/ryanoconnor/Documents/Arduino shit/FreeRTOS801/Release/libFreeRTOS801.a(list.o)
 .data          0x00800963        0x0 /Users/ryanoconnor/Documents/Arduino shit/FreeRTOS801/Release/libFreeRTOS801.a(runtTimeStatsTimer.o)
 .data          0x00800963        0x0 /Applications/Arduino.app/Contents/Resources/Java/hardware/tools/avr/bin/../lib/gcc/avr/4.3.2/../../../../avr/lib/avr6/libm.a(divsf3.o)
 .data          0x00800963        0x0 /Applications/Arduino.app/Contents/Resources/Java/hardware/tools/avr/bin/../lib/gcc/avr/4.3.2/../../../../avr/lib/avr6/libm.a(divsf3x.o)
 .data          0x00800963        0x0 /Applications/Arduino.app/Contents/Resources/Java/hardware/tools/avr/bin/../lib/gcc/avr/4.3.2/../../../../avr/lib/avr6/libm.a(fixunssfsi.o)
 .data          0x00800963        0x0 /Applications/Arduino.app/Contents/Resources/Java/hardware/tools/avr/bin/../lib/gcc/avr/4.3.2/../../../../avr/lib/avr6/libm.a(floatsisf.o)
 .data          0x00800963        0x0 /Applications/Arduino.app/Contents/Resources/Java/hardware/tools/avr/bin/../lib/gcc/avr/4.3.2/../../../../avr/lib/avr6/libm.a(fp_inf.o)
 .data          0x00800963        0x0 /Applications/Arduino.app/Contents/Resources/Java/hardware/tools/avr/bin/../lib/gcc/avr/4.3.2/../../../../avr/lib/avr6/libm.a(fp_nan.o)
 .data          0x00800963        0x0 /Applications/Arduino.app/Contents/Resources/Java/hardware/tools/avr/bin/../lib/gcc/avr/4.3.2/../../../../avr/lib/avr6/libm.a(fp_pscA.o)
 .data          0x00800963        0x0 /Applications/Arduino.app/Contents/Resources/Java/hardware/tools/avr/bin/../lib/gcc/avr/4.3.2/../../../../avr/lib/avr6/libm.a(fp_pscB.o)
 .data          0x00800963        0x0 /Applications/Arduino.app/Contents/Resources/Java/hardware/tools/avr/bin/../lib/gcc/avr/4.3.2/../../../../avr/lib/avr6/libm.a(fp_round.o)
 .data          0x00800963        0x0 /Applications/Arduino.app/Contents/Resources/Java/hardware/tools/avr/bin/../lib/gcc/avr/4.3.2/../../../../avr/lib/avr6/libm.a(fp_split3.o)
 .data          0x00800963        0x0 /Applications/Arduino.app/Contents/Resources/Java/hardware/tools/avr/bin/../lib/gcc/avr/4.3.2/../../../../avr/lib/avr6/libm.a(fp_zero.o)
 .data          0x00800963        0x0 /Applications/Arduino.app/Contents/Resources/Java/hardware/tools/avr/bin/../lib/gcc/avr/4.3.2/../../../../avr/lib/avr6/libm.a(mulsf3.o)
 .data          0x00800963        0x0 /Applications/Arduino.app/Contents/Resources/Java/hardware/tools/avr/bin/../lib/gcc/avr/4.3.2/../../../../avr/lib/avr6/libm.a(mulsf3x.o)
 .data          0x00800963        0x0 /Applications/Arduino.app/Contents/Resources/Java/hardware/tools/avr/bin/../lib/gcc/avr/4.3.2/../../../../avr/lib/avr6/libprintf_flt.a(vfprintf_flt.o)
 .data          0x00800963        0x0 /Applications/Arduino.app/Contents/Resources/Java/hardware/tools/avr/bin/../lib/gcc/avr/4.3.2/avr6/libgcc.a(_mulsi3.o)
 .data          0x00800963        0x0 /Applications/Arduino.app/Contents/Resources/Java/hardware/tools/avr/bin/../lib/gcc/avr/4.3.2/avr6/libgcc.a(_udivmodhi4.o)
 .data          0x00800963        0x0 /Applications/Arduino.app/Contents/Resources/Java/hardware/tools/avr/bin/../lib/gcc/avr/4.3.2/avr6/libgcc.a(_divmodhi4.o)
 .data          0x00800963        0x0 /Applications/Arduino.app/Contents/Resources/Java/hardware/tools/avr/bin/../lib/gcc/avr/4.3.2/avr6/libgcc.a(_udivmodsi4.o)
 .data          0x00800963        0x0 /Applications/Arduino.app/Contents/Resources/Java/hardware/tools/avr/bin/../lib/gcc/avr/4.3.2/avr6/libgcc.a(_prologue.o)
 .data          0x00800963        0x0 /Applications/Arduino.app/Contents/Resources/Java/hardware/tools/avr/bin/../lib/gcc/avr/4.3.2/avr6/libgcc.a(_epilogue.o)
 .data          0x00800963        0x0 /Applications/Arduino.app/Contents/Resources/Java/hardware/tools/avr/bin/../lib/gcc/avr/4.3.2/avr6/libgcc.a(_exit.o)
 .data          0x00800963        0x0 /Applications/Arduino.app/Contents/Resources/Java/hardware/tools/avr/bin/../lib/gcc/avr/4.3.2/avr6/libgcc.a(_tablejump.o)
 .data          0x00800963        0x0 /Applications/Arduino.app/Contents/Resources/Java/hardware/tools/avr/bin/../lib/gcc/avr/4.3.2/avr6/libgcc.a(_clear_bss.o)
 .data          0x00800963        0x0 /Applications/Arduino.app/Contents/Resources/Java/hardware/tools/avr/bin/../lib/gcc/avr/4.3.2/../../../../avr/lib/avr6/libc.a(ftoa_engine.o)
 .data          0x00800963        0x0 /Applications/Arduino.app/Contents/Resources/Java/hardware/tools/avr/bin/../lib/gcc/avr/4.3.2/../../../../avr/lib/avr6/libc.a(strlen_P.o)
 .data          0x00800963        0x0 /Applications/Arduino.app/Contents/Resources/Java/hardware/tools/avr/bin/../lib/gcc/avr/4.3.2/../../../../avr/lib/avr6/libc.a(strnlen_P.o)
 .data          0x00800963        0x0 /Applications/Arduino.app/Contents/Resources/Java/hardware/tools/avr/bin/../lib/gcc/avr/4.3.2/../../../../avr/lib/avr6/libc.a(memcpy.o)
 .data          0x00800963        0x0 /Applications/Arduino.app/Contents/Resources/Java/hardware/tools/avr/bin/../lib/gcc/avr/4.3.2/../../../../avr/lib/avr6/libc.a(memset.o)
 .data          0x00800963        0x0 /Applications/Arduino.app/Contents/Resources/Java/hardware/tools/avr/bin/../lib/gcc/avr/4.3.2/../../../../avr/lib/avr6/libc.a(strcat.o)
 .data          0x00800963        0x0 /Applications/Arduino.app/Contents/Resources/Java/hardware/tools/avr/bin/../lib/gcc/avr/4.3.2/../../../../avr/lib/avr6/libc.a(strcpy.o)
 .data          0x00800963        0x0 /Applications/Arduino.app/Contents/Resources/Java/hardware/tools/avr/bin/../lib/gcc/avr/4.3.2/../../../../avr/lib/avr6/libc.a(strncat.o)
 .data          0x00800963        0x0 /Applications/Arduino.app/Contents/Resources/Java/hardware/tools/avr/bin/../lib/gcc/avr/4.3.2/../../../../avr/lib/avr6/libc.a(strncmp.o)
 .data          0x00800963        0x0 /Applications/Arduino.app/Contents/Resources/Java/hardware/tools/avr/bin/../lib/gcc/avr/4.3.2/../../../../avr/lib/avr6/libc.a(strncpy.o)
 .data          0x00800963        0x0 /Applications/Arduino.app/Contents/Resources/Java/hardware/tools/avr/bin/../lib/gcc/avr/4.3.2/../../../../avr/lib/avr6/libc.a(strnlen.o)
 .data          0x00800963        0x0 /Applications/Arduino.app/Contents/Resources/Java/hardware/tools/avr/bin/../lib/gcc/avr/4.3.2/../../../../avr/lib/avr6/libc.a(strstr.o)
 .data          0x00800963        0x0 /Applications/Arduino.app/Contents/Resources/Java/hardware/tools/avr/bin/../lib/gcc/avr/4.3.2/../../../../avr/lib/avr6/libc.a(fputc.o)
 .data          0x00800963        0x0 /Applications/Arduino.app/Contents/Resources/Java/hardware/tools/avr/bin/../lib/gcc/avr/4.3.2/../../../../avr/lib/avr6/libc.a(sprintf.o)
 .data          0x00800963        0x0 /Applications/Arduino.app/Contents/Resources/Java/hardware/tools/avr/bin/../lib/gcc/avr/4.3.2/../../../../avr/lib/avr6/libc.a(vsnprintf.o)
 .data          0x00800963        0x0 /Applications/Arduino.app/Contents/Resources/Java/hardware/tools/avr/bin/../lib/gcc/avr/4.3.2/../../../../avr/lib/avr6/libc.a(vsnprintf_p.o)
 .data          0x00800963        0x0 /Applications/Arduino.app/Contents/Resources/Java/hardware/tools/avr/bin/../lib/gcc/avr/4.3.2/../../../../avr/lib/avr6/libc.a(ultoa_invert.o)
 *(.data*)
 .data.mode     0x00800963        0x1 ./main.o
                0x00800963                mode
 .data.usartReg
                0x00800964       0x28 ./usart_serial.o
                0x00800964                usartReg
 .data.gs_at_commands
                0x0080098c       0x56 ./wireless_interface.o
                0x0080098c                gs_at_commands
 .data.I2C_state
                0x008009e2        0x1 /Users/ryanoconnor/Documents/Arduino shit/FreeRTOS801/Release/libFreeRTOS801.a(i2cMultiMaster.o)
 .data.xMinimumEverFreeBytesRemaining
                0x008009e3        0x2 /Users/ryanoconnor/Documents/Arduino shit/FreeRTOS801/Release/libFreeRTOS801.a(heap_4.o)
 .data.xFreeBytesRemaining
                0x008009e5        0x2 /Users/ryanoconnor/Documents/Arduino shit/FreeRTOS801/Release/libFreeRTOS801.a(heap_4.o)
 .data.xNextTaskUnblockTime
                0x008009e7        0x2 /Users/ryanoconnor/Documents/Arduino shit/FreeRTOS801/Release/libFreeRTOS801.a(tasks.o)
 *(.rodata)
 *(.rodata*)
 .rodata.C.0.1538
                0x008009e9       0x12 ./ReadTmp.o
 .rodata.encoders
                0x008009fb        0xe ./motion.o
 .rodata.tc_module_s
                0x00800a09       0x20 ./motion.o
 .rodata.motors
                0x00800a29       0x1e ./motion.o
 *(.gnu.linkonce.d*)
                0x00800a48                . = ALIGN (0x2)
 *fill*         0x00800a47        0x1 00
                0x00800a48                _edata = .
                0x00800a48                PROVIDE (__data_end, .)

.bss            0x00800a48     0x13fc
                0x00800a48                PROVIDE (__bss_start, .)
 *(.bss)
 .bss           0x00800a48        0x0 /Applications/Arduino.app/Contents/Resources/Java/hardware/tools/avr/bin/../lib/gcc/avr/4.3.2/../../../../avr/lib/avr6/crtm2560.o
 .bss           0x00800a48        0x0 ./LCD.o
 .bss           0x00800a48        0x0 ./LED.o
 .bss           0x00800a48        0x0 ./Movement.o
 .bss           0x00800a48        0x0 ./ReadTmp.o
 .bss           0x00800a48        0x0 ./Scan.o
 .bss           0x00800a48        0x0 ./Sonar.o
 .bss           0x00800a48        0x0 ./custom_timer.o
 .bss           0x00800a48        0x0 ./main.o
 .bss           0x00800a48        0x0 ./motion.o
 .bss           0x00800a48        0x0 ./usart_serial.o
 .bss           0x00800a48        0x0 ./wireless_interface.o
 .bss           0x00800a48        0x0 /Users/ryanoconnor/Documents/Arduino shit/FreeRTOS801/Release/libFreeRTOS801.a(port.o)
 .bss           0x00800a48        0x0 /Users/ryanoconnor/Documents/Arduino shit/FreeRTOS801/Release/libFreeRTOS801.a(system_tick.o)
 .bss           0x00800a48        0x0 /Users/ryanoconnor/Documents/Arduino shit/FreeRTOS801/Release/libFreeRTOS801.a(system_time.o)
 .bss           0x00800a48        0x0 /Users/ryanoconnor/Documents/Arduino shit/FreeRTOS801/Release/libFreeRTOS801.a(i2cMultiMaster.o)
 .bss           0x00800a48        0x0 /Users/ryanoconnor/Documents/Arduino shit/FreeRTOS801/Release/libFreeRTOS801.a(heap_4.o)
 .bss           0x00800a48        0x0 /Users/ryanoconnor/Documents/Arduino shit/FreeRTOS801/Release/libFreeRTOS801.a(queue.o)
 .bss           0x00800a48        0x0 /Users/ryanoconnor/Documents/Arduino shit/FreeRTOS801/Release/libFreeRTOS801.a(tasks.o)
 .bss           0x00800a48        0x0 /Users/ryanoconnor/Documents/Arduino shit/FreeRTOS801/Release/libFreeRTOS801.a(list.o)
 .bss           0x00800a48        0x0 /Users/ryanoconnor/Documents/Arduino shit/FreeRTOS801/Release/libFreeRTOS801.a(runtTimeStatsTimer.o)
 .bss           0x00800a48        0x0 /Applications/Arduino.app/Contents/Resources/Java/hardware/tools/avr/bin/../lib/gcc/avr/4.3.2/../../../../avr/lib/avr6/libm.a(divsf3.o)
 .bss           0x00800a48        0x0 /Applications/Arduino.app/Contents/Resources/Java/hardware/tools/avr/bin/../lib/gcc/avr/4.3.2/../../../../avr/lib/avr6/libm.a(divsf3x.o)
 .bss           0x00800a48        0x0 /Applications/Arduino.app/Contents/Resources/Java/hardware/tools/avr/bin/../lib/gcc/avr/4.3.2/../../../../avr/lib/avr6/libm.a(fixunssfsi.o)
 .bss           0x00800a48        0x0 /Applications/Arduino.app/Contents/Resources/Java/hardware/tools/avr/bin/../lib/gcc/avr/4.3.2/../../../../avr/lib/avr6/libm.a(floatsisf.o)
 .bss           0x00800a48        0x0 /Applications/Arduino.app/Contents/Resources/Java/hardware/tools/avr/bin/../lib/gcc/avr/4.3.2/../../../../avr/lib/avr6/libm.a(fp_inf.o)
 .bss           0x00800a48        0x0 /Applications/Arduino.app/Contents/Resources/Java/hardware/tools/avr/bin/../lib/gcc/avr/4.3.2/../../../../avr/lib/avr6/libm.a(fp_nan.o)
 .bss           0x00800a48        0x0 /Applications/Arduino.app/Contents/Resources/Java/hardware/tools/avr/bin/../lib/gcc/avr/4.3.2/../../../../avr/lib/avr6/libm.a(fp_pscA.o)
 .bss           0x00800a48        0x0 /Applications/Arduino.app/Contents/Resources/Java/hardware/tools/avr/bin/../lib/gcc/avr/4.3.2/../../../../avr/lib/avr6/libm.a(fp_pscB.o)
 .bss           0x00800a48        0x0 /Applications/Arduino.app/Contents/Resources/Java/hardware/tools/avr/bin/../lib/gcc/avr/4.3.2/../../../../avr/lib/avr6/libm.a(fp_round.o)
 .bss           0x00800a48        0x0 /Applications/Arduino.app/Contents/Resources/Java/hardware/tools/avr/bin/../lib/gcc/avr/4.3.2/../../../../avr/lib/avr6/libm.a(fp_split3.o)
 .bss           0x00800a48        0x0 /Applications/Arduino.app/Contents/Resources/Java/hardware/tools/avr/bin/../lib/gcc/avr/4.3.2/../../../../avr/lib/avr6/libm.a(fp_zero.o)
 .bss           0x00800a48        0x0 /Applications/Arduino.app/Contents/Resources/Java/hardware/tools/avr/bin/../lib/gcc/avr/4.3.2/../../../../avr/lib/avr6/libm.a(mulsf3.o)
 .bss           0x00800a48        0x0 /Applications/Arduino.app/Contents/Resources/Java/hardware/tools/avr/bin/../lib/gcc/avr/4.3.2/../../../../avr/lib/avr6/libm.a(mulsf3x.o)
 .bss           0x00800a48        0x0 /Applications/Arduino.app/Contents/Resources/Java/hardware/tools/avr/bin/../lib/gcc/avr/4.3.2/../../../../avr/lib/avr6/libprintf_flt.a(vfprintf_flt.o)
 .bss           0x00800a48        0x0 /Applications/Arduino.app/Contents/Resources/Java/hardware/tools/avr/bin/../lib/gcc/avr/4.3.2/avr6/libgcc.a(_mulsi3.o)
 .bss           0x00800a48        0x0 /Applications/Arduino.app/Contents/Resources/Java/hardware/tools/avr/bin/../lib/gcc/avr/4.3.2/avr6/libgcc.a(_udivmodhi4.o)
 .bss           0x00800a48        0x0 /Applications/Arduino.app/Contents/Resources/Java/hardware/tools/avr/bin/../lib/gcc/avr/4.3.2/avr6/libgcc.a(_divmodhi4.o)
 .bss           0x00800a48        0x0 /Applications/Arduino.app/Contents/Resources/Java/hardware/tools/avr/bin/../lib/gcc/avr/4.3.2/avr6/libgcc.a(_udivmodsi4.o)
 .bss           0x00800a48        0x0 /Applications/Arduino.app/Contents/Resources/Java/hardware/tools/avr/bin/../lib/gcc/avr/4.3.2/avr6/libgcc.a(_prologue.o)
 .bss           0x00800a48        0x0 /Applications/Arduino.app/Contents/Resources/Java/hardware/tools/avr/bin/../lib/gcc/avr/4.3.2/avr6/libgcc.a(_epilogue.o)
 .bss           0x00800a48        0x0 /Applications/Arduino.app/Contents/Resources/Java/hardware/tools/avr/bin/../lib/gcc/avr/4.3.2/avr6/libgcc.a(_exit.o)
 .bss           0x00800a48        0x0 /Applications/Arduino.app/Contents/Resources/Java/hardware/tools/avr/bin/../lib/gcc/avr/4.3.2/avr6/libgcc.a(_tablejump.o)
 .bss           0x00800a48        0x0 /Applications/Arduino.app/Contents/Resources/Java/hardware/tools/avr/bin/../lib/gcc/avr/4.3.2/avr6/libgcc.a(_clear_bss.o)
 .bss           0x00800a48        0x0 /Applications/Arduino.app/Contents/Resources/Java/hardware/tools/avr/bin/../lib/gcc/avr/4.3.2/../../../../avr/lib/avr6/libc.a(ftoa_engine.o)
 .bss           0x00800a48        0x0 /Applications/Arduino.app/Contents/Resources/Java/hardware/tools/avr/bin/../lib/gcc/avr/4.3.2/../../../../avr/lib/avr6/libc.a(strlen_P.o)
 .bss           0x00800a48        0x0 /Applications/Arduino.app/Contents/Resources/Java/hardware/tools/avr/bin/../lib/gcc/avr/4.3.2/../../../../avr/lib/avr6/libc.a(strnlen_P.o)
 .bss           0x00800a48        0x0 /Applications/Arduino.app/Contents/Resources/Java/hardware/tools/avr/bin/../lib/gcc/avr/4.3.2/../../../../avr/lib/avr6/libc.a(memcpy.o)
 .bss           0x00800a48        0x0 /Applications/Arduino.app/Contents/Resources/Java/hardware/tools/avr/bin/../lib/gcc/avr/4.3.2/../../../../avr/lib/avr6/libc.a(memset.o)
 .bss           0x00800a48        0x0 /Applications/Arduino.app/Contents/Resources/Java/hardware/tools/avr/bin/../lib/gcc/avr/4.3.2/../../../../avr/lib/avr6/libc.a(strcat.o)
 .bss           0x00800a48        0x0 /Applications/Arduino.app/Contents/Resources/Java/hardware/tools/avr/bin/../lib/gcc/avr/4.3.2/../../../../avr/lib/avr6/libc.a(strcpy.o)
 .bss           0x00800a48        0x0 /Applications/Arduino.app/Contents/Resources/Java/hardware/tools/avr/bin/../lib/gcc/avr/4.3.2/../../../../avr/lib/avr6/libc.a(strncat.o)
 .bss           0x00800a48        0x0 /Applications/Arduino.app/Contents/Resources/Java/hardware/tools/avr/bin/../lib/gcc/avr/4.3.2/../../../../avr/lib/avr6/libc.a(strncmp.o)
 .bss           0x00800a48        0x0 /Applications/Arduino.app/Contents/Resources/Java/hardware/tools/avr/bin/../lib/gcc/avr/4.3.2/../../../../avr/lib/avr6/libc.a(strncpy.o)
 .bss           0x00800a48        0x0 /Applications/Arduino.app/Contents/Resources/Java/hardware/tools/avr/bin/../lib/gcc/avr/4.3.2/../../../../avr/lib/avr6/libc.a(strnlen.o)
 .bss           0x00800a48        0x0 /Applications/Arduino.app/Contents/Resources/Java/hardware/tools/avr/bin/../lib/gcc/avr/4.3.2/../../../../avr/lib/avr6/libc.a(strstr.o)
 .bss           0x00800a48        0x0 /Applications/Arduino.app/Contents/Resources/Java/hardware/tools/avr/bin/../lib/gcc/avr/4.3.2/../../../../avr/lib/avr6/libc.a(fputc.o)
 .bss           0x00800a48        0x0 /Applications/Arduino.app/Contents/Resources/Java/hardware/tools/avr/bin/../lib/gcc/avr/4.3.2/../../../../avr/lib/avr6/libc.a(sprintf.o)
 .bss           0x00800a48        0x0 /Applications/Arduino.app/Contents/Resources/Java/hardware/tools/avr/bin/../lib/gcc/avr/4.3.2/../../../../avr/lib/avr6/libc.a(vsnprintf.o)
 .bss           0x00800a48        0x0 /Applications/Arduino.app/Contents/Resources/Java/hardware/tools/avr/bin/../lib/gcc/avr/4.3.2/../../../../avr/lib/avr6/libc.a(vsnprintf_p.o)
 .bss           0x00800a48        0x0 /Applications/Arduino.app/Contents/Resources/Java/hardware/tools/avr/bin/../lib/gcc/avr/4.3.2/../../../../avr/lib/avr6/libc.a(ultoa_invert.o)
 *(.bss*)
 .bss.currentTemp
                0x00800a48        0x1 ./ReadTmp.o
 .bss.timer_counter_timer0
                0x00800a49        0x9 ./custom_timer.o
 .bss.avgTemperature
                0x00800a52        0x2 ./main.o
                0x00800a52                avgTemperature
 .bss.tov_cntr  0x00800a54        0x8 ./motion.o
 .bss.last_icr  0x00800a5c        0x4 ./motion.o
 .bss.new_data  0x00800a60        0x8 ./motion.o
 .bss.new_data_available
                0x00800a68        0x4 ./motion.o
 .bss.defaultUSART
                0x00800a6c        0x2 ./usart_serial.o
                0x00800a6c                defaultUSART
 .bss.client_response_buffer_write_pointer
                0x00800a6e        0x1 ./wireless_interface.o
                0x00800a6e                client_response_buffer_write_pointer
 .bss.client_response_buffer_read_pointer
                0x00800a6f        0x1 ./wireless_interface.o
                0x00800a6f                client_response_buffer_read_pointer
 .bss.web_server_status
                0x00800a70        0x2 ./wireless_interface.o
                0x00800a70                web_server_status
 .bss.portTickRateHz
                0x00800a72        0x2 /Users/ryanoconnor/Documents/Arduino shit/FreeRTOS801/Release/libFreeRTOS801.a(port.o)
 .bss.ticksRemainingInSec
                0x00800a74        0x2 /Users/ryanoconnor/Documents/Arduino shit/FreeRTOS801/Release/libFreeRTOS801.a(port.o)
 .bss.xI2CSemaphore
                0x00800a76        0x2 /Users/ryanoconnor/Documents/Arduino shit/FreeRTOS801/Release/libFreeRTOS801.a(i2cMultiMaster.o)
                0x00800a76                xI2CSemaphore
 .bss.I2C_statusReg
                0x00800a78        0x1 /Users/ryanoconnor/Documents/Arduino shit/FreeRTOS801/Release/libFreeRTOS801.a(i2cMultiMaster.o)
                0x00800a78                I2C_statusReg
 .bss.I2C_checkBusyAfterStop
                0x00800a79        0x1 /Users/ryanoconnor/Documents/Arduino shit/FreeRTOS801/Release/libFreeRTOS801.a(i2cMultiMaster.o)
 .bss.I2C_bufPtr.1864
                0x00800a7a        0x1 /Users/ryanoconnor/Documents/Arduino shit/FreeRTOS801/Release/libFreeRTOS801.a(i2cMultiMaster.o)
 .bss.I2C_buf   0x00800a7b       0x18 /Users/ryanoconnor/Documents/Arduino shit/FreeRTOS801/Release/libFreeRTOS801.a(i2cMultiMaster.o)
 .bss.I2C_msgSize
                0x00800a93        0x1 /Users/ryanoconnor/Documents/Arduino shit/FreeRTOS801/Release/libFreeRTOS801.a(i2cMultiMaster.o)
 .bss.xBlockAllocatedBit
                0x00800a94        0x2 /Users/ryanoconnor/Documents/Arduino shit/FreeRTOS801/Release/libFreeRTOS801.a(heap_4.o)
 .bss.pxEnd     0x00800a96        0x2 /Users/ryanoconnor/Documents/Arduino shit/FreeRTOS801/Release/libFreeRTOS801.a(heap_4.o)
 .bss.ucHeap    0x00800a98     0x1200 /Users/ryanoconnor/Documents/Arduino shit/FreeRTOS801/Release/libFreeRTOS801.a(heap_4.o)
 .bss.xStart    0x00801c98        0x4 /Users/ryanoconnor/Documents/Arduino shit/FreeRTOS801/Release/libFreeRTOS801.a(heap_4.o)
 .bss.pxCurrentTCB
                0x00801c9c        0x2 /Users/ryanoconnor/Documents/Arduino shit/FreeRTOS801/Release/libFreeRTOS801.a(tasks.o)
                0x00801c9c                pxCurrentTCB
 .bss.uxCurrentNumberOfTasks
                0x00801c9e        0x1 /Users/ryanoconnor/Documents/Arduino shit/FreeRTOS801/Release/libFreeRTOS801.a(tasks.o)
 .bss.uxTopReadyPriority
                0x00801c9f        0x1 /Users/ryanoconnor/Documents/Arduino shit/FreeRTOS801/Release/libFreeRTOS801.a(tasks.o)
 .bss.xYieldPending
                0x00801ca0        0x1 /Users/ryanoconnor/Documents/Arduino shit/FreeRTOS801/Release/libFreeRTOS801.a(tasks.o)
 .bss.xTickCount
                0x00801ca1        0x2 /Users/ryanoconnor/Documents/Arduino shit/FreeRTOS801/Release/libFreeRTOS801.a(tasks.o)
 .bss.xNumOfOverflows
                0x00801ca3        0x1 /Users/ryanoconnor/Documents/Arduino shit/FreeRTOS801/Release/libFreeRTOS801.a(tasks.o)
 .bss.uxSchedulerSuspended
                0x00801ca4        0x1 /Users/ryanoconnor/Documents/Arduino shit/FreeRTOS801/Release/libFreeRTOS801.a(tasks.o)
 .bss.ulTotalRunTime
                0x00801ca5        0x4 /Users/ryanoconnor/Documents/Arduino shit/FreeRTOS801/Release/libFreeRTOS801.a(tasks.o)
 .bss.ulTaskSwitchedInTime
                0x00801ca9        0x4 /Users/ryanoconnor/Documents/Arduino shit/FreeRTOS801/Release/libFreeRTOS801.a(tasks.o)
 .bss.uxPendedTicks
                0x00801cad        0x1 /Users/ryanoconnor/Documents/Arduino shit/FreeRTOS801/Release/libFreeRTOS801.a(tasks.o)
 .bss.xSchedulerRunning
                0x00801cae        0x1 /Users/ryanoconnor/Documents/Arduino shit/FreeRTOS801/Release/libFreeRTOS801.a(tasks.o)
 .bss.uxTasksDeleted
                0x00801caf        0x1 /Users/ryanoconnor/Documents/Arduino shit/FreeRTOS801/Release/libFreeRTOS801.a(tasks.o)
 .bss.uxTaskNumber
                0x00801cb0        0x1 /Users/ryanoconnor/Documents/Arduino shit/FreeRTOS801/Release/libFreeRTOS801.a(tasks.o)
 .bss.pxReadyTasksLists
                0x00801cb1       0x24 /Users/ryanoconnor/Documents/Arduino shit/FreeRTOS801/Release/libFreeRTOS801.a(tasks.o)
 .bss.xDelayedTaskList1
                0x00801cd5        0x9 /Users/ryanoconnor/Documents/Arduino shit/FreeRTOS801/Release/libFreeRTOS801.a(tasks.o)
 .bss.xDelayedTaskList2
                0x00801cde        0x9 /Users/ryanoconnor/Documents/Arduino shit/FreeRTOS801/Release/libFreeRTOS801.a(tasks.o)
 .bss.pxDelayedTaskList
                0x00801ce7        0x2 /Users/ryanoconnor/Documents/Arduino shit/FreeRTOS801/Release/libFreeRTOS801.a(tasks.o)
 .bss.pxOverflowDelayedTaskList
                0x00801ce9        0x2 /Users/ryanoconnor/Documents/Arduino shit/FreeRTOS801/Release/libFreeRTOS801.a(tasks.o)
 .bss.xPendingReadyList
                0x00801ceb        0x9 /Users/ryanoconnor/Documents/Arduino shit/FreeRTOS801/Release/libFreeRTOS801.a(tasks.o)
 .bss.xTasksWaitingTermination
                0x00801cf4        0x9 /Users/ryanoconnor/Documents/Arduino shit/FreeRTOS801/Release/libFreeRTOS801.a(tasks.o)
 .bss.xSuspendedTaskList
                0x00801cfd        0x9 /Users/ryanoconnor/Documents/Arduino shit/FreeRTOS801/Release/libFreeRTOS801.a(tasks.o)
 *(COMMON)
 COMMON         0x00801d06        0x2 ./ReadTmp.o
                0x00801d06                ledTemp
 COMMON         0x00801d08       0x3e ./main.o
                0x00801d08                speedDisplay
                0x00801d09                rest
                0x00801d0a                distanceDisplay
                0x00801d0c                ticCount
                0x00801d0e                objectDistance
                0x00801d10                counter
                0x00801d12                lcdString
                0x00801d32                result
                0x00801d44                usartfd
 COMMON         0x00801d46       0x78 ./usart_serial.o
                0x00801d46                usartComBuf
 COMMON         0x00801dbe       0x82 ./wireless_interface.o
                0x00801dbe                client_web_page
                0x00801de3                wifi_client
                0x00801de4                gainspan
                0x00801e3b                client_response_buffer
                0x00801e3d                wifi_server
 COMMON         0x00801e40        0x4 /Users/ryanoconnor/Documents/Arduino shit/FreeRTOS801/Release/libFreeRTOS801.a(system_time.o)
                0x00801e40                __system_time
                0x00801e44                PROVIDE (__bss_end, .)
                0x0000a9b6                __data_load_start = LOADADDR (.data)
                0x0000b1fe                __data_load_end = (__data_load_start + SIZEOF (.data))

.noinit         0x00801e44        0x0
                0x00801e44                PROVIDE (__noinit_start, .)
 *(.noinit*)
                0x00801e44                PROVIDE (__noinit_end, .)
                0x00801e44                _end = .
                0x00801e44                PROVIDE (__heap_start, .)

.eeprom         0x00810000        0x0
 *(.eeprom*)
                0x00810000                __eeprom_end = .

.fuse
 *(.fuse)
 *(.lfuse)
 *(.hfuse)
 *(.efuse)

.lock
 *(.lock*)

.signature
 *(.signature*)

.stab
 *(.stab)

.stabstr
 *(.stabstr)

.stab.excl
 *(.stab.excl)

.stab.exclstr
 *(.stab.exclstr)

.stab.index
 *(.stab.index)

.stab.indexstr
 *(.stab.indexstr)

.comment
 *(.comment)

.debug
 *(.debug)

.line
 *(.line)

.debug_srcinfo
 *(.debug_srcinfo)

.debug_sfnames
 *(.debug_sfnames)

.debug_aranges  0x00000000       0xa0
 *(.debug_aranges)
 .debug_aranges
                0x00000000       0x20 /Applications/Arduino.app/Contents/Resources/Java/hardware/tools/avr/bin/../lib/gcc/avr/4.3.2/../../../../avr/lib/avr6/libprintf_flt.a(vfprintf_flt.o)
 .debug_aranges
                0x00000020       0x20 /Applications/Arduino.app/Contents/Resources/Java/hardware/tools/avr/bin/../lib/gcc/avr/4.3.2/../../../../avr/lib/avr6/libc.a(fputc.o)
 .debug_aranges
                0x00000040       0x20 /Applications/Arduino.app/Contents/Resources/Java/hardware/tools/avr/bin/../lib/gcc/avr/4.3.2/../../../../avr/lib/avr6/libc.a(sprintf.o)
 .debug_aranges
                0x00000060       0x20 /Applications/Arduino.app/Contents/Resources/Java/hardware/tools/avr/bin/../lib/gcc/avr/4.3.2/../../../../avr/lib/avr6/libc.a(vsnprintf.o)
 .debug_aranges
                0x00000080       0x20 /Applications/Arduino.app/Contents/Resources/Java/hardware/tools/avr/bin/../lib/gcc/avr/4.3.2/../../../../avr/lib/avr6/libc.a(vsnprintf_p.o)

.debug_pubnames
                0x00000000       0x9b
 *(.debug_pubnames)
 .debug_pubnames
                0x00000000       0x1f /Applications/Arduino.app/Contents/Resources/Java/hardware/tools/avr/bin/../lib/gcc/avr/4.3.2/../../../../avr/lib/avr6/libprintf_flt.a(vfprintf_flt.o)
 .debug_pubnames
                0x0000001f       0x1c /Applications/Arduino.app/Contents/Resources/Java/hardware/tools/avr/bin/../lib/gcc/avr/4.3.2/../../../../avr/lib/avr6/libc.a(fputc.o)
 .debug_pubnames
                0x0000003b       0x1e /Applications/Arduino.app/Contents/Resources/Java/hardware/tools/avr/bin/../lib/gcc/avr/4.3.2/../../../../avr/lib/avr6/libc.a(sprintf.o)
 .debug_pubnames
                0x00000059       0x20 /Applications/Arduino.app/Contents/Resources/Java/hardware/tools/avr/bin/../lib/gcc/avr/4.3.2/../../../../avr/lib/avr6/libc.a(vsnprintf.o)
 .debug_pubnames
                0x00000079       0x22 /Applications/Arduino.app/Contents/Resources/Java/hardware/tools/avr/bin/../lib/gcc/avr/4.3.2/../../../../avr/lib/avr6/libc.a(vsnprintf_p.o)

.debug_info     0x00000000      0xad9
 *(.debug_info)
 .debug_info    0x00000000      0x41d /Applications/Arduino.app/Contents/Resources/Java/hardware/tools/avr/bin/../lib/gcc/avr/4.3.2/../../../../avr/lib/avr6/libprintf_flt.a(vfprintf_flt.o)
 .debug_info    0x0000041d      0x166 /Applications/Arduino.app/Contents/Resources/Java/hardware/tools/avr/bin/../lib/gcc/avr/4.3.2/../../../../avr/lib/avr6/libc.a(fputc.o)
 .debug_info    0x00000583      0x1b0 /Applications/Arduino.app/Contents/Resources/Java/hardware/tools/avr/bin/../lib/gcc/avr/4.3.2/../../../../avr/lib/avr6/libc.a(sprintf.o)
 .debug_info    0x00000733      0x1d3 /Applications/Arduino.app/Contents/Resources/Java/hardware/tools/avr/bin/../lib/gcc/avr/4.3.2/../../../../avr/lib/avr6/libc.a(vsnprintf.o)
 .debug_info    0x00000906      0x1d3 /Applications/Arduino.app/Contents/Resources/Java/hardware/tools/avr/bin/../lib/gcc/avr/4.3.2/../../../../avr/lib/avr6/libc.a(vsnprintf_p.o)
 *(.gnu.linkonce.wi.*)

.debug_abbrev   0x00000000      0x54a
 *(.debug_abbrev)
 .debug_abbrev  0x00000000      0x18f /Applications/Arduino.app/Contents/Resources/Java/hardware/tools/avr/bin/../lib/gcc/avr/4.3.2/../../../../avr/lib/avr6/libprintf_flt.a(vfprintf_flt.o)
 .debug_abbrev  0x0000018f       0xd9 /Applications/Arduino.app/Contents/Resources/Java/hardware/tools/avr/bin/../lib/gcc/avr/4.3.2/../../../../avr/lib/avr6/libc.a(fputc.o)
 .debug_abbrev  0x00000268      0x10c /Applications/Arduino.app/Contents/Resources/Java/hardware/tools/avr/bin/../lib/gcc/avr/4.3.2/../../../../avr/lib/avr6/libc.a(sprintf.o)
 .debug_abbrev  0x00000374       0xeb /Applications/Arduino.app/Contents/Resources/Java/hardware/tools/avr/bin/../lib/gcc/avr/4.3.2/../../../../avr/lib/avr6/libc.a(vsnprintf.o)
 .debug_abbrev  0x0000045f       0xeb /Applications/Arduino.app/Contents/Resources/Java/hardware/tools/avr/bin/../lib/gcc/avr/4.3.2/../../../../avr/lib/avr6/libc.a(vsnprintf_p.o)

.debug_line     0x00000000      0xbad
 *(.debug_line)
 .debug_line    0x00000000      0x740 /Applications/Arduino.app/Contents/Resources/Java/hardware/tools/avr/bin/../lib/gcc/avr/4.3.2/../../../../avr/lib/avr6/libprintf_flt.a(vfprintf_flt.o)
 .debug_line    0x00000740       0xd0 /Applications/Arduino.app/Contents/Resources/Java/hardware/tools/avr/bin/../lib/gcc/avr/4.3.2/../../../../avr/lib/avr6/libc.a(fputc.o)
 .debug_line    0x00000810      0x125 /Applications/Arduino.app/Contents/Resources/Java/hardware/tools/avr/bin/../lib/gcc/avr/4.3.2/../../../../avr/lib/avr6/libc.a(sprintf.o)
 .debug_line    0x00000935      0x13b /Applications/Arduino.app/Contents/Resources/Java/hardware/tools/avr/bin/../lib/gcc/avr/4.3.2/../../../../avr/lib/avr6/libc.a(vsnprintf.o)
 .debug_line    0x00000a70      0x13d /Applications/Arduino.app/Contents/Resources/Java/hardware/tools/avr/bin/../lib/gcc/avr/4.3.2/../../../../avr/lib/avr6/libc.a(vsnprintf_p.o)

.debug_frame    0x00000000       0xa0
 *(.debug_frame)
 .debug_frame   0x00000000       0x20 /Applications/Arduino.app/Contents/Resources/Java/hardware/tools/avr/bin/../lib/gcc/avr/4.3.2/../../../../avr/lib/avr6/libprintf_flt.a(vfprintf_flt.o)
 .debug_frame   0x00000020       0x20 /Applications/Arduino.app/Contents/Resources/Java/hardware/tools/avr/bin/../lib/gcc/avr/4.3.2/../../../../avr/lib/avr6/libc.a(fputc.o)
 .debug_frame   0x00000040       0x20 /Applications/Arduino.app/Contents/Resources/Java/hardware/tools/avr/bin/../lib/gcc/avr/4.3.2/../../../../avr/lib/avr6/libc.a(sprintf.o)
 .debug_frame   0x00000060       0x20 /Applications/Arduino.app/Contents/Resources/Java/hardware/tools/avr/bin/../lib/gcc/avr/4.3.2/../../../../avr/lib/avr6/libc.a(vsnprintf.o)
 .debug_frame   0x00000080       0x20 /Applications/Arduino.app/Contents/Resources/Java/hardware/tools/avr/bin/../lib/gcc/avr/4.3.2/../../../../avr/lib/avr6/libc.a(vsnprintf_p.o)

.debug_str      0x00000000      0x21a
 *(.debug_str)
 .debug_str     0x00000000      0x17a /Applications/Arduino.app/Contents/Resources/Java/hardware/tools/avr/bin/../lib/gcc/avr/4.3.2/../../../../avr/lib/avr6/libprintf_flt.a(vfprintf_flt.o)
                                0x1bb (size before relaxing)
 .debug_str     0x0000017a       0x22 /Applications/Arduino.app/Contents/Resources/Java/hardware/tools/avr/bin/../lib/gcc/avr/4.3.2/../../../../avr/lib/avr6/libc.a(fputc.o)
                                0x125 (size before relaxing)
 .debug_str     0x0000019c       0x26 /Applications/Arduino.app/Contents/Resources/Java/hardware/tools/avr/bin/../lib/gcc/avr/4.3.2/../../../../avr/lib/avr6/libc.a(sprintf.o)
                                0x14b (size before relaxing)
 .debug_str     0x000001c2       0x2a /Applications/Arduino.app/Contents/Resources/Java/hardware/tools/avr/bin/../lib/gcc/avr/4.3.2/../../../../avr/lib/avr6/libc.a(vsnprintf.o)
                                0x156 (size before relaxing)
 .debug_str     0x000001ec       0x2e /Applications/Arduino.app/Contents/Resources/Java/hardware/tools/avr/bin/../lib/gcc/avr/4.3.2/../../../../avr/lib/avr6/libc.a(vsnprintf_p.o)
                                0x15a (size before relaxing)

.debug_loc      0x00000000      0xb0f
 *(.debug_loc)
 .debug_loc     0x00000000      0x9ab /Applications/Arduino.app/Contents/Resources/Java/hardware/tools/avr/bin/../lib/gcc/avr/4.3.2/../../../../avr/lib/avr6/libprintf_flt.a(vfprintf_flt.o)
 .debug_loc     0x000009ab       0x60 /Applications/Arduino.app/Contents/Resources/Java/hardware/tools/avr/bin/../lib/gcc/avr/4.3.2/../../../../avr/lib/avr6/libc.a(fputc.o)
 .debug_loc     0x00000a0b       0x24 /Applications/Arduino.app/Contents/Resources/Java/hardware/tools/avr/bin/../lib/gcc/avr/4.3.2/../../../../avr/lib/avr6/libc.a(sprintf.o)
 .debug_loc     0x00000a2f       0x70 /Applications/Arduino.app/Contents/Resources/Java/hardware/tools/avr/bin/../lib/gcc/avr/4.3.2/../../../../avr/lib/avr6/libc.a(vsnprintf.o)
 .debug_loc     0x00000a9f       0x70 /Applications/Arduino.app/Contents/Resources/Java/hardware/tools/avr/bin/../lib/gcc/avr/4.3.2/../../../../avr/lib/avr6/libc.a(vsnprintf_p.o)

.debug_macinfo
 *(.debug_macinfo)
OUTPUT(ProjectTemplate.elf elf32-avr)
LOAD linker stubs

.debug_ranges   0x00000000       0x18
 .debug_ranges  0x00000000       0x18 /Applications/Arduino.app/Contents/Resources/Java/hardware/tools/avr/bin/../lib/gcc/avr/4.3.2/../../../../avr/lib/avr6/libprintf_flt.a(vfprintf_flt.o)
