Archive member included because of file (symbol)

/Users/jayhe/Documents/CEG4166/FreeRTOS801/Release/libFreeRTOS801.a(i2cMultiMaster.o)
                              ./ReadTmp.o (I2C_Master_Start_Transceiver_With_Data)
/Users/jayhe/Documents/CEG4166/FreeRTOS801/Release/libFreeRTOS801.a(queue.o)
                              /Users/jayhe/Documents/CEG4166/FreeRTOS801/Release/libFreeRTOS801.a(i2cMultiMaster.o) (xQueueGenericSend)
/Users/jayhe/Documents/CEG4166/FreeRTOS801/Release/libFreeRTOS801.a(tasks.o)
                              /Users/jayhe/Documents/CEG4166/FreeRTOS801/Release/libFreeRTOS801.a(queue.o) (vTaskSuspendAll)
/Users/jayhe/Documents/CEG4166/FreeRTOS801/Release/libFreeRTOS801.a(port.o)
                              /Users/jayhe/Documents/CEG4166/FreeRTOS801/Release/libFreeRTOS801.a(tasks.o) (pxPortInitialiseStack)
/Users/jayhe/Documents/CEG4166/FreeRTOS801/Release/libFreeRTOS801.a(system_tick.o)
                              /Users/jayhe/Documents/CEG4166/FreeRTOS801/Release/libFreeRTOS801.a(port.o) (system_tick)
/Users/jayhe/Documents/CEG4166/FreeRTOS801/Release/libFreeRTOS801.a(system_time.o)
                              /Users/jayhe/Documents/CEG4166/FreeRTOS801/Release/libFreeRTOS801.a(system_tick.o) (__system_time)
/Users/jayhe/Documents/CEG4166/FreeRTOS801/Release/libFreeRTOS801.a(heap_4.o)
                              /Users/jayhe/Documents/CEG4166/FreeRTOS801/Release/libFreeRTOS801.a(queue.o) (vPortFree)
/Users/jayhe/Documents/CEG4166/FreeRTOS801/Release/libFreeRTOS801.a(list.o)
                              /Users/jayhe/Documents/CEG4166/FreeRTOS801/Release/libFreeRTOS801.a(queue.o) (vListInitialise)
/Users/jayhe/Documents/CEG4166/FreeRTOS801/Release/libFreeRTOS801.a(runtTimeStatsTimer.o)
                              /Users/jayhe/Documents/CEG4166/FreeRTOS801/Release/libFreeRTOS801.a(tasks.o) (xconfigTimerForRunTimeStats)
/Applications/Arduino.app/Contents/Resources/Java/hardware/tools/avr/bin/../lib/gcc/avr/4.3.2/../../../../avr/lib/avr6/libm.a(divsf3.o)
                              ./Movement.o (__divsf3)
/Applications/Arduino.app/Contents/Resources/Java/hardware/tools/avr/bin/../lib/gcc/avr/4.3.2/../../../../avr/lib/avr6/libm.a(divsf3x.o)
                              /Applications/Arduino.app/Contents/Resources/Java/hardware/tools/avr/bin/../lib/gcc/avr/4.3.2/../../../../avr/lib/avr6/libm.a(divsf3.o) (__divsf3x)
/Applications/Arduino.app/Contents/Resources/Java/hardware/tools/avr/bin/../lib/gcc/avr/4.3.2/../../../../avr/lib/avr6/libm.a(fixunssfsi.o)
                              ./Movement.o (__fixunssfsi)
/Applications/Arduino.app/Contents/Resources/Java/hardware/tools/avr/bin/../lib/gcc/avr/4.3.2/../../../../avr/lib/avr6/libm.a(floatsisf.o)
                              ./Movement.o (__floatsisf)
/Applications/Arduino.app/Contents/Resources/Java/hardware/tools/avr/bin/../lib/gcc/avr/4.3.2/../../../../avr/lib/avr6/libm.a(fp_inf.o)
                              /Applications/Arduino.app/Contents/Resources/Java/hardware/tools/avr/bin/../lib/gcc/avr/4.3.2/../../../../avr/lib/avr6/libm.a(divsf3x.o) (__fp_inf)
/Applications/Arduino.app/Contents/Resources/Java/hardware/tools/avr/bin/../lib/gcc/avr/4.3.2/../../../../avr/lib/avr6/libm.a(fp_nan.o)
                              /Applications/Arduino.app/Contents/Resources/Java/hardware/tools/avr/bin/../lib/gcc/avr/4.3.2/../../../../avr/lib/avr6/libm.a(divsf3x.o) (__fp_nan)
/Applications/Arduino.app/Contents/Resources/Java/hardware/tools/avr/bin/../lib/gcc/avr/4.3.2/../../../../avr/lib/avr6/libm.a(fp_pscA.o)
                              /Applications/Arduino.app/Contents/Resources/Java/hardware/tools/avr/bin/../lib/gcc/avr/4.3.2/../../../../avr/lib/avr6/libm.a(divsf3x.o) (__fp_pscA)
/Applications/Arduino.app/Contents/Resources/Java/hardware/tools/avr/bin/../lib/gcc/avr/4.3.2/../../../../avr/lib/avr6/libm.a(fp_pscB.o)
                              /Applications/Arduino.app/Contents/Resources/Java/hardware/tools/avr/bin/../lib/gcc/avr/4.3.2/../../../../avr/lib/avr6/libm.a(divsf3x.o) (__fp_pscB)
/Applications/Arduino.app/Contents/Resources/Java/hardware/tools/avr/bin/../lib/gcc/avr/4.3.2/../../../../avr/lib/avr6/libm.a(fp_round.o)
                              /Applications/Arduino.app/Contents/Resources/Java/hardware/tools/avr/bin/../lib/gcc/avr/4.3.2/../../../../avr/lib/avr6/libm.a(divsf3.o) (__fp_round)
/Applications/Arduino.app/Contents/Resources/Java/hardware/tools/avr/bin/../lib/gcc/avr/4.3.2/../../../../avr/lib/avr6/libm.a(fp_split3.o)
                              /Applications/Arduino.app/Contents/Resources/Java/hardware/tools/avr/bin/../lib/gcc/avr/4.3.2/../../../../avr/lib/avr6/libm.a(divsf3x.o) (__fp_split3)
/Applications/Arduino.app/Contents/Resources/Java/hardware/tools/avr/bin/../lib/gcc/avr/4.3.2/../../../../avr/lib/avr6/libm.a(fp_zero.o)
                              /Applications/Arduino.app/Contents/Resources/Java/hardware/tools/avr/bin/../lib/gcc/avr/4.3.2/../../../../avr/lib/avr6/libm.a(fixunssfsi.o) (__fp_zero)
/Applications/Arduino.app/Contents/Resources/Java/hardware/tools/avr/bin/../lib/gcc/avr/4.3.2/../../../../avr/lib/avr6/libm.a(mulsf3.o)
                              ./Movement.o (__mulsf3)
/Applications/Arduino.app/Contents/Resources/Java/hardware/tools/avr/bin/../lib/gcc/avr/4.3.2/../../../../avr/lib/avr6/libm.a(mulsf3x.o)
                              /Applications/Arduino.app/Contents/Resources/Java/hardware/tools/avr/bin/../lib/gcc/avr/4.3.2/../../../../avr/lib/avr6/libm.a(mulsf3.o) (__mulsf3x)
/Applications/Arduino.app/Contents/Resources/Java/hardware/tools/avr/bin/../lib/gcc/avr/4.3.2/../../../../avr/lib/avr6/libprintf_flt.a(vfprintf_flt.o)
                              (vfprintf)
/Users/jayhe/Documents/CEG4166/CEG4166_RTS_Lib/Release/libCEG4166_RTS_Lib.a(usartSerial.o)
                              ./LCD.o (usart_printf_P)
/Applications/Arduino.app/Contents/Resources/Java/hardware/tools/avr/bin/../lib/gcc/avr/4.3.2/avr6/libgcc.a(_mulsi3.o)
                              ./motion.o (__mulsi3)
/Applications/Arduino.app/Contents/Resources/Java/hardware/tools/avr/bin/../lib/gcc/avr/4.3.2/avr6/libgcc.a(_divmodhi4.o)
                              ./ReadTmp.o (__divmodhi4)
/Applications/Arduino.app/Contents/Resources/Java/hardware/tools/avr/bin/../lib/gcc/avr/4.3.2/avr6/libgcc.a(_udivmodsi4.o)
                              /Users/jayhe/Documents/CEG4166/FreeRTOS801/Release/libFreeRTOS801.a(tasks.o) (__udivmodsi4)
/Applications/Arduino.app/Contents/Resources/Java/hardware/tools/avr/bin/../lib/gcc/avr/4.3.2/avr6/libgcc.a(_prologue.o)
                              ./ReadTmp.o (__prologue_saves__)
/Applications/Arduino.app/Contents/Resources/Java/hardware/tools/avr/bin/../lib/gcc/avr/4.3.2/avr6/libgcc.a(_epilogue.o)
                              ./ReadTmp.o (__epilogue_restores__)
/Applications/Arduino.app/Contents/Resources/Java/hardware/tools/avr/bin/../lib/gcc/avr/4.3.2/avr6/libgcc.a(_exit.o)
                              /Applications/Arduino.app/Contents/Resources/Java/hardware/tools/avr/bin/../lib/gcc/avr/4.3.2/../../../../avr/lib/avr6/crtm2560.o (exit)
/Applications/Arduino.app/Contents/Resources/Java/hardware/tools/avr/bin/../lib/gcc/avr/4.3.2/avr6/libgcc.a(_tablejump.o)
                              /Users/jayhe/Documents/CEG4166/FreeRTOS801/Release/libFreeRTOS801.a(i2cMultiMaster.o) (__tablejump2__)
/Applications/Arduino.app/Contents/Resources/Java/hardware/tools/avr/bin/../lib/gcc/avr/4.3.2/avr6/libgcc.a(_clear_bss.o)
                              ./LCD.o (__do_clear_bss)
/Applications/Arduino.app/Contents/Resources/Java/hardware/tools/avr/bin/../lib/gcc/avr/4.3.2/avr6/libgcc.a(_udivmodhi4.o)
                              /Applications/Arduino.app/Contents/Resources/Java/hardware/tools/avr/bin/../lib/gcc/avr/4.3.2/avr6/libgcc.a(_divmodhi4.o) (__udivmodhi4)
/Applications/Arduino.app/Contents/Resources/Java/hardware/tools/avr/bin/../lib/gcc/avr/4.3.2/../../../../avr/lib/avr6/libc.a(ftoa_engine.o)
                              /Applications/Arduino.app/Contents/Resources/Java/hardware/tools/avr/bin/../lib/gcc/avr/4.3.2/../../../../avr/lib/avr6/libprintf_flt.a(vfprintf_flt.o) (__ftoa_engine)
/Applications/Arduino.app/Contents/Resources/Java/hardware/tools/avr/bin/../lib/gcc/avr/4.3.2/../../../../avr/lib/avr6/libc.a(strlen_P.o)
                              /Users/jayhe/Documents/CEG4166/CEG4166_RTS_Lib/Release/libCEG4166_RTS_Lib.a(usartSerial.o) (strlen_P)
/Applications/Arduino.app/Contents/Resources/Java/hardware/tools/avr/bin/../lib/gcc/avr/4.3.2/../../../../avr/lib/avr6/libc.a(strnlen_P.o)
                              /Applications/Arduino.app/Contents/Resources/Java/hardware/tools/avr/bin/../lib/gcc/avr/4.3.2/../../../../avr/lib/avr6/libprintf_flt.a(vfprintf_flt.o) (strnlen_P)
/Applications/Arduino.app/Contents/Resources/Java/hardware/tools/avr/bin/../lib/gcc/avr/4.3.2/../../../../avr/lib/avr6/libc.a(memcpy.o)
                              /Users/jayhe/Documents/CEG4166/FreeRTOS801/Release/libFreeRTOS801.a(queue.o) (memcpy)
/Applications/Arduino.app/Contents/Resources/Java/hardware/tools/avr/bin/../lib/gcc/avr/4.3.2/../../../../avr/lib/avr6/libc.a(memset.o)
                              /Users/jayhe/Documents/CEG4166/FreeRTOS801/Release/libFreeRTOS801.a(tasks.o) (memset)
/Applications/Arduino.app/Contents/Resources/Java/hardware/tools/avr/bin/../lib/gcc/avr/4.3.2/../../../../avr/lib/avr6/libc.a(strnlen.o)
                              /Applications/Arduino.app/Contents/Resources/Java/hardware/tools/avr/bin/../lib/gcc/avr/4.3.2/../../../../avr/lib/avr6/libprintf_flt.a(vfprintf_flt.o) (strnlen)
/Applications/Arduino.app/Contents/Resources/Java/hardware/tools/avr/bin/../lib/gcc/avr/4.3.2/../../../../avr/lib/avr6/libc.a(fputc.o)
                              /Applications/Arduino.app/Contents/Resources/Java/hardware/tools/avr/bin/../lib/gcc/avr/4.3.2/../../../../avr/lib/avr6/libprintf_flt.a(vfprintf_flt.o) (fputc)
/Applications/Arduino.app/Contents/Resources/Java/hardware/tools/avr/bin/../lib/gcc/avr/4.3.2/../../../../avr/lib/avr6/libc.a(sprintf.o)
                              /Users/jayhe/Documents/CEG4166/FreeRTOS801/Release/libFreeRTOS801.a(tasks.o) (sprintf)
/Applications/Arduino.app/Contents/Resources/Java/hardware/tools/avr/bin/../lib/gcc/avr/4.3.2/../../../../avr/lib/avr6/libc.a(vsnprintf.o)
                              /Users/jayhe/Documents/CEG4166/CEG4166_RTS_Lib/Release/libCEG4166_RTS_Lib.a(usartSerial.o) (vsnprintf)
/Applications/Arduino.app/Contents/Resources/Java/hardware/tools/avr/bin/../lib/gcc/avr/4.3.2/../../../../avr/lib/avr6/libc.a(vsnprintf_p.o)
                              /Users/jayhe/Documents/CEG4166/CEG4166_RTS_Lib/Release/libCEG4166_RTS_Lib.a(usartSerial.o) (vsnprintf_P)
/Applications/Arduino.app/Contents/Resources/Java/hardware/tools/avr/bin/../lib/gcc/avr/4.3.2/../../../../avr/lib/avr6/libc.a(ultoa_invert.o)
                              /Applications/Arduino.app/Contents/Resources/Java/hardware/tools/avr/bin/../lib/gcc/avr/4.3.2/../../../../avr/lib/avr6/libprintf_flt.a(vfprintf_flt.o) (__ultoa_invert)

Allocating common symbols
Common symbol       size              file

distance            0x4               ./main.o
usartComBuf         0x74              /Users/jayhe/Documents/CEG4166/CEG4166_RTS_Lib/Release/libCEG4166_RTS_Lib.a(usartSerial.o)
avgTemperature      0x1               ./main.o
ticCount            0x2               ./main.o
counter             0x2               ./main.o
lcdString           0x20              ./main.o
result              0x12              ./main.o
speed               0x1               ./main.o
usartfd             0x2               ./main.o
__system_time       0x4               /Users/jayhe/Documents/CEG4166/FreeRTOS801/Release/libFreeRTOS801.a(system_time.o)

Memory Configuration

Name             Origin             Length             Attributes
text             0x00000000         0x00100000         xr
data             0x00800200         0x0000fe00         rw !x
eeprom           0x00810000         0x00010000         rw !x
fuse             0x00820000         0x00000400         rw !x
lock             0x00830000         0x00000400         rw !x
signature        0x00840000         0x00000400         rw !x
*default*        0x00000000         0xffffffff

Linker script and memory map

Address of section .data set to 0x800200
LOAD /Applications/Arduino.app/Contents/Resources/Java/hardware/tools/avr/bin/../lib/gcc/avr/4.3.2/../../../../avr/lib/avr6/crtm2560.o
LOAD ./LCD.o
LOAD ./LED.o
LOAD ./Movement.o
LOAD ./ReadTmp.o
LOAD ./Scan.o
LOAD ./main.o
LOAD ./motion.o
LOAD /Users/jayhe/Documents/CEG4166/FreeRTOS801/Release/libFreeRTOS801.a
LOAD /Applications/Arduino.app/Contents/Resources/Java/hardware/tools/avr/bin/../lib/gcc/avr/4.3.2/../../../../avr/lib/avr6/libm.a
LOAD /Applications/Arduino.app/Contents/Resources/Java/hardware/tools/avr/bin/../lib/gcc/avr/4.3.2/../../../../avr/lib/avr6/libprintf_flt.a
LOAD /Users/jayhe/Documents/CEG4166/FreeRTOS801/Release/libFreeRTOS801.a
LOAD /Users/jayhe/Documents/CEG4166/CEG4166_RTS_Lib/Release/libCEG4166_RTS_Lib.a
LOAD /Applications/Arduino.app/Contents/Resources/Java/hardware/tools/avr/bin/../lib/gcc/avr/4.3.2/avr6/libgcc.a
LOAD /Applications/Arduino.app/Contents/Resources/Java/hardware/tools/avr/bin/../lib/gcc/avr/4.3.2/../../../../avr/lib/avr6/libc.a
LOAD /Applications/Arduino.app/Contents/Resources/Java/hardware/tools/avr/bin/../lib/gcc/avr/4.3.2/avr6/libgcc.a

.hash
 *(.hash)

.dynsym
 *(.dynsym)

.dynstr
 *(.dynstr)

.gnu.version
 *(.gnu.version)

.gnu.version_d
 *(.gnu.version_d)

.gnu.version_r
 *(.gnu.version_r)

.rel.init
 *(.rel.init)

.rela.init
 *(.rela.init)

.rel.text
 *(.rel.text)
 *(.rel.text.*)
 *(.rel.gnu.linkonce.t*)

.rela.text
 *(.rela.text)
 *(.rela.text.*)
 *(.rela.gnu.linkonce.t*)

.rel.fini
 *(.rel.fini)

.rela.fini
 *(.rela.fini)

.rel.rodata
 *(.rel.rodata)
 *(.rel.rodata.*)
 *(.rel.gnu.linkonce.r*)

.rela.rodata
 *(.rela.rodata)
 *(.rela.rodata.*)
 *(.rela.gnu.linkonce.r*)

.rel.data
 *(.rel.data)
 *(.rel.data.*)
 *(.rel.gnu.linkonce.d*)

.rela.data
 *(.rela.data)
 *(.rela.data.*)
 *(.rela.gnu.linkonce.d*)

.rel.ctors
 *(.rel.ctors)

.rela.ctors
 *(.rela.ctors)

.rel.dtors
 *(.rel.dtors)

.rela.dtors
 *(.rela.dtors)

.rel.got
 *(.rel.got)

.rela.got
 *(.rela.got)

.rel.bss
 *(.rel.bss)

.rela.bss
 *(.rela.bss)

.rel.plt
 *(.rel.plt)

.rela.plt
 *(.rela.plt)

.text           0x00000000     0x7840
 *(.vectors)
 .vectors       0x00000000       0xe4 /Applications/Arduino.app/Contents/Resources/Java/hardware/tools/avr/bin/../lib/gcc/avr/4.3.2/../../../../avr/lib/avr6/crtm2560.o
                0x00000000                __vectors
                0x00000000                __vector_default
 *(.vectors)
 *(.progmem.gcc*)
 .progmem.gcc_sw_table
                0x000000e4      0x182 /Users/jayhe/Documents/CEG4166/FreeRTOS801/Release/libFreeRTOS801.a(i2cMultiMaster.o)
 *(.progmem*)
 .progmem.data  0x00000266        0xd ./LCD.o
 .progmem.data  0x00000273        0x8 /Applications/Arduino.app/Contents/Resources/Java/hardware/tools/avr/bin/../lib/gcc/avr/4.3.2/../../../../avr/lib/avr6/libprintf_flt.a(vfprintf_flt.o)
 .progmem.data  0x0000027b       0xfa /Applications/Arduino.app/Contents/Resources/Java/hardware/tools/avr/bin/../lib/gcc/avr/4.3.2/../../../../avr/lib/avr6/libc.a(ftoa_engine.o)
                0x00000376                . = ALIGN (0x2)
 *fill*         0x00000375        0x1 00
                0x00000376                __trampolines_start = .
 *(.trampolines)
 .trampolines   0x00000376        0x0 linker stubs
 *(.trampolines*)
                0x00000376                __trampolines_end = .
 *(.jumptables)
 *(.jumptables*)
 *(.lowtext)
 .lowtext       0x00000376      0x2e8 /Users/jayhe/Documents/CEG4166/FreeRTOS801/Release/libFreeRTOS801.a(tasks.o)
 *(.lowtext*)
                0x0000065e                __ctors_start = .
 *(.ctors)
                0x0000065e                __ctors_end = .
                0x0000065e                __dtors_start = .
 *(.dtors)
                0x0000065e                __dtors_end = .
 SORT(*)(.ctors)
 SORT(*)(.dtors)
 *(.init0)
 .init0         0x0000065e        0x0 /Applications/Arduino.app/Contents/Resources/Java/hardware/tools/avr/bin/../lib/gcc/avr/4.3.2/../../../../avr/lib/avr6/crtm2560.o
                0x0000065e                __init
 *(.init0)
 *(.init1)
 *(.init1)
 *(.init2)
 .init2         0x0000065e       0x10 /Applications/Arduino.app/Contents/Resources/Java/hardware/tools/avr/bin/../lib/gcc/avr/4.3.2/../../../../avr/lib/avr6/crtm2560.o
 *(.init2)
 *(.init3)
 *(.init3)
 *(.init4)
 .init4         0x0000066e       0x1c /Applications/Arduino.app/Contents/Resources/Java/hardware/tools/avr/bin/../lib/gcc/avr/4.3.2/../../../../avr/lib/avr6/crtm2560.o
                0x0000066e                __do_copy_data
 .init4         0x0000068a       0x10 /Applications/Arduino.app/Contents/Resources/Java/hardware/tools/avr/bin/../lib/gcc/avr/4.3.2/avr6/libgcc.a(_clear_bss.o)
                0x0000068a                __do_clear_bss
 *(.init4)
 *(.init5)
 *(.init5)
 *(.init6)
 *(.init6)
 *(.init7)
 *(.init7)
 *(.init8)
 *(.init8)
 *(.init9)
 .init9         0x0000069a        0x8 /Applications/Arduino.app/Contents/Resources/Java/hardware/tools/avr/bin/../lib/gcc/avr/4.3.2/../../../../avr/lib/avr6/crtm2560.o
 *(.init9)
 *(.text)
 .text          0x000006a2        0x4 /Applications/Arduino.app/Contents/Resources/Java/hardware/tools/avr/bin/../lib/gcc/avr/4.3.2/../../../../avr/lib/avr6/crtm2560.o
                0x000006a2                __vector_38
                0x000006a2                __vector_22
                0x000006a2                __vector_28
                0x000006a2                __vector_1
                0x000006a2                __vector_34
                0x000006a2                __vector_24
                0x000006a2                __vector_12
                0x000006a2                __bad_interrupt
                0x000006a2                __vector_6
                0x000006a2                __vector_31
                0x000006a2                __vector_35
                0x000006a2                __vector_3
                0x000006a2                __vector_23
                0x000006a2                __vector_30
                0x000006a2                __vector_11
                0x000006a2                __vector_13
                0x000006a2                __vector_17
                0x000006a2                __vector_19
                0x000006a2                __vector_56
                0x000006a2                __vector_7
                0x000006a2                __vector_49
                0x000006a2                __vector_43
                0x000006a2                __vector_27
                0x000006a2                __vector_5
                0x000006a2                __vector_33
                0x000006a2                __vector_47
                0x000006a2                __vector_4
                0x000006a2                __vector_44
                0x000006a2                __vector_9
                0x000006a2                __vector_2
                0x000006a2                __vector_21
                0x000006a2                __vector_15
                0x000006a2                __vector_29
                0x000006a2                __vector_40
                0x000006a2                __vector_8
                0x000006a2                __vector_48
                0x000006a2                __vector_14
                0x000006a2                __vector_53
                0x000006a2                __vector_10
                0x000006a2                __vector_16
                0x000006a2                __vector_18
                0x000006a2                __vector_20
                0x000006a2                __vector_42
 .text          0x000006a6        0x0 ./LCD.o
 .text          0x000006a6        0x0 ./LED.o
 .text          0x000006a6        0x0 ./Movement.o
 .text          0x000006a6        0x0 ./ReadTmp.o
 .text          0x000006a6        0x0 ./Scan.o
 .text          0x000006a6        0x0 ./main.o
 .text          0x000006a6        0x0 ./motion.o
 .text          0x000006a6        0x0 /Users/jayhe/Documents/CEG4166/FreeRTOS801/Release/libFreeRTOS801.a(i2cMultiMaster.o)
 .text          0x000006a6        0x0 /Users/jayhe/Documents/CEG4166/FreeRTOS801/Release/libFreeRTOS801.a(queue.o)
 .text          0x000006a6        0x0 /Users/jayhe/Documents/CEG4166/FreeRTOS801/Release/libFreeRTOS801.a(tasks.o)
 .text          0x000006a6        0x0 /Users/jayhe/Documents/CEG4166/FreeRTOS801/Release/libFreeRTOS801.a(port.o)
 .text          0x000006a6       0x38 /Users/jayhe/Documents/CEG4166/FreeRTOS801/Release/libFreeRTOS801.a(system_tick.o)
                0x000006a6                system_tick
 .text          0x000006de        0x0 /Users/jayhe/Documents/CEG4166/FreeRTOS801/Release/libFreeRTOS801.a(system_time.o)
 .text          0x000006de        0x0 /Users/jayhe/Documents/CEG4166/FreeRTOS801/Release/libFreeRTOS801.a(heap_4.o)
 .text          0x000006de        0x0 /Users/jayhe/Documents/CEG4166/FreeRTOS801/Release/libFreeRTOS801.a(list.o)
 .text          0x000006de        0x0 /Users/jayhe/Documents/CEG4166/FreeRTOS801/Release/libFreeRTOS801.a(runtTimeStatsTimer.o)
 .text          0x000006de        0x0 /Applications/Arduino.app/Contents/Resources/Java/hardware/tools/avr/bin/../lib/gcc/avr/4.3.2/../../../../avr/lib/avr6/libm.a(divsf3.o)
 .text          0x000006de        0x0 /Applications/Arduino.app/Contents/Resources/Java/hardware/tools/avr/bin/../lib/gcc/avr/4.3.2/../../../../avr/lib/avr6/libm.a(divsf3x.o)
 .text          0x000006de        0x0 /Applications/Arduino.app/Contents/Resources/Java/hardware/tools/avr/bin/../lib/gcc/avr/4.3.2/../../../../avr/lib/avr6/libm.a(fixunssfsi.o)
 .text          0x000006de        0x0 /Applications/Arduino.app/Contents/Resources/Java/hardware/tools/avr/bin/../lib/gcc/avr/4.3.2/../../../../avr/lib/avr6/libm.a(floatsisf.o)
 .text          0x000006de        0x0 /Applications/Arduino.app/Contents/Resources/Java/hardware/tools/avr/bin/../lib/gcc/avr/4.3.2/../../../../avr/lib/avr6/libm.a(fp_inf.o)
 .text          0x000006de        0x0 /Applications/Arduino.app/Contents/Resources/Java/hardware/tools/avr/bin/../lib/gcc/avr/4.3.2/../../../../avr/lib/avr6/libm.a(fp_nan.o)
 .text          0x000006de        0x0 /Applications/Arduino.app/Contents/Resources/Java/hardware/tools/avr/bin/../lib/gcc/avr/4.3.2/../../../../avr/lib/avr6/libm.a(fp_pscA.o)
 .text          0x000006de        0x0 /Applications/Arduino.app/Contents/Resources/Java/hardware/tools/avr/bin/../lib/gcc/avr/4.3.2/../../../../avr/lib/avr6/libm.a(fp_pscB.o)
 .text          0x000006de        0x0 /Applications/Arduino.app/Contents/Resources/Java/hardware/tools/avr/bin/../lib/gcc/avr/4.3.2/../../../../avr/lib/avr6/libm.a(fp_round.o)
 .text          0x000006de        0x0 /Applications/Arduino.app/Contents/Resources/Java/hardware/tools/avr/bin/../lib/gcc/avr/4.3.2/../../../../avr/lib/avr6/libm.a(fp_split3.o)
 .text          0x000006de        0x0 /Applications/Arduino.app/Contents/Resources/Java/hardware/tools/avr/bin/../lib/gcc/avr/4.3.2/../../../../avr/lib/avr6/libm.a(fp_zero.o)
 .text          0x000006de        0x0 /Applications/Arduino.app/Contents/Resources/Java/hardware/tools/avr/bin/../lib/gcc/avr/4.3.2/../../../../avr/lib/avr6/libm.a(mulsf3.o)
 .text          0x000006de        0x0 /Applications/Arduino.app/Contents/Resources/Java/hardware/tools/avr/bin/../lib/gcc/avr/4.3.2/../../../../avr/lib/avr6/libm.a(mulsf3x.o)
 .text          0x000006de      0x712 /Applications/Arduino.app/Contents/Resources/Java/hardware/tools/avr/bin/../lib/gcc/avr/4.3.2/../../../../avr/lib/avr6/libprintf_flt.a(vfprintf_flt.o)
                0x000006de                vfprintf
 .text          0x00000df0        0x0 /Users/jayhe/Documents/CEG4166/CEG4166_RTS_Lib/Release/libCEG4166_RTS_Lib.a(usartSerial.o)
 .text          0x00000df0        0x0 /Applications/Arduino.app/Contents/Resources/Java/hardware/tools/avr/bin/../lib/gcc/avr/4.3.2/avr6/libgcc.a(_mulsi3.o)
 .text          0x00000df0        0x0 /Applications/Arduino.app/Contents/Resources/Java/hardware/tools/avr/bin/../lib/gcc/avr/4.3.2/avr6/libgcc.a(_divmodhi4.o)
 .text          0x00000df0        0x0 /Applications/Arduino.app/Contents/Resources/Java/hardware/tools/avr/bin/../lib/gcc/avr/4.3.2/avr6/libgcc.a(_udivmodsi4.o)
 .text          0x00000df0        0x0 /Applications/Arduino.app/Contents/Resources/Java/hardware/tools/avr/bin/../lib/gcc/avr/4.3.2/avr6/libgcc.a(_prologue.o)
 .text          0x00000df0        0x0 /Applications/Arduino.app/Contents/Resources/Java/hardware/tools/avr/bin/../lib/gcc/avr/4.3.2/avr6/libgcc.a(_epilogue.o)
 .text          0x00000df0        0x0 /Applications/Arduino.app/Contents/Resources/Java/hardware/tools/avr/bin/../lib/gcc/avr/4.3.2/avr6/libgcc.a(_exit.o)
 .text          0x00000df0        0x0 /Applications/Arduino.app/Contents/Resources/Java/hardware/tools/avr/bin/../lib/gcc/avr/4.3.2/avr6/libgcc.a(_tablejump.o)
 .text          0x00000df0        0x0 /Applications/Arduino.app/Contents/Resources/Java/hardware/tools/avr/bin/../lib/gcc/avr/4.3.2/avr6/libgcc.a(_clear_bss.o)
 .text          0x00000df0        0x0 /Applications/Arduino.app/Contents/Resources/Java/hardware/tools/avr/bin/../lib/gcc/avr/4.3.2/avr6/libgcc.a(_udivmodhi4.o)
 .text          0x00000df0      0x1b0 /Applications/Arduino.app/Contents/Resources/Java/hardware/tools/avr/bin/../lib/gcc/avr/4.3.2/../../../../avr/lib/avr6/libc.a(ftoa_engine.o)
                0x00000df0                __ftoa_engine
 .text          0x00000fa0       0x12 /Applications/Arduino.app/Contents/Resources/Java/hardware/tools/avr/bin/../lib/gcc/avr/4.3.2/../../../../avr/lib/avr6/libc.a(strlen_P.o)
                0x00000fa0                strlen_P
 .text          0x00000fb2       0x16 /Applications/Arduino.app/Contents/Resources/Java/hardware/tools/avr/bin/../lib/gcc/avr/4.3.2/../../../../avr/lib/avr6/libc.a(strnlen_P.o)
                0x00000fb2                strnlen_P
 .text          0x00000fc8       0x12 /Applications/Arduino.app/Contents/Resources/Java/hardware/tools/avr/bin/../lib/gcc/avr/4.3.2/../../../../avr/lib/avr6/libc.a(memcpy.o)
                0x00000fc8                memcpy
 .text          0x00000fda        0xe /Applications/Arduino.app/Contents/Resources/Java/hardware/tools/avr/bin/../lib/gcc/avr/4.3.2/../../../../avr/lib/avr6/libc.a(memset.o)
                0x00000fda                memset
 .text          0x00000fe8       0x16 /Applications/Arduino.app/Contents/Resources/Java/hardware/tools/avr/bin/../lib/gcc/avr/4.3.2/../../../../avr/lib/avr6/libc.a(strnlen.o)
                0x00000fe8                strnlen
 .text          0x00000ffe       0x58 /Applications/Arduino.app/Contents/Resources/Java/hardware/tools/avr/bin/../lib/gcc/avr/4.3.2/../../../../avr/lib/avr6/libc.a(fputc.o)
                0x00000ffe                fputc
 .text          0x00001056       0x48 /Applications/Arduino.app/Contents/Resources/Java/hardware/tools/avr/bin/../lib/gcc/avr/4.3.2/../../../../avr/lib/avr6/libc.a(sprintf.o)
                0x00001056                sprintf
 .text          0x0000109e       0x54 /Applications/Arduino.app/Contents/Resources/Java/hardware/tools/avr/bin/../lib/gcc/avr/4.3.2/../../../../avr/lib/avr6/libc.a(vsnprintf.o)
                0x0000109e                vsnprintf
 .text          0x000010f2       0x54 /Applications/Arduino.app/Contents/Resources/Java/hardware/tools/avr/bin/../lib/gcc/avr/4.3.2/../../../../avr/lib/avr6/libc.a(vsnprintf_p.o)
                0x000010f2                vsnprintf_P
 .text          0x00001146       0xbc /Applications/Arduino.app/Contents/Resources/Java/hardware/tools/avr/bin/../lib/gcc/avr/4.3.2/../../../../avr/lib/avr6/libc.a(ultoa_invert.o)
                0x00001146                __ultoa_invert
                0x00001202                . = ALIGN (0x2)
 *(.text.*)
 .text.lcdPrint
                0x00001202       0x50 ./LCD.o
                0x00001202                lcdPrint
 .text.changeLED
                0x00001252       0x80 ./LED.o
                0x00001252                changeLED
 .text.distanceAndSpeed
                0x000012d2      0x128 ./Movement.o
                0x000012d2                distanceAndSpeed
 .text.robotSteady
                0x000013fa       0x1c ./Movement.o
                0x000013fa                robotSteady
 .text.robotRight
                0x00001416       0x30 ./Movement.o
                0x00001416                robotRight
 .text.robotLeft
                0x00001446       0x30 ./Movement.o
                0x00001446                robotLeft
 .text.robotBackwards
                0x00001476       0x30 ./Movement.o
                0x00001476                robotBackwards
 .text.robotForward
                0x000014a6       0x30 ./Movement.o
                0x000014a6                robotForward
 .text.TaskReadTemperature
                0x000014d6       0xca ./ReadTmp.o
                0x000014d6                TaskReadTemperature
 .text.move     0x000015a0       0x9a ./Scan.o
                0x000015a0                move
 .text.vApplicationStackOverflowHook
                0x0000163a        0x2 ./main.o
                0x0000163a                vApplicationStackOverflowHook
 .text.main     0x0000163c       0x9c ./main.o
                0x0000163c                main
 .text.moveRobot
                0x000016d8       0x66 ./main.o
                0x000016d8                moveRobot
 .text.scheduler
                0x0000173e       0x40 ./main.o
                0x0000173e                scheduler
 .text.motion_servo_start
                0x0000177e       0xc4 ./motion.o
                0x0000177e                motion_servo_start
 .text.motion_servo_stop
                0x00001842       0x9e ./motion.o
                0x00001842                motion_servo_stop
 .text.motion_servo_set_pulse_width
                0x000018e0       0x36 ./motion.o
                0x000018e0                motion_servo_set_pulse_width
 .text.motion_servo_get_pulse_width
                0x00001916       0x2a ./motion.o
                0x00001916                motion_servo_get_pulse_width
 .text.motion_enc_read
                0x00001940       0x5a ./motion.o
                0x00001940                motion_enc_read
 .text.__vector_45
                0x0000199a       0x4a ./motion.o
                0x0000199a                __vector_45
 .text.__vector_50
                0x000019e4       0x4a ./motion.o
                0x000019e4                __vector_50
 .text.__vector_41
                0x00001a2e      0x116 ./motion.o
                0x00001a2e                __vector_41
 .text.__vector_46
                0x00001b44      0x11c ./motion.o
                0x00001b44                __vector_46
 .text.motion_init
                0x00001c60      0x13e ./motion.o
                0x00001c60                motion_init
 .text.I2C_Slave_Start_Transceiver
                0x00001d9e       0x1a /Users/jayhe/Documents/CEG4166/FreeRTOS801/Release/libFreeRTOS801.a(i2cMultiMaster.o)
                0x00001d9e                I2C_Slave_Start_Transceiver
 .text.I2C_Master_Start_Transceiver
                0x00001db8       0x1a /Users/jayhe/Documents/CEG4166/FreeRTOS801/Release/libFreeRTOS801.a(i2cMultiMaster.o)
                0x00001db8                I2C_Master_Start_Transceiver
 .text.I2C_Slave_Start_Transceiver_With_Data
                0x00001dd2       0x40 /Users/jayhe/Documents/CEG4166/FreeRTOS801/Release/libFreeRTOS801.a(i2cMultiMaster.o)
                0x00001dd2                I2C_Slave_Start_Transceiver_With_Data
 .text.I2C_Master_Start_Transceiver_With_Data
                0x00001e12       0x4e /Users/jayhe/Documents/CEG4166/FreeRTOS801/Release/libFreeRTOS801.a(i2cMultiMaster.o)
                0x00001e12                I2C_Master_Start_Transceiver_With_Data
 .text.I2C_Slave_Get_Data_From_Transceiver
                0x00001e60       0x48 /Users/jayhe/Documents/CEG4166/FreeRTOS801/Release/libFreeRTOS801.a(i2cMultiMaster.o)
                0x00001e60                I2C_Slave_Get_Data_From_Transceiver
 .text.I2C_Master_Get_Data_From_Transceiver
                0x00001ea8       0x40 /Users/jayhe/Documents/CEG4166/FreeRTOS801/Release/libFreeRTOS801.a(i2cMultiMaster.o)
                0x00001ea8                I2C_Master_Get_Data_From_Transceiver
 .text.I2C_Check_Free_After_Stop
                0x00001ee8       0x12 /Users/jayhe/Documents/CEG4166/FreeRTOS801/Release/libFreeRTOS801.a(i2cMultiMaster.o)
                0x00001ee8                I2C_Check_Free_After_Stop
 .text.I2C_Get_State_Info
                0x00001efa        0xe /Users/jayhe/Documents/CEG4166/FreeRTOS801/Release/libFreeRTOS801.a(i2cMultiMaster.o)
                0x00001efa                I2C_Get_State_Info
 .text.__vector_39
                0x00001f08      0x1b2 /Users/jayhe/Documents/CEG4166/FreeRTOS801/Release/libFreeRTOS801.a(i2cMultiMaster.o)
                0x00001f08                __vector_39
 .text.I2C_Master_Initialise
                0x000020ba       0x60 /Users/jayhe/Documents/CEG4166/FreeRTOS801/Release/libFreeRTOS801.a(i2cMultiMaster.o)
                0x000020ba                I2C_Master_Initialise
 .text.I2C_Slave_Initialise
                0x0000211a       0x50 /Users/jayhe/Documents/CEG4166/FreeRTOS801/Release/libFreeRTOS801.a(i2cMultiMaster.o)
                0x0000211a                I2C_Slave_Initialise
 .text.hot      0x0000216a      0xc06 /Users/jayhe/Documents/CEG4166/FreeRTOS801/Release/libFreeRTOS801.a(queue.o)
                0x0000265c                xQueueGenericSendFromISR
                0x000021ea                xQueuePeekFromISR
                0x00002194                uxQueueGetQueueNumber
                0x000021cc                vQueueDelete
                0x0000276e                xQueueGenericSend
                0x000021a0                ucQueueGetQueueType
                0x00002244                xQueueReceiveFromISR
                0x00002c94                xQueueGenericCreate
                0x0000219a                vQueueSetQueueNumber
                0x0000217a                uxQueueSpacesAvailable
                0x000021b6                xQueueIsQueueFullFromISR
                0x000022d4                xQueueGenericReceive
                0x0000216a                uxQueueMessagesWaiting
                0x00002c04                xQueueGenericReset
                0x0000218e                uxQueueMessagesWaitingFromISR
                0x000021a6                xQueueIsQueueEmptyFromISR
                0x00002b22                xQueueCreateMutex
 .text.hot      0x00002d70     0x3098 /Users/jayhe/Documents/CEG4166/FreeRTOS801/Release/libFreeRTOS801.a(tasks.o)
                0x0000349a                vTaskPlaceOnUnorderedEventList
                0x00003a1e                vTaskGetRunTimeStats
                0x00005a26                vTaskEndScheduler
                0x00003578                vTaskPlaceOnEventList
                0x00005a32                xTaskGenericCreate
                0x00002fb6                uxTaskGetStackHighWaterMark
                0x000033ec                xTaskResumeFromISR
                0x00002d7c                xTaskGetTickCount
                0x000031a4                xTaskRemoveFromEventList
                0x0000595c                vTaskDelete
                0x00002dba                xTaskCheckForTimeOut
                0x00002d70                vTaskSuspendAll
                0x00002d92                xTaskGetTickCountFromISR
                0x00003030                vTaskPriorityDisinherit
                0x00003094                vTaskPriorityInherit
                0x0000505e                vTaskResume
                0x00003648                vTaskSwitchContext
                0x00002e4e                vTaskSetTaskNumber
                0x000050ea                vTaskSuspend
                0x00002d9e                uxTaskGetNumberOfTasks
                0x0000456c                vTaskList
                0x00002e40                uxTaskGetTaskNumber
                0x0000561c                vTaskDelayUntil
                0x00002ff4                xTaskGetCurrentTaskHandle
                0x00003134                xTaskRemoveFromUnorderedEventList
                0x000037a4                xTaskResumeAll
                0x00005c3c                vTaskStartScheduler
                0x00002e38                vTaskMissedYield
                0x00003236                xTaskIncrementTick
                0x0000530c                vTaskDelay
                0x00002da4                vTaskSetTimeOutState
                0x00003000                uxTaskResetEventItemValue
 .text.uxTaskGetSystemState
                0x00005e08      0x102 /Users/jayhe/Documents/CEG4166/FreeRTOS801/Release/libFreeRTOS801.a(tasks.o)
                0x00005e08                uxTaskGetSystemState
 .text.hot      0x00005f0a      0x12a /Users/jayhe/Documents/CEG4166/FreeRTOS801/Release/libFreeRTOS801.a(port.o)
                0x00005fa0                xPortStartScheduler
                0x00006032                vPortEndScheduler
                0x00005f0a                pxPortInitialiseStack
 .text.vPortYieldFromTick
                0x00006034       0xf8 /Users/jayhe/Documents/CEG4166/FreeRTOS801/Release/libFreeRTOS801.a(port.o)
                0x00006034                vPortYieldFromTick
 .text.__vector_32
                0x0000612c        0x6 /Users/jayhe/Documents/CEG4166/FreeRTOS801/Release/libFreeRTOS801.a(port.o)
                0x0000612c                __vector_32
 .text.vPortYield
                0x00006132       0xc2 /Users/jayhe/Documents/CEG4166/FreeRTOS801/Release/libFreeRTOS801.a(port.o)
                0x00006132                vPortYield
 .text.hot      0x000061f4      0x2f8 /Users/jayhe/Documents/CEG4166/FreeRTOS801/Release/libFreeRTOS801.a(heap_4.o)
                0x000061f4                xPortGetFreeHeapSize
                0x0000620a                vPortFree
                0x000062f0                pvPortMalloc
                0x00006208                vPortInitialiseBlocks
                0x000061fe                xPortGetMinimumEverFreeHeapSize
 .text.vListInitialise
                0x000064ec       0x20 /Users/jayhe/Documents/CEG4166/FreeRTOS801/Release/libFreeRTOS801.a(list.o)
                0x000064ec                vListInitialise
 .text.vListInitialiseItem
                0x0000650c        0x8 /Users/jayhe/Documents/CEG4166/FreeRTOS801/Release/libFreeRTOS801.a(list.o)
                0x0000650c                vListInitialiseItem
 .text.vListInsertEnd
                0x00006514       0x3e /Users/jayhe/Documents/CEG4166/FreeRTOS801/Release/libFreeRTOS801.a(list.o)
                0x00006514                vListInsertEnd
 .text.vListInsert
                0x00006552       0x64 /Users/jayhe/Documents/CEG4166/FreeRTOS801/Release/libFreeRTOS801.a(list.o)
                0x00006552                vListInsert
 .text.uxListRemove
                0x000065b6       0x56 /Users/jayhe/Documents/CEG4166/FreeRTOS801/Release/libFreeRTOS801.a(list.o)
                0x000065b6                uxListRemove
 .text.xconfigTimerForRunTimeStats
                0x0000660c       0x18 /Users/jayhe/Documents/CEG4166/FreeRTOS801/Release/libFreeRTOS801.a(runtTimeStatsTimer.o)
                0x0000660c                xconfigTimerForRunTimeStats
 .text.fplib    0x00006624        0x4 /Applications/Arduino.app/Contents/Resources/Java/hardware/tools/avr/bin/../lib/gcc/avr/4.3.2/../../../../avr/lib/avr6/libm.a(divsf3.o)
                0x00006624                __divsf3
 .text.fplib    0x00006628       0xcc /Applications/Arduino.app/Contents/Resources/Java/hardware/tools/avr/bin/../lib/gcc/avr/4.3.2/../../../../avr/lib/avr6/libm.a(divsf3x.o)
                0x0000663e                __divsf3x
                0x00006642                __divsf3_pse
 .text.fplib    0x000066f4       0x58 /Applications/Arduino.app/Contents/Resources/Java/hardware/tools/avr/bin/../lib/gcc/avr/4.3.2/../../../../avr/lib/avr6/libm.a(fixunssfsi.o)
                0x000066f4                __fixunssfsi
 .text.fplib    0x0000674c       0x7a /Applications/Arduino.app/Contents/Resources/Java/hardware/tools/avr/bin/../lib/gcc/avr/4.3.2/../../../../avr/lib/avr6/libm.a(floatsisf.o)
                0x00006750                __floatsisf
                0x0000674c                __floatunsisf
 .text.fplib    0x000067c6        0xc /Applications/Arduino.app/Contents/Resources/Java/hardware/tools/avr/bin/../lib/gcc/avr/4.3.2/../../../../avr/lib/avr6/libm.a(fp_inf.o)
                0x000067c6                __fp_inf
 .text.fplib    0x000067d2        0x6 /Applications/Arduino.app/Contents/Resources/Java/hardware/tools/avr/bin/../lib/gcc/avr/4.3.2/../../../../avr/lib/avr6/libm.a(fp_nan.o)
                0x000067d2                __fp_nan
 .text.fplib    0x000067d8        0xe /Applications/Arduino.app/Contents/Resources/Java/hardware/tools/avr/bin/../lib/gcc/avr/4.3.2/../../../../avr/lib/avr6/libm.a(fp_pscA.o)
                0x000067d8                __fp_pscA
 .text.fplib    0x000067e6        0xe /Applications/Arduino.app/Contents/Resources/Java/hardware/tools/avr/bin/../lib/gcc/avr/4.3.2/../../../../avr/lib/avr6/libm.a(fp_pscB.o)
                0x000067e6                __fp_pscB
 .text.fplib    0x000067f4       0x22 /Applications/Arduino.app/Contents/Resources/Java/hardware/tools/avr/bin/../lib/gcc/avr/4.3.2/../../../../avr/lib/avr6/libm.a(fp_round.o)
                0x000067f4                __fp_round
 .text.fplib    0x00006816       0x44 /Applications/Arduino.app/Contents/Resources/Java/hardware/tools/avr/bin/../lib/gcc/avr/4.3.2/../../../../avr/lib/avr6/libm.a(fp_split3.o)
                0x00006816                __fp_split3
                0x00006826                __fp_splitA
 .text.fplib    0x0000685a        0xe /Applications/Arduino.app/Contents/Resources/Java/hardware/tools/avr/bin/../lib/gcc/avr/4.3.2/../../../../avr/lib/avr6/libm.a(fp_zero.o)
                0x0000685a                __fp_zero
                0x0000685c                __fp_szero
 .text.fplib    0x00006868        0x4 /Applications/Arduino.app/Contents/Resources/Java/hardware/tools/avr/bin/../lib/gcc/avr/4.3.2/../../../../avr/lib/avr6/libm.a(mulsf3.o)
                0x00006868                __mulsf3
 .text.fplib    0x0000686c       0xc2 /Applications/Arduino.app/Contents/Resources/Java/hardware/tools/avr/bin/../lib/gcc/avr/4.3.2/../../../../avr/lib/avr6/libm.a(mulsf3x.o)
                0x00006884                __mulsf3_pse
                0x00006880                __mulsf3x
 .text.setDefaultUSART
                0x0000692e        0x6 /Users/jayhe/Documents/CEG4166/CEG4166_RTS_Lib/Release/libCEG4166_RTS_Lib.a(usartSerial.o)
                0x0000692e                setDefaultUSART
 .text.usartWrite
                0x00006934       0x52 /Users/jayhe/Documents/CEG4166/CEG4166_RTS_Lib/Release/libCEG4166_RTS_Lib.a(usartSerial.o)
                0x00006934                usartWrite
 .text.usartRead
                0x00006986       0x5c /Users/jayhe/Documents/CEG4166/CEG4166_RTS_Lib/Release/libCEG4166_RTS_Lib.a(usartSerial.o)
                0x00006986                usartRead
 .text.usart_xflushRx
                0x000069e2       0x82 /Users/jayhe/Documents/CEG4166/CEG4166_RTS_Lib/Release/libCEG4166_RTS_Lib.a(usartSerial.o)
                0x000069e2                usart_xflushRx
 .text.usart_AvailableCharRx
                0x00006a64       0x2a /Users/jayhe/Documents/CEG4166/CEG4166_RTS_Lib/Release/libCEG4166_RTS_Lib.a(usartSerial.o)
                0x00006a64                usart_AvailableCharRx
 .text.usart_xgetChar
                0x00006a8e       0x8a /Users/jayhe/Documents/CEG4166/CEG4166_RTS_Lib/Release/libCEG4166_RTS_Lib.a(usartSerial.o)
                0x00006a8e                usart_xgetChar
 .text.usart_xputChar
                0x00006b18      0x116 /Users/jayhe/Documents/CEG4166/CEG4166_RTS_Lib/Release/libCEG4166_RTS_Lib.a(usartSerial.o)
                0x00006b18                usart_xputChar
 .text.usartCheckRxComplete
                0x00006c2e       0x24 /Users/jayhe/Documents/CEG4166/CEG4166_RTS_Lib/Release/libCEG4166_RTS_Lib.a(usartSerial.o)
                0x00006c2e                usartCheckRxComplete
 .text.usart_rx_isr
                0x00006c52       0xd0 /Users/jayhe/Documents/CEG4166/CEG4166_RTS_Lib/Release/libCEG4166_RTS_Lib.a(usartSerial.o)
                0x00006c52                usart_rx_isr
 .text.__vector_54
                0x00006d22       0x52 /Users/jayhe/Documents/CEG4166/CEG4166_RTS_Lib/Release/libCEG4166_RTS_Lib.a(usartSerial.o)
                0x00006d22                __vector_54
 .text.__vector_51
                0x00006d74       0x52 /Users/jayhe/Documents/CEG4166/CEG4166_RTS_Lib/Release/libCEG4166_RTS_Lib.a(usartSerial.o)
                0x00006d74                __vector_51
 .text.__vector_36
                0x00006dc6       0x52 /Users/jayhe/Documents/CEG4166/CEG4166_RTS_Lib/Release/libCEG4166_RTS_Lib.a(usartSerial.o)
                0x00006dc6                __vector_36
 .text.__vector_25
                0x00006e18       0x52 /Users/jayhe/Documents/CEG4166/CEG4166_RTS_Lib/Release/libCEG4166_RTS_Lib.a(usartSerial.o)
                0x00006e18                __vector_25
 .text.usart_tx_isr
                0x00006e6a       0xb6 /Users/jayhe/Documents/CEG4166/CEG4166_RTS_Lib/Release/libCEG4166_RTS_Lib.a(usartSerial.o)
                0x00006e6a                usart_tx_isr
 .text.__vector_55
                0x00006f20       0x52 /Users/jayhe/Documents/CEG4166/CEG4166_RTS_Lib/Release/libCEG4166_RTS_Lib.a(usartSerial.o)
                0x00006f20                __vector_55
 .text.__vector_52
                0x00006f72       0x52 /Users/jayhe/Documents/CEG4166/CEG4166_RTS_Lib/Release/libCEG4166_RTS_Lib.a(usartSerial.o)
                0x00006f72                __vector_52
 .text.__vector_37
                0x00006fc4       0x52 /Users/jayhe/Documents/CEG4166/CEG4166_RTS_Lib/Release/libCEG4166_RTS_Lib.a(usartSerial.o)
                0x00006fc4                __vector_37
 .text.__vector_26
                0x00007016       0x52 /Users/jayhe/Documents/CEG4166/CEG4166_RTS_Lib/Release/libCEG4166_RTS_Lib.a(usartSerial.o)
                0x00007016                __vector_26
 .text.usart_xfprint_P
                0x00007068       0x48 /Users/jayhe/Documents/CEG4166/CEG4166_RTS_Lib/Release/libCEG4166_RTS_Lib.a(usartSerial.o)
                0x00007068                usart_xfprint_P
 .text.usart_xprint_P
                0x000070b0        0xc /Users/jayhe/Documents/CEG4166/CEG4166_RTS_Lib/Release/libCEG4166_RTS_Lib.a(usartSerial.o)
                0x000070b0                usart_xprint_P
 .text.usart_fprint_P
                0x000070bc       0x8a /Users/jayhe/Documents/CEG4166/CEG4166_RTS_Lib/Release/libCEG4166_RTS_Lib.a(usartSerial.o)
                0x000070bc                usart_fprint_P
 .text.usart_print_P
                0x00007146        0xc /Users/jayhe/Documents/CEG4166/CEG4166_RTS_Lib/Release/libCEG4166_RTS_Lib.a(usartSerial.o)
                0x00007146                usart_print_P
 .text.usart_xfprint
                0x00007152       0x50 /Users/jayhe/Documents/CEG4166/CEG4166_RTS_Lib/Release/libCEG4166_RTS_Lib.a(usartSerial.o)
                0x00007152                usart_xfprint
 .text.usart_xfprintf_P_arg
                0x000071a2       0x7a /Users/jayhe/Documents/CEG4166/CEG4166_RTS_Lib/Release/libCEG4166_RTS_Lib.a(usartSerial.o)
                0x000071a2                usart_xfprintf_P_arg
 .text.usart_xfprintf_arg
                0x0000721c       0x7a /Users/jayhe/Documents/CEG4166/CEG4166_RTS_Lib/Release/libCEG4166_RTS_Lib.a(usartSerial.o)
                0x0000721c                usart_xfprintf_arg
 .text.usart_xprint
                0x00007296        0xc /Users/jayhe/Documents/CEG4166/CEG4166_RTS_Lib/Release/libCEG4166_RTS_Lib.a(usartSerial.o)
                0x00007296                usart_xprint
 .text.usart_fprint
                0x000072a2       0x84 /Users/jayhe/Documents/CEG4166/CEG4166_RTS_Lib/Release/libCEG4166_RTS_Lib.a(usartSerial.o)
                0x000072a2                usart_fprint
 .text.usart_fprintf_P_arg
                0x00007326       0x5c /Users/jayhe/Documents/CEG4166/CEG4166_RTS_Lib/Release/libCEG4166_RTS_Lib.a(usartSerial.o)
                0x00007326                usart_fprintf_P_arg
 .text.usart_fprintf_arg
                0x00007382       0x58 /Users/jayhe/Documents/CEG4166/CEG4166_RTS_Lib/Release/libCEG4166_RTS_Lib.a(usartSerial.o)
                0x00007382                usart_fprintf_arg
 .text.usart_print
                0x000073da        0xc /Users/jayhe/Documents/CEG4166/CEG4166_RTS_Lib/Release/libCEG4166_RTS_Lib.a(usartSerial.o)
                0x000073da                usart_print
 .text.usart_xfprintf_P
                0x000073e6       0x20 /Users/jayhe/Documents/CEG4166/CEG4166_RTS_Lib/Release/libCEG4166_RTS_Lib.a(usartSerial.o)
                0x000073e6                usart_xfprintf_P
 .text.usart_xfprintf
                0x00007406       0x20 /Users/jayhe/Documents/CEG4166/CEG4166_RTS_Lib/Release/libCEG4166_RTS_Lib.a(usartSerial.o)
                0x00007406                usart_xfprintf
 .text.usart_xprintf_P
                0x00007426       0x20 /Users/jayhe/Documents/CEG4166/CEG4166_RTS_Lib/Release/libCEG4166_RTS_Lib.a(usartSerial.o)
                0x00007426                usart_xprintf_P
 .text.usart_xprintf
                0x00007446       0x20 /Users/jayhe/Documents/CEG4166/CEG4166_RTS_Lib/Release/libCEG4166_RTS_Lib.a(usartSerial.o)
                0x00007446                usart_xprintf
 .text.usart_fprintf_P
                0x00007466       0x20 /Users/jayhe/Documents/CEG4166/CEG4166_RTS_Lib/Release/libCEG4166_RTS_Lib.a(usartSerial.o)
                0x00007466                usart_fprintf_P
 .text.usart_fprintf
                0x00007486       0x20 /Users/jayhe/Documents/CEG4166/CEG4166_RTS_Lib/Release/libCEG4166_RTS_Lib.a(usartSerial.o)
                0x00007486                usart_fprintf
 .text.usart_printf_P
                0x000074a6       0x20 /Users/jayhe/Documents/CEG4166/CEG4166_RTS_Lib/Release/libCEG4166_RTS_Lib.a(usartSerial.o)
                0x000074a6                usart_printf_P
 .text.usart_printf
                0x000074c6       0x20 /Users/jayhe/Documents/CEG4166/CEG4166_RTS_Lib/Release/libCEG4166_RTS_Lib.a(usartSerial.o)
                0x000074c6                usart_printf
 .text.usartClose
                0x000074e6       0x82 /Users/jayhe/Documents/CEG4166/CEG4166_RTS_Lib/Release/libCEG4166_RTS_Lib.a(usartSerial.o)
                0x000074e6                usartClose
 .text.usartOpen
                0x00007568      0x18a /Users/jayhe/Documents/CEG4166/CEG4166_RTS_Lib/Release/libCEG4166_RTS_Lib.a(usartSerial.o)
                0x00007568                usartOpen
 .text.libgcc   0x000076f2       0x3e /Applications/Arduino.app/Contents/Resources/Java/hardware/tools/avr/bin/../lib/gcc/avr/4.3.2/avr6/libgcc.a(_mulsi3.o)
                0x000076f2                __mulsi3
 .text.libgcc   0x00007730       0x26 /Applications/Arduino.app/Contents/Resources/Java/hardware/tools/avr/bin/../lib/gcc/avr/4.3.2/avr6/libgcc.a(_divmodhi4.o)
                0x00007730                __divmodhi4
                0x00007730                _div
 .text.libgcc   0x00007756       0x44 /Applications/Arduino.app/Contents/Resources/Java/hardware/tools/avr/bin/../lib/gcc/avr/4.3.2/avr6/libgcc.a(_udivmodsi4.o)
                0x00007756                __udivmodsi4
 .text.libgcc   0x0000779a       0x38 /Applications/Arduino.app/Contents/Resources/Java/hardware/tools/avr/bin/../lib/gcc/avr/4.3.2/avr6/libgcc.a(_prologue.o)
                0x0000779a                __prologue_saves__
 .text.libgcc   0x000077d2       0x36 /Applications/Arduino.app/Contents/Resources/Java/hardware/tools/avr/bin/../lib/gcc/avr/4.3.2/avr6/libgcc.a(_epilogue.o)
                0x000077d2                __epilogue_restores__
 .text.libgcc   0x00007808        0x0 /Applications/Arduino.app/Contents/Resources/Java/hardware/tools/avr/bin/../lib/gcc/avr/4.3.2/avr6/libgcc.a(_exit.o)
 .text.libgcc   0x00007808        0xc /Applications/Arduino.app/Contents/Resources/Java/hardware/tools/avr/bin/../lib/gcc/avr/4.3.2/avr6/libgcc.a(_tablejump.o)
                0x0000780c                __tablejump__
                0x00007808                __tablejump2__
 .text.libgcc   0x00007814        0x0 /Applications/Arduino.app/Contents/Resources/Java/hardware/tools/avr/bin/../lib/gcc/avr/4.3.2/avr6/libgcc.a(_clear_bss.o)
 .text.libgcc   0x00007814       0x28 /Applications/Arduino.app/Contents/Resources/Java/hardware/tools/avr/bin/../lib/gcc/avr/4.3.2/avr6/libgcc.a(_udivmodhi4.o)
                0x00007814                __udivmodhi4
                0x0000783c                . = ALIGN (0x2)
 *(.fini9)
 .fini9         0x0000783c        0x0 /Applications/Arduino.app/Contents/Resources/Java/hardware/tools/avr/bin/../lib/gcc/avr/4.3.2/avr6/libgcc.a(_exit.o)
                0x0000783c                exit
                0x0000783c                _exit
 *(.fini9)
 *(.fini8)
 *(.fini8)
 *(.fini7)
 *(.fini7)
 *(.fini6)
 *(.fini6)
 *(.fini5)
 *(.fini5)
 *(.fini4)
 *(.fini4)
 *(.fini3)
 *(.fini3)
 *(.fini2)
 *(.fini2)
 *(.fini1)
 *(.fini1)
 *(.fini0)
 .fini0         0x0000783c        0x4 /Applications/Arduino.app/Contents/Resources/Java/hardware/tools/avr/bin/../lib/gcc/avr/4.3.2/avr6/libgcc.a(_exit.o)
 *(.fini0)
                0x00007840                _etext = .

.data           0x00800200       0xc2 load address 0x00007840
                0x00800200                PROVIDE (__data_start, .)
 *(.data)
 .data          0x00800200        0x0 /Applications/Arduino.app/Contents/Resources/Java/hardware/tools/avr/bin/../lib/gcc/avr/4.3.2/../../../../avr/lib/avr6/crtm2560.o
 .data          0x00800200        0x0 ./LCD.o
 .data          0x00800200        0x0 ./LED.o
 .data          0x00800200        0x0 ./Movement.o
 .data          0x00800200        0x0 ./ReadTmp.o
 .data          0x00800200        0x0 ./Scan.o
 .data          0x00800200        0x0 ./main.o
 .data          0x00800200        0x0 ./motion.o
 .data          0x00800200        0x0 /Users/jayhe/Documents/CEG4166/FreeRTOS801/Release/libFreeRTOS801.a(i2cMultiMaster.o)
 .data          0x00800200        0x0 /Users/jayhe/Documents/CEG4166/FreeRTOS801/Release/libFreeRTOS801.a(queue.o)
 .data          0x00800200       0x35 /Users/jayhe/Documents/CEG4166/FreeRTOS801/Release/libFreeRTOS801.a(tasks.o)
 .data          0x00800235        0x0 /Users/jayhe/Documents/CEG4166/FreeRTOS801/Release/libFreeRTOS801.a(port.o)
 .data          0x00800235        0x0 /Users/jayhe/Documents/CEG4166/FreeRTOS801/Release/libFreeRTOS801.a(system_tick.o)
 .data          0x00800235        0x0 /Users/jayhe/Documents/CEG4166/FreeRTOS801/Release/libFreeRTOS801.a(system_time.o)
 .data          0x00800235        0x0 /Users/jayhe/Documents/CEG4166/FreeRTOS801/Release/libFreeRTOS801.a(heap_4.o)
 .data          0x00800235        0x0 /Users/jayhe/Documents/CEG4166/FreeRTOS801/Release/libFreeRTOS801.a(list.o)
 .data          0x00800235        0x0 /Users/jayhe/Documents/CEG4166/FreeRTOS801/Release/libFreeRTOS801.a(runtTimeStatsTimer.o)
 .data          0x00800235        0x0 /Applications/Arduino.app/Contents/Resources/Java/hardware/tools/avr/bin/../lib/gcc/avr/4.3.2/../../../../avr/lib/avr6/libm.a(divsf3.o)
 .data          0x00800235        0x0 /Applications/Arduino.app/Contents/Resources/Java/hardware/tools/avr/bin/../lib/gcc/avr/4.3.2/../../../../avr/lib/avr6/libm.a(divsf3x.o)
 .data          0x00800235        0x0 /Applications/Arduino.app/Contents/Resources/Java/hardware/tools/avr/bin/../lib/gcc/avr/4.3.2/../../../../avr/lib/avr6/libm.a(fixunssfsi.o)
 .data          0x00800235        0x0 /Applications/Arduino.app/Contents/Resources/Java/hardware/tools/avr/bin/../lib/gcc/avr/4.3.2/../../../../avr/lib/avr6/libm.a(floatsisf.o)
 .data          0x00800235        0x0 /Applications/Arduino.app/Contents/Resources/Java/hardware/tools/avr/bin/../lib/gcc/avr/4.3.2/../../../../avr/lib/avr6/libm.a(fp_inf.o)
 .data          0x00800235        0x0 /Applications/Arduino.app/Contents/Resources/Java/hardware/tools/avr/bin/../lib/gcc/avr/4.3.2/../../../../avr/lib/avr6/libm.a(fp_nan.o)
 .data          0x00800235        0x0 /Applications/Arduino.app/Contents/Resources/Java/hardware/tools/avr/bin/../lib/gcc/avr/4.3.2/../../../../avr/lib/avr6/libm.a(fp_pscA.o)
 .data          0x00800235        0x0 /Applications/Arduino.app/Contents/Resources/Java/hardware/tools/avr/bin/../lib/gcc/avr/4.3.2/../../../../avr/lib/avr6/libm.a(fp_pscB.o)
 .data          0x00800235        0x0 /Applications/Arduino.app/Contents/Resources/Java/hardware/tools/avr/bin/../lib/gcc/avr/4.3.2/../../../../avr/lib/avr6/libm.a(fp_round.o)
 .data          0x00800235        0x0 /Applications/Arduino.app/Contents/Resources/Java/hardware/tools/avr/bin/../lib/gcc/avr/4.3.2/../../../../avr/lib/avr6/libm.a(fp_split3.o)
 .data          0x00800235        0x0 /Applications/Arduino.app/Contents/Resources/Java/hardware/tools/avr/bin/../lib/gcc/avr/4.3.2/../../../../avr/lib/avr6/libm.a(fp_zero.o)
 .data          0x00800235        0x0 /Applications/Arduino.app/Contents/Resources/Java/hardware/tools/avr/bin/../lib/gcc/avr/4.3.2/../../../../avr/lib/avr6/libm.a(mulsf3.o)
 .data          0x00800235        0x0 /Applications/Arduino.app/Contents/Resources/Java/hardware/tools/avr/bin/../lib/gcc/avr/4.3.2/../../../../avr/lib/avr6/libm.a(mulsf3x.o)
 .data          0x00800235        0x0 /Applications/Arduino.app/Contents/Resources/Java/hardware/tools/avr/bin/../lib/gcc/avr/4.3.2/../../../../avr/lib/avr6/libprintf_flt.a(vfprintf_flt.o)
 .data          0x00800235        0x0 /Users/jayhe/Documents/CEG4166/CEG4166_RTS_Lib/Release/libCEG4166_RTS_Lib.a(usartSerial.o)
 .data          0x00800235        0x0 /Applications/Arduino.app/Contents/Resources/Java/hardware/tools/avr/bin/../lib/gcc/avr/4.3.2/avr6/libgcc.a(_mulsi3.o)
 .data          0x00800235        0x0 /Applications/Arduino.app/Contents/Resources/Java/hardware/tools/avr/bin/../lib/gcc/avr/4.3.2/avr6/libgcc.a(_divmodhi4.o)
 .data          0x00800235        0x0 /Applications/Arduino.app/Contents/Resources/Java/hardware/tools/avr/bin/../lib/gcc/avr/4.3.2/avr6/libgcc.a(_udivmodsi4.o)
 .data          0x00800235        0x0 /Applications/Arduino.app/Contents/Resources/Java/hardware/tools/avr/bin/../lib/gcc/avr/4.3.2/avr6/libgcc.a(_prologue.o)
 .data          0x00800235        0x0 /Applications/Arduino.app/Contents/Resources/Java/hardware/tools/avr/bin/../lib/gcc/avr/4.3.2/avr6/libgcc.a(_epilogue.o)
 .data          0x00800235        0x0 /Applications/Arduino.app/Contents/Resources/Java/hardware/tools/avr/bin/../lib/gcc/avr/4.3.2/avr6/libgcc.a(_exit.o)
 .data          0x00800235        0x0 /Applications/Arduino.app/Contents/Resources/Java/hardware/tools/avr/bin/../lib/gcc/avr/4.3.2/avr6/libgcc.a(_tablejump.o)
 .data          0x00800235        0x0 /Applications/Arduino.app/Contents/Resources/Java/hardware/tools/avr/bin/../lib/gcc/avr/4.3.2/avr6/libgcc.a(_clear_bss.o)
 .data          0x00800235        0x0 /Applications/Arduino.app/Contents/Resources/Java/hardware/tools/avr/bin/../lib/gcc/avr/4.3.2/avr6/libgcc.a(_udivmodhi4.o)
 .data          0x00800235        0x0 /Applications/Arduino.app/Contents/Resources/Java/hardware/tools/avr/bin/../lib/gcc/avr/4.3.2/../../../../avr/lib/avr6/libc.a(ftoa_engine.o)
 .data          0x00800235        0x0 /Applications/Arduino.app/Contents/Resources/Java/hardware/tools/avr/bin/../lib/gcc/avr/4.3.2/../../../../avr/lib/avr6/libc.a(strlen_P.o)
 .data          0x00800235        0x0 /Applications/Arduino.app/Contents/Resources/Java/hardware/tools/avr/bin/../lib/gcc/avr/4.3.2/../../../../avr/lib/avr6/libc.a(strnlen_P.o)
 .data          0x00800235        0x0 /Applications/Arduino.app/Contents/Resources/Java/hardware/tools/avr/bin/../lib/gcc/avr/4.3.2/../../../../avr/lib/avr6/libc.a(memcpy.o)
 .data          0x00800235        0x0 /Applications/Arduino.app/Contents/Resources/Java/hardware/tools/avr/bin/../lib/gcc/avr/4.3.2/../../../../avr/lib/avr6/libc.a(memset.o)
 .data          0x00800235        0x0 /Applications/Arduino.app/Contents/Resources/Java/hardware/tools/avr/bin/../lib/gcc/avr/4.3.2/../../../../avr/lib/avr6/libc.a(strnlen.o)
 .data          0x00800235        0x0 /Applications/Arduino.app/Contents/Resources/Java/hardware/tools/avr/bin/../lib/gcc/avr/4.3.2/../../../../avr/lib/avr6/libc.a(fputc.o)
 .data          0x00800235        0x0 /Applications/Arduino.app/Contents/Resources/Java/hardware/tools/avr/bin/../lib/gcc/avr/4.3.2/../../../../avr/lib/avr6/libc.a(sprintf.o)
 .data          0x00800235        0x0 /Applications/Arduino.app/Contents/Resources/Java/hardware/tools/avr/bin/../lib/gcc/avr/4.3.2/../../../../avr/lib/avr6/libc.a(vsnprintf.o)
 .data          0x00800235        0x0 /Applications/Arduino.app/Contents/Resources/Java/hardware/tools/avr/bin/../lib/gcc/avr/4.3.2/../../../../avr/lib/avr6/libc.a(vsnprintf_p.o)
 .data          0x00800235        0x0 /Applications/Arduino.app/Contents/Resources/Java/hardware/tools/avr/bin/../lib/gcc/avr/4.3.2/../../../../avr/lib/avr6/libc.a(ultoa_invert.o)
 *(.data*)
 .data.I2C_state
                0x00800235        0x1 /Users/jayhe/Documents/CEG4166/FreeRTOS801/Release/libFreeRTOS801.a(i2cMultiMaster.o)
 .data.xNextTaskUnblockTime
                0x00800236        0x2 /Users/jayhe/Documents/CEG4166/FreeRTOS801/Release/libFreeRTOS801.a(tasks.o)
 .data.xMinimumEverFreeBytesRemaining
                0x00800238        0x2 /Users/jayhe/Documents/CEG4166/FreeRTOS801/Release/libFreeRTOS801.a(heap_4.o)
 .data.xFreeBytesRemaining
                0x0080023a        0x2 /Users/jayhe/Documents/CEG4166/FreeRTOS801/Release/libFreeRTOS801.a(heap_4.o)
 .data.usartReg
                0x0080023c       0x28 /Users/jayhe/Documents/CEG4166/CEG4166_RTS_Lib/Release/libCEG4166_RTS_Lib.a(usartSerial.o)
                0x0080023c                usartReg
 *(.rodata)
 *(.rodata*)
 .rodata.C.0.1534
                0x00800264       0x12 ./ReadTmp.o
 .rodata.encoders
                0x00800276        0xe ./motion.o
 .rodata.tc_module_s
                0x00800284       0x20 ./motion.o
 .rodata.motors
                0x008002a4       0x1e ./motion.o
 *(.gnu.linkonce.d*)
                0x008002c2                . = ALIGN (0x2)
                0x008002c2                _edata = .
                0x008002c2                PROVIDE (__data_end, .)

.bss            0x008002c2     0x1363
                0x008002c2                PROVIDE (__bss_start, .)
 *(.bss)
 .bss           0x008002c2        0x0 /Applications/Arduino.app/Contents/Resources/Java/hardware/tools/avr/bin/../lib/gcc/avr/4.3.2/../../../../avr/lib/avr6/crtm2560.o
 .bss           0x008002c2        0x0 ./LCD.o
 .bss           0x008002c2        0x0 ./LED.o
 .bss           0x008002c2        0x0 ./Movement.o
 .bss           0x008002c2        0x0 ./ReadTmp.o
 .bss           0x008002c2        0x0 ./Scan.o
 .bss           0x008002c2        0x0 ./main.o
 .bss           0x008002c2        0x0 ./motion.o
 .bss           0x008002c2        0x0 /Users/jayhe/Documents/CEG4166/FreeRTOS801/Release/libFreeRTOS801.a(i2cMultiMaster.o)
 .bss           0x008002c2        0x0 /Users/jayhe/Documents/CEG4166/FreeRTOS801/Release/libFreeRTOS801.a(queue.o)
 .bss           0x008002c2        0x0 /Users/jayhe/Documents/CEG4166/FreeRTOS801/Release/libFreeRTOS801.a(tasks.o)
 .bss           0x008002c2        0x0 /Users/jayhe/Documents/CEG4166/FreeRTOS801/Release/libFreeRTOS801.a(port.o)
 .bss           0x008002c2        0x0 /Users/jayhe/Documents/CEG4166/FreeRTOS801/Release/libFreeRTOS801.a(system_tick.o)
 .bss           0x008002c2        0x0 /Users/jayhe/Documents/CEG4166/FreeRTOS801/Release/libFreeRTOS801.a(system_time.o)
 .bss           0x008002c2        0x0 /Users/jayhe/Documents/CEG4166/FreeRTOS801/Release/libFreeRTOS801.a(heap_4.o)
 .bss           0x008002c2        0x0 /Users/jayhe/Documents/CEG4166/FreeRTOS801/Release/libFreeRTOS801.a(list.o)
 .bss           0x008002c2        0x0 /Users/jayhe/Documents/CEG4166/FreeRTOS801/Release/libFreeRTOS801.a(runtTimeStatsTimer.o)
 .bss           0x008002c2        0x0 /Applications/Arduino.app/Contents/Resources/Java/hardware/tools/avr/bin/../lib/gcc/avr/4.3.2/../../../../avr/lib/avr6/libm.a(divsf3.o)
 .bss           0x008002c2        0x0 /Applications/Arduino.app/Contents/Resources/Java/hardware/tools/avr/bin/../lib/gcc/avr/4.3.2/../../../../avr/lib/avr6/libm.a(divsf3x.o)
 .bss           0x008002c2        0x0 /Applications/Arduino.app/Contents/Resources/Java/hardware/tools/avr/bin/../lib/gcc/avr/4.3.2/../../../../avr/lib/avr6/libm.a(fixunssfsi.o)
 .bss           0x008002c2        0x0 /Applications/Arduino.app/Contents/Resources/Java/hardware/tools/avr/bin/../lib/gcc/avr/4.3.2/../../../../avr/lib/avr6/libm.a(floatsisf.o)
 .bss           0x008002c2        0x0 /Applications/Arduino.app/Contents/Resources/Java/hardware/tools/avr/bin/../lib/gcc/avr/4.3.2/../../../../avr/lib/avr6/libm.a(fp_inf.o)
 .bss           0x008002c2        0x0 /Applications/Arduino.app/Contents/Resources/Java/hardware/tools/avr/bin/../lib/gcc/avr/4.3.2/../../../../avr/lib/avr6/libm.a(fp_nan.o)
 .bss           0x008002c2        0x0 /Applications/Arduino.app/Contents/Resources/Java/hardware/tools/avr/bin/../lib/gcc/avr/4.3.2/../../../../avr/lib/avr6/libm.a(fp_pscA.o)
 .bss           0x008002c2        0x0 /Applications/Arduino.app/Contents/Resources/Java/hardware/tools/avr/bin/../lib/gcc/avr/4.3.2/../../../../avr/lib/avr6/libm.a(fp_pscB.o)
 .bss           0x008002c2        0x0 /Applications/Arduino.app/Contents/Resources/Java/hardware/tools/avr/bin/../lib/gcc/avr/4.3.2/../../../../avr/lib/avr6/libm.a(fp_round.o)
 .bss           0x008002c2        0x0 /Applications/Arduino.app/Contents/Resources/Java/hardware/tools/avr/bin/../lib/gcc/avr/4.3.2/../../../../avr/lib/avr6/libm.a(fp_split3.o)
 .bss           0x008002c2        0x0 /Applications/Arduino.app/Contents/Resources/Java/hardware/tools/avr/bin/../lib/gcc/avr/4.3.2/../../../../avr/lib/avr6/libm.a(fp_zero.o)
 .bss           0x008002c2        0x0 /Applications/Arduino.app/Contents/Resources/Java/hardware/tools/avr/bin/../lib/gcc/avr/4.3.2/../../../../avr/lib/avr6/libm.a(mulsf3.o)
 .bss           0x008002c2        0x0 /Applications/Arduino.app/Contents/Resources/Java/hardware/tools/avr/bin/../lib/gcc/avr/4.3.2/../../../../avr/lib/avr6/libm.a(mulsf3x.o)
 .bss           0x008002c2        0x0 /Applications/Arduino.app/Contents/Resources/Java/hardware/tools/avr/bin/../lib/gcc/avr/4.3.2/../../../../avr/lib/avr6/libprintf_flt.a(vfprintf_flt.o)
 .bss           0x008002c2        0x0 /Users/jayhe/Documents/CEG4166/CEG4166_RTS_Lib/Release/libCEG4166_RTS_Lib.a(usartSerial.o)
 .bss           0x008002c2        0x0 /Applications/Arduino.app/Contents/Resources/Java/hardware/tools/avr/bin/../lib/gcc/avr/4.3.2/avr6/libgcc.a(_mulsi3.o)
 .bss           0x008002c2        0x0 /Applications/Arduino.app/Contents/Resources/Java/hardware/tools/avr/bin/../lib/gcc/avr/4.3.2/avr6/libgcc.a(_divmodhi4.o)
 .bss           0x008002c2        0x0 /Applications/Arduino.app/Contents/Resources/Java/hardware/tools/avr/bin/../lib/gcc/avr/4.3.2/avr6/libgcc.a(_udivmodsi4.o)
 .bss           0x008002c2        0x0 /Applications/Arduino.app/Contents/Resources/Java/hardware/tools/avr/bin/../lib/gcc/avr/4.3.2/avr6/libgcc.a(_prologue.o)
 .bss           0x008002c2        0x0 /Applications/Arduino.app/Contents/Resources/Java/hardware/tools/avr/bin/../lib/gcc/avr/4.3.2/avr6/libgcc.a(_epilogue.o)
 .bss           0x008002c2        0x0 /Applications/Arduino.app/Contents/Resources/Java/hardware/tools/avr/bin/../lib/gcc/avr/4.3.2/avr6/libgcc.a(_exit.o)
 .bss           0x008002c2        0x0 /Applications/Arduino.app/Contents/Resources/Java/hardware/tools/avr/bin/../lib/gcc/avr/4.3.2/avr6/libgcc.a(_tablejump.o)
 .bss           0x008002c2        0x0 /Applications/Arduino.app/Contents/Resources/Java/hardware/tools/avr/bin/../lib/gcc/avr/4.3.2/avr6/libgcc.a(_clear_bss.o)
 .bss           0x008002c2        0x0 /Applications/Arduino.app/Contents/Resources/Java/hardware/tools/avr/bin/../lib/gcc/avr/4.3.2/avr6/libgcc.a(_udivmodhi4.o)
 .bss           0x008002c2        0x0 /Applications/Arduino.app/Contents/Resources/Java/hardware/tools/avr/bin/../lib/gcc/avr/4.3.2/../../../../avr/lib/avr6/libc.a(ftoa_engine.o)
 .bss           0x008002c2        0x0 /Applications/Arduino.app/Contents/Resources/Java/hardware/tools/avr/bin/../lib/gcc/avr/4.3.2/../../../../avr/lib/avr6/libc.a(strlen_P.o)
 .bss           0x008002c2        0x0 /Applications/Arduino.app/Contents/Resources/Java/hardware/tools/avr/bin/../lib/gcc/avr/4.3.2/../../../../avr/lib/avr6/libc.a(strnlen_P.o)
 .bss           0x008002c2        0x0 /Applications/Arduino.app/Contents/Resources/Java/hardware/tools/avr/bin/../lib/gcc/avr/4.3.2/../../../../avr/lib/avr6/libc.a(memcpy.o)
 .bss           0x008002c2        0x0 /Applications/Arduino.app/Contents/Resources/Java/hardware/tools/avr/bin/../lib/gcc/avr/4.3.2/../../../../avr/lib/avr6/libc.a(memset.o)
 .bss           0x008002c2        0x0 /Applications/Arduino.app/Contents/Resources/Java/hardware/tools/avr/bin/../lib/gcc/avr/4.3.2/../../../../avr/lib/avr6/libc.a(strnlen.o)
 .bss           0x008002c2        0x0 /Applications/Arduino.app/Contents/Resources/Java/hardware/tools/avr/bin/../lib/gcc/avr/4.3.2/../../../../avr/lib/avr6/libc.a(fputc.o)
 .bss           0x008002c2        0x0 /Applications/Arduino.app/Contents/Resources/Java/hardware/tools/avr/bin/../lib/gcc/avr/4.3.2/../../../../avr/lib/avr6/libc.a(sprintf.o)
 .bss           0x008002c2        0x0 /Applications/Arduino.app/Contents/Resources/Java/hardware/tools/avr/bin/../lib/gcc/avr/4.3.2/../../../../avr/lib/avr6/libc.a(vsnprintf.o)
 .bss           0x008002c2        0x0 /Applications/Arduino.app/Contents/Resources/Java/hardware/tools/avr/bin/../lib/gcc/avr/4.3.2/../../../../avr/lib/avr6/libc.a(vsnprintf_p.o)
 .bss           0x008002c2        0x0 /Applications/Arduino.app/Contents/Resources/Java/hardware/tools/avr/bin/../lib/gcc/avr/4.3.2/../../../../avr/lib/avr6/libc.a(ultoa_invert.o)
 *(.bss*)
 .bss.tov_cntr  0x008002c2        0x8 ./motion.o
 .bss.last_icr  0x008002ca        0x4 ./motion.o
 .bss.new_data  0x008002ce        0x8 ./motion.o
 .bss.new_data_available
                0x008002d6        0x4 ./motion.o
 .bss.xI2CSemaphore
                0x008002da        0x2 /Users/jayhe/Documents/CEG4166/FreeRTOS801/Release/libFreeRTOS801.a(i2cMultiMaster.o)
                0x008002da                xI2CSemaphore
 .bss.I2C_statusReg
                0x008002dc        0x1 /Users/jayhe/Documents/CEG4166/FreeRTOS801/Release/libFreeRTOS801.a(i2cMultiMaster.o)
                0x008002dc                I2C_statusReg
 .bss.I2C_checkBusyAfterStop
                0x008002dd        0x1 /Users/jayhe/Documents/CEG4166/FreeRTOS801/Release/libFreeRTOS801.a(i2cMultiMaster.o)
 .bss.I2C_bufPtr.1864
                0x008002de        0x1 /Users/jayhe/Documents/CEG4166/FreeRTOS801/Release/libFreeRTOS801.a(i2cMultiMaster.o)
 .bss.I2C_buf   0x008002df       0x18 /Users/jayhe/Documents/CEG4166/FreeRTOS801/Release/libFreeRTOS801.a(i2cMultiMaster.o)
 .bss.I2C_msgSize
                0x008002f7        0x1 /Users/jayhe/Documents/CEG4166/FreeRTOS801/Release/libFreeRTOS801.a(i2cMultiMaster.o)
 .bss.pxCurrentTCB
                0x008002f8        0x2 /Users/jayhe/Documents/CEG4166/FreeRTOS801/Release/libFreeRTOS801.a(tasks.o)
                0x008002f8                pxCurrentTCB
 .bss.uxCurrentNumberOfTasks
                0x008002fa        0x1 /Users/jayhe/Documents/CEG4166/FreeRTOS801/Release/libFreeRTOS801.a(tasks.o)
 .bss.uxTopReadyPriority
                0x008002fb        0x1 /Users/jayhe/Documents/CEG4166/FreeRTOS801/Release/libFreeRTOS801.a(tasks.o)
 .bss.xYieldPending
                0x008002fc        0x1 /Users/jayhe/Documents/CEG4166/FreeRTOS801/Release/libFreeRTOS801.a(tasks.o)
 .bss.xTickCount
                0x008002fd        0x2 /Users/jayhe/Documents/CEG4166/FreeRTOS801/Release/libFreeRTOS801.a(tasks.o)
 .bss.xNumOfOverflows
                0x008002ff        0x1 /Users/jayhe/Documents/CEG4166/FreeRTOS801/Release/libFreeRTOS801.a(tasks.o)
 .bss.uxSchedulerSuspended
                0x00800300        0x1 /Users/jayhe/Documents/CEG4166/FreeRTOS801/Release/libFreeRTOS801.a(tasks.o)
 .bss.ulTotalRunTime
                0x00800301        0x4 /Users/jayhe/Documents/CEG4166/FreeRTOS801/Release/libFreeRTOS801.a(tasks.o)
 .bss.ulTaskSwitchedInTime
                0x00800305        0x4 /Users/jayhe/Documents/CEG4166/FreeRTOS801/Release/libFreeRTOS801.a(tasks.o)
 .bss.uxPendedTicks
                0x00800309        0x1 /Users/jayhe/Documents/CEG4166/FreeRTOS801/Release/libFreeRTOS801.a(tasks.o)
 .bss.xSchedulerRunning
                0x0080030a        0x1 /Users/jayhe/Documents/CEG4166/FreeRTOS801/Release/libFreeRTOS801.a(tasks.o)
 .bss.uxTasksDeleted
                0x0080030b        0x1 /Users/jayhe/Documents/CEG4166/FreeRTOS801/Release/libFreeRTOS801.a(tasks.o)
 .bss.uxTaskNumber
                0x0080030c        0x1 /Users/jayhe/Documents/CEG4166/FreeRTOS801/Release/libFreeRTOS801.a(tasks.o)
 .bss.pxReadyTasksLists
                0x0080030d       0x24 /Users/jayhe/Documents/CEG4166/FreeRTOS801/Release/libFreeRTOS801.a(tasks.o)
 .bss.xDelayedTaskList1
                0x00800331        0x9 /Users/jayhe/Documents/CEG4166/FreeRTOS801/Release/libFreeRTOS801.a(tasks.o)
 .bss.xDelayedTaskList2
                0x0080033a        0x9 /Users/jayhe/Documents/CEG4166/FreeRTOS801/Release/libFreeRTOS801.a(tasks.o)
 .bss.pxDelayedTaskList
                0x00800343        0x2 /Users/jayhe/Documents/CEG4166/FreeRTOS801/Release/libFreeRTOS801.a(tasks.o)
 .bss.pxOverflowDelayedTaskList
                0x00800345        0x2 /Users/jayhe/Documents/CEG4166/FreeRTOS801/Release/libFreeRTOS801.a(tasks.o)
 .bss.xPendingReadyList
                0x00800347        0x9 /Users/jayhe/Documents/CEG4166/FreeRTOS801/Release/libFreeRTOS801.a(tasks.o)
 .bss.xTasksWaitingTermination
                0x00800350        0x9 /Users/jayhe/Documents/CEG4166/FreeRTOS801/Release/libFreeRTOS801.a(tasks.o)
 .bss.xSuspendedTaskList
                0x00800359        0x9 /Users/jayhe/Documents/CEG4166/FreeRTOS801/Release/libFreeRTOS801.a(tasks.o)
 .bss.portTickRateHz
                0x00800362        0x2 /Users/jayhe/Documents/CEG4166/FreeRTOS801/Release/libFreeRTOS801.a(port.o)
 .bss.ticksRemainingInSec
                0x00800364        0x2 /Users/jayhe/Documents/CEG4166/FreeRTOS801/Release/libFreeRTOS801.a(port.o)
 .bss.xBlockAllocatedBit
                0x00800366        0x2 /Users/jayhe/Documents/CEG4166/FreeRTOS801/Release/libFreeRTOS801.a(heap_4.o)
 .bss.pxEnd     0x00800368        0x2 /Users/jayhe/Documents/CEG4166/FreeRTOS801/Release/libFreeRTOS801.a(heap_4.o)
 .bss.ucHeap    0x0080036a     0x1200 /Users/jayhe/Documents/CEG4166/FreeRTOS801/Release/libFreeRTOS801.a(heap_4.o)
 .bss.xStart    0x0080156a        0x4 /Users/jayhe/Documents/CEG4166/FreeRTOS801/Release/libFreeRTOS801.a(heap_4.o)
 .bss.defaultUSART
                0x0080156e        0x1 /Users/jayhe/Documents/CEG4166/CEG4166_RTS_Lib/Release/libCEG4166_RTS_Lib.a(usartSerial.o)
                0x0080156e                defaultUSART
 *(COMMON)
 COMMON         0x0080156f       0x3e ./main.o
                0x0080156f                distance
                0x00801573                avgTemperature
                0x00801574                ticCount
                0x00801576                counter
                0x00801578                lcdString
                0x00801598                result
                0x008015aa                speed
                0x008015ab                usartfd
 COMMON         0x008015ad        0x4 /Users/jayhe/Documents/CEG4166/FreeRTOS801/Release/libFreeRTOS801.a(system_time.o)
                0x008015ad                __system_time
 COMMON         0x008015b1       0x74 /Users/jayhe/Documents/CEG4166/CEG4166_RTS_Lib/Release/libCEG4166_RTS_Lib.a(usartSerial.o)
                0x008015b1                usartComBuf
                0x00801625                PROVIDE (__bss_end, .)
                0x00007840                __data_load_start = LOADADDR (.data)
                0x00007902                __data_load_end = (__data_load_start + SIZEOF (.data))

.noinit         0x00801625        0x0
                0x00801625                PROVIDE (__noinit_start, .)
 *(.noinit*)
                0x00801625                PROVIDE (__noinit_end, .)
                0x00801625                _end = .
                0x00801625                PROVIDE (__heap_start, .)

.eeprom         0x00810000        0x0
 *(.eeprom*)
                0x00810000                __eeprom_end = .

.fuse
 *(.fuse)
 *(.lfuse)
 *(.hfuse)
 *(.efuse)

.lock
 *(.lock*)

.signature
 *(.signature*)

.stab
 *(.stab)

.stabstr
 *(.stabstr)

.stab.excl
 *(.stab.excl)

.stab.exclstr
 *(.stab.exclstr)

.stab.index
 *(.stab.index)

.stab.indexstr
 *(.stab.indexstr)

.comment
 *(.comment)

.debug
 *(.debug)

.line
 *(.line)

.debug_srcinfo
 *(.debug_srcinfo)

.debug_sfnames
 *(.debug_sfnames)

.debug_aranges  0x00000000       0xa0
 *(.debug_aranges)
 .debug_aranges
                0x00000000       0x20 /Applications/Arduino.app/Contents/Resources/Java/hardware/tools/avr/bin/../lib/gcc/avr/4.3.2/../../../../avr/lib/avr6/libprintf_flt.a(vfprintf_flt.o)
 .debug_aranges
                0x00000020       0x20 /Applications/Arduino.app/Contents/Resources/Java/hardware/tools/avr/bin/../lib/gcc/avr/4.3.2/../../../../avr/lib/avr6/libc.a(fputc.o)
 .debug_aranges
                0x00000040       0x20 /Applications/Arduino.app/Contents/Resources/Java/hardware/tools/avr/bin/../lib/gcc/avr/4.3.2/../../../../avr/lib/avr6/libc.a(sprintf.o)
 .debug_aranges
                0x00000060       0x20 /Applications/Arduino.app/Contents/Resources/Java/hardware/tools/avr/bin/../lib/gcc/avr/4.3.2/../../../../avr/lib/avr6/libc.a(vsnprintf.o)
 .debug_aranges
                0x00000080       0x20 /Applications/Arduino.app/Contents/Resources/Java/hardware/tools/avr/bin/../lib/gcc/avr/4.3.2/../../../../avr/lib/avr6/libc.a(vsnprintf_p.o)

.debug_pubnames
                0x00000000       0x9b
 *(.debug_pubnames)
 .debug_pubnames
                0x00000000       0x1f /Applications/Arduino.app/Contents/Resources/Java/hardware/tools/avr/bin/../lib/gcc/avr/4.3.2/../../../../avr/lib/avr6/libprintf_flt.a(vfprintf_flt.o)
 .debug_pubnames
                0x0000001f       0x1c /Applications/Arduino.app/Contents/Resources/Java/hardware/tools/avr/bin/../lib/gcc/avr/4.3.2/../../../../avr/lib/avr6/libc.a(fputc.o)
 .debug_pubnames
                0x0000003b       0x1e /Applications/Arduino.app/Contents/Resources/Java/hardware/tools/avr/bin/../lib/gcc/avr/4.3.2/../../../../avr/lib/avr6/libc.a(sprintf.o)
 .debug_pubnames
                0x00000059       0x20 /Applications/Arduino.app/Contents/Resources/Java/hardware/tools/avr/bin/../lib/gcc/avr/4.3.2/../../../../avr/lib/avr6/libc.a(vsnprintf.o)
 .debug_pubnames
                0x00000079       0x22 /Applications/Arduino.app/Contents/Resources/Java/hardware/tools/avr/bin/../lib/gcc/avr/4.3.2/../../../../avr/lib/avr6/libc.a(vsnprintf_p.o)

.debug_info     0x00000000      0xad9
 *(.debug_info)
 .debug_info    0x00000000      0x41d /Applications/Arduino.app/Contents/Resources/Java/hardware/tools/avr/bin/../lib/gcc/avr/4.3.2/../../../../avr/lib/avr6/libprintf_flt.a(vfprintf_flt.o)
 .debug_info    0x0000041d      0x166 /Applications/Arduino.app/Contents/Resources/Java/hardware/tools/avr/bin/../lib/gcc/avr/4.3.2/../../../../avr/lib/avr6/libc.a(fputc.o)
 .debug_info    0x00000583      0x1b0 /Applications/Arduino.app/Contents/Resources/Java/hardware/tools/avr/bin/../lib/gcc/avr/4.3.2/../../../../avr/lib/avr6/libc.a(sprintf.o)
 .debug_info    0x00000733      0x1d3 /Applications/Arduino.app/Contents/Resources/Java/hardware/tools/avr/bin/../lib/gcc/avr/4.3.2/../../../../avr/lib/avr6/libc.a(vsnprintf.o)
 .debug_info    0x00000906      0x1d3 /Applications/Arduino.app/Contents/Resources/Java/hardware/tools/avr/bin/../lib/gcc/avr/4.3.2/../../../../avr/lib/avr6/libc.a(vsnprintf_p.o)
 *(.gnu.linkonce.wi.*)

.debug_abbrev   0x00000000      0x54a
 *(.debug_abbrev)
 .debug_abbrev  0x00000000      0x18f /Applications/Arduino.app/Contents/Resources/Java/hardware/tools/avr/bin/../lib/gcc/avr/4.3.2/../../../../avr/lib/avr6/libprintf_flt.a(vfprintf_flt.o)
 .debug_abbrev  0x0000018f       0xd9 /Applications/Arduino.app/Contents/Resources/Java/hardware/tools/avr/bin/../lib/gcc/avr/4.3.2/../../../../avr/lib/avr6/libc.a(fputc.o)
 .debug_abbrev  0x00000268      0x10c /Applications/Arduino.app/Contents/Resources/Java/hardware/tools/avr/bin/../lib/gcc/avr/4.3.2/../../../../avr/lib/avr6/libc.a(sprintf.o)
 .debug_abbrev  0x00000374       0xeb /Applications/Arduino.app/Contents/Resources/Java/hardware/tools/avr/bin/../lib/gcc/avr/4.3.2/../../../../avr/lib/avr6/libc.a(vsnprintf.o)
 .debug_abbrev  0x0000045f       0xeb /Applications/Arduino.app/Contents/Resources/Java/hardware/tools/avr/bin/../lib/gcc/avr/4.3.2/../../../../avr/lib/avr6/libc.a(vsnprintf_p.o)

.debug_line     0x00000000      0xbad
 *(.debug_line)
 .debug_line    0x00000000      0x740 /Applications/Arduino.app/Contents/Resources/Java/hardware/tools/avr/bin/../lib/gcc/avr/4.3.2/../../../../avr/lib/avr6/libprintf_flt.a(vfprintf_flt.o)
 .debug_line    0x00000740       0xd0 /Applications/Arduino.app/Contents/Resources/Java/hardware/tools/avr/bin/../lib/gcc/avr/4.3.2/../../../../avr/lib/avr6/libc.a(fputc.o)
 .debug_line    0x00000810      0x125 /Applications/Arduino.app/Contents/Resources/Java/hardware/tools/avr/bin/../lib/gcc/avr/4.3.2/../../../../avr/lib/avr6/libc.a(sprintf.o)
 .debug_line    0x00000935      0x13b /Applications/Arduino.app/Contents/Resources/Java/hardware/tools/avr/bin/../lib/gcc/avr/4.3.2/../../../../avr/lib/avr6/libc.a(vsnprintf.o)
 .debug_line    0x00000a70      0x13d /Applications/Arduino.app/Contents/Resources/Java/hardware/tools/avr/bin/../lib/gcc/avr/4.3.2/../../../../avr/lib/avr6/libc.a(vsnprintf_p.o)

.debug_frame    0x00000000       0xa0
 *(.debug_frame)
 .debug_frame   0x00000000       0x20 /Applications/Arduino.app/Contents/Resources/Java/hardware/tools/avr/bin/../lib/gcc/avr/4.3.2/../../../../avr/lib/avr6/libprintf_flt.a(vfprintf_flt.o)
 .debug_frame   0x00000020       0x20 /Applications/Arduino.app/Contents/Resources/Java/hardware/tools/avr/bin/../lib/gcc/avr/4.3.2/../../../../avr/lib/avr6/libc.a(fputc.o)
 .debug_frame   0x00000040       0x20 /Applications/Arduino.app/Contents/Resources/Java/hardware/tools/avr/bin/../lib/gcc/avr/4.3.2/../../../../avr/lib/avr6/libc.a(sprintf.o)
 .debug_frame   0x00000060       0x20 /Applications/Arduino.app/Contents/Resources/Java/hardware/tools/avr/bin/../lib/gcc/avr/4.3.2/../../../../avr/lib/avr6/libc.a(vsnprintf.o)
 .debug_frame   0x00000080       0x20 /Applications/Arduino.app/Contents/Resources/Java/hardware/tools/avr/bin/../lib/gcc/avr/4.3.2/../../../../avr/lib/avr6/libc.a(vsnprintf_p.o)

.debug_str      0x00000000      0x21a
 *(.debug_str)
 .debug_str     0x00000000      0x17a /Applications/Arduino.app/Contents/Resources/Java/hardware/tools/avr/bin/../lib/gcc/avr/4.3.2/../../../../avr/lib/avr6/libprintf_flt.a(vfprintf_flt.o)
                                0x1bb (size before relaxing)
 .debug_str     0x0000017a       0x22 /Applications/Arduino.app/Contents/Resources/Java/hardware/tools/avr/bin/../lib/gcc/avr/4.3.2/../../../../avr/lib/avr6/libc.a(fputc.o)
                                0x125 (size before relaxing)
 .debug_str     0x0000019c       0x26 /Applications/Arduino.app/Contents/Resources/Java/hardware/tools/avr/bin/../lib/gcc/avr/4.3.2/../../../../avr/lib/avr6/libc.a(sprintf.o)
                                0x14b (size before relaxing)
 .debug_str     0x000001c2       0x2a /Applications/Arduino.app/Contents/Resources/Java/hardware/tools/avr/bin/../lib/gcc/avr/4.3.2/../../../../avr/lib/avr6/libc.a(vsnprintf.o)
                                0x156 (size before relaxing)
 .debug_str     0x000001ec       0x2e /Applications/Arduino.app/Contents/Resources/Java/hardware/tools/avr/bin/../lib/gcc/avr/4.3.2/../../../../avr/lib/avr6/libc.a(vsnprintf_p.o)
                                0x15a (size before relaxing)

.debug_loc      0x00000000      0xb0f
 *(.debug_loc)
 .debug_loc     0x00000000      0x9ab /Applications/Arduino.app/Contents/Resources/Java/hardware/tools/avr/bin/../lib/gcc/avr/4.3.2/../../../../avr/lib/avr6/libprintf_flt.a(vfprintf_flt.o)
 .debug_loc     0x000009ab       0x60 /Applications/Arduino.app/Contents/Resources/Java/hardware/tools/avr/bin/../lib/gcc/avr/4.3.2/../../../../avr/lib/avr6/libc.a(fputc.o)
 .debug_loc     0x00000a0b       0x24 /Applications/Arduino.app/Contents/Resources/Java/hardware/tools/avr/bin/../lib/gcc/avr/4.3.2/../../../../avr/lib/avr6/libc.a(sprintf.o)
 .debug_loc     0x00000a2f       0x70 /Applications/Arduino.app/Contents/Resources/Java/hardware/tools/avr/bin/../lib/gcc/avr/4.3.2/../../../../avr/lib/avr6/libc.a(vsnprintf.o)
 .debug_loc     0x00000a9f       0x70 /Applications/Arduino.app/Contents/Resources/Java/hardware/tools/avr/bin/../lib/gcc/avr/4.3.2/../../../../avr/lib/avr6/libc.a(vsnprintf_p.o)

.debug_macinfo
 *(.debug_macinfo)
OUTPUT(ProjectTemplate.elf elf32-avr)
LOAD linker stubs

.debug_ranges   0x00000000       0x18
 .debug_ranges  0x00000000       0x18 /Applications/Arduino.app/Contents/Resources/Java/hardware/tools/avr/bin/../lib/gcc/avr/4.3.2/../../../../avr/lib/avr6/libprintf_flt.a(vfprintf_flt.o)
