Archive member included because of file (symbol)

/Users/ryanoconnor/Documents/Arduino shit/FreeRTOS801/Release/libFreeRTOS801.a(port.o)
                              ./usart_serial.o (vPortYield)
/Users/ryanoconnor/Documents/Arduino shit/FreeRTOS801/Release/libFreeRTOS801.a(system_tick.o)
                              /Users/ryanoconnor/Documents/Arduino shit/FreeRTOS801/Release/libFreeRTOS801.a(port.o) (system_tick)
/Users/ryanoconnor/Documents/Arduino shit/FreeRTOS801/Release/libFreeRTOS801.a(system_time.o)
                              /Users/ryanoconnor/Documents/Arduino shit/FreeRTOS801/Release/libFreeRTOS801.a(system_tick.o) (__system_time)
/Users/ryanoconnor/Documents/Arduino shit/FreeRTOS801/Release/libFreeRTOS801.a(i2cMultiMaster.o)
                              ./ReadTmp.o (I2C_Master_Start_Transceiver_With_Data)
/Users/ryanoconnor/Documents/Arduino shit/FreeRTOS801/Release/libFreeRTOS801.a(heap_4.o)
                              ./usart_serial.o (vPortFree)
/Users/ryanoconnor/Documents/Arduino shit/FreeRTOS801/Release/libFreeRTOS801.a(queue.o)
                              /Users/ryanoconnor/Documents/Arduino shit/FreeRTOS801/Release/libFreeRTOS801.a(i2cMultiMaster.o) (xQueueGenericSend)
/Users/ryanoconnor/Documents/Arduino shit/FreeRTOS801/Release/libFreeRTOS801.a(tasks.o)
                              /Users/ryanoconnor/Documents/Arduino shit/FreeRTOS801/Release/libFreeRTOS801.a(heap_4.o) (vTaskSuspendAll)
/Users/ryanoconnor/Documents/Arduino shit/FreeRTOS801/Release/libFreeRTOS801.a(list.o)
                              /Users/ryanoconnor/Documents/Arduino shit/FreeRTOS801/Release/libFreeRTOS801.a(queue.o) (vListInitialise)
/Users/ryanoconnor/Documents/Arduino shit/FreeRTOS801/Release/libFreeRTOS801.a(runtTimeStatsTimer.o)
                              /Users/ryanoconnor/Documents/Arduino shit/FreeRTOS801/Release/libFreeRTOS801.a(tasks.o) (xconfigTimerForRunTimeStats)
/Applications/Arduino.app/Contents/Resources/Java/hardware/tools/avr/bin/../lib/gcc/avr/4.3.2/../../../../avr/lib/avr6/libm.a(divsf3.o)
                              ./Movement.o (__divsf3)
/Applications/Arduino.app/Contents/Resources/Java/hardware/tools/avr/bin/../lib/gcc/avr/4.3.2/../../../../avr/lib/avr6/libm.a(divsf3x.o)
                              /Applications/Arduino.app/Contents/Resources/Java/hardware/tools/avr/bin/../lib/gcc/avr/4.3.2/../../../../avr/lib/avr6/libm.a(divsf3.o) (__divsf3x)
/Applications/Arduino.app/Contents/Resources/Java/hardware/tools/avr/bin/../lib/gcc/avr/4.3.2/../../../../avr/lib/avr6/libm.a(fixunssfsi.o)
                              ./Movement.o (__fixunssfsi)
/Applications/Arduino.app/Contents/Resources/Java/hardware/tools/avr/bin/../lib/gcc/avr/4.3.2/../../../../avr/lib/avr6/libm.a(floatsisf.o)
                              ./Sonar.o (__floatunsisf)
/Applications/Arduino.app/Contents/Resources/Java/hardware/tools/avr/bin/../lib/gcc/avr/4.3.2/../../../../avr/lib/avr6/libm.a(fp_inf.o)
                              /Applications/Arduino.app/Contents/Resources/Java/hardware/tools/avr/bin/../lib/gcc/avr/4.3.2/../../../../avr/lib/avr6/libm.a(divsf3x.o) (__fp_inf)
/Applications/Arduino.app/Contents/Resources/Java/hardware/tools/avr/bin/../lib/gcc/avr/4.3.2/../../../../avr/lib/avr6/libm.a(fp_nan.o)
                              /Applications/Arduino.app/Contents/Resources/Java/hardware/tools/avr/bin/../lib/gcc/avr/4.3.2/../../../../avr/lib/avr6/libm.a(divsf3x.o) (__fp_nan)
/Applications/Arduino.app/Contents/Resources/Java/hardware/tools/avr/bin/../lib/gcc/avr/4.3.2/../../../../avr/lib/avr6/libm.a(fp_pscA.o)
                              /Applications/Arduino.app/Contents/Resources/Java/hardware/tools/avr/bin/../lib/gcc/avr/4.3.2/../../../../avr/lib/avr6/libm.a(divsf3x.o) (__fp_pscA)
/Applications/Arduino.app/Contents/Resources/Java/hardware/tools/avr/bin/../lib/gcc/avr/4.3.2/../../../../avr/lib/avr6/libm.a(fp_pscB.o)
                              /Applications/Arduino.app/Contents/Resources/Java/hardware/tools/avr/bin/../lib/gcc/avr/4.3.2/../../../../avr/lib/avr6/libm.a(divsf3x.o) (__fp_pscB)
/Applications/Arduino.app/Contents/Resources/Java/hardware/tools/avr/bin/../lib/gcc/avr/4.3.2/../../../../avr/lib/avr6/libm.a(fp_round.o)
                              /Applications/Arduino.app/Contents/Resources/Java/hardware/tools/avr/bin/../lib/gcc/avr/4.3.2/../../../../avr/lib/avr6/libm.a(divsf3.o) (__fp_round)
/Applications/Arduino.app/Contents/Resources/Java/hardware/tools/avr/bin/../lib/gcc/avr/4.3.2/../../../../avr/lib/avr6/libm.a(fp_split3.o)
                              /Applications/Arduino.app/Contents/Resources/Java/hardware/tools/avr/bin/../lib/gcc/avr/4.3.2/../../../../avr/lib/avr6/libm.a(divsf3x.o) (__fp_split3)
/Applications/Arduino.app/Contents/Resources/Java/hardware/tools/avr/bin/../lib/gcc/avr/4.3.2/../../../../avr/lib/avr6/libm.a(fp_zero.o)
                              /Applications/Arduino.app/Contents/Resources/Java/hardware/tools/avr/bin/../lib/gcc/avr/4.3.2/../../../../avr/lib/avr6/libm.a(fixunssfsi.o) (__fp_zero)
/Applications/Arduino.app/Contents/Resources/Java/hardware/tools/avr/bin/../lib/gcc/avr/4.3.2/../../../../avr/lib/avr6/libm.a(mulsf3.o)
                              ./Movement.o (__mulsf3)
/Applications/Arduino.app/Contents/Resources/Java/hardware/tools/avr/bin/../lib/gcc/avr/4.3.2/../../../../avr/lib/avr6/libm.a(mulsf3x.o)
                              /Applications/Arduino.app/Contents/Resources/Java/hardware/tools/avr/bin/../lib/gcc/avr/4.3.2/../../../../avr/lib/avr6/libm.a(mulsf3.o) (__mulsf3x)
/Applications/Arduino.app/Contents/Resources/Java/hardware/tools/avr/bin/../lib/gcc/avr/4.3.2/../../../../avr/lib/avr6/libprintf_flt.a(vfprintf_flt.o)
                              (vfprintf)
/Applications/Arduino.app/Contents/Resources/Java/hardware/tools/avr/bin/../lib/gcc/avr/4.3.2/avr6/libgcc.a(_mulsi3.o)
                              ./motion.o (__mulsi3)
/Applications/Arduino.app/Contents/Resources/Java/hardware/tools/avr/bin/../lib/gcc/avr/4.3.2/avr6/libgcc.a(_udivmodhi4.o)
                              ./wireless_interface.o (__udivmodhi4)
/Applications/Arduino.app/Contents/Resources/Java/hardware/tools/avr/bin/../lib/gcc/avr/4.3.2/avr6/libgcc.a(_divmodhi4.o)
                              ./ReadTmp.o (__divmodhi4)
/Applications/Arduino.app/Contents/Resources/Java/hardware/tools/avr/bin/../lib/gcc/avr/4.3.2/avr6/libgcc.a(_udivmodsi4.o)
                              ./Scan.o (__udivmodsi4)
/Applications/Arduino.app/Contents/Resources/Java/hardware/tools/avr/bin/../lib/gcc/avr/4.3.2/avr6/libgcc.a(_prologue.o)
                              ./LCD.o (__prologue_saves__)
/Applications/Arduino.app/Contents/Resources/Java/hardware/tools/avr/bin/../lib/gcc/avr/4.3.2/avr6/libgcc.a(_epilogue.o)
                              ./LCD.o (__epilogue_restores__)
/Applications/Arduino.app/Contents/Resources/Java/hardware/tools/avr/bin/../lib/gcc/avr/4.3.2/avr6/libgcc.a(_exit.o)
                              /Applications/Arduino.app/Contents/Resources/Java/hardware/tools/avr/bin/../lib/gcc/avr/4.3.2/../../../../avr/lib/avr6/crtm2560.o (exit)
/Applications/Arduino.app/Contents/Resources/Java/hardware/tools/avr/bin/../lib/gcc/avr/4.3.2/avr6/libgcc.a(_tablejump.o)
                              ./wireless_interface.o (__tablejump2__)
/Applications/Arduino.app/Contents/Resources/Java/hardware/tools/avr/bin/../lib/gcc/avr/4.3.2/avr6/libgcc.a(_clear_bss.o)
                              ./LCD.o (__do_clear_bss)
/Applications/Arduino.app/Contents/Resources/Java/hardware/tools/avr/bin/../lib/gcc/avr/4.3.2/../../../../avr/lib/avr6/libc.a(ftoa_engine.o)
                              /Applications/Arduino.app/Contents/Resources/Java/hardware/tools/avr/bin/../lib/gcc/avr/4.3.2/../../../../avr/lib/avr6/libprintf_flt.a(vfprintf_flt.o) (__ftoa_engine)
/Applications/Arduino.app/Contents/Resources/Java/hardware/tools/avr/bin/../lib/gcc/avr/4.3.2/../../../../avr/lib/avr6/libc.a(strlen_P.o)
                              ./usart_serial.o (strlen_P)
/Applications/Arduino.app/Contents/Resources/Java/hardware/tools/avr/bin/../lib/gcc/avr/4.3.2/../../../../avr/lib/avr6/libc.a(strnlen_P.o)
                              /Applications/Arduino.app/Contents/Resources/Java/hardware/tools/avr/bin/../lib/gcc/avr/4.3.2/../../../../avr/lib/avr6/libprintf_flt.a(vfprintf_flt.o) (strnlen_P)
/Applications/Arduino.app/Contents/Resources/Java/hardware/tools/avr/bin/../lib/gcc/avr/4.3.2/../../../../avr/lib/avr6/libc.a(memcpy.o)
                              /Users/ryanoconnor/Documents/Arduino shit/FreeRTOS801/Release/libFreeRTOS801.a(queue.o) (memcpy)
/Applications/Arduino.app/Contents/Resources/Java/hardware/tools/avr/bin/../lib/gcc/avr/4.3.2/../../../../avr/lib/avr6/libc.a(memset.o)
                              ./wireless_interface.o (memset)
/Applications/Arduino.app/Contents/Resources/Java/hardware/tools/avr/bin/../lib/gcc/avr/4.3.2/../../../../avr/lib/avr6/libc.a(strcat.o)
                              ./wireless_interface.o (strcat)
/Applications/Arduino.app/Contents/Resources/Java/hardware/tools/avr/bin/../lib/gcc/avr/4.3.2/../../../../avr/lib/avr6/libc.a(strcpy.o)
                              ./wireless_interface.o (strcpy)
/Applications/Arduino.app/Contents/Resources/Java/hardware/tools/avr/bin/../lib/gcc/avr/4.3.2/../../../../avr/lib/avr6/libc.a(strncat.o)
                              ./wireless_interface.o (strncat)
/Applications/Arduino.app/Contents/Resources/Java/hardware/tools/avr/bin/../lib/gcc/avr/4.3.2/../../../../avr/lib/avr6/libc.a(strncmp.o)
                              ./wireless_interface.o (strncmp)
/Applications/Arduino.app/Contents/Resources/Java/hardware/tools/avr/bin/../lib/gcc/avr/4.3.2/../../../../avr/lib/avr6/libc.a(strncpy.o)
                              ./wireless_interface.o (strncpy)
/Applications/Arduino.app/Contents/Resources/Java/hardware/tools/avr/bin/../lib/gcc/avr/4.3.2/../../../../avr/lib/avr6/libc.a(strnlen.o)
                              /Applications/Arduino.app/Contents/Resources/Java/hardware/tools/avr/bin/../lib/gcc/avr/4.3.2/../../../../avr/lib/avr6/libprintf_flt.a(vfprintf_flt.o) (strnlen)
/Applications/Arduino.app/Contents/Resources/Java/hardware/tools/avr/bin/../lib/gcc/avr/4.3.2/../../../../avr/lib/avr6/libc.a(strstr.o)
                              ./wireless_interface.o (strstr)
/Applications/Arduino.app/Contents/Resources/Java/hardware/tools/avr/bin/../lib/gcc/avr/4.3.2/../../../../avr/lib/avr6/libc.a(fputc.o)
                              /Applications/Arduino.app/Contents/Resources/Java/hardware/tools/avr/bin/../lib/gcc/avr/4.3.2/../../../../avr/lib/avr6/libprintf_flt.a(vfprintf_flt.o) (fputc)
/Applications/Arduino.app/Contents/Resources/Java/hardware/tools/avr/bin/../lib/gcc/avr/4.3.2/../../../../avr/lib/avr6/libc.a(sprintf.o)
                              ./LCD.o (sprintf)
/Applications/Arduino.app/Contents/Resources/Java/hardware/tools/avr/bin/../lib/gcc/avr/4.3.2/../../../../avr/lib/avr6/libc.a(vsnprintf.o)
                              ./usart_serial.o (vsnprintf)
/Applications/Arduino.app/Contents/Resources/Java/hardware/tools/avr/bin/../lib/gcc/avr/4.3.2/../../../../avr/lib/avr6/libc.a(vsnprintf_p.o)
                              ./usart_serial.o (vsnprintf_P)
/Applications/Arduino.app/Contents/Resources/Java/hardware/tools/avr/bin/../lib/gcc/avr/4.3.2/../../../../avr/lib/avr6/libc.a(ultoa_invert.o)
                              /Applications/Arduino.app/Contents/Resources/Java/hardware/tools/avr/bin/../lib/gcc/avr/4.3.2/../../../../avr/lib/avr6/libprintf_flt.a(vfprintf_flt.o) (__ultoa_invert)

Allocating common symbols
Common symbol       size              file

speedDisplay        0x1               ./main.o
rest                0x1               ./main.o
client_web_page     0x25              ./wireless_interface.o
distanceDisplay     0x2               ./main.o
scanTime            0x4               ./main.o
wifi_client         0x1               ./wireless_interface.o
usartComBuf         0x78              ./usart_serial.o
ticCount            0x2               ./main.o
objectDistance      0x2               ./main.o
counter             0x2               ./main.o
lcdString           0x20              ./main.o
ledTemp             0x2               ./ReadTmp.o
gainspan            0x57              ./wireless_interface.o
result              0x12              ./main.o
client_response_buffer
                    0x2               ./wireless_interface.o
usartfd             0x2               ./main.o
__system_time       0x4               /Users/ryanoconnor/Documents/Arduino shit/FreeRTOS801/Release/libFreeRTOS801.a(system_time.o)
wifi_server         0x3               ./wireless_interface.o

Memory Configuration

Name             Origin             Length             Attributes
text             0x00000000         0x00100000         xr
data             0x00800200         0x0000fe00         rw !x
eeprom           0x00810000         0x00010000         rw !x
fuse             0x00820000         0x00000400         rw !x
lock             0x00830000         0x00000400         rw !x
signature        0x00840000         0x00000400         rw !x
*default*        0x00000000         0xffffffff

Linker script and memory map

Address of section .data set to 0x800200
LOAD /Applications/Arduino.app/Contents/Resources/Java/hardware/tools/avr/bin/../lib/gcc/avr/4.3.2/../../../../avr/lib/avr6/crtm2560.o
LOAD ./LCD.o
LOAD ./LED.o
LOAD ./Movement.o
LOAD ./ReadTmp.o
LOAD ./Scan.o
LOAD ./Sonar.o
LOAD ./custom_timer.o
LOAD ./main.o
LOAD ./motion.o
LOAD ./usart_serial.o
LOAD ./wireless_interface.o
LOAD /Users/ryanoconnor/Documents/Arduino shit/FreeRTOS801/Release/libFreeRTOS801.a
LOAD /Applications/Arduino.app/Contents/Resources/Java/hardware/tools/avr/bin/../lib/gcc/avr/4.3.2/../../../../avr/lib/avr6/libm.a
LOAD /Applications/Arduino.app/Contents/Resources/Java/hardware/tools/avr/bin/../lib/gcc/avr/4.3.2/../../../../avr/lib/avr6/libprintf_flt.a
LOAD /Users/ryanoconnor/Documents/Arduino shit/FreeRTOS801/Release/libFreeRTOS801.a
LOAD /Users/ryanoconnor/Documents/Arduino shit/CEG4166_RTS_Lib/Release/libCEG4166_RTS_Lib.a
LOAD /Applications/Arduino.app/Contents/Resources/Java/hardware/tools/avr/bin/../lib/gcc/avr/4.3.2/avr6/libgcc.a
LOAD /Applications/Arduino.app/Contents/Resources/Java/hardware/tools/avr/bin/../lib/gcc/avr/4.3.2/../../../../avr/lib/avr6/libc.a
LOAD /Applications/Arduino.app/Contents/Resources/Java/hardware/tools/avr/bin/../lib/gcc/avr/4.3.2/avr6/libgcc.a

.hash
 *(.hash)

.dynsym
 *(.dynsym)

.dynstr
 *(.dynstr)

.gnu.version
 *(.gnu.version)

.gnu.version_d
 *(.gnu.version_d)

.gnu.version_r
 *(.gnu.version_r)

.rel.init
 *(.rel.init)

.rela.init
 *(.rela.init)

.rel.text
 *(.rel.text)
 *(.rel.text.*)
 *(.rel.gnu.linkonce.t*)

.rela.text
 *(.rela.text)
 *(.rela.text.*)
 *(.rela.gnu.linkonce.t*)

.rel.fini
 *(.rel.fini)

.rela.fini
 *(.rela.fini)

.rel.rodata
 *(.rel.rodata)
 *(.rel.rodata.*)
 *(.rel.gnu.linkonce.r*)

.rela.rodata
 *(.rela.rodata)
 *(.rela.rodata.*)
 *(.rela.gnu.linkonce.r*)

.rel.data
 *(.rel.data)
 *(.rel.data.*)
 *(.rel.gnu.linkonce.d*)

.rela.data
 *(.rela.data)
 *(.rela.data.*)
 *(.rela.gnu.linkonce.d*)

.rel.ctors
 *(.rel.ctors)

.rela.ctors
 *(.rela.ctors)

.rel.dtors
 *(.rel.dtors)

.rela.dtors
 *(.rela.dtors)

.rel.got
 *(.rel.got)

.rela.got
 *(.rela.got)

.rel.bss
 *(.rel.bss)

.rela.bss
 *(.rela.bss)

.rel.plt
 *(.rel.plt)

.rela.plt
 *(.rela.plt)

.text           0x00000000     0xaaae
 *(.vectors)
 .vectors       0x00000000       0xe4 /Applications/Arduino.app/Contents/Resources/Java/hardware/tools/avr/bin/../lib/gcc/avr/4.3.2/../../../../avr/lib/avr6/crtm2560.o
                0x00000000                __vectors
                0x00000000                __vector_default
 *(.vectors)
 *(.progmem.gcc*)
 .progmem.gcc_sw_table
                0x000000e4       0x54 ./wireless_interface.o
 .progmem.gcc_sw_table
                0x00000138      0x182 /Users/ryanoconnor/Documents/Arduino shit/FreeRTOS801/Release/libFreeRTOS801.a(i2cMultiMaster.o)
 *(.progmem*)
 .progmem.data  0x000002ba       0x18 ./main.o
 .progmem.data  0x000002d2        0x8 /Applications/Arduino.app/Contents/Resources/Java/hardware/tools/avr/bin/../lib/gcc/avr/4.3.2/../../../../avr/lib/avr6/libprintf_flt.a(vfprintf_flt.o)
 .progmem.data  0x000002da       0xfa /Applications/Arduino.app/Contents/Resources/Java/hardware/tools/avr/bin/../lib/gcc/avr/4.3.2/../../../../avr/lib/avr6/libc.a(ftoa_engine.o)
                0x000003d4                . = ALIGN (0x2)
                0x000003d4                __trampolines_start = .
 *(.trampolines)
 .trampolines   0x000003d4        0x0 linker stubs
 *(.trampolines*)
                0x000003d4                __trampolines_end = .
 *(.jumptables)
 *(.jumptables*)
 *(.lowtext)
 .lowtext       0x000003d4      0x2e8 /Users/ryanoconnor/Documents/Arduino shit/FreeRTOS801/Release/libFreeRTOS801.a(tasks.o)
 *(.lowtext*)
                0x000006bc                __ctors_start = .
 *(.ctors)
                0x000006bc                __ctors_end = .
                0x000006bc                __dtors_start = .
 *(.dtors)
                0x000006bc                __dtors_end = .
 SORT(*)(.ctors)
 SORT(*)(.dtors)
 *(.init0)
 .init0         0x000006bc        0x0 /Applications/Arduino.app/Contents/Resources/Java/hardware/tools/avr/bin/../lib/gcc/avr/4.3.2/../../../../avr/lib/avr6/crtm2560.o
                0x000006bc                __init
 *(.init0)
 *(.init1)
 *(.init1)
 *(.init2)
 .init2         0x000006bc       0x10 /Applications/Arduino.app/Contents/Resources/Java/hardware/tools/avr/bin/../lib/gcc/avr/4.3.2/../../../../avr/lib/avr6/crtm2560.o
 *(.init2)
 *(.init3)
 *(.init3)
 *(.init4)
 .init4         0x000006cc       0x1c /Applications/Arduino.app/Contents/Resources/Java/hardware/tools/avr/bin/../lib/gcc/avr/4.3.2/../../../../avr/lib/avr6/crtm2560.o
                0x000006cc                __do_copy_data
 .init4         0x000006e8       0x10 /Applications/Arduino.app/Contents/Resources/Java/hardware/tools/avr/bin/../lib/gcc/avr/4.3.2/avr6/libgcc.a(_clear_bss.o)
                0x000006e8                __do_clear_bss
 *(.init4)
 *(.init5)
 *(.init5)
 *(.init6)
 *(.init6)
 *(.init7)
 *(.init7)
 *(.init8)
 *(.init8)
 *(.init9)
 .init9         0x000006f8        0x8 /Applications/Arduino.app/Contents/Resources/Java/hardware/tools/avr/bin/../lib/gcc/avr/4.3.2/../../../../avr/lib/avr6/crtm2560.o
 *(.init9)
 *(.text)
 .text          0x00000700        0x4 /Applications/Arduino.app/Contents/Resources/Java/hardware/tools/avr/bin/../lib/gcc/avr/4.3.2/../../../../avr/lib/avr6/crtm2560.o
                0x00000700                __vector_38
                0x00000700                __vector_22
                0x00000700                __vector_28
                0x00000700                __vector_1
                0x00000700                __vector_34
                0x00000700                __vector_24
                0x00000700                __vector_12
                0x00000700                __bad_interrupt
                0x00000700                __vector_6
                0x00000700                __vector_31
                0x00000700                __vector_35
                0x00000700                __vector_3
                0x00000700                __vector_30
                0x00000700                __vector_11
                0x00000700                __vector_13
                0x00000700                __vector_17
                0x00000700                __vector_19
                0x00000700                __vector_56
                0x00000700                __vector_7
                0x00000700                __vector_49
                0x00000700                __vector_43
                0x00000700                __vector_27
                0x00000700                __vector_5
                0x00000700                __vector_33
                0x00000700                __vector_47
                0x00000700                __vector_4
                0x00000700                __vector_44
                0x00000700                __vector_9
                0x00000700                __vector_2
                0x00000700                __vector_21
                0x00000700                __vector_15
                0x00000700                __vector_29
                0x00000700                __vector_40
                0x00000700                __vector_8
                0x00000700                __vector_48
                0x00000700                __vector_14
                0x00000700                __vector_53
                0x00000700                __vector_10
                0x00000700                __vector_16
                0x00000700                __vector_18
                0x00000700                __vector_20
                0x00000700                __vector_42
 .text          0x00000704        0x0 ./LCD.o
 .text          0x00000704        0x0 ./LED.o
 .text          0x00000704        0x0 ./Movement.o
 .text          0x00000704        0x0 ./ReadTmp.o
 .text          0x00000704        0x0 ./Scan.o
 .text          0x00000704        0x0 ./Sonar.o
 .text          0x00000704        0x0 ./custom_timer.o
 .text          0x00000704        0x0 ./main.o
 .text          0x00000704        0x0 ./motion.o
 .text          0x00000704        0x0 ./usart_serial.o
 .text          0x00000704        0x0 ./wireless_interface.o
 .text          0x00000704        0x0 /Users/ryanoconnor/Documents/Arduino shit/FreeRTOS801/Release/libFreeRTOS801.a(port.o)
 .text          0x00000704       0x38 /Users/ryanoconnor/Documents/Arduino shit/FreeRTOS801/Release/libFreeRTOS801.a(system_tick.o)
                0x00000704                system_tick
 .text          0x0000073c        0x0 /Users/ryanoconnor/Documents/Arduino shit/FreeRTOS801/Release/libFreeRTOS801.a(system_time.o)
 .text          0x0000073c        0x0 /Users/ryanoconnor/Documents/Arduino shit/FreeRTOS801/Release/libFreeRTOS801.a(i2cMultiMaster.o)
 .text          0x0000073c        0x0 /Users/ryanoconnor/Documents/Arduino shit/FreeRTOS801/Release/libFreeRTOS801.a(heap_4.o)
 .text          0x0000073c        0x0 /Users/ryanoconnor/Documents/Arduino shit/FreeRTOS801/Release/libFreeRTOS801.a(queue.o)
 .text          0x0000073c        0x0 /Users/ryanoconnor/Documents/Arduino shit/FreeRTOS801/Release/libFreeRTOS801.a(tasks.o)
 .text          0x0000073c        0x0 /Users/ryanoconnor/Documents/Arduino shit/FreeRTOS801/Release/libFreeRTOS801.a(list.o)
 .text          0x0000073c        0x0 /Users/ryanoconnor/Documents/Arduino shit/FreeRTOS801/Release/libFreeRTOS801.a(runtTimeStatsTimer.o)
 .text          0x0000073c        0x0 /Applications/Arduino.app/Contents/Resources/Java/hardware/tools/avr/bin/../lib/gcc/avr/4.3.2/../../../../avr/lib/avr6/libm.a(divsf3.o)
 .text          0x0000073c        0x0 /Applications/Arduino.app/Contents/Resources/Java/hardware/tools/avr/bin/../lib/gcc/avr/4.3.2/../../../../avr/lib/avr6/libm.a(divsf3x.o)
 .text          0x0000073c        0x0 /Applications/Arduino.app/Contents/Resources/Java/hardware/tools/avr/bin/../lib/gcc/avr/4.3.2/../../../../avr/lib/avr6/libm.a(fixunssfsi.o)
 .text          0x0000073c        0x0 /Applications/Arduino.app/Contents/Resources/Java/hardware/tools/avr/bin/../lib/gcc/avr/4.3.2/../../../../avr/lib/avr6/libm.a(floatsisf.o)
 .text          0x0000073c        0x0 /Applications/Arduino.app/Contents/Resources/Java/hardware/tools/avr/bin/../lib/gcc/avr/4.3.2/../../../../avr/lib/avr6/libm.a(fp_inf.o)
 .text          0x0000073c        0x0 /Applications/Arduino.app/Contents/Resources/Java/hardware/tools/avr/bin/../lib/gcc/avr/4.3.2/../../../../avr/lib/avr6/libm.a(fp_nan.o)
 .text          0x0000073c        0x0 /Applications/Arduino.app/Contents/Resources/Java/hardware/tools/avr/bin/../lib/gcc/avr/4.3.2/../../../../avr/lib/avr6/libm.a(fp_pscA.o)
 .text          0x0000073c        0x0 /Applications/Arduino.app/Contents/Resources/Java/hardware/tools/avr/bin/../lib/gcc/avr/4.3.2/../../../../avr/lib/avr6/libm.a(fp_pscB.o)
 .text          0x0000073c        0x0 /Applications/Arduino.app/Contents/Resources/Java/hardware/tools/avr/bin/../lib/gcc/avr/4.3.2/../../../../avr/lib/avr6/libm.a(fp_round.o)
 .text          0x0000073c        0x0 /Applications/Arduino.app/Contents/Resources/Java/hardware/tools/avr/bin/../lib/gcc/avr/4.3.2/../../../../avr/lib/avr6/libm.a(fp_split3.o)
 .text          0x0000073c        0x0 /Applications/Arduino.app/Contents/Resources/Java/hardware/tools/avr/bin/../lib/gcc/avr/4.3.2/../../../../avr/lib/avr6/libm.a(fp_zero.o)
 .text          0x0000073c        0x0 /Applications/Arduino.app/Contents/Resources/Java/hardware/tools/avr/bin/../lib/gcc/avr/4.3.2/../../../../avr/lib/avr6/libm.a(mulsf3.o)
 .text          0x0000073c        0x0 /Applications/Arduino.app/Contents/Resources/Java/hardware/tools/avr/bin/../lib/gcc/avr/4.3.2/../../../../avr/lib/avr6/libm.a(mulsf3x.o)
 .text          0x0000073c      0x712 /Applications/Arduino.app/Contents/Resources/Java/hardware/tools/avr/bin/../lib/gcc/avr/4.3.2/../../../../avr/lib/avr6/libprintf_flt.a(vfprintf_flt.o)
                0x0000073c                vfprintf
 .text          0x00000e4e        0x0 /Applications/Arduino.app/Contents/Resources/Java/hardware/tools/avr/bin/../lib/gcc/avr/4.3.2/avr6/libgcc.a(_mulsi3.o)
 .text          0x00000e4e        0x0 /Applications/Arduino.app/Contents/Resources/Java/hardware/tools/avr/bin/../lib/gcc/avr/4.3.2/avr6/libgcc.a(_udivmodhi4.o)
 .text          0x00000e4e        0x0 /Applications/Arduino.app/Contents/Resources/Java/hardware/tools/avr/bin/../lib/gcc/avr/4.3.2/avr6/libgcc.a(_divmodhi4.o)
 .text          0x00000e4e        0x0 /Applications/Arduino.app/Contents/Resources/Java/hardware/tools/avr/bin/../lib/gcc/avr/4.3.2/avr6/libgcc.a(_udivmodsi4.o)
 .text          0x00000e4e        0x0 /Applications/Arduino.app/Contents/Resources/Java/hardware/tools/avr/bin/../lib/gcc/avr/4.3.2/avr6/libgcc.a(_prologue.o)
 .text          0x00000e4e        0x0 /Applications/Arduino.app/Contents/Resources/Java/hardware/tools/avr/bin/../lib/gcc/avr/4.3.2/avr6/libgcc.a(_epilogue.o)
 .text          0x00000e4e        0x0 /Applications/Arduino.app/Contents/Resources/Java/hardware/tools/avr/bin/../lib/gcc/avr/4.3.2/avr6/libgcc.a(_exit.o)
 .text          0x00000e4e        0x0 /Applications/Arduino.app/Contents/Resources/Java/hardware/tools/avr/bin/../lib/gcc/avr/4.3.2/avr6/libgcc.a(_tablejump.o)
 .text          0x00000e4e        0x0 /Applications/Arduino.app/Contents/Resources/Java/hardware/tools/avr/bin/../lib/gcc/avr/4.3.2/avr6/libgcc.a(_clear_bss.o)
 .text          0x00000e4e      0x1b0 /Applications/Arduino.app/Contents/Resources/Java/hardware/tools/avr/bin/../lib/gcc/avr/4.3.2/../../../../avr/lib/avr6/libc.a(ftoa_engine.o)
                0x00000e4e                __ftoa_engine
 .text          0x00000ffe       0x12 /Applications/Arduino.app/Contents/Resources/Java/hardware/tools/avr/bin/../lib/gcc/avr/4.3.2/../../../../avr/lib/avr6/libc.a(strlen_P.o)
                0x00000ffe                strlen_P
 .text          0x00001010       0x16 /Applications/Arduino.app/Contents/Resources/Java/hardware/tools/avr/bin/../lib/gcc/avr/4.3.2/../../../../avr/lib/avr6/libc.a(strnlen_P.o)
                0x00001010                strnlen_P
 .text          0x00001026       0x12 /Applications/Arduino.app/Contents/Resources/Java/hardware/tools/avr/bin/../lib/gcc/avr/4.3.2/../../../../avr/lib/avr6/libc.a(memcpy.o)
                0x00001026                memcpy
 .text          0x00001038        0xe /Applications/Arduino.app/Contents/Resources/Java/hardware/tools/avr/bin/../lib/gcc/avr/4.3.2/../../../../avr/lib/avr6/libc.a(memset.o)
                0x00001038                memset
 .text          0x00001046       0x16 /Applications/Arduino.app/Contents/Resources/Java/hardware/tools/avr/bin/../lib/gcc/avr/4.3.2/../../../../avr/lib/avr6/libc.a(strcat.o)
                0x00001046                strcat
 .text          0x0000105c        0xe /Applications/Arduino.app/Contents/Resources/Java/hardware/tools/avr/bin/../lib/gcc/avr/4.3.2/../../../../avr/lib/avr6/libc.a(strcpy.o)
                0x0000105c                strcpy
 .text          0x0000106a       0x20 /Applications/Arduino.app/Contents/Resources/Java/hardware/tools/avr/bin/../lib/gcc/avr/4.3.2/../../../../avr/lib/avr6/libc.a(strncat.o)
                0x0000106a                strncat
 .text          0x0000108a       0x1c /Applications/Arduino.app/Contents/Resources/Java/hardware/tools/avr/bin/../lib/gcc/avr/4.3.2/../../../../avr/lib/avr6/libc.a(strncmp.o)
                0x0000108a                strncmp
 .text          0x000010a6       0x1e /Applications/Arduino.app/Contents/Resources/Java/hardware/tools/avr/bin/../lib/gcc/avr/4.3.2/../../../../avr/lib/avr6/libc.a(strncpy.o)
                0x000010a6                strncpy
 .text          0x000010c4       0x16 /Applications/Arduino.app/Contents/Resources/Java/hardware/tools/avr/bin/../lib/gcc/avr/4.3.2/../../../../avr/lib/avr6/libc.a(strnlen.o)
                0x000010c4                strnlen
 .text          0x000010da       0x34 /Applications/Arduino.app/Contents/Resources/Java/hardware/tools/avr/bin/../lib/gcc/avr/4.3.2/../../../../avr/lib/avr6/libc.a(strstr.o)
                0x000010da                strstr
 .text          0x0000110e       0x58 /Applications/Arduino.app/Contents/Resources/Java/hardware/tools/avr/bin/../lib/gcc/avr/4.3.2/../../../../avr/lib/avr6/libc.a(fputc.o)
                0x0000110e                fputc
 .text          0x00001166       0x48 /Applications/Arduino.app/Contents/Resources/Java/hardware/tools/avr/bin/../lib/gcc/avr/4.3.2/../../../../avr/lib/avr6/libc.a(sprintf.o)
                0x00001166                sprintf
 .text          0x000011ae       0x54 /Applications/Arduino.app/Contents/Resources/Java/hardware/tools/avr/bin/../lib/gcc/avr/4.3.2/../../../../avr/lib/avr6/libc.a(vsnprintf.o)
                0x000011ae                vsnprintf
 .text          0x00001202       0x54 /Applications/Arduino.app/Contents/Resources/Java/hardware/tools/avr/bin/../lib/gcc/avr/4.3.2/../../../../avr/lib/avr6/libc.a(vsnprintf_p.o)
                0x00001202                vsnprintf_P
 .text          0x00001256       0xbc /Applications/Arduino.app/Contents/Resources/Java/hardware/tools/avr/bin/../lib/gcc/avr/4.3.2/../../../../avr/lib/avr6/libc.a(ultoa_invert.o)
                0x00001256                __ultoa_invert
                0x00001312                . = ALIGN (0x2)
 *(.text.*)
 .text.printForAttachmentMode
                0x00001312       0x3a ./LCD.o
                0x00001312                printForAttachmentMode
 .text.printForCommandMode
                0x0000134c      0x2e8 ./LCD.o
                0x0000134c                printForCommandMode
 .text.lcdPrint
                0x00001634       0x60 ./LCD.o
                0x00001634                lcdPrint
 .text.changeLED
                0x00001694       0x80 ./LED.o
                0x00001694                changeLED
 .text.distanceAndSpeed
                0x00001714      0x120 ./Movement.o
                0x00001714                distanceAndSpeed
 .text.robotStop
                0x00001834       0x18 ./Movement.o
                0x00001834                robotStop
 .text.robotSteady
                0x0000184c       0x1e ./Movement.o
                0x0000184c                robotSteady
 .text.robotRight
                0x0000186a       0x34 ./Movement.o
                0x0000186a                robotRight
 .text.robotLeft
                0x0000189e       0x34 ./Movement.o
                0x0000189e                robotLeft
 .text.robotForward
                0x000018d2       0x34 ./Movement.o
                0x000018d2                robotForward
 .text.robotBackward
                0x00001906       0x34 ./Movement.o
                0x00001906                robotBackward
 .text.getTempSpike
                0x0000193a       0x14 ./ReadTmp.o
                0x0000193a                getTempSpike
 .text.getCurrentTemp
                0x0000194e        0x8 ./ReadTmp.o
                0x0000194e                getCurrentTemp
 .text.TaskReadTemperature
                0x00001956      0x154 ./ReadTmp.o
                0x00001956                TaskReadTemperature
 .text.move     0x00001aaa      0x274 ./Scan.o
                0x00001aaa                move
 .text.getObjectDistance
                0x00001d1e       0x4c ./Sonar.o
                0x00001d1e                getObjectDistance
 .text.initialize_module_timer0
                0x00001d6a       0x3e ./custom_timer.o
                0x00001d6a                initialize_module_timer0
 .text.time_in_microseconds
                0x00001da8       0x4e ./custom_timer.o
                0x00001da8                time_in_microseconds
 .text.time_in_milliseconds
                0x00001df6       0x1c ./custom_timer.o
                0x00001df6                time_in_milliseconds
 .text.delay_milliseconds
                0x00001e12       0xd4 ./custom_timer.o
                0x00001e12                delay_milliseconds
 .text.__vector_23
                0x00001ee6       0x90 ./custom_timer.o
                0x00001ee6                __vector_23
 .text.vApplicationStackOverflowHook
                0x00001f76        0x2 ./main.o
                0x00001f76                vApplicationStackOverflowHook
 .text.main     0x00001f78      0x154 ./main.o
                0x00001f78                main
 .text.moveRobot
                0x000020cc       0x88 ./main.o
                0x000020cc                moveRobot
 .text.processRequests
                0x00002154       0x80 ./main.o
                0x00002154                processRequests
 .text.scheduler
                0x000021d4       0x42 ./main.o
                0x000021d4                scheduler
 .text.motion_servo_start
                0x00002216       0xc4 ./motion.o
                0x00002216                motion_servo_start
 .text.motion_servo_stop
                0x000022da       0x9e ./motion.o
                0x000022da                motion_servo_stop
 .text.motion_servo_set_pulse_width
                0x00002378       0x36 ./motion.o
                0x00002378                motion_servo_set_pulse_width
 .text.motion_servo_get_pulse_width
                0x000023ae       0x2a ./motion.o
                0x000023ae                motion_servo_get_pulse_width
 .text.motion_enc_read
                0x000023d8       0x5a ./motion.o
                0x000023d8                motion_enc_read
 .text.__vector_45
                0x00002432       0x4a ./motion.o
                0x00002432                __vector_45
 .text.__vector_50
                0x0000247c       0x4a ./motion.o
                0x0000247c                __vector_50
 .text.__vector_41
                0x000024c6      0x116 ./motion.o
                0x000024c6                __vector_41
 .text.__vector_46
                0x000025dc      0x11c ./motion.o
                0x000025dc                __vector_46
 .text.motion_init
                0x000026f8      0x13e ./motion.o
                0x000026f8                motion_init
 .text.setDefaultUSART
                0x00002836        0xa ./usart_serial.o
                0x00002836                setDefaultUSART
 .text.usartWrite
                0x00002840       0x56 ./usart_serial.o
                0x00002840                usartWrite
 .text.usartRead
                0x00002896       0x60 ./usart_serial.o
                0x00002896                usartRead
 .text.usart_xflushRx
                0x000028f6       0x9c ./usart_serial.o
                0x000028f6                usart_xflushRx
 .text.usart_AvailableCharRx
                0x00002992       0x32 ./usart_serial.o
                0x00002992                usart_AvailableCharRx
 .text.usart_xgetChar
                0x000029c4       0x9e ./usart_serial.o
                0x000029c4                usart_xgetChar
 .text.usart_xputChar
                0x00002a62      0x136 ./usart_serial.o
                0x00002a62                usart_xputChar
 .text.usartCheckRxComplete
                0x00002b98       0x22 ./usart_serial.o
                0x00002b98                usartCheckRxComplete
 .text.usartCheckTxReady
                0x00002bba       0x22 ./usart_serial.o
                0x00002bba                usartCheckTxReady
 .text.xmitInterrupt_On
                0x00002bdc       0x2a ./usart_serial.o
                0x00002bdc                xmitInterrupt_On
 .text.xmitInterrupt_Off
                0x00002c06       0x2a ./usart_serial.o
                0x00002c06                xmitInterrupt_Off
 .text.usart_rx_isr
                0x00002c30       0xe6 ./usart_serial.o
                0x00002c30                usart_rx_isr
 .text.__vector_54
                0x00002d16       0x54 ./usart_serial.o
                0x00002d16                __vector_54
 .text.__vector_51
                0x00002d6a       0x54 ./usart_serial.o
                0x00002d6a                __vector_51
 .text.__vector_36
                0x00002dbe       0x54 ./usart_serial.o
                0x00002dbe                __vector_36
 .text.__vector_25
                0x00002e12       0x54 ./usart_serial.o
                0x00002e12                __vector_25
 .text.usart_tx_isr
                0x00002e66       0xd6 ./usart_serial.o
                0x00002e66                usart_tx_isr
 .text.__vector_55
                0x00002f3c       0x54 ./usart_serial.o
                0x00002f3c                __vector_55
 .text.__vector_52
                0x00002f90       0x54 ./usart_serial.o
                0x00002f90                __vector_52
 .text.__vector_37
                0x00002fe4       0x54 ./usart_serial.o
                0x00002fe4                __vector_37
 .text.__vector_26
                0x00003038       0x54 ./usart_serial.o
                0x00003038                __vector_26
 .text.usart_xfprint_P
                0x0000308c       0x42 ./usart_serial.o
                0x0000308c                usart_xfprint_P
 .text.usart_xprint_P
                0x000030ce       0x10 ./usart_serial.o
                0x000030ce                usart_xprint_P
 .text.usart_fprint_P
                0x000030de       0x8c ./usart_serial.o
                0x000030de                usart_fprint_P
 .text.usart_print_P
                0x0000316a       0x10 ./usart_serial.o
                0x0000316a                usart_print_P
 .text.usart_xfprint
                0x0000317a       0x4c ./usart_serial.o
                0x0000317a                usart_xfprint
 .text.usart_xfprintf_P_arg
                0x000031c6       0xa2 ./usart_serial.o
                0x000031c6                usart_xfprintf_P_arg
 .text.usart_xfprintf_arg
                0x00003268       0xa2 ./usart_serial.o
                0x00003268                usart_xfprintf_arg
 .text.usart_xprint
                0x0000330a       0x10 ./usart_serial.o
                0x0000330a                usart_xprint
 .text.usart_fprint
                0x0000331a       0x8e ./usart_serial.o
                0x0000331a                usart_fprint
 .text.usart_fprintf_P_arg
                0x000033a8       0x72 ./usart_serial.o
                0x000033a8                usart_fprintf_P_arg
 .text.usart_fprintf_arg
                0x0000341a       0x72 ./usart_serial.o
                0x0000341a                usart_fprintf_arg
 .text.usart_print
                0x0000348c       0x10 ./usart_serial.o
                0x0000348c                usart_print
 .text.usart_xfprintf_P
                0x0000349c       0x28 ./usart_serial.o
                0x0000349c                usart_xfprintf_P
 .text.usart_xfprintf
                0x000034c4       0x28 ./usart_serial.o
                0x000034c4                usart_xfprintf
 .text.usart_xprintf_P
                0x000034ec       0x2a ./usart_serial.o
                0x000034ec                usart_xprintf_P
 .text.usart_xprintf
                0x00003516       0x2a ./usart_serial.o
                0x00003516                usart_xprintf
 .text.usart_fprintf_P
                0x00003540       0x28 ./usart_serial.o
                0x00003540                usart_fprintf_P
 .text.usart_fprintf
                0x00003568       0x28 ./usart_serial.o
                0x00003568                usart_fprintf
 .text.usart_printf_P
                0x00003590       0x2a ./usart_serial.o
                0x00003590                usart_printf_P
 .text.usart_printf
                0x000035ba       0x2a ./usart_serial.o
                0x000035ba                usart_printf
 .text.usartClose
                0x000035e4       0x8a ./usart_serial.o
                0x000035e4                usartClose
 .text.usartOpen
                0x0000366e      0x1ac ./usart_serial.o
                0x0000366e                usartOpen
 .text.gs_set_usart
                0x0000381a       0x42 ./wireless_interface.o
                0x0000381a                gs_set_usart
 .text.gs_get_socket_status
                0x0000385c       0x2c ./wireless_interface.o
                0x0000385c                gs_get_socket_status
 .text.gs_activate_socket
                0x00003888       0x42 ./wireless_interface.o
                0x00003888                gs_activate_socket
 .text.gs_get_active_socket
                0x000038ca        0x6 ./wireless_interface.o
                0x000038ca                gs_get_active_socket
 .text.gs_get_socket_protocol
                0x000038d0       0x1e ./wireless_interface.o
                0x000038d0                gs_get_socket_protocol
 .text.gs_get_socket_port
                0x000038ee       0x1e ./wireless_interface.o
                0x000038ee                gs_get_socket_port
 .text.gs_get_data_on_socket_status
                0x0000390c       0x18 ./wireless_interface.o
                0x0000390c                gs_get_data_on_socket_status
 .text.gs_configure_socket
                0x00003924       0x2e ./wireless_interface.o
                0x00003924                gs_configure_socket
 .text.gs_get_socket_having_active_connection_and_data
                0x00003952       0x26 ./wireless_interface.o
                0x00003952                gs_get_socket_having_active_connection_and_data
 .text.gs_get_socket_connection_status
                0x00003978       0x30 ./wireless_interface.o
                0x00003978                gs_get_socket_connection_status
 .text.get_next_client_response
                0x000039a8       0x2c ./wireless_interface.o
                0x000039a8                get_next_client_response
 .text.hex_to_int
                0x000039d4       0x24 ./wireless_interface.o
                0x000039d4                hex_to_int
 .text.int_to_hex
                0x000039f8       0x1a ./wireless_interface.o
                0x000039f8                int_to_hex
 .text.initialize_web_server
                0x00003a12       0x20 ./wireless_interface.o
                0x00003a12                initialize_web_server
 .text.gs_send_activation_status_to_serial_terminal
                0x00003a32      0x106 ./wireless_interface.o
                0x00003a32                gs_send_activation_status_to_serial_terminal
 .text.gs_send_command_response_to_serial_terminal
                0x00003b38      0x12c ./wireless_interface.o
                0x00003b38                gs_send_command_response_to_serial_terminal
 .text.gs_reset_socket
                0x00003c64      0x162 ./wireless_interface.o
                0x00003c64                gs_reset_socket
 .text.gs_parse_command_response_tcp
                0x00003dc6      0x398 ./wireless_interface.o
                0x00003dc6                gs_parse_command_response_tcp
 .text.gs_parse_command_response
                0x0000415e       0xd8 ./wireless_interface.o
                0x0000415e                gs_parse_command_response
 .text.gs_flush
                0x00004236       0x3e ./wireless_interface.o
                0x00004236                gs_flush
 .text.gs_send_command
                0x00004274      0x6fa ./wireless_interface.o
                0x00004274                gs_send_command
 .text.gs_get_command_response
                0x0000496e       0xcc ./wireless_interface.o
                0x0000496e                gs_get_command_response
 .text.gs_read_data_from_socket
                0x00004a3a      0x23c ./wireless_interface.o
                0x00004a3a                gs_read_data_from_socket
 .text.gs_disconnect_deactivate_socket
                0x00004c76      0x17e ./wireless_interface.o
                0x00004c76                gs_disconnect_deactivate_socket
 .text.gs_enable_activate_socket
                0x00004df4       0xaa ./wireless_interface.o
                0x00004df4                gs_enable_activate_socket
 .text.start_web_server
                0x00004e9e       0xc6 ./wireless_interface.o
                0x00004e9e                start_web_server
 .text.gs_activate_wireless_connection
                0x00004f64      0x256 ./wireless_interface.o
                0x00004f64                gs_activate_wireless_connection
 .text.gs_initialize_gainspan
                0x000051ba      0x1c8 ./wireless_interface.o
                0x000051ba                gs_initialize_gainspan
 .text.gs_initialize_module
                0x00005382       0x6e ./wireless_interface.o
                0x00005382                gs_initialize_module
 .text.gs_set_webserver_authentication
                0x000053f0       0x32 ./wireless_interface.o
                0x000053f0                gs_set_webserver_authentication
 .text.gs_set_wireless_ssid
                0x00005422       0x10 ./wireless_interface.o
                0x00005422                gs_set_wireless_ssid
 .text.gs_set_wireless_configuration
                0x00005432       0x8e ./wireless_interface.o
                0x00005432                gs_set_wireless_configuration
 .text.gs_set_network_configuration
                0x000054c0       0x54 ./wireless_interface.o
                0x000054c0                gs_set_network_configuration
 .text.add_element_choice
                0x00005514      0x112 ./wireless_interface.o
                0x00005514                add_element_choice
 .text.configure_web_page
                0x00005626      0x1ae ./wireless_interface.o
                0x00005626                configure_web_page
 .text.gs_write_data_to_socket
                0x000057d4      0x1a8 ./wireless_interface.o
                0x000057d4                gs_write_data_to_socket
 .text.process_client_request
                0x0000597c      0x454 ./wireless_interface.o
                0x0000597c                process_client_request
 .text.hot      0x00005dd0      0x12a /Users/ryanoconnor/Documents/Arduino shit/FreeRTOS801/Release/libFreeRTOS801.a(port.o)
                0x00005e66                xPortStartScheduler
                0x00005ef8                vPortEndScheduler
                0x00005dd0                pxPortInitialiseStack
 .text.vPortYieldFromTick
                0x00005efa       0xf8 /Users/ryanoconnor/Documents/Arduino shit/FreeRTOS801/Release/libFreeRTOS801.a(port.o)
                0x00005efa                vPortYieldFromTick
 .text.__vector_32
                0x00005ff2        0x6 /Users/ryanoconnor/Documents/Arduino shit/FreeRTOS801/Release/libFreeRTOS801.a(port.o)
                0x00005ff2                __vector_32
 .text.vPortYield
                0x00005ff8       0xc2 /Users/ryanoconnor/Documents/Arduino shit/FreeRTOS801/Release/libFreeRTOS801.a(port.o)
                0x00005ff8                vPortYield
 .text.I2C_Slave_Start_Transceiver
                0x000060ba       0x1a /Users/ryanoconnor/Documents/Arduino shit/FreeRTOS801/Release/libFreeRTOS801.a(i2cMultiMaster.o)
                0x000060ba                I2C_Slave_Start_Transceiver
 .text.I2C_Master_Start_Transceiver
                0x000060d4       0x1a /Users/ryanoconnor/Documents/Arduino shit/FreeRTOS801/Release/libFreeRTOS801.a(i2cMultiMaster.o)
                0x000060d4                I2C_Master_Start_Transceiver
 .text.I2C_Slave_Start_Transceiver_With_Data
                0x000060ee       0x40 /Users/ryanoconnor/Documents/Arduino shit/FreeRTOS801/Release/libFreeRTOS801.a(i2cMultiMaster.o)
                0x000060ee                I2C_Slave_Start_Transceiver_With_Data
 .text.I2C_Master_Start_Transceiver_With_Data
                0x0000612e       0x4e /Users/ryanoconnor/Documents/Arduino shit/FreeRTOS801/Release/libFreeRTOS801.a(i2cMultiMaster.o)
                0x0000612e                I2C_Master_Start_Transceiver_With_Data
 .text.I2C_Slave_Get_Data_From_Transceiver
                0x0000617c       0x48 /Users/ryanoconnor/Documents/Arduino shit/FreeRTOS801/Release/libFreeRTOS801.a(i2cMultiMaster.o)
                0x0000617c                I2C_Slave_Get_Data_From_Transceiver
 .text.I2C_Master_Get_Data_From_Transceiver
                0x000061c4       0x40 /Users/ryanoconnor/Documents/Arduino shit/FreeRTOS801/Release/libFreeRTOS801.a(i2cMultiMaster.o)
                0x000061c4                I2C_Master_Get_Data_From_Transceiver
 .text.I2C_Check_Free_After_Stop
                0x00006204       0x12 /Users/ryanoconnor/Documents/Arduino shit/FreeRTOS801/Release/libFreeRTOS801.a(i2cMultiMaster.o)
                0x00006204                I2C_Check_Free_After_Stop
 .text.I2C_Get_State_Info
                0x00006216        0xe /Users/ryanoconnor/Documents/Arduino shit/FreeRTOS801/Release/libFreeRTOS801.a(i2cMultiMaster.o)
                0x00006216                I2C_Get_State_Info
 .text.__vector_39
                0x00006224      0x1b2 /Users/ryanoconnor/Documents/Arduino shit/FreeRTOS801/Release/libFreeRTOS801.a(i2cMultiMaster.o)
                0x00006224                __vector_39
 .text.I2C_Master_Initialise
                0x000063d6       0x60 /Users/ryanoconnor/Documents/Arduino shit/FreeRTOS801/Release/libFreeRTOS801.a(i2cMultiMaster.o)
                0x000063d6                I2C_Master_Initialise
 .text.I2C_Slave_Initialise
                0x00006436       0x50 /Users/ryanoconnor/Documents/Arduino shit/FreeRTOS801/Release/libFreeRTOS801.a(i2cMultiMaster.o)
                0x00006436                I2C_Slave_Initialise
 .text.hot      0x00006486      0x2f8 /Users/ryanoconnor/Documents/Arduino shit/FreeRTOS801/Release/libFreeRTOS801.a(heap_4.o)
                0x00006486                xPortGetFreeHeapSize
                0x0000649c                vPortFree
                0x00006582                pvPortMalloc
                0x0000649a                vPortInitialiseBlocks
                0x00006490                xPortGetMinimumEverFreeHeapSize
 .text.hot      0x0000677e      0xc06 /Users/ryanoconnor/Documents/Arduino shit/FreeRTOS801/Release/libFreeRTOS801.a(queue.o)
                0x00006c70                xQueueGenericSendFromISR
                0x000067fe                xQueuePeekFromISR
                0x000067a8                uxQueueGetQueueNumber
                0x000067e0                vQueueDelete
                0x00006d82                xQueueGenericSend
                0x000067b4                ucQueueGetQueueType
                0x00006858                xQueueReceiveFromISR
                0x000072a8                xQueueGenericCreate
                0x000067ae                vQueueSetQueueNumber
                0x0000678e                uxQueueSpacesAvailable
                0x000067ca                xQueueIsQueueFullFromISR
                0x000068e8                xQueueGenericReceive
                0x0000677e                uxQueueMessagesWaiting
                0x00007218                xQueueGenericReset
                0x000067a2                uxQueueMessagesWaitingFromISR
                0x000067ba                xQueueIsQueueEmptyFromISR
                0x00007136                xQueueCreateMutex
 .text.hot      0x00007384     0x3098 /Users/ryanoconnor/Documents/Arduino shit/FreeRTOS801/Release/libFreeRTOS801.a(tasks.o)
                0x00007aae                vTaskPlaceOnUnorderedEventList
                0x00008032                vTaskGetRunTimeStats
                0x0000a03a                vTaskEndScheduler
                0x00007b8c                vTaskPlaceOnEventList
                0x0000a046                xTaskGenericCreate
                0x000075ca                uxTaskGetStackHighWaterMark
                0x00007a00                xTaskResumeFromISR
                0x00007390                xTaskGetTickCount
                0x000077b8                xTaskRemoveFromEventList
                0x00009f70                vTaskDelete
                0x000073ce                xTaskCheckForTimeOut
                0x00007384                vTaskSuspendAll
                0x000073a6                xTaskGetTickCountFromISR
                0x00007644                vTaskPriorityDisinherit
                0x000076a8                vTaskPriorityInherit
                0x00009672                vTaskResume
                0x00007c5c                vTaskSwitchContext
                0x00007462                vTaskSetTaskNumber
                0x000096fe                vTaskSuspend
                0x000073b2                uxTaskGetNumberOfTasks
                0x00008b80                vTaskList
                0x00007454                uxTaskGetTaskNumber
                0x00009c30                vTaskDelayUntil
                0x00007608                xTaskGetCurrentTaskHandle
                0x00007748                xTaskRemoveFromUnorderedEventList
                0x00007db8                xTaskResumeAll
                0x0000a250                vTaskStartScheduler
                0x0000744c                vTaskMissedYield
                0x0000784a                xTaskIncrementTick
                0x00009920                vTaskDelay
                0x000073b8                vTaskSetTimeOutState
                0x00007614                uxTaskResetEventItemValue
 .text.uxTaskGetSystemState
                0x0000a41c      0x102 /Users/ryanoconnor/Documents/Arduino shit/FreeRTOS801/Release/libFreeRTOS801.a(tasks.o)
                0x0000a41c                uxTaskGetSystemState
 .text.vListInitialise
                0x0000a51e       0x20 /Users/ryanoconnor/Documents/Arduino shit/FreeRTOS801/Release/libFreeRTOS801.a(list.o)
                0x0000a51e                vListInitialise
 .text.vListInitialiseItem
                0x0000a53e        0x8 /Users/ryanoconnor/Documents/Arduino shit/FreeRTOS801/Release/libFreeRTOS801.a(list.o)
                0x0000a53e                vListInitialiseItem
 .text.vListInsertEnd
                0x0000a546       0x3e /Users/ryanoconnor/Documents/Arduino shit/FreeRTOS801/Release/libFreeRTOS801.a(list.o)
                0x0000a546                vListInsertEnd
 .text.vListInsert
                0x0000a584       0x64 /Users/ryanoconnor/Documents/Arduino shit/FreeRTOS801/Release/libFreeRTOS801.a(list.o)
                0x0000a584                vListInsert
 .text.uxListRemove
                0x0000a5e8       0x56 /Users/ryanoconnor/Documents/Arduino shit/FreeRTOS801/Release/libFreeRTOS801.a(list.o)
                0x0000a5e8                uxListRemove
 .text.xconfigTimerForRunTimeStats
                0x0000a63e       0x18 /Users/ryanoconnor/Documents/Arduino shit/FreeRTOS801/Release/libFreeRTOS801.a(runtTimeStatsTimer.o)
                0x0000a63e                xconfigTimerForRunTimeStats
 .text.fplib    0x0000a656        0x4 /Applications/Arduino.app/Contents/Resources/Java/hardware/tools/avr/bin/../lib/gcc/avr/4.3.2/../../../../avr/lib/avr6/libm.a(divsf3.o)
                0x0000a656                __divsf3
 .text.fplib    0x0000a65a       0xcc /Applications/Arduino.app/Contents/Resources/Java/hardware/tools/avr/bin/../lib/gcc/avr/4.3.2/../../../../avr/lib/avr6/libm.a(divsf3x.o)
                0x0000a670                __divsf3x
                0x0000a674                __divsf3_pse
 .text.fplib    0x0000a726       0x58 /Applications/Arduino.app/Contents/Resources/Java/hardware/tools/avr/bin/../lib/gcc/avr/4.3.2/../../../../avr/lib/avr6/libm.a(fixunssfsi.o)
                0x0000a726                __fixunssfsi
 .text.fplib    0x0000a77e       0x7a /Applications/Arduino.app/Contents/Resources/Java/hardware/tools/avr/bin/../lib/gcc/avr/4.3.2/../../../../avr/lib/avr6/libm.a(floatsisf.o)
                0x0000a782                __floatsisf
                0x0000a77e                __floatunsisf
 .text.fplib    0x0000a7f8        0xc /Applications/Arduino.app/Contents/Resources/Java/hardware/tools/avr/bin/../lib/gcc/avr/4.3.2/../../../../avr/lib/avr6/libm.a(fp_inf.o)
                0x0000a7f8                __fp_inf
 .text.fplib    0x0000a804        0x6 /Applications/Arduino.app/Contents/Resources/Java/hardware/tools/avr/bin/../lib/gcc/avr/4.3.2/../../../../avr/lib/avr6/libm.a(fp_nan.o)
                0x0000a804                __fp_nan
 .text.fplib    0x0000a80a        0xe /Applications/Arduino.app/Contents/Resources/Java/hardware/tools/avr/bin/../lib/gcc/avr/4.3.2/../../../../avr/lib/avr6/libm.a(fp_pscA.o)
                0x0000a80a                __fp_pscA
 .text.fplib    0x0000a818        0xe /Applications/Arduino.app/Contents/Resources/Java/hardware/tools/avr/bin/../lib/gcc/avr/4.3.2/../../../../avr/lib/avr6/libm.a(fp_pscB.o)
                0x0000a818                __fp_pscB
 .text.fplib    0x0000a826       0x22 /Applications/Arduino.app/Contents/Resources/Java/hardware/tools/avr/bin/../lib/gcc/avr/4.3.2/../../../../avr/lib/avr6/libm.a(fp_round.o)
                0x0000a826                __fp_round
 .text.fplib    0x0000a848       0x44 /Applications/Arduino.app/Contents/Resources/Java/hardware/tools/avr/bin/../lib/gcc/avr/4.3.2/../../../../avr/lib/avr6/libm.a(fp_split3.o)
                0x0000a848                __fp_split3
                0x0000a858                __fp_splitA
 .text.fplib    0x0000a88c        0xe /Applications/Arduino.app/Contents/Resources/Java/hardware/tools/avr/bin/../lib/gcc/avr/4.3.2/../../../../avr/lib/avr6/libm.a(fp_zero.o)
                0x0000a88c                __fp_zero
                0x0000a88e                __fp_szero
 .text.fplib    0x0000a89a        0x4 /Applications/Arduino.app/Contents/Resources/Java/hardware/tools/avr/bin/../lib/gcc/avr/4.3.2/../../../../avr/lib/avr6/libm.a(mulsf3.o)
                0x0000a89a                __mulsf3
 .text.fplib    0x0000a89e       0xc2 /Applications/Arduino.app/Contents/Resources/Java/hardware/tools/avr/bin/../lib/gcc/avr/4.3.2/../../../../avr/lib/avr6/libm.a(mulsf3x.o)
                0x0000a8b6                __mulsf3_pse
                0x0000a8b2                __mulsf3x
 .text.libgcc   0x0000a960       0x3e /Applications/Arduino.app/Contents/Resources/Java/hardware/tools/avr/bin/../lib/gcc/avr/4.3.2/avr6/libgcc.a(_mulsi3.o)
                0x0000a960                __mulsi3
 .text.libgcc   0x0000a99e       0x28 /Applications/Arduino.app/Contents/Resources/Java/hardware/tools/avr/bin/../lib/gcc/avr/4.3.2/avr6/libgcc.a(_udivmodhi4.o)
                0x0000a99e                __udivmodhi4
 .text.libgcc   0x0000a9c6       0x26 /Applications/Arduino.app/Contents/Resources/Java/hardware/tools/avr/bin/../lib/gcc/avr/4.3.2/avr6/libgcc.a(_divmodhi4.o)
                0x0000a9c6                __divmodhi4
                0x0000a9c6                _div
 .text.libgcc   0x0000a9ec       0x44 /Applications/Arduino.app/Contents/Resources/Java/hardware/tools/avr/bin/../lib/gcc/avr/4.3.2/avr6/libgcc.a(_udivmodsi4.o)
                0x0000a9ec                __udivmodsi4
 .text.libgcc   0x0000aa30       0x38 /Applications/Arduino.app/Contents/Resources/Java/hardware/tools/avr/bin/../lib/gcc/avr/4.3.2/avr6/libgcc.a(_prologue.o)
                0x0000aa30                __prologue_saves__
 .text.libgcc   0x0000aa68       0x36 /Applications/Arduino.app/Contents/Resources/Java/hardware/tools/avr/bin/../lib/gcc/avr/4.3.2/avr6/libgcc.a(_epilogue.o)
                0x0000aa68                __epilogue_restores__
 .text.libgcc   0x0000aa9e        0x0 /Applications/Arduino.app/Contents/Resources/Java/hardware/tools/avr/bin/../lib/gcc/avr/4.3.2/avr6/libgcc.a(_exit.o)
 .text.libgcc   0x0000aa9e        0xc /Applications/Arduino.app/Contents/Resources/Java/hardware/tools/avr/bin/../lib/gcc/avr/4.3.2/avr6/libgcc.a(_tablejump.o)
                0x0000aaa2                __tablejump__
                0x0000aa9e                __tablejump2__
 .text.libgcc   0x0000aaaa        0x0 /Applications/Arduino.app/Contents/Resources/Java/hardware/tools/avr/bin/../lib/gcc/avr/4.3.2/avr6/libgcc.a(_clear_bss.o)
                0x0000aaaa                . = ALIGN (0x2)
 *(.fini9)
 .fini9         0x0000aaaa        0x0 /Applications/Arduino.app/Contents/Resources/Java/hardware/tools/avr/bin/../lib/gcc/avr/4.3.2/avr6/libgcc.a(_exit.o)
                0x0000aaaa                exit
                0x0000aaaa                _exit
 *(.fini9)
 *(.fini8)
 *(.fini8)
 *(.fini7)
 *(.fini7)
 *(.fini6)
 *(.fini6)
 *(.fini5)
 *(.fini5)
 *(.fini4)
 *(.fini4)
 *(.fini3)
 *(.fini3)
 *(.fini2)
 *(.fini2)
 *(.fini1)
 *(.fini1)
 *(.fini0)
 .fini0         0x0000aaaa        0x4 /Applications/Arduino.app/Contents/Resources/Java/hardware/tools/avr/bin/../lib/gcc/avr/4.3.2/avr6/libgcc.a(_exit.o)
 *(.fini0)
                0x0000aaae                _etext = .

.data           0x00800200      0x864 load address 0x0000aaae
                0x00800200                PROVIDE (__data_start, .)
 *(.data)
 .data          0x00800200        0x0 /Applications/Arduino.app/Contents/Resources/Java/hardware/tools/avr/bin/../lib/gcc/avr/4.3.2/../../../../avr/lib/avr6/crtm2560.o
 .data          0x00800200       0x2c ./LCD.o
 .data          0x0080022c        0x0 ./LED.o
 .data          0x0080022c        0x0 ./Movement.o
 .data          0x0080022c        0x0 ./ReadTmp.o
 .data          0x0080022c        0x0 ./Scan.o
 .data          0x0080022c        0x0 ./Sonar.o
 .data          0x0080022c        0x0 ./custom_timer.o
 .data          0x0080022c       0x88 ./main.o
 .data          0x008002b4        0x0 ./motion.o
 .data          0x008002b4        0x0 ./usart_serial.o
 .data          0x008002b4      0x697 ./wireless_interface.o
 .data          0x0080094b        0x0 /Users/ryanoconnor/Documents/Arduino shit/FreeRTOS801/Release/libFreeRTOS801.a(port.o)
 .data          0x0080094b        0x0 /Users/ryanoconnor/Documents/Arduino shit/FreeRTOS801/Release/libFreeRTOS801.a(system_tick.o)
 .data          0x0080094b        0x0 /Users/ryanoconnor/Documents/Arduino shit/FreeRTOS801/Release/libFreeRTOS801.a(system_time.o)
 .data          0x0080094b        0x0 /Users/ryanoconnor/Documents/Arduino shit/FreeRTOS801/Release/libFreeRTOS801.a(i2cMultiMaster.o)
 .data          0x0080094b        0x0 /Users/ryanoconnor/Documents/Arduino shit/FreeRTOS801/Release/libFreeRTOS801.a(heap_4.o)
 .data          0x0080094b        0x0 /Users/ryanoconnor/Documents/Arduino shit/FreeRTOS801/Release/libFreeRTOS801.a(queue.o)
 .data          0x0080094b       0x35 /Users/ryanoconnor/Documents/Arduino shit/FreeRTOS801/Release/libFreeRTOS801.a(tasks.o)
 .data          0x00800980        0x0 /Users/ryanoconnor/Documents/Arduino shit/FreeRTOS801/Release/libFreeRTOS801.a(list.o)
 .data          0x00800980        0x0 /Users/ryanoconnor/Documents/Arduino shit/FreeRTOS801/Release/libFreeRTOS801.a(runtTimeStatsTimer.o)
 .data          0x00800980        0x0 /Applications/Arduino.app/Contents/Resources/Java/hardware/tools/avr/bin/../lib/gcc/avr/4.3.2/../../../../avr/lib/avr6/libm.a(divsf3.o)
 .data          0x00800980        0x0 /Applications/Arduino.app/Contents/Resources/Java/hardware/tools/avr/bin/../lib/gcc/avr/4.3.2/../../../../avr/lib/avr6/libm.a(divsf3x.o)
 .data          0x00800980        0x0 /Applications/Arduino.app/Contents/Resources/Java/hardware/tools/avr/bin/../lib/gcc/avr/4.3.2/../../../../avr/lib/avr6/libm.a(fixunssfsi.o)
 .data          0x00800980        0x0 /Applications/Arduino.app/Contents/Resources/Java/hardware/tools/avr/bin/../lib/gcc/avr/4.3.2/../../../../avr/lib/avr6/libm.a(floatsisf.o)
 .data          0x00800980        0x0 /Applications/Arduino.app/Contents/Resources/Java/hardware/tools/avr/bin/../lib/gcc/avr/4.3.2/../../../../avr/lib/avr6/libm.a(fp_inf.o)
 .data          0x00800980        0x0 /Applications/Arduino.app/Contents/Resources/Java/hardware/tools/avr/bin/../lib/gcc/avr/4.3.2/../../../../avr/lib/avr6/libm.a(fp_nan.o)
 .data          0x00800980        0x0 /Applications/Arduino.app/Contents/Resources/Java/hardware/tools/avr/bin/../lib/gcc/avr/4.3.2/../../../../avr/lib/avr6/libm.a(fp_pscA.o)
 .data          0x00800980        0x0 /Applications/Arduino.app/Contents/Resources/Java/hardware/tools/avr/bin/../lib/gcc/avr/4.3.2/../../../../avr/lib/avr6/libm.a(fp_pscB.o)
 .data          0x00800980        0x0 /Applications/Arduino.app/Contents/Resources/Java/hardware/tools/avr/bin/../lib/gcc/avr/4.3.2/../../../../avr/lib/avr6/libm.a(fp_round.o)
 .data          0x00800980        0x0 /Applications/Arduino.app/Contents/Resources/Java/hardware/tools/avr/bin/../lib/gcc/avr/4.3.2/../../../../avr/lib/avr6/libm.a(fp_split3.o)
 .data          0x00800980        0x0 /Applications/Arduino.app/Contents/Resources/Java/hardware/tools/avr/bin/../lib/gcc/avr/4.3.2/../../../../avr/lib/avr6/libm.a(fp_zero.o)
 .data          0x00800980        0x0 /Applications/Arduino.app/Contents/Resources/Java/hardware/tools/avr/bin/../lib/gcc/avr/4.3.2/../../../../avr/lib/avr6/libm.a(mulsf3.o)
 .data          0x00800980        0x0 /Applications/Arduino.app/Contents/Resources/Java/hardware/tools/avr/bin/../lib/gcc/avr/4.3.2/../../../../avr/lib/avr6/libm.a(mulsf3x.o)
 .data          0x00800980        0x0 /Applications/Arduino.app/Contents/Resources/Java/hardware/tools/avr/bin/../lib/gcc/avr/4.3.2/../../../../avr/lib/avr6/libprintf_flt.a(vfprintf_flt.o)
 .data          0x00800980        0x0 /Applications/Arduino.app/Contents/Resources/Java/hardware/tools/avr/bin/../lib/gcc/avr/4.3.2/avr6/libgcc.a(_mulsi3.o)
 .data          0x00800980        0x0 /Applications/Arduino.app/Contents/Resources/Java/hardware/tools/avr/bin/../lib/gcc/avr/4.3.2/avr6/libgcc.a(_udivmodhi4.o)
 .data          0x00800980        0x0 /Applications/Arduino.app/Contents/Resources/Java/hardware/tools/avr/bin/../lib/gcc/avr/4.3.2/avr6/libgcc.a(_divmodhi4.o)
 .data          0x00800980        0x0 /Applications/Arduino.app/Contents/Resources/Java/hardware/tools/avr/bin/../lib/gcc/avr/4.3.2/avr6/libgcc.a(_udivmodsi4.o)
 .data          0x00800980        0x0 /Applications/Arduino.app/Contents/Resources/Java/hardware/tools/avr/bin/../lib/gcc/avr/4.3.2/avr6/libgcc.a(_prologue.o)
 .data          0x00800980        0x0 /Applications/Arduino.app/Contents/Resources/Java/hardware/tools/avr/bin/../lib/gcc/avr/4.3.2/avr6/libgcc.a(_epilogue.o)
 .data          0x00800980        0x0 /Applications/Arduino.app/Contents/Resources/Java/hardware/tools/avr/bin/../lib/gcc/avr/4.3.2/avr6/libgcc.a(_exit.o)
 .data          0x00800980        0x0 /Applications/Arduino.app/Contents/Resources/Java/hardware/tools/avr/bin/../lib/gcc/avr/4.3.2/avr6/libgcc.a(_tablejump.o)
 .data          0x00800980        0x0 /Applications/Arduino.app/Contents/Resources/Java/hardware/tools/avr/bin/../lib/gcc/avr/4.3.2/avr6/libgcc.a(_clear_bss.o)
 .data          0x00800980        0x0 /Applications/Arduino.app/Contents/Resources/Java/hardware/tools/avr/bin/../lib/gcc/avr/4.3.2/../../../../avr/lib/avr6/libc.a(ftoa_engine.o)
 .data          0x00800980        0x0 /Applications/Arduino.app/Contents/Resources/Java/hardware/tools/avr/bin/../lib/gcc/avr/4.3.2/../../../../avr/lib/avr6/libc.a(strlen_P.o)
 .data          0x00800980        0x0 /Applications/Arduino.app/Contents/Resources/Java/hardware/tools/avr/bin/../lib/gcc/avr/4.3.2/../../../../avr/lib/avr6/libc.a(strnlen_P.o)
 .data          0x00800980        0x0 /Applications/Arduino.app/Contents/Resources/Java/hardware/tools/avr/bin/../lib/gcc/avr/4.3.2/../../../../avr/lib/avr6/libc.a(memcpy.o)
 .data          0x00800980        0x0 /Applications/Arduino.app/Contents/Resources/Java/hardware/tools/avr/bin/../lib/gcc/avr/4.3.2/../../../../avr/lib/avr6/libc.a(memset.o)
 .data          0x00800980        0x0 /Applications/Arduino.app/Contents/Resources/Java/hardware/tools/avr/bin/../lib/gcc/avr/4.3.2/../../../../avr/lib/avr6/libc.a(strcat.o)
 .data          0x00800980        0x0 /Applications/Arduino.app/Contents/Resources/Java/hardware/tools/avr/bin/../lib/gcc/avr/4.3.2/../../../../avr/lib/avr6/libc.a(strcpy.o)
 .data          0x00800980        0x0 /Applications/Arduino.app/Contents/Resources/Java/hardware/tools/avr/bin/../lib/gcc/avr/4.3.2/../../../../avr/lib/avr6/libc.a(strncat.o)
 .data          0x00800980        0x0 /Applications/Arduino.app/Contents/Resources/Java/hardware/tools/avr/bin/../lib/gcc/avr/4.3.2/../../../../avr/lib/avr6/libc.a(strncmp.o)
 .data          0x00800980        0x0 /Applications/Arduino.app/Contents/Resources/Java/hardware/tools/avr/bin/../lib/gcc/avr/4.3.2/../../../../avr/lib/avr6/libc.a(strncpy.o)
 .data          0x00800980        0x0 /Applications/Arduino.app/Contents/Resources/Java/hardware/tools/avr/bin/../lib/gcc/avr/4.3.2/../../../../avr/lib/avr6/libc.a(strnlen.o)
 .data          0x00800980        0x0 /Applications/Arduino.app/Contents/Resources/Java/hardware/tools/avr/bin/../lib/gcc/avr/4.3.2/../../../../avr/lib/avr6/libc.a(strstr.o)
 .data          0x00800980        0x0 /Applications/Arduino.app/Contents/Resources/Java/hardware/tools/avr/bin/../lib/gcc/avr/4.3.2/../../../../avr/lib/avr6/libc.a(fputc.o)
 .data          0x00800980        0x0 /Applications/Arduino.app/Contents/Resources/Java/hardware/tools/avr/bin/../lib/gcc/avr/4.3.2/../../../../avr/lib/avr6/libc.a(sprintf.o)
 .data          0x00800980        0x0 /Applications/Arduino.app/Contents/Resources/Java/hardware/tools/avr/bin/../lib/gcc/avr/4.3.2/../../../../avr/lib/avr6/libc.a(vsnprintf.o)
 .data          0x00800980        0x0 /Applications/Arduino.app/Contents/Resources/Java/hardware/tools/avr/bin/../lib/gcc/avr/4.3.2/../../../../avr/lib/avr6/libc.a(vsnprintf_p.o)
 .data          0x00800980        0x0 /Applications/Arduino.app/Contents/Resources/Java/hardware/tools/avr/bin/../lib/gcc/avr/4.3.2/../../../../avr/lib/avr6/libc.a(ultoa_invert.o)
 *(.data*)
 .data.mode     0x00800980        0x1 ./main.o
                0x00800980                mode
 .data.usartReg
                0x00800981       0x28 ./usart_serial.o
                0x00800981                usartReg
 .data.gs_at_commands
                0x008009a9       0x56 ./wireless_interface.o
                0x008009a9                gs_at_commands
 .data.I2C_state
                0x008009ff        0x1 /Users/ryanoconnor/Documents/Arduino shit/FreeRTOS801/Release/libFreeRTOS801.a(i2cMultiMaster.o)
 .data.xMinimumEverFreeBytesRemaining
                0x00800a00        0x2 /Users/ryanoconnor/Documents/Arduino shit/FreeRTOS801/Release/libFreeRTOS801.a(heap_4.o)
 .data.xFreeBytesRemaining
                0x00800a02        0x2 /Users/ryanoconnor/Documents/Arduino shit/FreeRTOS801/Release/libFreeRTOS801.a(heap_4.o)
 .data.xNextTaskUnblockTime
                0x00800a04        0x2 /Users/ryanoconnor/Documents/Arduino shit/FreeRTOS801/Release/libFreeRTOS801.a(tasks.o)
 *(.rodata)
 *(.rodata*)
 .rodata.C.0.1538
                0x00800a06       0x12 ./ReadTmp.o
 .rodata.encoders
                0x00800a18        0xe ./motion.o
 .rodata.tc_module_s
                0x00800a26       0x20 ./motion.o
 .rodata.motors
                0x00800a46       0x1e ./motion.o
 *(.gnu.linkonce.d*)
                0x00800a64                . = ALIGN (0x2)
                0x00800a64                _edata = .
                0x00800a64                PROVIDE (__data_end, .)

.bss            0x00800a64     0x1402
                0x00800a64                PROVIDE (__bss_start, .)
 *(.bss)
 .bss           0x00800a64        0x0 /Applications/Arduino.app/Contents/Resources/Java/hardware/tools/avr/bin/../lib/gcc/avr/4.3.2/../../../../avr/lib/avr6/crtm2560.o
 .bss           0x00800a64        0x0 ./LCD.o
 .bss           0x00800a64        0x0 ./LED.o
 .bss           0x00800a64        0x0 ./Movement.o
 .bss           0x00800a64        0x0 ./ReadTmp.o
 .bss           0x00800a64        0x0 ./Scan.o
 .bss           0x00800a64        0x0 ./Sonar.o
 .bss           0x00800a64        0x0 ./custom_timer.o
 .bss           0x00800a64        0x0 ./main.o
 .bss           0x00800a64        0x0 ./motion.o
 .bss           0x00800a64        0x0 ./usart_serial.o
 .bss           0x00800a64        0x0 ./wireless_interface.o
 .bss           0x00800a64        0x0 /Users/ryanoconnor/Documents/Arduino shit/FreeRTOS801/Release/libFreeRTOS801.a(port.o)
 .bss           0x00800a64        0x0 /Users/ryanoconnor/Documents/Arduino shit/FreeRTOS801/Release/libFreeRTOS801.a(system_tick.o)
 .bss           0x00800a64        0x0 /Users/ryanoconnor/Documents/Arduino shit/FreeRTOS801/Release/libFreeRTOS801.a(system_time.o)
 .bss           0x00800a64        0x0 /Users/ryanoconnor/Documents/Arduino shit/FreeRTOS801/Release/libFreeRTOS801.a(i2cMultiMaster.o)
 .bss           0x00800a64        0x0 /Users/ryanoconnor/Documents/Arduino shit/FreeRTOS801/Release/libFreeRTOS801.a(heap_4.o)
 .bss           0x00800a64        0x0 /Users/ryanoconnor/Documents/Arduino shit/FreeRTOS801/Release/libFreeRTOS801.a(queue.o)
 .bss           0x00800a64        0x0 /Users/ryanoconnor/Documents/Arduino shit/FreeRTOS801/Release/libFreeRTOS801.a(tasks.o)
 .bss           0x00800a64        0x0 /Users/ryanoconnor/Documents/Arduino shit/FreeRTOS801/Release/libFreeRTOS801.a(list.o)
 .bss           0x00800a64        0x0 /Users/ryanoconnor/Documents/Arduino shit/FreeRTOS801/Release/libFreeRTOS801.a(runtTimeStatsTimer.o)
 .bss           0x00800a64        0x0 /Applications/Arduino.app/Contents/Resources/Java/hardware/tools/avr/bin/../lib/gcc/avr/4.3.2/../../../../avr/lib/avr6/libm.a(divsf3.o)
 .bss           0x00800a64        0x0 /Applications/Arduino.app/Contents/Resources/Java/hardware/tools/avr/bin/../lib/gcc/avr/4.3.2/../../../../avr/lib/avr6/libm.a(divsf3x.o)
 .bss           0x00800a64        0x0 /Applications/Arduino.app/Contents/Resources/Java/hardware/tools/avr/bin/../lib/gcc/avr/4.3.2/../../../../avr/lib/avr6/libm.a(fixunssfsi.o)
 .bss           0x00800a64        0x0 /Applications/Arduino.app/Contents/Resources/Java/hardware/tools/avr/bin/../lib/gcc/avr/4.3.2/../../../../avr/lib/avr6/libm.a(floatsisf.o)
 .bss           0x00800a64        0x0 /Applications/Arduino.app/Contents/Resources/Java/hardware/tools/avr/bin/../lib/gcc/avr/4.3.2/../../../../avr/lib/avr6/libm.a(fp_inf.o)
 .bss           0x00800a64        0x0 /Applications/Arduino.app/Contents/Resources/Java/hardware/tools/avr/bin/../lib/gcc/avr/4.3.2/../../../../avr/lib/avr6/libm.a(fp_nan.o)
 .bss           0x00800a64        0x0 /Applications/Arduino.app/Contents/Resources/Java/hardware/tools/avr/bin/../lib/gcc/avr/4.3.2/../../../../avr/lib/avr6/libm.a(fp_pscA.o)
 .bss           0x00800a64        0x0 /Applications/Arduino.app/Contents/Resources/Java/hardware/tools/avr/bin/../lib/gcc/avr/4.3.2/../../../../avr/lib/avr6/libm.a(fp_pscB.o)
 .bss           0x00800a64        0x0 /Applications/Arduino.app/Contents/Resources/Java/hardware/tools/avr/bin/../lib/gcc/avr/4.3.2/../../../../avr/lib/avr6/libm.a(fp_round.o)
 .bss           0x00800a64        0x0 /Applications/Arduino.app/Contents/Resources/Java/hardware/tools/avr/bin/../lib/gcc/avr/4.3.2/../../../../avr/lib/avr6/libm.a(fp_split3.o)
 .bss           0x00800a64        0x0 /Applications/Arduino.app/Contents/Resources/Java/hardware/tools/avr/bin/../lib/gcc/avr/4.3.2/../../../../avr/lib/avr6/libm.a(fp_zero.o)
 .bss           0x00800a64        0x0 /Applications/Arduino.app/Contents/Resources/Java/hardware/tools/avr/bin/../lib/gcc/avr/4.3.2/../../../../avr/lib/avr6/libm.a(mulsf3.o)
 .bss           0x00800a64        0x0 /Applications/Arduino.app/Contents/Resources/Java/hardware/tools/avr/bin/../lib/gcc/avr/4.3.2/../../../../avr/lib/avr6/libm.a(mulsf3x.o)
 .bss           0x00800a64        0x0 /Applications/Arduino.app/Contents/Resources/Java/hardware/tools/avr/bin/../lib/gcc/avr/4.3.2/../../../../avr/lib/avr6/libprintf_flt.a(vfprintf_flt.o)
 .bss           0x00800a64        0x0 /Applications/Arduino.app/Contents/Resources/Java/hardware/tools/avr/bin/../lib/gcc/avr/4.3.2/avr6/libgcc.a(_mulsi3.o)
 .bss           0x00800a64        0x0 /Applications/Arduino.app/Contents/Resources/Java/hardware/tools/avr/bin/../lib/gcc/avr/4.3.2/avr6/libgcc.a(_udivmodhi4.o)
 .bss           0x00800a64        0x0 /Applications/Arduino.app/Contents/Resources/Java/hardware/tools/avr/bin/../lib/gcc/avr/4.3.2/avr6/libgcc.a(_divmodhi4.o)
 .bss           0x00800a64        0x0 /Applications/Arduino.app/Contents/Resources/Java/hardware/tools/avr/bin/../lib/gcc/avr/4.3.2/avr6/libgcc.a(_udivmodsi4.o)
 .bss           0x00800a64        0x0 /Applications/Arduino.app/Contents/Resources/Java/hardware/tools/avr/bin/../lib/gcc/avr/4.3.2/avr6/libgcc.a(_prologue.o)
 .bss           0x00800a64        0x0 /Applications/Arduino.app/Contents/Resources/Java/hardware/tools/avr/bin/../lib/gcc/avr/4.3.2/avr6/libgcc.a(_epilogue.o)
 .bss           0x00800a64        0x0 /Applications/Arduino.app/Contents/Resources/Java/hardware/tools/avr/bin/../lib/gcc/avr/4.3.2/avr6/libgcc.a(_exit.o)
 .bss           0x00800a64        0x0 /Applications/Arduino.app/Contents/Resources/Java/hardware/tools/avr/bin/../lib/gcc/avr/4.3.2/avr6/libgcc.a(_tablejump.o)
 .bss           0x00800a64        0x0 /Applications/Arduino.app/Contents/Resources/Java/hardware/tools/avr/bin/../lib/gcc/avr/4.3.2/avr6/libgcc.a(_clear_bss.o)
 .bss           0x00800a64        0x0 /Applications/Arduino.app/Contents/Resources/Java/hardware/tools/avr/bin/../lib/gcc/avr/4.3.2/../../../../avr/lib/avr6/libc.a(ftoa_engine.o)
 .bss           0x00800a64        0x0 /Applications/Arduino.app/Contents/Resources/Java/hardware/tools/avr/bin/../lib/gcc/avr/4.3.2/../../../../avr/lib/avr6/libc.a(strlen_P.o)
 .bss           0x00800a64        0x0 /Applications/Arduino.app/Contents/Resources/Java/hardware/tools/avr/bin/../lib/gcc/avr/4.3.2/../../../../avr/lib/avr6/libc.a(strnlen_P.o)
 .bss           0x00800a64        0x0 /Applications/Arduino.app/Contents/Resources/Java/hardware/tools/avr/bin/../lib/gcc/avr/4.3.2/../../../../avr/lib/avr6/libc.a(memcpy.o)
 .bss           0x00800a64        0x0 /Applications/Arduino.app/Contents/Resources/Java/hardware/tools/avr/bin/../lib/gcc/avr/4.3.2/../../../../avr/lib/avr6/libc.a(memset.o)
 .bss           0x00800a64        0x0 /Applications/Arduino.app/Contents/Resources/Java/hardware/tools/avr/bin/../lib/gcc/avr/4.3.2/../../../../avr/lib/avr6/libc.a(strcat.o)
 .bss           0x00800a64        0x0 /Applications/Arduino.app/Contents/Resources/Java/hardware/tools/avr/bin/../lib/gcc/avr/4.3.2/../../../../avr/lib/avr6/libc.a(strcpy.o)
 .bss           0x00800a64        0x0 /Applications/Arduino.app/Contents/Resources/Java/hardware/tools/avr/bin/../lib/gcc/avr/4.3.2/../../../../avr/lib/avr6/libc.a(strncat.o)
 .bss           0x00800a64        0x0 /Applications/Arduino.app/Contents/Resources/Java/hardware/tools/avr/bin/../lib/gcc/avr/4.3.2/../../../../avr/lib/avr6/libc.a(strncmp.o)
 .bss           0x00800a64        0x0 /Applications/Arduino.app/Contents/Resources/Java/hardware/tools/avr/bin/../lib/gcc/avr/4.3.2/../../../../avr/lib/avr6/libc.a(strncpy.o)
 .bss           0x00800a64        0x0 /Applications/Arduino.app/Contents/Resources/Java/hardware/tools/avr/bin/../lib/gcc/avr/4.3.2/../../../../avr/lib/avr6/libc.a(strnlen.o)
 .bss           0x00800a64        0x0 /Applications/Arduino.app/Contents/Resources/Java/hardware/tools/avr/bin/../lib/gcc/avr/4.3.2/../../../../avr/lib/avr6/libc.a(strstr.o)
 .bss           0x00800a64        0x0 /Applications/Arduino.app/Contents/Resources/Java/hardware/tools/avr/bin/../lib/gcc/avr/4.3.2/../../../../avr/lib/avr6/libc.a(fputc.o)
 .bss           0x00800a64        0x0 /Applications/Arduino.app/Contents/Resources/Java/hardware/tools/avr/bin/../lib/gcc/avr/4.3.2/../../../../avr/lib/avr6/libc.a(sprintf.o)
 .bss           0x00800a64        0x0 /Applications/Arduino.app/Contents/Resources/Java/hardware/tools/avr/bin/../lib/gcc/avr/4.3.2/../../../../avr/lib/avr6/libc.a(vsnprintf.o)
 .bss           0x00800a64        0x0 /Applications/Arduino.app/Contents/Resources/Java/hardware/tools/avr/bin/../lib/gcc/avr/4.3.2/../../../../avr/lib/avr6/libc.a(vsnprintf_p.o)
 .bss           0x00800a64        0x0 /Applications/Arduino.app/Contents/Resources/Java/hardware/tools/avr/bin/../lib/gcc/avr/4.3.2/../../../../avr/lib/avr6/libc.a(ultoa_invert.o)
 *(.bss*)
 .bss.currentTemp
                0x00800a64        0x1 ./ReadTmp.o
 .bss.timer_counter_timer0
                0x00800a65        0x9 ./custom_timer.o
 .bss.avgTemperature
                0x00800a6e        0x2 ./main.o
                0x00800a6e                avgTemperature
 .bss.panic     0x00800a70        0x1 ./main.o
                0x00800a70                panic
 .bss.target    0x00800a71        0x1 ./main.o
                0x00800a71                target
 .bss.tov_cntr  0x00800a72        0x8 ./motion.o
 .bss.last_icr  0x00800a7a        0x4 ./motion.o
 .bss.new_data  0x00800a7e        0x8 ./motion.o
 .bss.new_data_available
                0x00800a86        0x4 ./motion.o
 .bss.defaultUSART
                0x00800a8a        0x2 ./usart_serial.o
                0x00800a8a                defaultUSART
 .bss.client_response_buffer_write_pointer
                0x00800a8c        0x1 ./wireless_interface.o
                0x00800a8c                client_response_buffer_write_pointer
 .bss.client_response_buffer_read_pointer
                0x00800a8d        0x1 ./wireless_interface.o
                0x00800a8d                client_response_buffer_read_pointer
 .bss.web_server_status
                0x00800a8e        0x2 ./wireless_interface.o
                0x00800a8e                web_server_status
 .bss.portTickRateHz
                0x00800a90        0x2 /Users/ryanoconnor/Documents/Arduino shit/FreeRTOS801/Release/libFreeRTOS801.a(port.o)
 .bss.ticksRemainingInSec
                0x00800a92        0x2 /Users/ryanoconnor/Documents/Arduino shit/FreeRTOS801/Release/libFreeRTOS801.a(port.o)
 .bss.xI2CSemaphore
                0x00800a94        0x2 /Users/ryanoconnor/Documents/Arduino shit/FreeRTOS801/Release/libFreeRTOS801.a(i2cMultiMaster.o)
                0x00800a94                xI2CSemaphore
 .bss.I2C_statusReg
                0x00800a96        0x1 /Users/ryanoconnor/Documents/Arduino shit/FreeRTOS801/Release/libFreeRTOS801.a(i2cMultiMaster.o)
                0x00800a96                I2C_statusReg
 .bss.I2C_checkBusyAfterStop
                0x00800a97        0x1 /Users/ryanoconnor/Documents/Arduino shit/FreeRTOS801/Release/libFreeRTOS801.a(i2cMultiMaster.o)
 .bss.I2C_bufPtr.1864
                0x00800a98        0x1 /Users/ryanoconnor/Documents/Arduino shit/FreeRTOS801/Release/libFreeRTOS801.a(i2cMultiMaster.o)
 .bss.I2C_buf   0x00800a99       0x18 /Users/ryanoconnor/Documents/Arduino shit/FreeRTOS801/Release/libFreeRTOS801.a(i2cMultiMaster.o)
 .bss.I2C_msgSize
                0x00800ab1        0x1 /Users/ryanoconnor/Documents/Arduino shit/FreeRTOS801/Release/libFreeRTOS801.a(i2cMultiMaster.o)
 .bss.xBlockAllocatedBit
                0x00800ab2        0x2 /Users/ryanoconnor/Documents/Arduino shit/FreeRTOS801/Release/libFreeRTOS801.a(heap_4.o)
 .bss.pxEnd     0x00800ab4        0x2 /Users/ryanoconnor/Documents/Arduino shit/FreeRTOS801/Release/libFreeRTOS801.a(heap_4.o)
 .bss.ucHeap    0x00800ab6     0x1200 /Users/ryanoconnor/Documents/Arduino shit/FreeRTOS801/Release/libFreeRTOS801.a(heap_4.o)
 .bss.xStart    0x00801cb6        0x4 /Users/ryanoconnor/Documents/Arduino shit/FreeRTOS801/Release/libFreeRTOS801.a(heap_4.o)
 .bss.pxCurrentTCB
                0x00801cba        0x2 /Users/ryanoconnor/Documents/Arduino shit/FreeRTOS801/Release/libFreeRTOS801.a(tasks.o)
                0x00801cba                pxCurrentTCB
 .bss.uxCurrentNumberOfTasks
                0x00801cbc        0x1 /Users/ryanoconnor/Documents/Arduino shit/FreeRTOS801/Release/libFreeRTOS801.a(tasks.o)
 .bss.uxTopReadyPriority
                0x00801cbd        0x1 /Users/ryanoconnor/Documents/Arduino shit/FreeRTOS801/Release/libFreeRTOS801.a(tasks.o)
 .bss.xYieldPending
                0x00801cbe        0x1 /Users/ryanoconnor/Documents/Arduino shit/FreeRTOS801/Release/libFreeRTOS801.a(tasks.o)
 .bss.xTickCount
                0x00801cbf        0x2 /Users/ryanoconnor/Documents/Arduino shit/FreeRTOS801/Release/libFreeRTOS801.a(tasks.o)
 .bss.xNumOfOverflows
                0x00801cc1        0x1 /Users/ryanoconnor/Documents/Arduino shit/FreeRTOS801/Release/libFreeRTOS801.a(tasks.o)
 .bss.uxSchedulerSuspended
                0x00801cc2        0x1 /Users/ryanoconnor/Documents/Arduino shit/FreeRTOS801/Release/libFreeRTOS801.a(tasks.o)
 .bss.ulTotalRunTime
                0x00801cc3        0x4 /Users/ryanoconnor/Documents/Arduino shit/FreeRTOS801/Release/libFreeRTOS801.a(tasks.o)
 .bss.ulTaskSwitchedInTime
                0x00801cc7        0x4 /Users/ryanoconnor/Documents/Arduino shit/FreeRTOS801/Release/libFreeRTOS801.a(tasks.o)
 .bss.uxPendedTicks
                0x00801ccb        0x1 /Users/ryanoconnor/Documents/Arduino shit/FreeRTOS801/Release/libFreeRTOS801.a(tasks.o)
 .bss.xSchedulerRunning
                0x00801ccc        0x1 /Users/ryanoconnor/Documents/Arduino shit/FreeRTOS801/Release/libFreeRTOS801.a(tasks.o)
 .bss.uxTasksDeleted
                0x00801ccd        0x1 /Users/ryanoconnor/Documents/Arduino shit/FreeRTOS801/Release/libFreeRTOS801.a(tasks.o)
 .bss.uxTaskNumber
                0x00801cce        0x1 /Users/ryanoconnor/Documents/Arduino shit/FreeRTOS801/Release/libFreeRTOS801.a(tasks.o)
 .bss.pxReadyTasksLists
                0x00801ccf       0x24 /Users/ryanoconnor/Documents/Arduino shit/FreeRTOS801/Release/libFreeRTOS801.a(tasks.o)
 .bss.xDelayedTaskList1
                0x00801cf3        0x9 /Users/ryanoconnor/Documents/Arduino shit/FreeRTOS801/Release/libFreeRTOS801.a(tasks.o)
 .bss.xDelayedTaskList2
                0x00801cfc        0x9 /Users/ryanoconnor/Documents/Arduino shit/FreeRTOS801/Release/libFreeRTOS801.a(tasks.o)
 .bss.pxDelayedTaskList
                0x00801d05        0x2 /Users/ryanoconnor/Documents/Arduino shit/FreeRTOS801/Release/libFreeRTOS801.a(tasks.o)
 .bss.pxOverflowDelayedTaskList
                0x00801d07        0x2 /Users/ryanoconnor/Documents/Arduino shit/FreeRTOS801/Release/libFreeRTOS801.a(tasks.o)
 .bss.xPendingReadyList
                0x00801d09        0x9 /Users/ryanoconnor/Documents/Arduino shit/FreeRTOS801/Release/libFreeRTOS801.a(tasks.o)
 .bss.xTasksWaitingTermination
                0x00801d12        0x9 /Users/ryanoconnor/Documents/Arduino shit/FreeRTOS801/Release/libFreeRTOS801.a(tasks.o)
 .bss.xSuspendedTaskList
                0x00801d1b        0x9 /Users/ryanoconnor/Documents/Arduino shit/FreeRTOS801/Release/libFreeRTOS801.a(tasks.o)
 *(COMMON)
 COMMON         0x00801d24        0x2 ./ReadTmp.o
                0x00801d24                ledTemp
 COMMON         0x00801d26       0x42 ./main.o
                0x00801d26                speedDisplay
                0x00801d27                rest
                0x00801d28                distanceDisplay
                0x00801d2a                scanTime
                0x00801d2e                ticCount
                0x00801d30                objectDistance
                0x00801d32                counter
                0x00801d34                lcdString
                0x00801d54                result
                0x00801d66                usartfd
 COMMON         0x00801d68       0x78 ./usart_serial.o
                0x00801d68                usartComBuf
 COMMON         0x00801de0       0x82 ./wireless_interface.o
                0x00801de0                client_web_page
                0x00801e05                wifi_client
                0x00801e06                gainspan
                0x00801e5d                client_response_buffer
                0x00801e5f                wifi_server
 COMMON         0x00801e62        0x4 /Users/ryanoconnor/Documents/Arduino shit/FreeRTOS801/Release/libFreeRTOS801.a(system_time.o)
                0x00801e62                __system_time
                0x00801e66                PROVIDE (__bss_end, .)
                0x0000aaae                __data_load_start = LOADADDR (.data)
                0x0000b312                __data_load_end = (__data_load_start + SIZEOF (.data))

.noinit         0x00801e66        0x0
                0x00801e66                PROVIDE (__noinit_start, .)
 *(.noinit*)
                0x00801e66                PROVIDE (__noinit_end, .)
                0x00801e66                _end = .
                0x00801e66                PROVIDE (__heap_start, .)

.eeprom         0x00810000        0x0
 *(.eeprom*)
                0x00810000                __eeprom_end = .

.fuse
 *(.fuse)
 *(.lfuse)
 *(.hfuse)
 *(.efuse)

.lock
 *(.lock*)

.signature
 *(.signature*)

.stab
 *(.stab)

.stabstr
 *(.stabstr)

.stab.excl
 *(.stab.excl)

.stab.exclstr
 *(.stab.exclstr)

.stab.index
 *(.stab.index)

.stab.indexstr
 *(.stab.indexstr)

.comment
 *(.comment)

.debug
 *(.debug)

.line
 *(.line)

.debug_srcinfo
 *(.debug_srcinfo)

.debug_sfnames
 *(.debug_sfnames)

.debug_aranges  0x00000000       0xa0
 *(.debug_aranges)
 .debug_aranges
                0x00000000       0x20 /Applications/Arduino.app/Contents/Resources/Java/hardware/tools/avr/bin/../lib/gcc/avr/4.3.2/../../../../avr/lib/avr6/libprintf_flt.a(vfprintf_flt.o)
 .debug_aranges
                0x00000020       0x20 /Applications/Arduino.app/Contents/Resources/Java/hardware/tools/avr/bin/../lib/gcc/avr/4.3.2/../../../../avr/lib/avr6/libc.a(fputc.o)
 .debug_aranges
                0x00000040       0x20 /Applications/Arduino.app/Contents/Resources/Java/hardware/tools/avr/bin/../lib/gcc/avr/4.3.2/../../../../avr/lib/avr6/libc.a(sprintf.o)
 .debug_aranges
                0x00000060       0x20 /Applications/Arduino.app/Contents/Resources/Java/hardware/tools/avr/bin/../lib/gcc/avr/4.3.2/../../../../avr/lib/avr6/libc.a(vsnprintf.o)
 .debug_aranges
                0x00000080       0x20 /Applications/Arduino.app/Contents/Resources/Java/hardware/tools/avr/bin/../lib/gcc/avr/4.3.2/../../../../avr/lib/avr6/libc.a(vsnprintf_p.o)

.debug_pubnames
                0x00000000       0x9b
 *(.debug_pubnames)
 .debug_pubnames
                0x00000000       0x1f /Applications/Arduino.app/Contents/Resources/Java/hardware/tools/avr/bin/../lib/gcc/avr/4.3.2/../../../../avr/lib/avr6/libprintf_flt.a(vfprintf_flt.o)
 .debug_pubnames
                0x0000001f       0x1c /Applications/Arduino.app/Contents/Resources/Java/hardware/tools/avr/bin/../lib/gcc/avr/4.3.2/../../../../avr/lib/avr6/libc.a(fputc.o)
 .debug_pubnames
                0x0000003b       0x1e /Applications/Arduino.app/Contents/Resources/Java/hardware/tools/avr/bin/../lib/gcc/avr/4.3.2/../../../../avr/lib/avr6/libc.a(sprintf.o)
 .debug_pubnames
                0x00000059       0x20 /Applications/Arduino.app/Contents/Resources/Java/hardware/tools/avr/bin/../lib/gcc/avr/4.3.2/../../../../avr/lib/avr6/libc.a(vsnprintf.o)
 .debug_pubnames
                0x00000079       0x22 /Applications/Arduino.app/Contents/Resources/Java/hardware/tools/avr/bin/../lib/gcc/avr/4.3.2/../../../../avr/lib/avr6/libc.a(vsnprintf_p.o)

.debug_info     0x00000000      0xad9
 *(.debug_info)
 .debug_info    0x00000000      0x41d /Applications/Arduino.app/Contents/Resources/Java/hardware/tools/avr/bin/../lib/gcc/avr/4.3.2/../../../../avr/lib/avr6/libprintf_flt.a(vfprintf_flt.o)
 .debug_info    0x0000041d      0x166 /Applications/Arduino.app/Contents/Resources/Java/hardware/tools/avr/bin/../lib/gcc/avr/4.3.2/../../../../avr/lib/avr6/libc.a(fputc.o)
 .debug_info    0x00000583      0x1b0 /Applications/Arduino.app/Contents/Resources/Java/hardware/tools/avr/bin/../lib/gcc/avr/4.3.2/../../../../avr/lib/avr6/libc.a(sprintf.o)
 .debug_info    0x00000733      0x1d3 /Applications/Arduino.app/Contents/Resources/Java/hardware/tools/avr/bin/../lib/gcc/avr/4.3.2/../../../../avr/lib/avr6/libc.a(vsnprintf.o)
 .debug_info    0x00000906      0x1d3 /Applications/Arduino.app/Contents/Resources/Java/hardware/tools/avr/bin/../lib/gcc/avr/4.3.2/../../../../avr/lib/avr6/libc.a(vsnprintf_p.o)
 *(.gnu.linkonce.wi.*)

.debug_abbrev   0x00000000      0x54a
 *(.debug_abbrev)
 .debug_abbrev  0x00000000      0x18f /Applications/Arduino.app/Contents/Resources/Java/hardware/tools/avr/bin/../lib/gcc/avr/4.3.2/../../../../avr/lib/avr6/libprintf_flt.a(vfprintf_flt.o)
 .debug_abbrev  0x0000018f       0xd9 /Applications/Arduino.app/Contents/Resources/Java/hardware/tools/avr/bin/../lib/gcc/avr/4.3.2/../../../../avr/lib/avr6/libc.a(fputc.o)
 .debug_abbrev  0x00000268      0x10c /Applications/Arduino.app/Contents/Resources/Java/hardware/tools/avr/bin/../lib/gcc/avr/4.3.2/../../../../avr/lib/avr6/libc.a(sprintf.o)
 .debug_abbrev  0x00000374       0xeb /Applications/Arduino.app/Contents/Resources/Java/hardware/tools/avr/bin/../lib/gcc/avr/4.3.2/../../../../avr/lib/avr6/libc.a(vsnprintf.o)
 .debug_abbrev  0x0000045f       0xeb /Applications/Arduino.app/Contents/Resources/Java/hardware/tools/avr/bin/../lib/gcc/avr/4.3.2/../../../../avr/lib/avr6/libc.a(vsnprintf_p.o)

.debug_line     0x00000000      0xbad
 *(.debug_line)
 .debug_line    0x00000000      0x740 /Applications/Arduino.app/Contents/Resources/Java/hardware/tools/avr/bin/../lib/gcc/avr/4.3.2/../../../../avr/lib/avr6/libprintf_flt.a(vfprintf_flt.o)
 .debug_line    0x00000740       0xd0 /Applications/Arduino.app/Contents/Resources/Java/hardware/tools/avr/bin/../lib/gcc/avr/4.3.2/../../../../avr/lib/avr6/libc.a(fputc.o)
 .debug_line    0x00000810      0x125 /Applications/Arduino.app/Contents/Resources/Java/hardware/tools/avr/bin/../lib/gcc/avr/4.3.2/../../../../avr/lib/avr6/libc.a(sprintf.o)
 .debug_line    0x00000935      0x13b /Applications/Arduino.app/Contents/Resources/Java/hardware/tools/avr/bin/../lib/gcc/avr/4.3.2/../../../../avr/lib/avr6/libc.a(vsnprintf.o)
 .debug_line    0x00000a70      0x13d /Applications/Arduino.app/Contents/Resources/Java/hardware/tools/avr/bin/../lib/gcc/avr/4.3.2/../../../../avr/lib/avr6/libc.a(vsnprintf_p.o)

.debug_frame    0x00000000       0xa0
 *(.debug_frame)
 .debug_frame   0x00000000       0x20 /Applications/Arduino.app/Contents/Resources/Java/hardware/tools/avr/bin/../lib/gcc/avr/4.3.2/../../../../avr/lib/avr6/libprintf_flt.a(vfprintf_flt.o)
 .debug_frame   0x00000020       0x20 /Applications/Arduino.app/Contents/Resources/Java/hardware/tools/avr/bin/../lib/gcc/avr/4.3.2/../../../../avr/lib/avr6/libc.a(fputc.o)
 .debug_frame   0x00000040       0x20 /Applications/Arduino.app/Contents/Resources/Java/hardware/tools/avr/bin/../lib/gcc/avr/4.3.2/../../../../avr/lib/avr6/libc.a(sprintf.o)
 .debug_frame   0x00000060       0x20 /Applications/Arduino.app/Contents/Resources/Java/hardware/tools/avr/bin/../lib/gcc/avr/4.3.2/../../../../avr/lib/avr6/libc.a(vsnprintf.o)
 .debug_frame   0x00000080       0x20 /Applications/Arduino.app/Contents/Resources/Java/hardware/tools/avr/bin/../lib/gcc/avr/4.3.2/../../../../avr/lib/avr6/libc.a(vsnprintf_p.o)

.debug_str      0x00000000      0x21a
 *(.debug_str)
 .debug_str     0x00000000      0x17a /Applications/Arduino.app/Contents/Resources/Java/hardware/tools/avr/bin/../lib/gcc/avr/4.3.2/../../../../avr/lib/avr6/libprintf_flt.a(vfprintf_flt.o)
                                0x1bb (size before relaxing)
 .debug_str     0x0000017a       0x22 /Applications/Arduino.app/Contents/Resources/Java/hardware/tools/avr/bin/../lib/gcc/avr/4.3.2/../../../../avr/lib/avr6/libc.a(fputc.o)
                                0x125 (size before relaxing)
 .debug_str     0x0000019c       0x26 /Applications/Arduino.app/Contents/Resources/Java/hardware/tools/avr/bin/../lib/gcc/avr/4.3.2/../../../../avr/lib/avr6/libc.a(sprintf.o)
                                0x14b (size before relaxing)
 .debug_str     0x000001c2       0x2a /Applications/Arduino.app/Contents/Resources/Java/hardware/tools/avr/bin/../lib/gcc/avr/4.3.2/../../../../avr/lib/avr6/libc.a(vsnprintf.o)
                                0x156 (size before relaxing)
 .debug_str     0x000001ec       0x2e /Applications/Arduino.app/Contents/Resources/Java/hardware/tools/avr/bin/../lib/gcc/avr/4.3.2/../../../../avr/lib/avr6/libc.a(vsnprintf_p.o)
                                0x15a (size before relaxing)

.debug_loc      0x00000000      0xb0f
 *(.debug_loc)
 .debug_loc     0x00000000      0x9ab /Applications/Arduino.app/Contents/Resources/Java/hardware/tools/avr/bin/../lib/gcc/avr/4.3.2/../../../../avr/lib/avr6/libprintf_flt.a(vfprintf_flt.o)
 .debug_loc     0x000009ab       0x60 /Applications/Arduino.app/Contents/Resources/Java/hardware/tools/avr/bin/../lib/gcc/avr/4.3.2/../../../../avr/lib/avr6/libc.a(fputc.o)
 .debug_loc     0x00000a0b       0x24 /Applications/Arduino.app/Contents/Resources/Java/hardware/tools/avr/bin/../lib/gcc/avr/4.3.2/../../../../avr/lib/avr6/libc.a(sprintf.o)
 .debug_loc     0x00000a2f       0x70 /Applications/Arduino.app/Contents/Resources/Java/hardware/tools/avr/bin/../lib/gcc/avr/4.3.2/../../../../avr/lib/avr6/libc.a(vsnprintf.o)
 .debug_loc     0x00000a9f       0x70 /Applications/Arduino.app/Contents/Resources/Java/hardware/tools/avr/bin/../lib/gcc/avr/4.3.2/../../../../avr/lib/avr6/libc.a(vsnprintf_p.o)

.debug_macinfo
 *(.debug_macinfo)
OUTPUT(ProjectTemplate.elf elf32-avr)
LOAD linker stubs

.debug_ranges   0x00000000       0x18
 .debug_ranges  0x00000000       0x18 /Applications/Arduino.app/Contents/Resources/Java/hardware/tools/avr/bin/../lib/gcc/avr/4.3.2/../../../../avr/lib/avr6/libprintf_flt.a(vfprintf_flt.o)
