Archive member included because of file (symbol)

/Users/ryanoconnor/Documents/Arduino shit/FreeRTOS801/Release/libFreeRTOS801.a(port.o)
                              ./usart_serial.o (vPortYield)
/Users/ryanoconnor/Documents/Arduino shit/FreeRTOS801/Release/libFreeRTOS801.a(system_tick.o)
                              /Users/ryanoconnor/Documents/Arduino shit/FreeRTOS801/Release/libFreeRTOS801.a(port.o) (system_tick)
/Users/ryanoconnor/Documents/Arduino shit/FreeRTOS801/Release/libFreeRTOS801.a(system_time.o)
                              /Users/ryanoconnor/Documents/Arduino shit/FreeRTOS801/Release/libFreeRTOS801.a(system_tick.o) (__system_time)
/Users/ryanoconnor/Documents/Arduino shit/FreeRTOS801/Release/libFreeRTOS801.a(i2cMultiMaster.o)
                              ./ReadTmp.o (I2C_Master_Start_Transceiver_With_Data)
/Users/ryanoconnor/Documents/Arduino shit/FreeRTOS801/Release/libFreeRTOS801.a(heap_4.o)
                              ./usart_serial.o (vPortFree)
/Users/ryanoconnor/Documents/Arduino shit/FreeRTOS801/Release/libFreeRTOS801.a(queue.o)
                              /Users/ryanoconnor/Documents/Arduino shit/FreeRTOS801/Release/libFreeRTOS801.a(i2cMultiMaster.o) (xQueueGenericSend)
/Users/ryanoconnor/Documents/Arduino shit/FreeRTOS801/Release/libFreeRTOS801.a(tasks.o)
                              /Users/ryanoconnor/Documents/Arduino shit/FreeRTOS801/Release/libFreeRTOS801.a(heap_4.o) (vTaskSuspendAll)
/Users/ryanoconnor/Documents/Arduino shit/FreeRTOS801/Release/libFreeRTOS801.a(list.o)
                              /Users/ryanoconnor/Documents/Arduino shit/FreeRTOS801/Release/libFreeRTOS801.a(queue.o) (vListInitialise)
/Users/ryanoconnor/Documents/Arduino shit/FreeRTOS801/Release/libFreeRTOS801.a(runtTimeStatsTimer.o)
                              /Users/ryanoconnor/Documents/Arduino shit/FreeRTOS801/Release/libFreeRTOS801.a(tasks.o) (xconfigTimerForRunTimeStats)
/Applications/Arduino.app/Contents/Resources/Java/hardware/tools/avr/bin/../lib/gcc/avr/4.3.2/../../../../avr/lib/avr6/libm.a(divsf3.o)
                              ./Movement.o (__divsf3)
/Applications/Arduino.app/Contents/Resources/Java/hardware/tools/avr/bin/../lib/gcc/avr/4.3.2/../../../../avr/lib/avr6/libm.a(divsf3x.o)
                              /Applications/Arduino.app/Contents/Resources/Java/hardware/tools/avr/bin/../lib/gcc/avr/4.3.2/../../../../avr/lib/avr6/libm.a(divsf3.o) (__divsf3x)
/Applications/Arduino.app/Contents/Resources/Java/hardware/tools/avr/bin/../lib/gcc/avr/4.3.2/../../../../avr/lib/avr6/libm.a(fixunssfsi.o)
                              ./Movement.o (__fixunssfsi)
/Applications/Arduino.app/Contents/Resources/Java/hardware/tools/avr/bin/../lib/gcc/avr/4.3.2/../../../../avr/lib/avr6/libm.a(floatsisf.o)
                              ./Movement.o (__floatsisf)
/Applications/Arduino.app/Contents/Resources/Java/hardware/tools/avr/bin/../lib/gcc/avr/4.3.2/../../../../avr/lib/avr6/libm.a(fp_inf.o)
                              /Applications/Arduino.app/Contents/Resources/Java/hardware/tools/avr/bin/../lib/gcc/avr/4.3.2/../../../../avr/lib/avr6/libm.a(divsf3x.o) (__fp_inf)
/Applications/Arduino.app/Contents/Resources/Java/hardware/tools/avr/bin/../lib/gcc/avr/4.3.2/../../../../avr/lib/avr6/libm.a(fp_nan.o)
                              /Applications/Arduino.app/Contents/Resources/Java/hardware/tools/avr/bin/../lib/gcc/avr/4.3.2/../../../../avr/lib/avr6/libm.a(divsf3x.o) (__fp_nan)
/Applications/Arduino.app/Contents/Resources/Java/hardware/tools/avr/bin/../lib/gcc/avr/4.3.2/../../../../avr/lib/avr6/libm.a(fp_pscA.o)
                              /Applications/Arduino.app/Contents/Resources/Java/hardware/tools/avr/bin/../lib/gcc/avr/4.3.2/../../../../avr/lib/avr6/libm.a(divsf3x.o) (__fp_pscA)
/Applications/Arduino.app/Contents/Resources/Java/hardware/tools/avr/bin/../lib/gcc/avr/4.3.2/../../../../avr/lib/avr6/libm.a(fp_pscB.o)
                              /Applications/Arduino.app/Contents/Resources/Java/hardware/tools/avr/bin/../lib/gcc/avr/4.3.2/../../../../avr/lib/avr6/libm.a(divsf3x.o) (__fp_pscB)
/Applications/Arduino.app/Contents/Resources/Java/hardware/tools/avr/bin/../lib/gcc/avr/4.3.2/../../../../avr/lib/avr6/libm.a(fp_round.o)
                              /Applications/Arduino.app/Contents/Resources/Java/hardware/tools/avr/bin/../lib/gcc/avr/4.3.2/../../../../avr/lib/avr6/libm.a(divsf3.o) (__fp_round)
/Applications/Arduino.app/Contents/Resources/Java/hardware/tools/avr/bin/../lib/gcc/avr/4.3.2/../../../../avr/lib/avr6/libm.a(fp_split3.o)
                              /Applications/Arduino.app/Contents/Resources/Java/hardware/tools/avr/bin/../lib/gcc/avr/4.3.2/../../../../avr/lib/avr6/libm.a(divsf3x.o) (__fp_split3)
/Applications/Arduino.app/Contents/Resources/Java/hardware/tools/avr/bin/../lib/gcc/avr/4.3.2/../../../../avr/lib/avr6/libm.a(fp_zero.o)
                              /Applications/Arduino.app/Contents/Resources/Java/hardware/tools/avr/bin/../lib/gcc/avr/4.3.2/../../../../avr/lib/avr6/libm.a(fixunssfsi.o) (__fp_zero)
/Applications/Arduino.app/Contents/Resources/Java/hardware/tools/avr/bin/../lib/gcc/avr/4.3.2/../../../../avr/lib/avr6/libm.a(mulsf3.o)
                              ./Movement.o (__mulsf3)
/Applications/Arduino.app/Contents/Resources/Java/hardware/tools/avr/bin/../lib/gcc/avr/4.3.2/../../../../avr/lib/avr6/libm.a(mulsf3x.o)
                              /Applications/Arduino.app/Contents/Resources/Java/hardware/tools/avr/bin/../lib/gcc/avr/4.3.2/../../../../avr/lib/avr6/libm.a(mulsf3.o) (__mulsf3x)
/Applications/Arduino.app/Contents/Resources/Java/hardware/tools/avr/bin/../lib/gcc/avr/4.3.2/../../../../avr/lib/avr6/libprintf_flt.a(vfprintf_flt.o)
                              (vfprintf)
/Applications/Arduino.app/Contents/Resources/Java/hardware/tools/avr/bin/../lib/gcc/avr/4.3.2/avr6/libgcc.a(_mulsi3.o)
                              ./motion.o (__mulsi3)
/Applications/Arduino.app/Contents/Resources/Java/hardware/tools/avr/bin/../lib/gcc/avr/4.3.2/avr6/libgcc.a(_udivmodhi4.o)
                              ./wireless_interface.o (__udivmodhi4)
/Applications/Arduino.app/Contents/Resources/Java/hardware/tools/avr/bin/../lib/gcc/avr/4.3.2/avr6/libgcc.a(_divmodhi4.o)
                              ./ReadTmp.o (__divmodhi4)
/Applications/Arduino.app/Contents/Resources/Java/hardware/tools/avr/bin/../lib/gcc/avr/4.3.2/avr6/libgcc.a(_udivmodsi4.o)
                              ./usart_serial.o (__udivmodsi4)
/Applications/Arduino.app/Contents/Resources/Java/hardware/tools/avr/bin/../lib/gcc/avr/4.3.2/avr6/libgcc.a(_prologue.o)
                              ./LCD.o (__prologue_saves__)
/Applications/Arduino.app/Contents/Resources/Java/hardware/tools/avr/bin/../lib/gcc/avr/4.3.2/avr6/libgcc.a(_epilogue.o)
                              ./LCD.o (__epilogue_restores__)
/Applications/Arduino.app/Contents/Resources/Java/hardware/tools/avr/bin/../lib/gcc/avr/4.3.2/avr6/libgcc.a(_exit.o)
                              /Applications/Arduino.app/Contents/Resources/Java/hardware/tools/avr/bin/../lib/gcc/avr/4.3.2/../../../../avr/lib/avr6/crtm2560.o (exit)
/Applications/Arduino.app/Contents/Resources/Java/hardware/tools/avr/bin/../lib/gcc/avr/4.3.2/avr6/libgcc.a(_tablejump.o)
                              ./wireless_interface.o (__tablejump2__)
/Applications/Arduino.app/Contents/Resources/Java/hardware/tools/avr/bin/../lib/gcc/avr/4.3.2/avr6/libgcc.a(_clear_bss.o)
                              ./LCD.o (__do_clear_bss)
/Applications/Arduino.app/Contents/Resources/Java/hardware/tools/avr/bin/../lib/gcc/avr/4.3.2/../../../../avr/lib/avr6/libc.a(ftoa_engine.o)
                              /Applications/Arduino.app/Contents/Resources/Java/hardware/tools/avr/bin/../lib/gcc/avr/4.3.2/../../../../avr/lib/avr6/libprintf_flt.a(vfprintf_flt.o) (__ftoa_engine)
/Applications/Arduino.app/Contents/Resources/Java/hardware/tools/avr/bin/../lib/gcc/avr/4.3.2/../../../../avr/lib/avr6/libc.a(strlen_P.o)
                              ./usart_serial.o (strlen_P)
/Applications/Arduino.app/Contents/Resources/Java/hardware/tools/avr/bin/../lib/gcc/avr/4.3.2/../../../../avr/lib/avr6/libc.a(strnlen_P.o)
                              /Applications/Arduino.app/Contents/Resources/Java/hardware/tools/avr/bin/../lib/gcc/avr/4.3.2/../../../../avr/lib/avr6/libprintf_flt.a(vfprintf_flt.o) (strnlen_P)
/Applications/Arduino.app/Contents/Resources/Java/hardware/tools/avr/bin/../lib/gcc/avr/4.3.2/../../../../avr/lib/avr6/libc.a(memcpy.o)
                              /Users/ryanoconnor/Documents/Arduino shit/FreeRTOS801/Release/libFreeRTOS801.a(queue.o) (memcpy)
/Applications/Arduino.app/Contents/Resources/Java/hardware/tools/avr/bin/../lib/gcc/avr/4.3.2/../../../../avr/lib/avr6/libc.a(memset.o)
                              ./wireless_interface.o (memset)
/Applications/Arduino.app/Contents/Resources/Java/hardware/tools/avr/bin/../lib/gcc/avr/4.3.2/../../../../avr/lib/avr6/libc.a(strcat.o)
                              ./wireless_interface.o (strcat)
/Applications/Arduino.app/Contents/Resources/Java/hardware/tools/avr/bin/../lib/gcc/avr/4.3.2/../../../../avr/lib/avr6/libc.a(strcpy.o)
                              ./wireless_interface.o (strcpy)
/Applications/Arduino.app/Contents/Resources/Java/hardware/tools/avr/bin/../lib/gcc/avr/4.3.2/../../../../avr/lib/avr6/libc.a(strncat.o)
                              ./wireless_interface.o (strncat)
/Applications/Arduino.app/Contents/Resources/Java/hardware/tools/avr/bin/../lib/gcc/avr/4.3.2/../../../../avr/lib/avr6/libc.a(strncmp.o)
                              ./wireless_interface.o (strncmp)
/Applications/Arduino.app/Contents/Resources/Java/hardware/tools/avr/bin/../lib/gcc/avr/4.3.2/../../../../avr/lib/avr6/libc.a(strncpy.o)
                              ./wireless_interface.o (strncpy)
/Applications/Arduino.app/Contents/Resources/Java/hardware/tools/avr/bin/../lib/gcc/avr/4.3.2/../../../../avr/lib/avr6/libc.a(strnlen.o)
                              /Applications/Arduino.app/Contents/Resources/Java/hardware/tools/avr/bin/../lib/gcc/avr/4.3.2/../../../../avr/lib/avr6/libprintf_flt.a(vfprintf_flt.o) (strnlen)
/Applications/Arduino.app/Contents/Resources/Java/hardware/tools/avr/bin/../lib/gcc/avr/4.3.2/../../../../avr/lib/avr6/libc.a(strstr.o)
                              ./wireless_interface.o (strstr)
/Applications/Arduino.app/Contents/Resources/Java/hardware/tools/avr/bin/../lib/gcc/avr/4.3.2/../../../../avr/lib/avr6/libc.a(fputc.o)
                              /Applications/Arduino.app/Contents/Resources/Java/hardware/tools/avr/bin/../lib/gcc/avr/4.3.2/../../../../avr/lib/avr6/libprintf_flt.a(vfprintf_flt.o) (fputc)
/Applications/Arduino.app/Contents/Resources/Java/hardware/tools/avr/bin/../lib/gcc/avr/4.3.2/../../../../avr/lib/avr6/libc.a(sprintf.o)
                              ./LCD.o (sprintf)
/Applications/Arduino.app/Contents/Resources/Java/hardware/tools/avr/bin/../lib/gcc/avr/4.3.2/../../../../avr/lib/avr6/libc.a(vsnprintf.o)
                              ./usart_serial.o (vsnprintf)
/Applications/Arduino.app/Contents/Resources/Java/hardware/tools/avr/bin/../lib/gcc/avr/4.3.2/../../../../avr/lib/avr6/libc.a(vsnprintf_p.o)
                              ./usart_serial.o (vsnprintf_P)
/Applications/Arduino.app/Contents/Resources/Java/hardware/tools/avr/bin/../lib/gcc/avr/4.3.2/../../../../avr/lib/avr6/libc.a(ultoa_invert.o)
                              /Applications/Arduino.app/Contents/Resources/Java/hardware/tools/avr/bin/../lib/gcc/avr/4.3.2/../../../../avr/lib/avr6/libprintf_flt.a(vfprintf_flt.o) (__ultoa_invert)

Allocating common symbols
Common symbol       size              file

speedDisplay        0x1               ./main.o
rest                0x1               ./main.o
client_web_page     0x25              ./wireless_interface.o
distanceDisplay     0x2               ./main.o
clientRequest       0x1               ./main.o
wifi_client         0x1               ./wireless_interface.o
usartComBuf         0x78              ./usart_serial.o
avgTemperature      0x1               ./main.o
ticCount            0x2               ./main.o
counter             0x2               ./main.o
lcdString           0x20              ./main.o
gainspan            0x57              ./wireless_interface.o
result              0x12              ./main.o
client_response_buffer
                    0x2               ./wireless_interface.o
usartfd             0x2               ./main.o
__system_time       0x4               /Users/ryanoconnor/Documents/Arduino shit/FreeRTOS801/Release/libFreeRTOS801.a(system_time.o)
wifi_server         0x3               ./wireless_interface.o

Memory Configuration

Name             Origin             Length             Attributes
text             0x00000000         0x00100000         xr
data             0x00800200         0x0000fe00         rw !x
eeprom           0x00810000         0x00010000         rw !x
fuse             0x00820000         0x00000400         rw !x
lock             0x00830000         0x00000400         rw !x
signature        0x00840000         0x00000400         rw !x
*default*        0x00000000         0xffffffff

Linker script and memory map

Address of section .data set to 0x800200
LOAD /Applications/Arduino.app/Contents/Resources/Java/hardware/tools/avr/bin/../lib/gcc/avr/4.3.2/../../../../avr/lib/avr6/crtm2560.o
LOAD ./LCD.o
LOAD ./LED.o
LOAD ./Movement.o
LOAD ./ReadTmp.o
LOAD ./Scan.o
LOAD ./custom_timer.o
LOAD ./main.o
LOAD ./motion.o
LOAD ./usart_serial.o
LOAD ./wireless_interface.o
LOAD /Users/ryanoconnor/Documents/Arduino shit/FreeRTOS801/Release/libFreeRTOS801.a
LOAD /Applications/Arduino.app/Contents/Resources/Java/hardware/tools/avr/bin/../lib/gcc/avr/4.3.2/../../../../avr/lib/avr6/libm.a
LOAD /Applications/Arduino.app/Contents/Resources/Java/hardware/tools/avr/bin/../lib/gcc/avr/4.3.2/../../../../avr/lib/avr6/libprintf_flt.a
LOAD /Users/ryanoconnor/Documents/Arduino shit/FreeRTOS801/Release/libFreeRTOS801.a
LOAD /Users/ryanoconnor/Documents/Arduino shit/CEG4166_RTS_Lib/Release/libCEG4166_RTS_Lib.a
LOAD /Applications/Arduino.app/Contents/Resources/Java/hardware/tools/avr/bin/../lib/gcc/avr/4.3.2/avr6/libgcc.a
LOAD /Applications/Arduino.app/Contents/Resources/Java/hardware/tools/avr/bin/../lib/gcc/avr/4.3.2/../../../../avr/lib/avr6/libc.a
LOAD /Applications/Arduino.app/Contents/Resources/Java/hardware/tools/avr/bin/../lib/gcc/avr/4.3.2/avr6/libgcc.a

.hash
 *(.hash)

.dynsym
 *(.dynsym)

.dynstr
 *(.dynstr)

.gnu.version
 *(.gnu.version)

.gnu.version_d
 *(.gnu.version_d)

.gnu.version_r
 *(.gnu.version_r)

.rel.init
 *(.rel.init)

.rela.init
 *(.rela.init)

.rel.text
 *(.rel.text)
 *(.rel.text.*)
 *(.rel.gnu.linkonce.t*)

.rela.text
 *(.rela.text)
 *(.rela.text.*)
 *(.rela.gnu.linkonce.t*)

.rel.fini
 *(.rel.fini)

.rela.fini
 *(.rela.fini)

.rel.rodata
 *(.rel.rodata)
 *(.rel.rodata.*)
 *(.rel.gnu.linkonce.r*)

.rela.rodata
 *(.rela.rodata)
 *(.rela.rodata.*)
 *(.rela.gnu.linkonce.r*)

.rel.data
 *(.rel.data)
 *(.rel.data.*)
 *(.rel.gnu.linkonce.d*)

.rela.data
 *(.rela.data)
 *(.rela.data.*)
 *(.rela.gnu.linkonce.d*)

.rel.ctors
 *(.rel.ctors)

.rela.ctors
 *(.rela.ctors)

.rel.dtors
 *(.rel.dtors)

.rela.dtors
 *(.rela.dtors)

.rel.got
 *(.rel.got)

.rela.got
 *(.rela.got)

.rel.bss
 *(.rel.bss)

.rela.bss
 *(.rela.bss)

.rel.plt
 *(.rel.plt)

.rela.plt
 *(.rela.plt)

.text           0x00000000     0xa738
 *(.vectors)
 .vectors       0x00000000       0xe4 /Applications/Arduino.app/Contents/Resources/Java/hardware/tools/avr/bin/../lib/gcc/avr/4.3.2/../../../../avr/lib/avr6/crtm2560.o
                0x00000000                __vectors
                0x00000000                __vector_default
 *(.vectors)
 *(.progmem.gcc*)
 .progmem.gcc_sw_table
                0x000000e4       0x54 ./wireless_interface.o
 .progmem.gcc_sw_table
                0x00000138      0x182 /Users/ryanoconnor/Documents/Arduino shit/FreeRTOS801/Release/libFreeRTOS801.a(i2cMultiMaster.o)
 *(.progmem*)
 .progmem.data  0x000002ba       0x18 ./main.o
 .progmem.data  0x000002d2        0x8 /Applications/Arduino.app/Contents/Resources/Java/hardware/tools/avr/bin/../lib/gcc/avr/4.3.2/../../../../avr/lib/avr6/libprintf_flt.a(vfprintf_flt.o)
 .progmem.data  0x000002da       0xfa /Applications/Arduino.app/Contents/Resources/Java/hardware/tools/avr/bin/../lib/gcc/avr/4.3.2/../../../../avr/lib/avr6/libc.a(ftoa_engine.o)
                0x000003d4                . = ALIGN (0x2)
                0x000003d4                __trampolines_start = .
 *(.trampolines)
 .trampolines   0x000003d4        0x0 linker stubs
 *(.trampolines*)
                0x000003d4                __trampolines_end = .
 *(.jumptables)
 *(.jumptables*)
 *(.lowtext)
 .lowtext       0x000003d4      0x2e8 /Users/ryanoconnor/Documents/Arduino shit/FreeRTOS801/Release/libFreeRTOS801.a(tasks.o)
 *(.lowtext*)
                0x000006bc                __ctors_start = .
 *(.ctors)
                0x000006bc                __ctors_end = .
                0x000006bc                __dtors_start = .
 *(.dtors)
                0x000006bc                __dtors_end = .
 SORT(*)(.ctors)
 SORT(*)(.dtors)
 *(.init0)
 .init0         0x000006bc        0x0 /Applications/Arduino.app/Contents/Resources/Java/hardware/tools/avr/bin/../lib/gcc/avr/4.3.2/../../../../avr/lib/avr6/crtm2560.o
                0x000006bc                __init
 *(.init0)
 *(.init1)
 *(.init1)
 *(.init2)
 .init2         0x000006bc       0x10 /Applications/Arduino.app/Contents/Resources/Java/hardware/tools/avr/bin/../lib/gcc/avr/4.3.2/../../../../avr/lib/avr6/crtm2560.o
 *(.init2)
 *(.init3)
 *(.init3)
 *(.init4)
 .init4         0x000006cc       0x1c /Applications/Arduino.app/Contents/Resources/Java/hardware/tools/avr/bin/../lib/gcc/avr/4.3.2/../../../../avr/lib/avr6/crtm2560.o
                0x000006cc                __do_copy_data
 .init4         0x000006e8       0x10 /Applications/Arduino.app/Contents/Resources/Java/hardware/tools/avr/bin/../lib/gcc/avr/4.3.2/avr6/libgcc.a(_clear_bss.o)
                0x000006e8                __do_clear_bss
 *(.init4)
 *(.init5)
 *(.init5)
 *(.init6)
 *(.init6)
 *(.init7)
 *(.init7)
 *(.init8)
 *(.init8)
 *(.init9)
 .init9         0x000006f8        0x8 /Applications/Arduino.app/Contents/Resources/Java/hardware/tools/avr/bin/../lib/gcc/avr/4.3.2/../../../../avr/lib/avr6/crtm2560.o
 *(.init9)
 *(.text)
 .text          0x00000700        0x4 /Applications/Arduino.app/Contents/Resources/Java/hardware/tools/avr/bin/../lib/gcc/avr/4.3.2/../../../../avr/lib/avr6/crtm2560.o
                0x00000700                __vector_38
                0x00000700                __vector_22
                0x00000700                __vector_28
                0x00000700                __vector_1
                0x00000700                __vector_34
                0x00000700                __vector_24
                0x00000700                __vector_12
                0x00000700                __bad_interrupt
                0x00000700                __vector_6
                0x00000700                __vector_31
                0x00000700                __vector_35
                0x00000700                __vector_3
                0x00000700                __vector_30
                0x00000700                __vector_11
                0x00000700                __vector_13
                0x00000700                __vector_17
                0x00000700                __vector_19
                0x00000700                __vector_56
                0x00000700                __vector_7
                0x00000700                __vector_49
                0x00000700                __vector_43
                0x00000700                __vector_27
                0x00000700                __vector_5
                0x00000700                __vector_33
                0x00000700                __vector_47
                0x00000700                __vector_4
                0x00000700                __vector_44
                0x00000700                __vector_9
                0x00000700                __vector_2
                0x00000700                __vector_21
                0x00000700                __vector_15
                0x00000700                __vector_29
                0x00000700                __vector_40
                0x00000700                __vector_8
                0x00000700                __vector_48
                0x00000700                __vector_14
                0x00000700                __vector_53
                0x00000700                __vector_10
                0x00000700                __vector_16
                0x00000700                __vector_18
                0x00000700                __vector_20
                0x00000700                __vector_42
 .text          0x00000704        0x0 ./LCD.o
 .text          0x00000704        0x0 ./LED.o
 .text          0x00000704        0x0 ./Movement.o
 .text          0x00000704        0x0 ./ReadTmp.o
 .text          0x00000704        0x0 ./Scan.o
 .text          0x00000704        0x0 ./custom_timer.o
 .text          0x00000704        0x0 ./main.o
 .text          0x00000704        0x0 ./motion.o
 .text          0x00000704        0x0 ./usart_serial.o
 .text          0x00000704        0x0 ./wireless_interface.o
 .text          0x00000704        0x0 /Users/ryanoconnor/Documents/Arduino shit/FreeRTOS801/Release/libFreeRTOS801.a(port.o)
 .text          0x00000704       0x38 /Users/ryanoconnor/Documents/Arduino shit/FreeRTOS801/Release/libFreeRTOS801.a(system_tick.o)
                0x00000704                system_tick
 .text          0x0000073c        0x0 /Users/ryanoconnor/Documents/Arduino shit/FreeRTOS801/Release/libFreeRTOS801.a(system_time.o)
 .text          0x0000073c        0x0 /Users/ryanoconnor/Documents/Arduino shit/FreeRTOS801/Release/libFreeRTOS801.a(i2cMultiMaster.o)
 .text          0x0000073c        0x0 /Users/ryanoconnor/Documents/Arduino shit/FreeRTOS801/Release/libFreeRTOS801.a(heap_4.o)
 .text          0x0000073c        0x0 /Users/ryanoconnor/Documents/Arduino shit/FreeRTOS801/Release/libFreeRTOS801.a(queue.o)
 .text          0x0000073c        0x0 /Users/ryanoconnor/Documents/Arduino shit/FreeRTOS801/Release/libFreeRTOS801.a(tasks.o)
 .text          0x0000073c        0x0 /Users/ryanoconnor/Documents/Arduino shit/FreeRTOS801/Release/libFreeRTOS801.a(list.o)
 .text          0x0000073c        0x0 /Users/ryanoconnor/Documents/Arduino shit/FreeRTOS801/Release/libFreeRTOS801.a(runtTimeStatsTimer.o)
 .text          0x0000073c        0x0 /Applications/Arduino.app/Contents/Resources/Java/hardware/tools/avr/bin/../lib/gcc/avr/4.3.2/../../../../avr/lib/avr6/libm.a(divsf3.o)
 .text          0x0000073c        0x0 /Applications/Arduino.app/Contents/Resources/Java/hardware/tools/avr/bin/../lib/gcc/avr/4.3.2/../../../../avr/lib/avr6/libm.a(divsf3x.o)
 .text          0x0000073c        0x0 /Applications/Arduino.app/Contents/Resources/Java/hardware/tools/avr/bin/../lib/gcc/avr/4.3.2/../../../../avr/lib/avr6/libm.a(fixunssfsi.o)
 .text          0x0000073c        0x0 /Applications/Arduino.app/Contents/Resources/Java/hardware/tools/avr/bin/../lib/gcc/avr/4.3.2/../../../../avr/lib/avr6/libm.a(floatsisf.o)
 .text          0x0000073c        0x0 /Applications/Arduino.app/Contents/Resources/Java/hardware/tools/avr/bin/../lib/gcc/avr/4.3.2/../../../../avr/lib/avr6/libm.a(fp_inf.o)
 .text          0x0000073c        0x0 /Applications/Arduino.app/Contents/Resources/Java/hardware/tools/avr/bin/../lib/gcc/avr/4.3.2/../../../../avr/lib/avr6/libm.a(fp_nan.o)
 .text          0x0000073c        0x0 /Applications/Arduino.app/Contents/Resources/Java/hardware/tools/avr/bin/../lib/gcc/avr/4.3.2/../../../../avr/lib/avr6/libm.a(fp_pscA.o)
 .text          0x0000073c        0x0 /Applications/Arduino.app/Contents/Resources/Java/hardware/tools/avr/bin/../lib/gcc/avr/4.3.2/../../../../avr/lib/avr6/libm.a(fp_pscB.o)
 .text          0x0000073c        0x0 /Applications/Arduino.app/Contents/Resources/Java/hardware/tools/avr/bin/../lib/gcc/avr/4.3.2/../../../../avr/lib/avr6/libm.a(fp_round.o)
 .text          0x0000073c        0x0 /Applications/Arduino.app/Contents/Resources/Java/hardware/tools/avr/bin/../lib/gcc/avr/4.3.2/../../../../avr/lib/avr6/libm.a(fp_split3.o)
 .text          0x0000073c        0x0 /Applications/Arduino.app/Contents/Resources/Java/hardware/tools/avr/bin/../lib/gcc/avr/4.3.2/../../../../avr/lib/avr6/libm.a(fp_zero.o)
 .text          0x0000073c        0x0 /Applications/Arduino.app/Contents/Resources/Java/hardware/tools/avr/bin/../lib/gcc/avr/4.3.2/../../../../avr/lib/avr6/libm.a(mulsf3.o)
 .text          0x0000073c        0x0 /Applications/Arduino.app/Contents/Resources/Java/hardware/tools/avr/bin/../lib/gcc/avr/4.3.2/../../../../avr/lib/avr6/libm.a(mulsf3x.o)
 .text          0x0000073c      0x712 /Applications/Arduino.app/Contents/Resources/Java/hardware/tools/avr/bin/../lib/gcc/avr/4.3.2/../../../../avr/lib/avr6/libprintf_flt.a(vfprintf_flt.o)
                0x0000073c                vfprintf
 .text          0x00000e4e        0x0 /Applications/Arduino.app/Contents/Resources/Java/hardware/tools/avr/bin/../lib/gcc/avr/4.3.2/avr6/libgcc.a(_mulsi3.o)
 .text          0x00000e4e        0x0 /Applications/Arduino.app/Contents/Resources/Java/hardware/tools/avr/bin/../lib/gcc/avr/4.3.2/avr6/libgcc.a(_udivmodhi4.o)
 .text          0x00000e4e        0x0 /Applications/Arduino.app/Contents/Resources/Java/hardware/tools/avr/bin/../lib/gcc/avr/4.3.2/avr6/libgcc.a(_divmodhi4.o)
 .text          0x00000e4e        0x0 /Applications/Arduino.app/Contents/Resources/Java/hardware/tools/avr/bin/../lib/gcc/avr/4.3.2/avr6/libgcc.a(_udivmodsi4.o)
 .text          0x00000e4e        0x0 /Applications/Arduino.app/Contents/Resources/Java/hardware/tools/avr/bin/../lib/gcc/avr/4.3.2/avr6/libgcc.a(_prologue.o)
 .text          0x00000e4e        0x0 /Applications/Arduino.app/Contents/Resources/Java/hardware/tools/avr/bin/../lib/gcc/avr/4.3.2/avr6/libgcc.a(_epilogue.o)
 .text          0x00000e4e        0x0 /Applications/Arduino.app/Contents/Resources/Java/hardware/tools/avr/bin/../lib/gcc/avr/4.3.2/avr6/libgcc.a(_exit.o)
 .text          0x00000e4e        0x0 /Applications/Arduino.app/Contents/Resources/Java/hardware/tools/avr/bin/../lib/gcc/avr/4.3.2/avr6/libgcc.a(_tablejump.o)
 .text          0x00000e4e        0x0 /Applications/Arduino.app/Contents/Resources/Java/hardware/tools/avr/bin/../lib/gcc/avr/4.3.2/avr6/libgcc.a(_clear_bss.o)
 .text          0x00000e4e      0x1b0 /Applications/Arduino.app/Contents/Resources/Java/hardware/tools/avr/bin/../lib/gcc/avr/4.3.2/../../../../avr/lib/avr6/libc.a(ftoa_engine.o)
                0x00000e4e                __ftoa_engine
 .text          0x00000ffe       0x12 /Applications/Arduino.app/Contents/Resources/Java/hardware/tools/avr/bin/../lib/gcc/avr/4.3.2/../../../../avr/lib/avr6/libc.a(strlen_P.o)
                0x00000ffe                strlen_P
 .text          0x00001010       0x16 /Applications/Arduino.app/Contents/Resources/Java/hardware/tools/avr/bin/../lib/gcc/avr/4.3.2/../../../../avr/lib/avr6/libc.a(strnlen_P.o)
                0x00001010                strnlen_P
 .text          0x00001026       0x12 /Applications/Arduino.app/Contents/Resources/Java/hardware/tools/avr/bin/../lib/gcc/avr/4.3.2/../../../../avr/lib/avr6/libc.a(memcpy.o)
                0x00001026                memcpy
 .text          0x00001038        0xe /Applications/Arduino.app/Contents/Resources/Java/hardware/tools/avr/bin/../lib/gcc/avr/4.3.2/../../../../avr/lib/avr6/libc.a(memset.o)
                0x00001038                memset
 .text          0x00001046       0x16 /Applications/Arduino.app/Contents/Resources/Java/hardware/tools/avr/bin/../lib/gcc/avr/4.3.2/../../../../avr/lib/avr6/libc.a(strcat.o)
                0x00001046                strcat
 .text          0x0000105c        0xe /Applications/Arduino.app/Contents/Resources/Java/hardware/tools/avr/bin/../lib/gcc/avr/4.3.2/../../../../avr/lib/avr6/libc.a(strcpy.o)
                0x0000105c                strcpy
 .text          0x0000106a       0x20 /Applications/Arduino.app/Contents/Resources/Java/hardware/tools/avr/bin/../lib/gcc/avr/4.3.2/../../../../avr/lib/avr6/libc.a(strncat.o)
                0x0000106a                strncat
 .text          0x0000108a       0x1c /Applications/Arduino.app/Contents/Resources/Java/hardware/tools/avr/bin/../lib/gcc/avr/4.3.2/../../../../avr/lib/avr6/libc.a(strncmp.o)
                0x0000108a                strncmp
 .text          0x000010a6       0x1e /Applications/Arduino.app/Contents/Resources/Java/hardware/tools/avr/bin/../lib/gcc/avr/4.3.2/../../../../avr/lib/avr6/libc.a(strncpy.o)
                0x000010a6                strncpy
 .text          0x000010c4       0x16 /Applications/Arduino.app/Contents/Resources/Java/hardware/tools/avr/bin/../lib/gcc/avr/4.3.2/../../../../avr/lib/avr6/libc.a(strnlen.o)
                0x000010c4                strnlen
 .text          0x000010da       0x34 /Applications/Arduino.app/Contents/Resources/Java/hardware/tools/avr/bin/../lib/gcc/avr/4.3.2/../../../../avr/lib/avr6/libc.a(strstr.o)
                0x000010da                strstr
 .text          0x0000110e       0x58 /Applications/Arduino.app/Contents/Resources/Java/hardware/tools/avr/bin/../lib/gcc/avr/4.3.2/../../../../avr/lib/avr6/libc.a(fputc.o)
                0x0000110e                fputc
 .text          0x00001166       0x48 /Applications/Arduino.app/Contents/Resources/Java/hardware/tools/avr/bin/../lib/gcc/avr/4.3.2/../../../../avr/lib/avr6/libc.a(sprintf.o)
                0x00001166                sprintf
 .text          0x000011ae       0x54 /Applications/Arduino.app/Contents/Resources/Java/hardware/tools/avr/bin/../lib/gcc/avr/4.3.2/../../../../avr/lib/avr6/libc.a(vsnprintf.o)
                0x000011ae                vsnprintf
 .text          0x00001202       0x54 /Applications/Arduino.app/Contents/Resources/Java/hardware/tools/avr/bin/../lib/gcc/avr/4.3.2/../../../../avr/lib/avr6/libc.a(vsnprintf_p.o)
                0x00001202                vsnprintf_P
 .text          0x00001256       0xbc /Applications/Arduino.app/Contents/Resources/Java/hardware/tools/avr/bin/../lib/gcc/avr/4.3.2/../../../../avr/lib/avr6/libc.a(ultoa_invert.o)
                0x00001256                __ultoa_invert
                0x00001312                . = ALIGN (0x2)
 *(.text.*)
 .text.lcdPrint
                0x00001312      0x2c6 ./LCD.o
                0x00001312                lcdPrint
 .text.changeLED
                0x000015d8       0x80 ./LED.o
                0x000015d8                changeLED
 .text.distanceAndSpeed
                0x00001658      0x120 ./Movement.o
                0x00001658                distanceAndSpeed
 .text.robotSteady
                0x00001778       0x1e ./Movement.o
                0x00001778                robotSteady
 .text.robotRight
                0x00001796       0x34 ./Movement.o
                0x00001796                robotRight
 .text.robotLeft
                0x000017ca       0x34 ./Movement.o
                0x000017ca                robotLeft
 .text.robotForward
                0x000017fe       0x34 ./Movement.o
                0x000017fe                robotForward
 .text.robotBackward
                0x00001832       0x34 ./Movement.o
                0x00001832                robotBackward
 .text.getTempSpike
                0x00001866       0x16 ./ReadTmp.o
                0x00001866                getTempSpike
 .text.TaskReadTemperature
                0x0000187c       0xf8 ./ReadTmp.o
                0x0000187c                TaskReadTemperature
 .text.move     0x00001974       0xf2 ./Scan.o
                0x00001974                move
 .text.initialize_module_timer0
                0x00001a66       0x3e ./custom_timer.o
                0x00001a66                initialize_module_timer0
 .text.time_in_microseconds
                0x00001aa4       0x4e ./custom_timer.o
                0x00001aa4                time_in_microseconds
 .text.time_in_milliseconds
                0x00001af2       0x1c ./custom_timer.o
                0x00001af2                time_in_milliseconds
 .text.delay_milliseconds
                0x00001b0e       0xd4 ./custom_timer.o
                0x00001b0e                delay_milliseconds
 .text.__vector_23
                0x00001be2       0x90 ./custom_timer.o
                0x00001be2                __vector_23
 .text.vApplicationStackOverflowHook
                0x00001c72        0x2 ./main.o
                0x00001c72                vApplicationStackOverflowHook
 .text.main     0x00001c74      0x126 ./main.o
                0x00001c74                main
 .text.processRequests
                0x00001d9a       0x80 ./main.o
                0x00001d9a                processRequests
 .text.moveRobot
                0x00001e1a       0x58 ./main.o
                0x00001e1a                moveRobot
 .text.scheduler
                0x00001e72       0x3c ./main.o
                0x00001e72                scheduler
 .text.motion_servo_start
                0x00001eae       0xc4 ./motion.o
                0x00001eae                motion_servo_start
 .text.motion_servo_stop
                0x00001f72       0x9e ./motion.o
                0x00001f72                motion_servo_stop
 .text.motion_servo_set_pulse_width
                0x00002010       0x36 ./motion.o
                0x00002010                motion_servo_set_pulse_width
 .text.motion_servo_get_pulse_width
                0x00002046       0x2a ./motion.o
                0x00002046                motion_servo_get_pulse_width
 .text.motion_enc_read
                0x00002070       0x5a ./motion.o
                0x00002070                motion_enc_read
 .text.__vector_45
                0x000020ca       0x4a ./motion.o
                0x000020ca                __vector_45
 .text.__vector_50
                0x00002114       0x4a ./motion.o
                0x00002114                __vector_50
 .text.__vector_41
                0x0000215e      0x116 ./motion.o
                0x0000215e                __vector_41
 .text.__vector_46
                0x00002274      0x11c ./motion.o
                0x00002274                __vector_46
 .text.motion_init
                0x00002390      0x13e ./motion.o
                0x00002390                motion_init
 .text.setDefaultUSART
                0x000024ce        0xa ./usart_serial.o
                0x000024ce                setDefaultUSART
 .text.usartWrite
                0x000024d8       0x56 ./usart_serial.o
                0x000024d8                usartWrite
 .text.usartRead
                0x0000252e       0x60 ./usart_serial.o
                0x0000252e                usartRead
 .text.usart_xflushRx
                0x0000258e       0x9c ./usart_serial.o
                0x0000258e                usart_xflushRx
 .text.usart_AvailableCharRx
                0x0000262a       0x32 ./usart_serial.o
                0x0000262a                usart_AvailableCharRx
 .text.usart_xgetChar
                0x0000265c       0x9e ./usart_serial.o
                0x0000265c                usart_xgetChar
 .text.usart_xputChar
                0x000026fa      0x136 ./usart_serial.o
                0x000026fa                usart_xputChar
 .text.usartCheckRxComplete
                0x00002830       0x22 ./usart_serial.o
                0x00002830                usartCheckRxComplete
 .text.usartCheckTxReady
                0x00002852       0x22 ./usart_serial.o
                0x00002852                usartCheckTxReady
 .text.xmitInterrupt_On
                0x00002874       0x2a ./usart_serial.o
                0x00002874                xmitInterrupt_On
 .text.xmitInterrupt_Off
                0x0000289e       0x2a ./usart_serial.o
                0x0000289e                xmitInterrupt_Off
 .text.usart_rx_isr
                0x000028c8       0xe6 ./usart_serial.o
                0x000028c8                usart_rx_isr
 .text.__vector_54
                0x000029ae       0x54 ./usart_serial.o
                0x000029ae                __vector_54
 .text.__vector_51
                0x00002a02       0x54 ./usart_serial.o
                0x00002a02                __vector_51
 .text.__vector_36
                0x00002a56       0x54 ./usart_serial.o
                0x00002a56                __vector_36
 .text.__vector_25
                0x00002aaa       0x54 ./usart_serial.o
                0x00002aaa                __vector_25
 .text.usart_tx_isr
                0x00002afe       0xd6 ./usart_serial.o
                0x00002afe                usart_tx_isr
 .text.__vector_55
                0x00002bd4       0x54 ./usart_serial.o
                0x00002bd4                __vector_55
 .text.__vector_52
                0x00002c28       0x54 ./usart_serial.o
                0x00002c28                __vector_52
 .text.__vector_37
                0x00002c7c       0x54 ./usart_serial.o
                0x00002c7c                __vector_37
 .text.__vector_26
                0x00002cd0       0x54 ./usart_serial.o
                0x00002cd0                __vector_26
 .text.usart_xfprint_P
                0x00002d24       0x42 ./usart_serial.o
                0x00002d24                usart_xfprint_P
 .text.usart_xprint_P
                0x00002d66       0x10 ./usart_serial.o
                0x00002d66                usart_xprint_P
 .text.usart_fprint_P
                0x00002d76       0x8c ./usart_serial.o
                0x00002d76                usart_fprint_P
 .text.usart_print_P
                0x00002e02       0x10 ./usart_serial.o
                0x00002e02                usart_print_P
 .text.usart_xfprint
                0x00002e12       0x4c ./usart_serial.o
                0x00002e12                usart_xfprint
 .text.usart_xfprintf_P_arg
                0x00002e5e       0xa2 ./usart_serial.o
                0x00002e5e                usart_xfprintf_P_arg
 .text.usart_xfprintf_arg
                0x00002f00       0xa2 ./usart_serial.o
                0x00002f00                usart_xfprintf_arg
 .text.usart_xprint
                0x00002fa2       0x10 ./usart_serial.o
                0x00002fa2                usart_xprint
 .text.usart_fprint
                0x00002fb2       0x8e ./usart_serial.o
                0x00002fb2                usart_fprint
 .text.usart_fprintf_P_arg
                0x00003040       0x72 ./usart_serial.o
                0x00003040                usart_fprintf_P_arg
 .text.usart_fprintf_arg
                0x000030b2       0x72 ./usart_serial.o
                0x000030b2                usart_fprintf_arg
 .text.usart_print
                0x00003124       0x10 ./usart_serial.o
                0x00003124                usart_print
 .text.usart_xfprintf_P
                0x00003134       0x28 ./usart_serial.o
                0x00003134                usart_xfprintf_P
 .text.usart_xfprintf
                0x0000315c       0x28 ./usart_serial.o
                0x0000315c                usart_xfprintf
 .text.usart_xprintf_P
                0x00003184       0x2a ./usart_serial.o
                0x00003184                usart_xprintf_P
 .text.usart_xprintf
                0x000031ae       0x2a ./usart_serial.o
                0x000031ae                usart_xprintf
 .text.usart_fprintf_P
                0x000031d8       0x28 ./usart_serial.o
                0x000031d8                usart_fprintf_P
 .text.usart_fprintf
                0x00003200       0x28 ./usart_serial.o
                0x00003200                usart_fprintf
 .text.usart_printf_P
                0x00003228       0x2a ./usart_serial.o
                0x00003228                usart_printf_P
 .text.usart_printf
                0x00003252       0x2a ./usart_serial.o
                0x00003252                usart_printf
 .text.usartClose
                0x0000327c       0x8a ./usart_serial.o
                0x0000327c                usartClose
 .text.usartOpen
                0x00003306      0x1ac ./usart_serial.o
                0x00003306                usartOpen
 .text.gs_set_usart
                0x000034b2       0x42 ./wireless_interface.o
                0x000034b2                gs_set_usart
 .text.gs_get_socket_status
                0x000034f4       0x2c ./wireless_interface.o
                0x000034f4                gs_get_socket_status
 .text.gs_activate_socket
                0x00003520       0x42 ./wireless_interface.o
                0x00003520                gs_activate_socket
 .text.gs_get_active_socket
                0x00003562        0x6 ./wireless_interface.o
                0x00003562                gs_get_active_socket
 .text.gs_get_socket_protocol
                0x00003568       0x1e ./wireless_interface.o
                0x00003568                gs_get_socket_protocol
 .text.gs_get_socket_port
                0x00003586       0x1e ./wireless_interface.o
                0x00003586                gs_get_socket_port
 .text.gs_get_data_on_socket_status
                0x000035a4       0x18 ./wireless_interface.o
                0x000035a4                gs_get_data_on_socket_status
 .text.gs_configure_socket
                0x000035bc       0x2e ./wireless_interface.o
                0x000035bc                gs_configure_socket
 .text.gs_get_socket_having_active_connection_and_data
                0x000035ea       0x26 ./wireless_interface.o
                0x000035ea                gs_get_socket_having_active_connection_and_data
 .text.gs_get_socket_connection_status
                0x00003610       0x30 ./wireless_interface.o
                0x00003610                gs_get_socket_connection_status
 .text.get_next_client_response
                0x00003640       0x2c ./wireless_interface.o
                0x00003640                get_next_client_response
 .text.hex_to_int
                0x0000366c       0x24 ./wireless_interface.o
                0x0000366c                hex_to_int
 .text.int_to_hex
                0x00003690       0x1a ./wireless_interface.o
                0x00003690                int_to_hex
 .text.initialize_web_server
                0x000036aa       0x20 ./wireless_interface.o
                0x000036aa                initialize_web_server
 .text.gs_send_activation_status_to_serial_terminal
                0x000036ca      0x106 ./wireless_interface.o
                0x000036ca                gs_send_activation_status_to_serial_terminal
 .text.gs_send_command_response_to_serial_terminal
                0x000037d0      0x12c ./wireless_interface.o
                0x000037d0                gs_send_command_response_to_serial_terminal
 .text.gs_reset_socket
                0x000038fc      0x162 ./wireless_interface.o
                0x000038fc                gs_reset_socket
 .text.gs_parse_command_response_tcp
                0x00003a5e      0x398 ./wireless_interface.o
                0x00003a5e                gs_parse_command_response_tcp
 .text.gs_parse_command_response
                0x00003df6       0xd8 ./wireless_interface.o
                0x00003df6                gs_parse_command_response
 .text.gs_flush
                0x00003ece       0x3e ./wireless_interface.o
                0x00003ece                gs_flush
 .text.gs_send_command
                0x00003f0c      0x6fa ./wireless_interface.o
                0x00003f0c                gs_send_command
 .text.gs_get_command_response
                0x00004606       0xcc ./wireless_interface.o
                0x00004606                gs_get_command_response
 .text.gs_read_data_from_socket
                0x000046d2      0x23c ./wireless_interface.o
                0x000046d2                gs_read_data_from_socket
 .text.gs_disconnect_deactivate_socket
                0x0000490e      0x17e ./wireless_interface.o
                0x0000490e                gs_disconnect_deactivate_socket
 .text.gs_enable_activate_socket
                0x00004a8c       0xaa ./wireless_interface.o
                0x00004a8c                gs_enable_activate_socket
 .text.start_web_server
                0x00004b36       0xc6 ./wireless_interface.o
                0x00004b36                start_web_server
 .text.gs_activate_wireless_connection
                0x00004bfc      0x256 ./wireless_interface.o
                0x00004bfc                gs_activate_wireless_connection
 .text.gs_initialize_gainspan
                0x00004e52      0x1c8 ./wireless_interface.o
                0x00004e52                gs_initialize_gainspan
 .text.gs_initialize_module
                0x0000501a       0x6e ./wireless_interface.o
                0x0000501a                gs_initialize_module
 .text.gs_set_webserver_authentication
                0x00005088       0x32 ./wireless_interface.o
                0x00005088                gs_set_webserver_authentication
 .text.gs_set_wireless_ssid
                0x000050ba       0x10 ./wireless_interface.o
                0x000050ba                gs_set_wireless_ssid
 .text.gs_set_wireless_configuration
                0x000050ca       0x8e ./wireless_interface.o
                0x000050ca                gs_set_wireless_configuration
 .text.gs_set_network_configuration
                0x00005158       0x54 ./wireless_interface.o
                0x00005158                gs_set_network_configuration
 .text.add_element_choice
                0x000051ac      0x112 ./wireless_interface.o
                0x000051ac                add_element_choice
 .text.configure_web_page
                0x000052be      0x1ae ./wireless_interface.o
                0x000052be                configure_web_page
 .text.gs_write_data_to_socket
                0x0000546c      0x1a8 ./wireless_interface.o
                0x0000546c                gs_write_data_to_socket
 .text.process_client_request
                0x00005614      0x446 ./wireless_interface.o
                0x00005614                process_client_request
 .text.hot      0x00005a5a      0x12a /Users/ryanoconnor/Documents/Arduino shit/FreeRTOS801/Release/libFreeRTOS801.a(port.o)
                0x00005af0                xPortStartScheduler
                0x00005b82                vPortEndScheduler
                0x00005a5a                pxPortInitialiseStack
 .text.vPortYieldFromTick
                0x00005b84       0xf8 /Users/ryanoconnor/Documents/Arduino shit/FreeRTOS801/Release/libFreeRTOS801.a(port.o)
                0x00005b84                vPortYieldFromTick
 .text.__vector_32
                0x00005c7c        0x6 /Users/ryanoconnor/Documents/Arduino shit/FreeRTOS801/Release/libFreeRTOS801.a(port.o)
                0x00005c7c                __vector_32
 .text.vPortYield
                0x00005c82       0xc2 /Users/ryanoconnor/Documents/Arduino shit/FreeRTOS801/Release/libFreeRTOS801.a(port.o)
                0x00005c82                vPortYield
 .text.I2C_Slave_Start_Transceiver
                0x00005d44       0x1a /Users/ryanoconnor/Documents/Arduino shit/FreeRTOS801/Release/libFreeRTOS801.a(i2cMultiMaster.o)
                0x00005d44                I2C_Slave_Start_Transceiver
 .text.I2C_Master_Start_Transceiver
                0x00005d5e       0x1a /Users/ryanoconnor/Documents/Arduino shit/FreeRTOS801/Release/libFreeRTOS801.a(i2cMultiMaster.o)
                0x00005d5e                I2C_Master_Start_Transceiver
 .text.I2C_Slave_Start_Transceiver_With_Data
                0x00005d78       0x40 /Users/ryanoconnor/Documents/Arduino shit/FreeRTOS801/Release/libFreeRTOS801.a(i2cMultiMaster.o)
                0x00005d78                I2C_Slave_Start_Transceiver_With_Data
 .text.I2C_Master_Start_Transceiver_With_Data
                0x00005db8       0x4e /Users/ryanoconnor/Documents/Arduino shit/FreeRTOS801/Release/libFreeRTOS801.a(i2cMultiMaster.o)
                0x00005db8                I2C_Master_Start_Transceiver_With_Data
 .text.I2C_Slave_Get_Data_From_Transceiver
                0x00005e06       0x48 /Users/ryanoconnor/Documents/Arduino shit/FreeRTOS801/Release/libFreeRTOS801.a(i2cMultiMaster.o)
                0x00005e06                I2C_Slave_Get_Data_From_Transceiver
 .text.I2C_Master_Get_Data_From_Transceiver
                0x00005e4e       0x40 /Users/ryanoconnor/Documents/Arduino shit/FreeRTOS801/Release/libFreeRTOS801.a(i2cMultiMaster.o)
                0x00005e4e                I2C_Master_Get_Data_From_Transceiver
 .text.I2C_Check_Free_After_Stop
                0x00005e8e       0x12 /Users/ryanoconnor/Documents/Arduino shit/FreeRTOS801/Release/libFreeRTOS801.a(i2cMultiMaster.o)
                0x00005e8e                I2C_Check_Free_After_Stop
 .text.I2C_Get_State_Info
                0x00005ea0        0xe /Users/ryanoconnor/Documents/Arduino shit/FreeRTOS801/Release/libFreeRTOS801.a(i2cMultiMaster.o)
                0x00005ea0                I2C_Get_State_Info
 .text.__vector_39
                0x00005eae      0x1b2 /Users/ryanoconnor/Documents/Arduino shit/FreeRTOS801/Release/libFreeRTOS801.a(i2cMultiMaster.o)
                0x00005eae                __vector_39
 .text.I2C_Master_Initialise
                0x00006060       0x60 /Users/ryanoconnor/Documents/Arduino shit/FreeRTOS801/Release/libFreeRTOS801.a(i2cMultiMaster.o)
                0x00006060                I2C_Master_Initialise
 .text.I2C_Slave_Initialise
                0x000060c0       0x50 /Users/ryanoconnor/Documents/Arduino shit/FreeRTOS801/Release/libFreeRTOS801.a(i2cMultiMaster.o)
                0x000060c0                I2C_Slave_Initialise
 .text.hot      0x00006110      0x2f8 /Users/ryanoconnor/Documents/Arduino shit/FreeRTOS801/Release/libFreeRTOS801.a(heap_4.o)
                0x00006110                xPortGetFreeHeapSize
                0x00006126                vPortFree
                0x0000620c                pvPortMalloc
                0x00006124                vPortInitialiseBlocks
                0x0000611a                xPortGetMinimumEverFreeHeapSize
 .text.hot      0x00006408      0xc06 /Users/ryanoconnor/Documents/Arduino shit/FreeRTOS801/Release/libFreeRTOS801.a(queue.o)
                0x000068fa                xQueueGenericSendFromISR
                0x00006488                xQueuePeekFromISR
                0x00006432                uxQueueGetQueueNumber
                0x0000646a                vQueueDelete
                0x00006a0c                xQueueGenericSend
                0x0000643e                ucQueueGetQueueType
                0x000064e2                xQueueReceiveFromISR
                0x00006f32                xQueueGenericCreate
                0x00006438                vQueueSetQueueNumber
                0x00006418                uxQueueSpacesAvailable
                0x00006454                xQueueIsQueueFullFromISR
                0x00006572                xQueueGenericReceive
                0x00006408                uxQueueMessagesWaiting
                0x00006ea2                xQueueGenericReset
                0x0000642c                uxQueueMessagesWaitingFromISR
                0x00006444                xQueueIsQueueEmptyFromISR
                0x00006dc0                xQueueCreateMutex
 .text.hot      0x0000700e     0x3098 /Users/ryanoconnor/Documents/Arduino shit/FreeRTOS801/Release/libFreeRTOS801.a(tasks.o)
                0x00007738                vTaskPlaceOnUnorderedEventList
                0x00007cbc                vTaskGetRunTimeStats
                0x00009cc4                vTaskEndScheduler
                0x00007816                vTaskPlaceOnEventList
                0x00009cd0                xTaskGenericCreate
                0x00007254                uxTaskGetStackHighWaterMark
                0x0000768a                xTaskResumeFromISR
                0x0000701a                xTaskGetTickCount
                0x00007442                xTaskRemoveFromEventList
                0x00009bfa                vTaskDelete
                0x00007058                xTaskCheckForTimeOut
                0x0000700e                vTaskSuspendAll
                0x00007030                xTaskGetTickCountFromISR
                0x000072ce                vTaskPriorityDisinherit
                0x00007332                vTaskPriorityInherit
                0x000092fc                vTaskResume
                0x000078e6                vTaskSwitchContext
                0x000070ec                vTaskSetTaskNumber
                0x00009388                vTaskSuspend
                0x0000703c                uxTaskGetNumberOfTasks
                0x0000880a                vTaskList
                0x000070de                uxTaskGetTaskNumber
                0x000098ba                vTaskDelayUntil
                0x00007292                xTaskGetCurrentTaskHandle
                0x000073d2                xTaskRemoveFromUnorderedEventList
                0x00007a42                xTaskResumeAll
                0x00009eda                vTaskStartScheduler
                0x000070d6                vTaskMissedYield
                0x000074d4                xTaskIncrementTick
                0x000095aa                vTaskDelay
                0x00007042                vTaskSetTimeOutState
                0x0000729e                uxTaskResetEventItemValue
 .text.uxTaskGetSystemState
                0x0000a0a6      0x102 /Users/ryanoconnor/Documents/Arduino shit/FreeRTOS801/Release/libFreeRTOS801.a(tasks.o)
                0x0000a0a6                uxTaskGetSystemState
 .text.vListInitialise
                0x0000a1a8       0x20 /Users/ryanoconnor/Documents/Arduino shit/FreeRTOS801/Release/libFreeRTOS801.a(list.o)
                0x0000a1a8                vListInitialise
 .text.vListInitialiseItem
                0x0000a1c8        0x8 /Users/ryanoconnor/Documents/Arduino shit/FreeRTOS801/Release/libFreeRTOS801.a(list.o)
                0x0000a1c8                vListInitialiseItem
 .text.vListInsertEnd
                0x0000a1d0       0x3e /Users/ryanoconnor/Documents/Arduino shit/FreeRTOS801/Release/libFreeRTOS801.a(list.o)
                0x0000a1d0                vListInsertEnd
 .text.vListInsert
                0x0000a20e       0x64 /Users/ryanoconnor/Documents/Arduino shit/FreeRTOS801/Release/libFreeRTOS801.a(list.o)
                0x0000a20e                vListInsert
 .text.uxListRemove
                0x0000a272       0x56 /Users/ryanoconnor/Documents/Arduino shit/FreeRTOS801/Release/libFreeRTOS801.a(list.o)
                0x0000a272                uxListRemove
 .text.xconfigTimerForRunTimeStats
                0x0000a2c8       0x18 /Users/ryanoconnor/Documents/Arduino shit/FreeRTOS801/Release/libFreeRTOS801.a(runtTimeStatsTimer.o)
                0x0000a2c8                xconfigTimerForRunTimeStats
 .text.fplib    0x0000a2e0        0x4 /Applications/Arduino.app/Contents/Resources/Java/hardware/tools/avr/bin/../lib/gcc/avr/4.3.2/../../../../avr/lib/avr6/libm.a(divsf3.o)
                0x0000a2e0                __divsf3
 .text.fplib    0x0000a2e4       0xcc /Applications/Arduino.app/Contents/Resources/Java/hardware/tools/avr/bin/../lib/gcc/avr/4.3.2/../../../../avr/lib/avr6/libm.a(divsf3x.o)
                0x0000a2fa                __divsf3x
                0x0000a2fe                __divsf3_pse
 .text.fplib    0x0000a3b0       0x58 /Applications/Arduino.app/Contents/Resources/Java/hardware/tools/avr/bin/../lib/gcc/avr/4.3.2/../../../../avr/lib/avr6/libm.a(fixunssfsi.o)
                0x0000a3b0                __fixunssfsi
 .text.fplib    0x0000a408       0x7a /Applications/Arduino.app/Contents/Resources/Java/hardware/tools/avr/bin/../lib/gcc/avr/4.3.2/../../../../avr/lib/avr6/libm.a(floatsisf.o)
                0x0000a40c                __floatsisf
                0x0000a408                __floatunsisf
 .text.fplib    0x0000a482        0xc /Applications/Arduino.app/Contents/Resources/Java/hardware/tools/avr/bin/../lib/gcc/avr/4.3.2/../../../../avr/lib/avr6/libm.a(fp_inf.o)
                0x0000a482                __fp_inf
 .text.fplib    0x0000a48e        0x6 /Applications/Arduino.app/Contents/Resources/Java/hardware/tools/avr/bin/../lib/gcc/avr/4.3.2/../../../../avr/lib/avr6/libm.a(fp_nan.o)
                0x0000a48e                __fp_nan
 .text.fplib    0x0000a494        0xe /Applications/Arduino.app/Contents/Resources/Java/hardware/tools/avr/bin/../lib/gcc/avr/4.3.2/../../../../avr/lib/avr6/libm.a(fp_pscA.o)
                0x0000a494                __fp_pscA
 .text.fplib    0x0000a4a2        0xe /Applications/Arduino.app/Contents/Resources/Java/hardware/tools/avr/bin/../lib/gcc/avr/4.3.2/../../../../avr/lib/avr6/libm.a(fp_pscB.o)
                0x0000a4a2                __fp_pscB
 .text.fplib    0x0000a4b0       0x22 /Applications/Arduino.app/Contents/Resources/Java/hardware/tools/avr/bin/../lib/gcc/avr/4.3.2/../../../../avr/lib/avr6/libm.a(fp_round.o)
                0x0000a4b0                __fp_round
 .text.fplib    0x0000a4d2       0x44 /Applications/Arduino.app/Contents/Resources/Java/hardware/tools/avr/bin/../lib/gcc/avr/4.3.2/../../../../avr/lib/avr6/libm.a(fp_split3.o)
                0x0000a4d2                __fp_split3
                0x0000a4e2                __fp_splitA
 .text.fplib    0x0000a516        0xe /Applications/Arduino.app/Contents/Resources/Java/hardware/tools/avr/bin/../lib/gcc/avr/4.3.2/../../../../avr/lib/avr6/libm.a(fp_zero.o)
                0x0000a516                __fp_zero
                0x0000a518                __fp_szero
 .text.fplib    0x0000a524        0x4 /Applications/Arduino.app/Contents/Resources/Java/hardware/tools/avr/bin/../lib/gcc/avr/4.3.2/../../../../avr/lib/avr6/libm.a(mulsf3.o)
                0x0000a524                __mulsf3
 .text.fplib    0x0000a528       0xc2 /Applications/Arduino.app/Contents/Resources/Java/hardware/tools/avr/bin/../lib/gcc/avr/4.3.2/../../../../avr/lib/avr6/libm.a(mulsf3x.o)
                0x0000a540                __mulsf3_pse
                0x0000a53c                __mulsf3x
 .text.libgcc   0x0000a5ea       0x3e /Applications/Arduino.app/Contents/Resources/Java/hardware/tools/avr/bin/../lib/gcc/avr/4.3.2/avr6/libgcc.a(_mulsi3.o)
                0x0000a5ea                __mulsi3
 .text.libgcc   0x0000a628       0x28 /Applications/Arduino.app/Contents/Resources/Java/hardware/tools/avr/bin/../lib/gcc/avr/4.3.2/avr6/libgcc.a(_udivmodhi4.o)
                0x0000a628                __udivmodhi4
 .text.libgcc   0x0000a650       0x26 /Applications/Arduino.app/Contents/Resources/Java/hardware/tools/avr/bin/../lib/gcc/avr/4.3.2/avr6/libgcc.a(_divmodhi4.o)
                0x0000a650                __divmodhi4
                0x0000a650                _div
 .text.libgcc   0x0000a676       0x44 /Applications/Arduino.app/Contents/Resources/Java/hardware/tools/avr/bin/../lib/gcc/avr/4.3.2/avr6/libgcc.a(_udivmodsi4.o)
                0x0000a676                __udivmodsi4
 .text.libgcc   0x0000a6ba       0x38 /Applications/Arduino.app/Contents/Resources/Java/hardware/tools/avr/bin/../lib/gcc/avr/4.3.2/avr6/libgcc.a(_prologue.o)
                0x0000a6ba                __prologue_saves__
 .text.libgcc   0x0000a6f2       0x36 /Applications/Arduino.app/Contents/Resources/Java/hardware/tools/avr/bin/../lib/gcc/avr/4.3.2/avr6/libgcc.a(_epilogue.o)
                0x0000a6f2                __epilogue_restores__
 .text.libgcc   0x0000a728        0x0 /Applications/Arduino.app/Contents/Resources/Java/hardware/tools/avr/bin/../lib/gcc/avr/4.3.2/avr6/libgcc.a(_exit.o)
 .text.libgcc   0x0000a728        0xc /Applications/Arduino.app/Contents/Resources/Java/hardware/tools/avr/bin/../lib/gcc/avr/4.3.2/avr6/libgcc.a(_tablejump.o)
                0x0000a72c                __tablejump__
                0x0000a728                __tablejump2__
 .text.libgcc   0x0000a734        0x0 /Applications/Arduino.app/Contents/Resources/Java/hardware/tools/avr/bin/../lib/gcc/avr/4.3.2/avr6/libgcc.a(_clear_bss.o)
                0x0000a734                . = ALIGN (0x2)
 *(.fini9)
 .fini9         0x0000a734        0x0 /Applications/Arduino.app/Contents/Resources/Java/hardware/tools/avr/bin/../lib/gcc/avr/4.3.2/avr6/libgcc.a(_exit.o)
                0x0000a734                exit
                0x0000a734                _exit
 *(.fini9)
 *(.fini8)
 *(.fini8)
 *(.fini7)
 *(.fini7)
 *(.fini6)
 *(.fini6)
 *(.fini5)
 *(.fini5)
 *(.fini4)
 *(.fini4)
 *(.fini3)
 *(.fini3)
 *(.fini2)
 *(.fini2)
 *(.fini1)
 *(.fini1)
 *(.fini0)
 .fini0         0x0000a734        0x4 /Applications/Arduino.app/Contents/Resources/Java/hardware/tools/avr/bin/../lib/gcc/avr/4.3.2/avr6/libgcc.a(_exit.o)
 *(.fini0)
                0x0000a738                _etext = .

.data           0x00800200      0x826 load address 0x0000a738
                0x00800200                PROVIDE (__data_start, .)
 *(.data)
 .data          0x00800200        0x0 /Applications/Arduino.app/Contents/Resources/Java/hardware/tools/avr/bin/../lib/gcc/avr/4.3.2/../../../../avr/lib/avr6/crtm2560.o
 .data          0x00800200        0xf ./LCD.o
 .data          0x0080020f        0x0 ./LED.o
 .data          0x0080020f        0x0 ./Movement.o
 .data          0x0080020f        0x0 ./ReadTmp.o
 .data          0x0080020f        0x0 ./Scan.o
 .data          0x0080020f        0x0 ./custom_timer.o
 .data          0x0080020f       0x66 ./main.o
 .data          0x00800275        0x0 ./motion.o
 .data          0x00800275        0x0 ./usart_serial.o
 .data          0x00800275      0x697 ./wireless_interface.o
 .data          0x0080090c        0x0 /Users/ryanoconnor/Documents/Arduino shit/FreeRTOS801/Release/libFreeRTOS801.a(port.o)
 .data          0x0080090c        0x0 /Users/ryanoconnor/Documents/Arduino shit/FreeRTOS801/Release/libFreeRTOS801.a(system_tick.o)
 .data          0x0080090c        0x0 /Users/ryanoconnor/Documents/Arduino shit/FreeRTOS801/Release/libFreeRTOS801.a(system_time.o)
 .data          0x0080090c        0x0 /Users/ryanoconnor/Documents/Arduino shit/FreeRTOS801/Release/libFreeRTOS801.a(i2cMultiMaster.o)
 .data          0x0080090c        0x0 /Users/ryanoconnor/Documents/Arduino shit/FreeRTOS801/Release/libFreeRTOS801.a(heap_4.o)
 .data          0x0080090c        0x0 /Users/ryanoconnor/Documents/Arduino shit/FreeRTOS801/Release/libFreeRTOS801.a(queue.o)
 .data          0x0080090c       0x35 /Users/ryanoconnor/Documents/Arduino shit/FreeRTOS801/Release/libFreeRTOS801.a(tasks.o)
 .data          0x00800941        0x0 /Users/ryanoconnor/Documents/Arduino shit/FreeRTOS801/Release/libFreeRTOS801.a(list.o)
 .data          0x00800941        0x0 /Users/ryanoconnor/Documents/Arduino shit/FreeRTOS801/Release/libFreeRTOS801.a(runtTimeStatsTimer.o)
 .data          0x00800941        0x0 /Applications/Arduino.app/Contents/Resources/Java/hardware/tools/avr/bin/../lib/gcc/avr/4.3.2/../../../../avr/lib/avr6/libm.a(divsf3.o)
 .data          0x00800941        0x0 /Applications/Arduino.app/Contents/Resources/Java/hardware/tools/avr/bin/../lib/gcc/avr/4.3.2/../../../../avr/lib/avr6/libm.a(divsf3x.o)
 .data          0x00800941        0x0 /Applications/Arduino.app/Contents/Resources/Java/hardware/tools/avr/bin/../lib/gcc/avr/4.3.2/../../../../avr/lib/avr6/libm.a(fixunssfsi.o)
 .data          0x00800941        0x0 /Applications/Arduino.app/Contents/Resources/Java/hardware/tools/avr/bin/../lib/gcc/avr/4.3.2/../../../../avr/lib/avr6/libm.a(floatsisf.o)
 .data          0x00800941        0x0 /Applications/Arduino.app/Contents/Resources/Java/hardware/tools/avr/bin/../lib/gcc/avr/4.3.2/../../../../avr/lib/avr6/libm.a(fp_inf.o)
 .data          0x00800941        0x0 /Applications/Arduino.app/Contents/Resources/Java/hardware/tools/avr/bin/../lib/gcc/avr/4.3.2/../../../../avr/lib/avr6/libm.a(fp_nan.o)
 .data          0x00800941        0x0 /Applications/Arduino.app/Contents/Resources/Java/hardware/tools/avr/bin/../lib/gcc/avr/4.3.2/../../../../avr/lib/avr6/libm.a(fp_pscA.o)
 .data          0x00800941        0x0 /Applications/Arduino.app/Contents/Resources/Java/hardware/tools/avr/bin/../lib/gcc/avr/4.3.2/../../../../avr/lib/avr6/libm.a(fp_pscB.o)
 .data          0x00800941        0x0 /Applications/Arduino.app/Contents/Resources/Java/hardware/tools/avr/bin/../lib/gcc/avr/4.3.2/../../../../avr/lib/avr6/libm.a(fp_round.o)
 .data          0x00800941        0x0 /Applications/Arduino.app/Contents/Resources/Java/hardware/tools/avr/bin/../lib/gcc/avr/4.3.2/../../../../avr/lib/avr6/libm.a(fp_split3.o)
 .data          0x00800941        0x0 /Applications/Arduino.app/Contents/Resources/Java/hardware/tools/avr/bin/../lib/gcc/avr/4.3.2/../../../../avr/lib/avr6/libm.a(fp_zero.o)
 .data          0x00800941        0x0 /Applications/Arduino.app/Contents/Resources/Java/hardware/tools/avr/bin/../lib/gcc/avr/4.3.2/../../../../avr/lib/avr6/libm.a(mulsf3.o)
 .data          0x00800941        0x0 /Applications/Arduino.app/Contents/Resources/Java/hardware/tools/avr/bin/../lib/gcc/avr/4.3.2/../../../../avr/lib/avr6/libm.a(mulsf3x.o)
 .data          0x00800941        0x0 /Applications/Arduino.app/Contents/Resources/Java/hardware/tools/avr/bin/../lib/gcc/avr/4.3.2/../../../../avr/lib/avr6/libprintf_flt.a(vfprintf_flt.o)
 .data          0x00800941        0x0 /Applications/Arduino.app/Contents/Resources/Java/hardware/tools/avr/bin/../lib/gcc/avr/4.3.2/avr6/libgcc.a(_mulsi3.o)
 .data          0x00800941        0x0 /Applications/Arduino.app/Contents/Resources/Java/hardware/tools/avr/bin/../lib/gcc/avr/4.3.2/avr6/libgcc.a(_udivmodhi4.o)
 .data          0x00800941        0x0 /Applications/Arduino.app/Contents/Resources/Java/hardware/tools/avr/bin/../lib/gcc/avr/4.3.2/avr6/libgcc.a(_divmodhi4.o)
 .data          0x00800941        0x0 /Applications/Arduino.app/Contents/Resources/Java/hardware/tools/avr/bin/../lib/gcc/avr/4.3.2/avr6/libgcc.a(_udivmodsi4.o)
 .data          0x00800941        0x0 /Applications/Arduino.app/Contents/Resources/Java/hardware/tools/avr/bin/../lib/gcc/avr/4.3.2/avr6/libgcc.a(_prologue.o)
 .data          0x00800941        0x0 /Applications/Arduino.app/Contents/Resources/Java/hardware/tools/avr/bin/../lib/gcc/avr/4.3.2/avr6/libgcc.a(_epilogue.o)
 .data          0x00800941        0x0 /Applications/Arduino.app/Contents/Resources/Java/hardware/tools/avr/bin/../lib/gcc/avr/4.3.2/avr6/libgcc.a(_exit.o)
 .data          0x00800941        0x0 /Applications/Arduino.app/Contents/Resources/Java/hardware/tools/avr/bin/../lib/gcc/avr/4.3.2/avr6/libgcc.a(_tablejump.o)
 .data          0x00800941        0x0 /Applications/Arduino.app/Contents/Resources/Java/hardware/tools/avr/bin/../lib/gcc/avr/4.3.2/avr6/libgcc.a(_clear_bss.o)
 .data          0x00800941        0x0 /Applications/Arduino.app/Contents/Resources/Java/hardware/tools/avr/bin/../lib/gcc/avr/4.3.2/../../../../avr/lib/avr6/libc.a(ftoa_engine.o)
 .data          0x00800941        0x0 /Applications/Arduino.app/Contents/Resources/Java/hardware/tools/avr/bin/../lib/gcc/avr/4.3.2/../../../../avr/lib/avr6/libc.a(strlen_P.o)
 .data          0x00800941        0x0 /Applications/Arduino.app/Contents/Resources/Java/hardware/tools/avr/bin/../lib/gcc/avr/4.3.2/../../../../avr/lib/avr6/libc.a(strnlen_P.o)
 .data          0x00800941        0x0 /Applications/Arduino.app/Contents/Resources/Java/hardware/tools/avr/bin/../lib/gcc/avr/4.3.2/../../../../avr/lib/avr6/libc.a(memcpy.o)
 .data          0x00800941        0x0 /Applications/Arduino.app/Contents/Resources/Java/hardware/tools/avr/bin/../lib/gcc/avr/4.3.2/../../../../avr/lib/avr6/libc.a(memset.o)
 .data          0x00800941        0x0 /Applications/Arduino.app/Contents/Resources/Java/hardware/tools/avr/bin/../lib/gcc/avr/4.3.2/../../../../avr/lib/avr6/libc.a(strcat.o)
 .data          0x00800941        0x0 /Applications/Arduino.app/Contents/Resources/Java/hardware/tools/avr/bin/../lib/gcc/avr/4.3.2/../../../../avr/lib/avr6/libc.a(strcpy.o)
 .data          0x00800941        0x0 /Applications/Arduino.app/Contents/Resources/Java/hardware/tools/avr/bin/../lib/gcc/avr/4.3.2/../../../../avr/lib/avr6/libc.a(strncat.o)
 .data          0x00800941        0x0 /Applications/Arduino.app/Contents/Resources/Java/hardware/tools/avr/bin/../lib/gcc/avr/4.3.2/../../../../avr/lib/avr6/libc.a(strncmp.o)
 .data          0x00800941        0x0 /Applications/Arduino.app/Contents/Resources/Java/hardware/tools/avr/bin/../lib/gcc/avr/4.3.2/../../../../avr/lib/avr6/libc.a(strncpy.o)
 .data          0x00800941        0x0 /Applications/Arduino.app/Contents/Resources/Java/hardware/tools/avr/bin/../lib/gcc/avr/4.3.2/../../../../avr/lib/avr6/libc.a(strnlen.o)
 .data          0x00800941        0x0 /Applications/Arduino.app/Contents/Resources/Java/hardware/tools/avr/bin/../lib/gcc/avr/4.3.2/../../../../avr/lib/avr6/libc.a(strstr.o)
 .data          0x00800941        0x0 /Applications/Arduino.app/Contents/Resources/Java/hardware/tools/avr/bin/../lib/gcc/avr/4.3.2/../../../../avr/lib/avr6/libc.a(fputc.o)
 .data          0x00800941        0x0 /Applications/Arduino.app/Contents/Resources/Java/hardware/tools/avr/bin/../lib/gcc/avr/4.3.2/../../../../avr/lib/avr6/libc.a(sprintf.o)
 .data          0x00800941        0x0 /Applications/Arduino.app/Contents/Resources/Java/hardware/tools/avr/bin/../lib/gcc/avr/4.3.2/../../../../avr/lib/avr6/libc.a(vsnprintf.o)
 .data          0x00800941        0x0 /Applications/Arduino.app/Contents/Resources/Java/hardware/tools/avr/bin/../lib/gcc/avr/4.3.2/../../../../avr/lib/avr6/libc.a(vsnprintf_p.o)
 .data          0x00800941        0x0 /Applications/Arduino.app/Contents/Resources/Java/hardware/tools/avr/bin/../lib/gcc/avr/4.3.2/../../../../avr/lib/avr6/libc.a(ultoa_invert.o)
 *(.data*)
 .data.readData.1527
                0x00800941        0x2 ./ReadTmp.o
 .data.usartReg
                0x00800943       0x28 ./usart_serial.o
                0x00800943                usartReg
 .data.gs_at_commands
                0x0080096b       0x56 ./wireless_interface.o
                0x0080096b                gs_at_commands
 .data.I2C_state
                0x008009c1        0x1 /Users/ryanoconnor/Documents/Arduino shit/FreeRTOS801/Release/libFreeRTOS801.a(i2cMultiMaster.o)
 .data.xMinimumEverFreeBytesRemaining
                0x008009c2        0x2 /Users/ryanoconnor/Documents/Arduino shit/FreeRTOS801/Release/libFreeRTOS801.a(heap_4.o)
 .data.xFreeBytesRemaining
                0x008009c4        0x2 /Users/ryanoconnor/Documents/Arduino shit/FreeRTOS801/Release/libFreeRTOS801.a(heap_4.o)
 .data.xNextTaskUnblockTime
                0x008009c6        0x2 /Users/ryanoconnor/Documents/Arduino shit/FreeRTOS801/Release/libFreeRTOS801.a(tasks.o)
 *(.rodata)
 *(.rodata*)
 .rodata.C.0.1535
                0x008009c8       0x12 ./ReadTmp.o
 .rodata.encoders
                0x008009da        0xe ./motion.o
 .rodata.tc_module_s
                0x008009e8       0x20 ./motion.o
 .rodata.motors
                0x00800a08       0x1e ./motion.o
 *(.gnu.linkonce.d*)
                0x00800a26                . = ALIGN (0x2)
                0x00800a26                _edata = .
                0x00800a26                PROVIDE (__data_end, .)

.bss            0x00800a26     0x13fa
                0x00800a26                PROVIDE (__bss_start, .)
 *(.bss)
 .bss           0x00800a26        0x0 /Applications/Arduino.app/Contents/Resources/Java/hardware/tools/avr/bin/../lib/gcc/avr/4.3.2/../../../../avr/lib/avr6/crtm2560.o
 .bss           0x00800a26        0x0 ./LCD.o
 .bss           0x00800a26        0x0 ./LED.o
 .bss           0x00800a26        0x0 ./Movement.o
 .bss           0x00800a26        0x0 ./ReadTmp.o
 .bss           0x00800a26        0x0 ./Scan.o
 .bss           0x00800a26        0x0 ./custom_timer.o
 .bss           0x00800a26        0x0 ./main.o
 .bss           0x00800a26        0x0 ./motion.o
 .bss           0x00800a26        0x0 ./usart_serial.o
 .bss           0x00800a26        0x0 ./wireless_interface.o
 .bss           0x00800a26        0x0 /Users/ryanoconnor/Documents/Arduino shit/FreeRTOS801/Release/libFreeRTOS801.a(port.o)
 .bss           0x00800a26        0x0 /Users/ryanoconnor/Documents/Arduino shit/FreeRTOS801/Release/libFreeRTOS801.a(system_tick.o)
 .bss           0x00800a26        0x0 /Users/ryanoconnor/Documents/Arduino shit/FreeRTOS801/Release/libFreeRTOS801.a(system_time.o)
 .bss           0x00800a26        0x0 /Users/ryanoconnor/Documents/Arduino shit/FreeRTOS801/Release/libFreeRTOS801.a(i2cMultiMaster.o)
 .bss           0x00800a26        0x0 /Users/ryanoconnor/Documents/Arduino shit/FreeRTOS801/Release/libFreeRTOS801.a(heap_4.o)
 .bss           0x00800a26        0x0 /Users/ryanoconnor/Documents/Arduino shit/FreeRTOS801/Release/libFreeRTOS801.a(queue.o)
 .bss           0x00800a26        0x0 /Users/ryanoconnor/Documents/Arduino shit/FreeRTOS801/Release/libFreeRTOS801.a(tasks.o)
 .bss           0x00800a26        0x0 /Users/ryanoconnor/Documents/Arduino shit/FreeRTOS801/Release/libFreeRTOS801.a(list.o)
 .bss           0x00800a26        0x0 /Users/ryanoconnor/Documents/Arduino shit/FreeRTOS801/Release/libFreeRTOS801.a(runtTimeStatsTimer.o)
 .bss           0x00800a26        0x0 /Applications/Arduino.app/Contents/Resources/Java/hardware/tools/avr/bin/../lib/gcc/avr/4.3.2/../../../../avr/lib/avr6/libm.a(divsf3.o)
 .bss           0x00800a26        0x0 /Applications/Arduino.app/Contents/Resources/Java/hardware/tools/avr/bin/../lib/gcc/avr/4.3.2/../../../../avr/lib/avr6/libm.a(divsf3x.o)
 .bss           0x00800a26        0x0 /Applications/Arduino.app/Contents/Resources/Java/hardware/tools/avr/bin/../lib/gcc/avr/4.3.2/../../../../avr/lib/avr6/libm.a(fixunssfsi.o)
 .bss           0x00800a26        0x0 /Applications/Arduino.app/Contents/Resources/Java/hardware/tools/avr/bin/../lib/gcc/avr/4.3.2/../../../../avr/lib/avr6/libm.a(floatsisf.o)
 .bss           0x00800a26        0x0 /Applications/Arduino.app/Contents/Resources/Java/hardware/tools/avr/bin/../lib/gcc/avr/4.3.2/../../../../avr/lib/avr6/libm.a(fp_inf.o)
 .bss           0x00800a26        0x0 /Applications/Arduino.app/Contents/Resources/Java/hardware/tools/avr/bin/../lib/gcc/avr/4.3.2/../../../../avr/lib/avr6/libm.a(fp_nan.o)
 .bss           0x00800a26        0x0 /Applications/Arduino.app/Contents/Resources/Java/hardware/tools/avr/bin/../lib/gcc/avr/4.3.2/../../../../avr/lib/avr6/libm.a(fp_pscA.o)
 .bss           0x00800a26        0x0 /Applications/Arduino.app/Contents/Resources/Java/hardware/tools/avr/bin/../lib/gcc/avr/4.3.2/../../../../avr/lib/avr6/libm.a(fp_pscB.o)
 .bss           0x00800a26        0x0 /Applications/Arduino.app/Contents/Resources/Java/hardware/tools/avr/bin/../lib/gcc/avr/4.3.2/../../../../avr/lib/avr6/libm.a(fp_round.o)
 .bss           0x00800a26        0x0 /Applications/Arduino.app/Contents/Resources/Java/hardware/tools/avr/bin/../lib/gcc/avr/4.3.2/../../../../avr/lib/avr6/libm.a(fp_split3.o)
 .bss           0x00800a26        0x0 /Applications/Arduino.app/Contents/Resources/Java/hardware/tools/avr/bin/../lib/gcc/avr/4.3.2/../../../../avr/lib/avr6/libm.a(fp_zero.o)
 .bss           0x00800a26        0x0 /Applications/Arduino.app/Contents/Resources/Java/hardware/tools/avr/bin/../lib/gcc/avr/4.3.2/../../../../avr/lib/avr6/libm.a(mulsf3.o)
 .bss           0x00800a26        0x0 /Applications/Arduino.app/Contents/Resources/Java/hardware/tools/avr/bin/../lib/gcc/avr/4.3.2/../../../../avr/lib/avr6/libm.a(mulsf3x.o)
 .bss           0x00800a26        0x0 /Applications/Arduino.app/Contents/Resources/Java/hardware/tools/avr/bin/../lib/gcc/avr/4.3.2/../../../../avr/lib/avr6/libprintf_flt.a(vfprintf_flt.o)
 .bss           0x00800a26        0x0 /Applications/Arduino.app/Contents/Resources/Java/hardware/tools/avr/bin/../lib/gcc/avr/4.3.2/avr6/libgcc.a(_mulsi3.o)
 .bss           0x00800a26        0x0 /Applications/Arduino.app/Contents/Resources/Java/hardware/tools/avr/bin/../lib/gcc/avr/4.3.2/avr6/libgcc.a(_udivmodhi4.o)
 .bss           0x00800a26        0x0 /Applications/Arduino.app/Contents/Resources/Java/hardware/tools/avr/bin/../lib/gcc/avr/4.3.2/avr6/libgcc.a(_divmodhi4.o)
 .bss           0x00800a26        0x0 /Applications/Arduino.app/Contents/Resources/Java/hardware/tools/avr/bin/../lib/gcc/avr/4.3.2/avr6/libgcc.a(_udivmodsi4.o)
 .bss           0x00800a26        0x0 /Applications/Arduino.app/Contents/Resources/Java/hardware/tools/avr/bin/../lib/gcc/avr/4.3.2/avr6/libgcc.a(_prologue.o)
 .bss           0x00800a26        0x0 /Applications/Arduino.app/Contents/Resources/Java/hardware/tools/avr/bin/../lib/gcc/avr/4.3.2/avr6/libgcc.a(_epilogue.o)
 .bss           0x00800a26        0x0 /Applications/Arduino.app/Contents/Resources/Java/hardware/tools/avr/bin/../lib/gcc/avr/4.3.2/avr6/libgcc.a(_exit.o)
 .bss           0x00800a26        0x0 /Applications/Arduino.app/Contents/Resources/Java/hardware/tools/avr/bin/../lib/gcc/avr/4.3.2/avr6/libgcc.a(_tablejump.o)
 .bss           0x00800a26        0x0 /Applications/Arduino.app/Contents/Resources/Java/hardware/tools/avr/bin/../lib/gcc/avr/4.3.2/avr6/libgcc.a(_clear_bss.o)
 .bss           0x00800a26        0x0 /Applications/Arduino.app/Contents/Resources/Java/hardware/tools/avr/bin/../lib/gcc/avr/4.3.2/../../../../avr/lib/avr6/libc.a(ftoa_engine.o)
 .bss           0x00800a26        0x0 /Applications/Arduino.app/Contents/Resources/Java/hardware/tools/avr/bin/../lib/gcc/avr/4.3.2/../../../../avr/lib/avr6/libc.a(strlen_P.o)
 .bss           0x00800a26        0x0 /Applications/Arduino.app/Contents/Resources/Java/hardware/tools/avr/bin/../lib/gcc/avr/4.3.2/../../../../avr/lib/avr6/libc.a(strnlen_P.o)
 .bss           0x00800a26        0x0 /Applications/Arduino.app/Contents/Resources/Java/hardware/tools/avr/bin/../lib/gcc/avr/4.3.2/../../../../avr/lib/avr6/libc.a(memcpy.o)
 .bss           0x00800a26        0x0 /Applications/Arduino.app/Contents/Resources/Java/hardware/tools/avr/bin/../lib/gcc/avr/4.3.2/../../../../avr/lib/avr6/libc.a(memset.o)
 .bss           0x00800a26        0x0 /Applications/Arduino.app/Contents/Resources/Java/hardware/tools/avr/bin/../lib/gcc/avr/4.3.2/../../../../avr/lib/avr6/libc.a(strcat.o)
 .bss           0x00800a26        0x0 /Applications/Arduino.app/Contents/Resources/Java/hardware/tools/avr/bin/../lib/gcc/avr/4.3.2/../../../../avr/lib/avr6/libc.a(strcpy.o)
 .bss           0x00800a26        0x0 /Applications/Arduino.app/Contents/Resources/Java/hardware/tools/avr/bin/../lib/gcc/avr/4.3.2/../../../../avr/lib/avr6/libc.a(strncat.o)
 .bss           0x00800a26        0x0 /Applications/Arduino.app/Contents/Resources/Java/hardware/tools/avr/bin/../lib/gcc/avr/4.3.2/../../../../avr/lib/avr6/libc.a(strncmp.o)
 .bss           0x00800a26        0x0 /Applications/Arduino.app/Contents/Resources/Java/hardware/tools/avr/bin/../lib/gcc/avr/4.3.2/../../../../avr/lib/avr6/libc.a(strncpy.o)
 .bss           0x00800a26        0x0 /Applications/Arduino.app/Contents/Resources/Java/hardware/tools/avr/bin/../lib/gcc/avr/4.3.2/../../../../avr/lib/avr6/libc.a(strnlen.o)
 .bss           0x00800a26        0x0 /Applications/Arduino.app/Contents/Resources/Java/hardware/tools/avr/bin/../lib/gcc/avr/4.3.2/../../../../avr/lib/avr6/libc.a(strstr.o)
 .bss           0x00800a26        0x0 /Applications/Arduino.app/Contents/Resources/Java/hardware/tools/avr/bin/../lib/gcc/avr/4.3.2/../../../../avr/lib/avr6/libc.a(fputc.o)
 .bss           0x00800a26        0x0 /Applications/Arduino.app/Contents/Resources/Java/hardware/tools/avr/bin/../lib/gcc/avr/4.3.2/../../../../avr/lib/avr6/libc.a(sprintf.o)
 .bss           0x00800a26        0x0 /Applications/Arduino.app/Contents/Resources/Java/hardware/tools/avr/bin/../lib/gcc/avr/4.3.2/../../../../avr/lib/avr6/libc.a(vsnprintf.o)
 .bss           0x00800a26        0x0 /Applications/Arduino.app/Contents/Resources/Java/hardware/tools/avr/bin/../lib/gcc/avr/4.3.2/../../../../avr/lib/avr6/libc.a(vsnprintf_p.o)
 .bss           0x00800a26        0x0 /Applications/Arduino.app/Contents/Resources/Java/hardware/tools/avr/bin/../lib/gcc/avr/4.3.2/../../../../avr/lib/avr6/libc.a(ultoa_invert.o)
 *(.bss*)
 .bss.currentTemp
                0x00800a26        0x1 ./ReadTmp.o
 .bss.spikeDirection.1541
                0x00800a27        0x2 ./Scan.o
 .bss.timer_counter_timer0
                0x00800a29        0x9 ./custom_timer.o
 .bss.tov_cntr  0x00800a32        0x8 ./motion.o
 .bss.last_icr  0x00800a3a        0x4 ./motion.o
 .bss.new_data  0x00800a3e        0x8 ./motion.o
 .bss.new_data_available
                0x00800a46        0x4 ./motion.o
 .bss.defaultUSART
                0x00800a4a        0x2 ./usart_serial.o
                0x00800a4a                defaultUSART
 .bss.client_response_buffer_write_pointer
                0x00800a4c        0x1 ./wireless_interface.o
                0x00800a4c                client_response_buffer_write_pointer
 .bss.client_response_buffer_read_pointer
                0x00800a4d        0x1 ./wireless_interface.o
                0x00800a4d                client_response_buffer_read_pointer
 .bss.web_server_status
                0x00800a4e        0x2 ./wireless_interface.o
                0x00800a4e                web_server_status
 .bss.portTickRateHz
                0x00800a50        0x2 /Users/ryanoconnor/Documents/Arduino shit/FreeRTOS801/Release/libFreeRTOS801.a(port.o)
 .bss.ticksRemainingInSec
                0x00800a52        0x2 /Users/ryanoconnor/Documents/Arduino shit/FreeRTOS801/Release/libFreeRTOS801.a(port.o)
 .bss.xI2CSemaphore
                0x00800a54        0x2 /Users/ryanoconnor/Documents/Arduino shit/FreeRTOS801/Release/libFreeRTOS801.a(i2cMultiMaster.o)
                0x00800a54                xI2CSemaphore
 .bss.I2C_statusReg
                0x00800a56        0x1 /Users/ryanoconnor/Documents/Arduino shit/FreeRTOS801/Release/libFreeRTOS801.a(i2cMultiMaster.o)
                0x00800a56                I2C_statusReg
 .bss.I2C_checkBusyAfterStop
                0x00800a57        0x1 /Users/ryanoconnor/Documents/Arduino shit/FreeRTOS801/Release/libFreeRTOS801.a(i2cMultiMaster.o)
 .bss.I2C_bufPtr.1864
                0x00800a58        0x1 /Users/ryanoconnor/Documents/Arduino shit/FreeRTOS801/Release/libFreeRTOS801.a(i2cMultiMaster.o)
 .bss.I2C_buf   0x00800a59       0x18 /Users/ryanoconnor/Documents/Arduino shit/FreeRTOS801/Release/libFreeRTOS801.a(i2cMultiMaster.o)
 .bss.I2C_msgSize
                0x00800a71        0x1 /Users/ryanoconnor/Documents/Arduino shit/FreeRTOS801/Release/libFreeRTOS801.a(i2cMultiMaster.o)
 .bss.xBlockAllocatedBit
                0x00800a72        0x2 /Users/ryanoconnor/Documents/Arduino shit/FreeRTOS801/Release/libFreeRTOS801.a(heap_4.o)
 .bss.pxEnd     0x00800a74        0x2 /Users/ryanoconnor/Documents/Arduino shit/FreeRTOS801/Release/libFreeRTOS801.a(heap_4.o)
 .bss.ucHeap    0x00800a76     0x1200 /Users/ryanoconnor/Documents/Arduino shit/FreeRTOS801/Release/libFreeRTOS801.a(heap_4.o)
 .bss.xStart    0x00801c76        0x4 /Users/ryanoconnor/Documents/Arduino shit/FreeRTOS801/Release/libFreeRTOS801.a(heap_4.o)
 .bss.pxCurrentTCB
                0x00801c7a        0x2 /Users/ryanoconnor/Documents/Arduino shit/FreeRTOS801/Release/libFreeRTOS801.a(tasks.o)
                0x00801c7a                pxCurrentTCB
 .bss.uxCurrentNumberOfTasks
                0x00801c7c        0x1 /Users/ryanoconnor/Documents/Arduino shit/FreeRTOS801/Release/libFreeRTOS801.a(tasks.o)
 .bss.uxTopReadyPriority
                0x00801c7d        0x1 /Users/ryanoconnor/Documents/Arduino shit/FreeRTOS801/Release/libFreeRTOS801.a(tasks.o)
 .bss.xYieldPending
                0x00801c7e        0x1 /Users/ryanoconnor/Documents/Arduino shit/FreeRTOS801/Release/libFreeRTOS801.a(tasks.o)
 .bss.xTickCount
                0x00801c7f        0x2 /Users/ryanoconnor/Documents/Arduino shit/FreeRTOS801/Release/libFreeRTOS801.a(tasks.o)
 .bss.xNumOfOverflows
                0x00801c81        0x1 /Users/ryanoconnor/Documents/Arduino shit/FreeRTOS801/Release/libFreeRTOS801.a(tasks.o)
 .bss.uxSchedulerSuspended
                0x00801c82        0x1 /Users/ryanoconnor/Documents/Arduino shit/FreeRTOS801/Release/libFreeRTOS801.a(tasks.o)
 .bss.ulTotalRunTime
                0x00801c83        0x4 /Users/ryanoconnor/Documents/Arduino shit/FreeRTOS801/Release/libFreeRTOS801.a(tasks.o)
 .bss.ulTaskSwitchedInTime
                0x00801c87        0x4 /Users/ryanoconnor/Documents/Arduino shit/FreeRTOS801/Release/libFreeRTOS801.a(tasks.o)
 .bss.uxPendedTicks
                0x00801c8b        0x1 /Users/ryanoconnor/Documents/Arduino shit/FreeRTOS801/Release/libFreeRTOS801.a(tasks.o)
 .bss.xSchedulerRunning
                0x00801c8c        0x1 /Users/ryanoconnor/Documents/Arduino shit/FreeRTOS801/Release/libFreeRTOS801.a(tasks.o)
 .bss.uxTasksDeleted
                0x00801c8d        0x1 /Users/ryanoconnor/Documents/Arduino shit/FreeRTOS801/Release/libFreeRTOS801.a(tasks.o)
 .bss.uxTaskNumber
                0x00801c8e        0x1 /Users/ryanoconnor/Documents/Arduino shit/FreeRTOS801/Release/libFreeRTOS801.a(tasks.o)
 .bss.pxReadyTasksLists
                0x00801c8f       0x24 /Users/ryanoconnor/Documents/Arduino shit/FreeRTOS801/Release/libFreeRTOS801.a(tasks.o)
 .bss.xDelayedTaskList1
                0x00801cb3        0x9 /Users/ryanoconnor/Documents/Arduino shit/FreeRTOS801/Release/libFreeRTOS801.a(tasks.o)
 .bss.xDelayedTaskList2
                0x00801cbc        0x9 /Users/ryanoconnor/Documents/Arduino shit/FreeRTOS801/Release/libFreeRTOS801.a(tasks.o)
 .bss.pxDelayedTaskList
                0x00801cc5        0x2 /Users/ryanoconnor/Documents/Arduino shit/FreeRTOS801/Release/libFreeRTOS801.a(tasks.o)
 .bss.pxOverflowDelayedTaskList
                0x00801cc7        0x2 /Users/ryanoconnor/Documents/Arduino shit/FreeRTOS801/Release/libFreeRTOS801.a(tasks.o)
 .bss.xPendingReadyList
                0x00801cc9        0x9 /Users/ryanoconnor/Documents/Arduino shit/FreeRTOS801/Release/libFreeRTOS801.a(tasks.o)
 .bss.xTasksWaitingTermination
                0x00801cd2        0x9 /Users/ryanoconnor/Documents/Arduino shit/FreeRTOS801/Release/libFreeRTOS801.a(tasks.o)
 .bss.xSuspendedTaskList
                0x00801cdb        0x9 /Users/ryanoconnor/Documents/Arduino shit/FreeRTOS801/Release/libFreeRTOS801.a(tasks.o)
 *(COMMON)
 COMMON         0x00801ce4       0x3e ./main.o
                0x00801ce4                speedDisplay
                0x00801ce5                rest
                0x00801ce6                distanceDisplay
                0x00801ce8                clientRequest
                0x00801ce9                avgTemperature
                0x00801cea                ticCount
                0x00801cec                counter
                0x00801cee                lcdString
                0x00801d0e                result
                0x00801d20                usartfd
 COMMON         0x00801d22       0x78 ./usart_serial.o
                0x00801d22                usartComBuf
 COMMON         0x00801d9a       0x82 ./wireless_interface.o
                0x00801d9a                client_web_page
                0x00801dbf                wifi_client
                0x00801dc0                gainspan
                0x00801e17                client_response_buffer
                0x00801e19                wifi_server
 COMMON         0x00801e1c        0x4 /Users/ryanoconnor/Documents/Arduino shit/FreeRTOS801/Release/libFreeRTOS801.a(system_time.o)
                0x00801e1c                __system_time
                0x00801e20                PROVIDE (__bss_end, .)
                0x0000a738                __data_load_start = LOADADDR (.data)
                0x0000af5e                __data_load_end = (__data_load_start + SIZEOF (.data))

.noinit         0x00801e20        0x0
                0x00801e20                PROVIDE (__noinit_start, .)
 *(.noinit*)
                0x00801e20                PROVIDE (__noinit_end, .)
                0x00801e20                _end = .
                0x00801e20                PROVIDE (__heap_start, .)

.eeprom         0x00810000        0x0
 *(.eeprom*)
                0x00810000                __eeprom_end = .

.fuse
 *(.fuse)
 *(.lfuse)
 *(.hfuse)
 *(.efuse)

.lock
 *(.lock*)

.signature
 *(.signature*)

.stab
 *(.stab)

.stabstr
 *(.stabstr)

.stab.excl
 *(.stab.excl)

.stab.exclstr
 *(.stab.exclstr)

.stab.index
 *(.stab.index)

.stab.indexstr
 *(.stab.indexstr)

.comment
 *(.comment)

.debug
 *(.debug)

.line
 *(.line)

.debug_srcinfo
 *(.debug_srcinfo)

.debug_sfnames
 *(.debug_sfnames)

.debug_aranges  0x00000000       0xa0
 *(.debug_aranges)
 .debug_aranges
                0x00000000       0x20 /Applications/Arduino.app/Contents/Resources/Java/hardware/tools/avr/bin/../lib/gcc/avr/4.3.2/../../../../avr/lib/avr6/libprintf_flt.a(vfprintf_flt.o)
 .debug_aranges
                0x00000020       0x20 /Applications/Arduino.app/Contents/Resources/Java/hardware/tools/avr/bin/../lib/gcc/avr/4.3.2/../../../../avr/lib/avr6/libc.a(fputc.o)
 .debug_aranges
                0x00000040       0x20 /Applications/Arduino.app/Contents/Resources/Java/hardware/tools/avr/bin/../lib/gcc/avr/4.3.2/../../../../avr/lib/avr6/libc.a(sprintf.o)
 .debug_aranges
                0x00000060       0x20 /Applications/Arduino.app/Contents/Resources/Java/hardware/tools/avr/bin/../lib/gcc/avr/4.3.2/../../../../avr/lib/avr6/libc.a(vsnprintf.o)
 .debug_aranges
                0x00000080       0x20 /Applications/Arduino.app/Contents/Resources/Java/hardware/tools/avr/bin/../lib/gcc/avr/4.3.2/../../../../avr/lib/avr6/libc.a(vsnprintf_p.o)

.debug_pubnames
                0x00000000       0x9b
 *(.debug_pubnames)
 .debug_pubnames
                0x00000000       0x1f /Applications/Arduino.app/Contents/Resources/Java/hardware/tools/avr/bin/../lib/gcc/avr/4.3.2/../../../../avr/lib/avr6/libprintf_flt.a(vfprintf_flt.o)
 .debug_pubnames
                0x0000001f       0x1c /Applications/Arduino.app/Contents/Resources/Java/hardware/tools/avr/bin/../lib/gcc/avr/4.3.2/../../../../avr/lib/avr6/libc.a(fputc.o)
 .debug_pubnames
                0x0000003b       0x1e /Applications/Arduino.app/Contents/Resources/Java/hardware/tools/avr/bin/../lib/gcc/avr/4.3.2/../../../../avr/lib/avr6/libc.a(sprintf.o)
 .debug_pubnames
                0x00000059       0x20 /Applications/Arduino.app/Contents/Resources/Java/hardware/tools/avr/bin/../lib/gcc/avr/4.3.2/../../../../avr/lib/avr6/libc.a(vsnprintf.o)
 .debug_pubnames
                0x00000079       0x22 /Applications/Arduino.app/Contents/Resources/Java/hardware/tools/avr/bin/../lib/gcc/avr/4.3.2/../../../../avr/lib/avr6/libc.a(vsnprintf_p.o)

.debug_info     0x00000000      0xad9
 *(.debug_info)
 .debug_info    0x00000000      0x41d /Applications/Arduino.app/Contents/Resources/Java/hardware/tools/avr/bin/../lib/gcc/avr/4.3.2/../../../../avr/lib/avr6/libprintf_flt.a(vfprintf_flt.o)
 .debug_info    0x0000041d      0x166 /Applications/Arduino.app/Contents/Resources/Java/hardware/tools/avr/bin/../lib/gcc/avr/4.3.2/../../../../avr/lib/avr6/libc.a(fputc.o)
 .debug_info    0x00000583      0x1b0 /Applications/Arduino.app/Contents/Resources/Java/hardware/tools/avr/bin/../lib/gcc/avr/4.3.2/../../../../avr/lib/avr6/libc.a(sprintf.o)
 .debug_info    0x00000733      0x1d3 /Applications/Arduino.app/Contents/Resources/Java/hardware/tools/avr/bin/../lib/gcc/avr/4.3.2/../../../../avr/lib/avr6/libc.a(vsnprintf.o)
 .debug_info    0x00000906      0x1d3 /Applications/Arduino.app/Contents/Resources/Java/hardware/tools/avr/bin/../lib/gcc/avr/4.3.2/../../../../avr/lib/avr6/libc.a(vsnprintf_p.o)
 *(.gnu.linkonce.wi.*)

.debug_abbrev   0x00000000      0x54a
 *(.debug_abbrev)
 .debug_abbrev  0x00000000      0x18f /Applications/Arduino.app/Contents/Resources/Java/hardware/tools/avr/bin/../lib/gcc/avr/4.3.2/../../../../avr/lib/avr6/libprintf_flt.a(vfprintf_flt.o)
 .debug_abbrev  0x0000018f       0xd9 /Applications/Arduino.app/Contents/Resources/Java/hardware/tools/avr/bin/../lib/gcc/avr/4.3.2/../../../../avr/lib/avr6/libc.a(fputc.o)
 .debug_abbrev  0x00000268      0x10c /Applications/Arduino.app/Contents/Resources/Java/hardware/tools/avr/bin/../lib/gcc/avr/4.3.2/../../../../avr/lib/avr6/libc.a(sprintf.o)
 .debug_abbrev  0x00000374       0xeb /Applications/Arduino.app/Contents/Resources/Java/hardware/tools/avr/bin/../lib/gcc/avr/4.3.2/../../../../avr/lib/avr6/libc.a(vsnprintf.o)
 .debug_abbrev  0x0000045f       0xeb /Applications/Arduino.app/Contents/Resources/Java/hardware/tools/avr/bin/../lib/gcc/avr/4.3.2/../../../../avr/lib/avr6/libc.a(vsnprintf_p.o)

.debug_line     0x00000000      0xbad
 *(.debug_line)
 .debug_line    0x00000000      0x740 /Applications/Arduino.app/Contents/Resources/Java/hardware/tools/avr/bin/../lib/gcc/avr/4.3.2/../../../../avr/lib/avr6/libprintf_flt.a(vfprintf_flt.o)
 .debug_line    0x00000740       0xd0 /Applications/Arduino.app/Contents/Resources/Java/hardware/tools/avr/bin/../lib/gcc/avr/4.3.2/../../../../avr/lib/avr6/libc.a(fputc.o)
 .debug_line    0x00000810      0x125 /Applications/Arduino.app/Contents/Resources/Java/hardware/tools/avr/bin/../lib/gcc/avr/4.3.2/../../../../avr/lib/avr6/libc.a(sprintf.o)
 .debug_line    0x00000935      0x13b /Applications/Arduino.app/Contents/Resources/Java/hardware/tools/avr/bin/../lib/gcc/avr/4.3.2/../../../../avr/lib/avr6/libc.a(vsnprintf.o)
 .debug_line    0x00000a70      0x13d /Applications/Arduino.app/Contents/Resources/Java/hardware/tools/avr/bin/../lib/gcc/avr/4.3.2/../../../../avr/lib/avr6/libc.a(vsnprintf_p.o)

.debug_frame    0x00000000       0xa0
 *(.debug_frame)
 .debug_frame   0x00000000       0x20 /Applications/Arduino.app/Contents/Resources/Java/hardware/tools/avr/bin/../lib/gcc/avr/4.3.2/../../../../avr/lib/avr6/libprintf_flt.a(vfprintf_flt.o)
 .debug_frame   0x00000020       0x20 /Applications/Arduino.app/Contents/Resources/Java/hardware/tools/avr/bin/../lib/gcc/avr/4.3.2/../../../../avr/lib/avr6/libc.a(fputc.o)
 .debug_frame   0x00000040       0x20 /Applications/Arduino.app/Contents/Resources/Java/hardware/tools/avr/bin/../lib/gcc/avr/4.3.2/../../../../avr/lib/avr6/libc.a(sprintf.o)
 .debug_frame   0x00000060       0x20 /Applications/Arduino.app/Contents/Resources/Java/hardware/tools/avr/bin/../lib/gcc/avr/4.3.2/../../../../avr/lib/avr6/libc.a(vsnprintf.o)
 .debug_frame   0x00000080       0x20 /Applications/Arduino.app/Contents/Resources/Java/hardware/tools/avr/bin/../lib/gcc/avr/4.3.2/../../../../avr/lib/avr6/libc.a(vsnprintf_p.o)

.debug_str      0x00000000      0x21a
 *(.debug_str)
 .debug_str     0x00000000      0x17a /Applications/Arduino.app/Contents/Resources/Java/hardware/tools/avr/bin/../lib/gcc/avr/4.3.2/../../../../avr/lib/avr6/libprintf_flt.a(vfprintf_flt.o)
                                0x1bb (size before relaxing)
 .debug_str     0x0000017a       0x22 /Applications/Arduino.app/Contents/Resources/Java/hardware/tools/avr/bin/../lib/gcc/avr/4.3.2/../../../../avr/lib/avr6/libc.a(fputc.o)
                                0x125 (size before relaxing)
 .debug_str     0x0000019c       0x26 /Applications/Arduino.app/Contents/Resources/Java/hardware/tools/avr/bin/../lib/gcc/avr/4.3.2/../../../../avr/lib/avr6/libc.a(sprintf.o)
                                0x14b (size before relaxing)
 .debug_str     0x000001c2       0x2a /Applications/Arduino.app/Contents/Resources/Java/hardware/tools/avr/bin/../lib/gcc/avr/4.3.2/../../../../avr/lib/avr6/libc.a(vsnprintf.o)
                                0x156 (size before relaxing)
 .debug_str     0x000001ec       0x2e /Applications/Arduino.app/Contents/Resources/Java/hardware/tools/avr/bin/../lib/gcc/avr/4.3.2/../../../../avr/lib/avr6/libc.a(vsnprintf_p.o)
                                0x15a (size before relaxing)

.debug_loc      0x00000000      0xb0f
 *(.debug_loc)
 .debug_loc     0x00000000      0x9ab /Applications/Arduino.app/Contents/Resources/Java/hardware/tools/avr/bin/../lib/gcc/avr/4.3.2/../../../../avr/lib/avr6/libprintf_flt.a(vfprintf_flt.o)
 .debug_loc     0x000009ab       0x60 /Applications/Arduino.app/Contents/Resources/Java/hardware/tools/avr/bin/../lib/gcc/avr/4.3.2/../../../../avr/lib/avr6/libc.a(fputc.o)
 .debug_loc     0x00000a0b       0x24 /Applications/Arduino.app/Contents/Resources/Java/hardware/tools/avr/bin/../lib/gcc/avr/4.3.2/../../../../avr/lib/avr6/libc.a(sprintf.o)
 .debug_loc     0x00000a2f       0x70 /Applications/Arduino.app/Contents/Resources/Java/hardware/tools/avr/bin/../lib/gcc/avr/4.3.2/../../../../avr/lib/avr6/libc.a(vsnprintf.o)
 .debug_loc     0x00000a9f       0x70 /Applications/Arduino.app/Contents/Resources/Java/hardware/tools/avr/bin/../lib/gcc/avr/4.3.2/../../../../avr/lib/avr6/libc.a(vsnprintf_p.o)

.debug_macinfo
 *(.debug_macinfo)
OUTPUT(ProjectTemplate.elf elf32-avr)
LOAD linker stubs

.debug_ranges   0x00000000       0x18
 .debug_ranges  0x00000000       0x18 /Applications/Arduino.app/Contents/Resources/Java/hardware/tools/avr/bin/../lib/gcc/avr/4.3.2/../../../../avr/lib/avr6/libprintf_flt.a(vfprintf_flt.o)
