Archive member included because of file (symbol)

/Users/jayhe/Documents/CEG4166/FreeRTOS801/Release/libFreeRTOS801.a(i2cMultiMaster.o)
                              ./ReadTmp.o (I2C_Master_Start_Transceiver_With_Data)
/Users/jayhe/Documents/CEG4166/FreeRTOS801/Release/libFreeRTOS801.a(queue.o)
                              /Users/jayhe/Documents/CEG4166/FreeRTOS801/Release/libFreeRTOS801.a(i2cMultiMaster.o) (xQueueGenericSend)
/Users/jayhe/Documents/CEG4166/FreeRTOS801/Release/libFreeRTOS801.a(tasks.o)
                              /Users/jayhe/Documents/CEG4166/FreeRTOS801/Release/libFreeRTOS801.a(queue.o) (vTaskSuspendAll)
/Users/jayhe/Documents/CEG4166/FreeRTOS801/Release/libFreeRTOS801.a(port.o)
                              /Users/jayhe/Documents/CEG4166/FreeRTOS801/Release/libFreeRTOS801.a(tasks.o) (pxPortInitialiseStack)
/Users/jayhe/Documents/CEG4166/FreeRTOS801/Release/libFreeRTOS801.a(system_tick.o)
                              /Users/jayhe/Documents/CEG4166/FreeRTOS801/Release/libFreeRTOS801.a(port.o) (system_tick)
/Users/jayhe/Documents/CEG4166/FreeRTOS801/Release/libFreeRTOS801.a(system_time.o)
                              /Users/jayhe/Documents/CEG4166/FreeRTOS801/Release/libFreeRTOS801.a(system_tick.o) (__system_time)
/Users/jayhe/Documents/CEG4166/FreeRTOS801/Release/libFreeRTOS801.a(heap_4.o)
                              /Users/jayhe/Documents/CEG4166/FreeRTOS801/Release/libFreeRTOS801.a(queue.o) (vPortFree)
/Users/jayhe/Documents/CEG4166/FreeRTOS801/Release/libFreeRTOS801.a(list.o)
                              /Users/jayhe/Documents/CEG4166/FreeRTOS801/Release/libFreeRTOS801.a(queue.o) (vListInitialise)
/Users/jayhe/Documents/CEG4166/FreeRTOS801/Release/libFreeRTOS801.a(runtTimeStatsTimer.o)
                              /Users/jayhe/Documents/CEG4166/FreeRTOS801/Release/libFreeRTOS801.a(tasks.o) (xconfigTimerForRunTimeStats)
/Applications/Arduino.app/Contents/Resources/Java/hardware/tools/avr/bin/../lib/gcc/avr/4.3.2/../../../../avr/lib/avr6/libm.a(addsf3.o)
                              ./LCD.o (__addsf3)
/Applications/Arduino.app/Contents/Resources/Java/hardware/tools/avr/bin/../lib/gcc/avr/4.3.2/../../../../avr/lib/avr6/libm.a(addsf3x.o)
                              /Applications/Arduino.app/Contents/Resources/Java/hardware/tools/avr/bin/../lib/gcc/avr/4.3.2/../../../../avr/lib/avr6/libm.a(addsf3.o) (__addsf3x)
/Applications/Arduino.app/Contents/Resources/Java/hardware/tools/avr/bin/../lib/gcc/avr/4.3.2/../../../../avr/lib/avr6/libm.a(floatsisf.o)
                              ./LCD.o (__floatsisf)
/Applications/Arduino.app/Contents/Resources/Java/hardware/tools/avr/bin/../lib/gcc/avr/4.3.2/../../../../avr/lib/avr6/libm.a(fp_inf.o)
                              /Applications/Arduino.app/Contents/Resources/Java/hardware/tools/avr/bin/../lib/gcc/avr/4.3.2/../../../../avr/lib/avr6/libm.a(addsf3x.o) (__fp_inf)
/Applications/Arduino.app/Contents/Resources/Java/hardware/tools/avr/bin/../lib/gcc/avr/4.3.2/../../../../avr/lib/avr6/libm.a(fp_nan.o)
                              /Applications/Arduino.app/Contents/Resources/Java/hardware/tools/avr/bin/../lib/gcc/avr/4.3.2/../../../../avr/lib/avr6/libm.a(addsf3x.o) (__fp_nan)
/Applications/Arduino.app/Contents/Resources/Java/hardware/tools/avr/bin/../lib/gcc/avr/4.3.2/../../../../avr/lib/avr6/libm.a(fp_pscA.o)
                              /Applications/Arduino.app/Contents/Resources/Java/hardware/tools/avr/bin/../lib/gcc/avr/4.3.2/../../../../avr/lib/avr6/libm.a(addsf3x.o) (__fp_pscA)
/Applications/Arduino.app/Contents/Resources/Java/hardware/tools/avr/bin/../lib/gcc/avr/4.3.2/../../../../avr/lib/avr6/libm.a(fp_pscB.o)
                              /Applications/Arduino.app/Contents/Resources/Java/hardware/tools/avr/bin/../lib/gcc/avr/4.3.2/../../../../avr/lib/avr6/libm.a(addsf3x.o) (__fp_pscB)
/Applications/Arduino.app/Contents/Resources/Java/hardware/tools/avr/bin/../lib/gcc/avr/4.3.2/../../../../avr/lib/avr6/libm.a(fp_round.o)
                              /Applications/Arduino.app/Contents/Resources/Java/hardware/tools/avr/bin/../lib/gcc/avr/4.3.2/../../../../avr/lib/avr6/libm.a(addsf3.o) (__fp_round)
/Applications/Arduino.app/Contents/Resources/Java/hardware/tools/avr/bin/../lib/gcc/avr/4.3.2/../../../../avr/lib/avr6/libm.a(fp_split3.o)
                              /Applications/Arduino.app/Contents/Resources/Java/hardware/tools/avr/bin/../lib/gcc/avr/4.3.2/../../../../avr/lib/avr6/libm.a(addsf3x.o) (__fp_split3)
/Applications/Arduino.app/Contents/Resources/Java/hardware/tools/avr/bin/../lib/gcc/avr/4.3.2/../../../../avr/lib/avr6/libm.a(fp_zero.o)
                              /Applications/Arduino.app/Contents/Resources/Java/hardware/tools/avr/bin/../lib/gcc/avr/4.3.2/../../../../avr/lib/avr6/libm.a(addsf3x.o) (__fp_zero)
/Applications/Arduino.app/Contents/Resources/Java/hardware/tools/avr/bin/../lib/gcc/avr/4.3.2/../../../../avr/lib/avr6/libm.a(mulsf3.o)
                              ./LCD.o (__mulsf3)
/Applications/Arduino.app/Contents/Resources/Java/hardware/tools/avr/bin/../lib/gcc/avr/4.3.2/../../../../avr/lib/avr6/libm.a(mulsf3x.o)
                              /Applications/Arduino.app/Contents/Resources/Java/hardware/tools/avr/bin/../lib/gcc/avr/4.3.2/../../../../avr/lib/avr6/libm.a(mulsf3.o) (__mulsf3x)
/Applications/Arduino.app/Contents/Resources/Java/hardware/tools/avr/bin/../lib/gcc/avr/4.3.2/../../../../avr/lib/avr6/libprintf_flt.a(vfprintf_flt.o)
                              (vfprintf)
/Users/jayhe/Documents/CEG4166/CEG4166_RTS_Lib/Release/libCEG4166_RTS_Lib.a(usartSerial.o)
                              ./LCD.o (usartWrite)
/Applications/Arduino.app/Contents/Resources/Java/hardware/tools/avr/bin/../lib/gcc/avr/4.3.2/avr6/libgcc.a(_mulsi3.o)
                              ./motion.o (__mulsi3)
/Applications/Arduino.app/Contents/Resources/Java/hardware/tools/avr/bin/../lib/gcc/avr/4.3.2/avr6/libgcc.a(_divmodhi4.o)
                              ./ReadTmp.o (__divmodhi4)
/Applications/Arduino.app/Contents/Resources/Java/hardware/tools/avr/bin/../lib/gcc/avr/4.3.2/avr6/libgcc.a(_udivmodsi4.o)
                              /Users/jayhe/Documents/CEG4166/FreeRTOS801/Release/libFreeRTOS801.a(tasks.o) (__udivmodsi4)
/Applications/Arduino.app/Contents/Resources/Java/hardware/tools/avr/bin/../lib/gcc/avr/4.3.2/avr6/libgcc.a(_prologue.o)
                              ./LCD.o (__prologue_saves__)
/Applications/Arduino.app/Contents/Resources/Java/hardware/tools/avr/bin/../lib/gcc/avr/4.3.2/avr6/libgcc.a(_epilogue.o)
                              ./LCD.o (__epilogue_restores__)
/Applications/Arduino.app/Contents/Resources/Java/hardware/tools/avr/bin/../lib/gcc/avr/4.3.2/avr6/libgcc.a(_exit.o)
                              /Applications/Arduino.app/Contents/Resources/Java/hardware/tools/avr/bin/../lib/gcc/avr/4.3.2/../../../../avr/lib/avr6/crtm2560.o (exit)
/Applications/Arduino.app/Contents/Resources/Java/hardware/tools/avr/bin/../lib/gcc/avr/4.3.2/avr6/libgcc.a(_tablejump.o)
                              /Users/jayhe/Documents/CEG4166/FreeRTOS801/Release/libFreeRTOS801.a(i2cMultiMaster.o) (__tablejump2__)
/Applications/Arduino.app/Contents/Resources/Java/hardware/tools/avr/bin/../lib/gcc/avr/4.3.2/avr6/libgcc.a(_clear_bss.o)
                              ./LCD.o (__do_clear_bss)
/Applications/Arduino.app/Contents/Resources/Java/hardware/tools/avr/bin/../lib/gcc/avr/4.3.2/avr6/libgcc.a(_udivmodhi4.o)
                              /Applications/Arduino.app/Contents/Resources/Java/hardware/tools/avr/bin/../lib/gcc/avr/4.3.2/avr6/libgcc.a(_divmodhi4.o) (__udivmodhi4)
/Applications/Arduino.app/Contents/Resources/Java/hardware/tools/avr/bin/../lib/gcc/avr/4.3.2/../../../../avr/lib/avr6/libc.a(ftoa_engine.o)
                              /Applications/Arduino.app/Contents/Resources/Java/hardware/tools/avr/bin/../lib/gcc/avr/4.3.2/../../../../avr/lib/avr6/libprintf_flt.a(vfprintf_flt.o) (__ftoa_engine)
/Applications/Arduino.app/Contents/Resources/Java/hardware/tools/avr/bin/../lib/gcc/avr/4.3.2/../../../../avr/lib/avr6/libc.a(strlen_P.o)
                              /Users/jayhe/Documents/CEG4166/CEG4166_RTS_Lib/Release/libCEG4166_RTS_Lib.a(usartSerial.o) (strlen_P)
/Applications/Arduino.app/Contents/Resources/Java/hardware/tools/avr/bin/../lib/gcc/avr/4.3.2/../../../../avr/lib/avr6/libc.a(strnlen_P.o)
                              /Applications/Arduino.app/Contents/Resources/Java/hardware/tools/avr/bin/../lib/gcc/avr/4.3.2/../../../../avr/lib/avr6/libprintf_flt.a(vfprintf_flt.o) (strnlen_P)
/Applications/Arduino.app/Contents/Resources/Java/hardware/tools/avr/bin/../lib/gcc/avr/4.3.2/../../../../avr/lib/avr6/libc.a(memcpy.o)
                              /Users/jayhe/Documents/CEG4166/FreeRTOS801/Release/libFreeRTOS801.a(queue.o) (memcpy)
/Applications/Arduino.app/Contents/Resources/Java/hardware/tools/avr/bin/../lib/gcc/avr/4.3.2/../../../../avr/lib/avr6/libc.a(memset.o)
                              /Users/jayhe/Documents/CEG4166/FreeRTOS801/Release/libFreeRTOS801.a(tasks.o) (memset)
/Applications/Arduino.app/Contents/Resources/Java/hardware/tools/avr/bin/../lib/gcc/avr/4.3.2/../../../../avr/lib/avr6/libc.a(strnlen.o)
                              /Applications/Arduino.app/Contents/Resources/Java/hardware/tools/avr/bin/../lib/gcc/avr/4.3.2/../../../../avr/lib/avr6/libprintf_flt.a(vfprintf_flt.o) (strnlen)
/Applications/Arduino.app/Contents/Resources/Java/hardware/tools/avr/bin/../lib/gcc/avr/4.3.2/../../../../avr/lib/avr6/libc.a(fputc.o)
                              /Applications/Arduino.app/Contents/Resources/Java/hardware/tools/avr/bin/../lib/gcc/avr/4.3.2/../../../../avr/lib/avr6/libprintf_flt.a(vfprintf_flt.o) (fputc)
/Applications/Arduino.app/Contents/Resources/Java/hardware/tools/avr/bin/../lib/gcc/avr/4.3.2/../../../../avr/lib/avr6/libc.a(sprintf.o)
                              ./LCD.o (sprintf)
/Applications/Arduino.app/Contents/Resources/Java/hardware/tools/avr/bin/../lib/gcc/avr/4.3.2/../../../../avr/lib/avr6/libc.a(vsnprintf.o)
                              /Users/jayhe/Documents/CEG4166/CEG4166_RTS_Lib/Release/libCEG4166_RTS_Lib.a(usartSerial.o) (vsnprintf)
/Applications/Arduino.app/Contents/Resources/Java/hardware/tools/avr/bin/../lib/gcc/avr/4.3.2/../../../../avr/lib/avr6/libc.a(vsnprintf_p.o)
                              /Users/jayhe/Documents/CEG4166/CEG4166_RTS_Lib/Release/libCEG4166_RTS_Lib.a(usartSerial.o) (vsnprintf_P)
/Applications/Arduino.app/Contents/Resources/Java/hardware/tools/avr/bin/../lib/gcc/avr/4.3.2/../../../../avr/lib/avr6/libc.a(ultoa_invert.o)
                              /Applications/Arduino.app/Contents/Resources/Java/hardware/tools/avr/bin/../lib/gcc/avr/4.3.2/../../../../avr/lib/avr6/libprintf_flt.a(vfprintf_flt.o) (__ultoa_invert)

Allocating common symbols
Common symbol       size              file

spinning            0x1               ./main.o
movingForwards      0x1               ./main.o
usartComBuf         0x74              /Users/jayhe/Documents/CEG4166/CEG4166_RTS_Lib/Release/libCEG4166_RTS_Lib.a(usartSerial.o)
avgTemperature      0x1               ./main.o
lcdString           0x20              ./main.o
movingBackwards     0x1               ./main.o
result              0x12              ./main.o
usartfd             0x2               ./main.o
__system_time       0x4               /Users/jayhe/Documents/CEG4166/FreeRTOS801/Release/libFreeRTOS801.a(system_time.o)

Memory Configuration

Name             Origin             Length             Attributes
text             0x00000000         0x00100000         xr
data             0x00800200         0x0000fe00         rw !x
eeprom           0x00810000         0x00010000         rw !x
fuse             0x00820000         0x00000400         rw !x
lock             0x00830000         0x00000400         rw !x
signature        0x00840000         0x00000400         rw !x
*default*        0x00000000         0xffffffff

Linker script and memory map

Address of section .data set to 0x800200
LOAD /Applications/Arduino.app/Contents/Resources/Java/hardware/tools/avr/bin/../lib/gcc/avr/4.3.2/../../../../avr/lib/avr6/crtm2560.o
LOAD ./LCD.o
LOAD ./LED.o
LOAD ./Movement.o
LOAD ./ReadTmp.o
LOAD ./Scan.o
LOAD ./main.o
LOAD ./motion.o
LOAD /Users/jayhe/Documents/CEG4166/FreeRTOS801/Release/libFreeRTOS801.a
LOAD /Applications/Arduino.app/Contents/Resources/Java/hardware/tools/avr/bin/../lib/gcc/avr/4.3.2/../../../../avr/lib/avr6/libm.a
LOAD /Applications/Arduino.app/Contents/Resources/Java/hardware/tools/avr/bin/../lib/gcc/avr/4.3.2/../../../../avr/lib/avr6/libprintf_flt.a
LOAD /Users/jayhe/Documents/CEG4166/FreeRTOS801/Release/libFreeRTOS801.a
LOAD /Users/jayhe/Documents/CEG4166/CEG4166_RTS_Lib/Release/libCEG4166_RTS_Lib.a
LOAD /Applications/Arduino.app/Contents/Resources/Java/hardware/tools/avr/bin/../lib/gcc/avr/4.3.2/avr6/libgcc.a
LOAD /Applications/Arduino.app/Contents/Resources/Java/hardware/tools/avr/bin/../lib/gcc/avr/4.3.2/../../../../avr/lib/avr6/libc.a
LOAD /Applications/Arduino.app/Contents/Resources/Java/hardware/tools/avr/bin/../lib/gcc/avr/4.3.2/avr6/libgcc.a

.hash
 *(.hash)

.dynsym
 *(.dynsym)

.dynstr
 *(.dynstr)

.gnu.version
 *(.gnu.version)

.gnu.version_d
 *(.gnu.version_d)

.gnu.version_r
 *(.gnu.version_r)

.rel.init
 *(.rel.init)

.rela.init
 *(.rela.init)

.rel.text
 *(.rel.text)
 *(.rel.text.*)
 *(.rel.gnu.linkonce.t*)

.rela.text
 *(.rela.text)
 *(.rela.text.*)
 *(.rela.gnu.linkonce.t*)

.rel.fini
 *(.rel.fini)

.rela.fini
 *(.rela.fini)

.rel.rodata
 *(.rel.rodata)
 *(.rel.rodata.*)
 *(.rel.gnu.linkonce.r*)

.rela.rodata
 *(.rela.rodata)
 *(.rela.rodata.*)
 *(.rela.gnu.linkonce.r*)

.rel.data
 *(.rel.data)
 *(.rel.data.*)
 *(.rel.gnu.linkonce.d*)

.rela.data
 *(.rela.data)
 *(.rela.data.*)
 *(.rela.gnu.linkonce.d*)

.rel.ctors
 *(.rel.ctors)

.rela.ctors
 *(.rela.ctors)

.rel.dtors
 *(.rel.dtors)

.rela.dtors
 *(.rela.dtors)

.rel.got
 *(.rel.got)

.rela.got
 *(.rela.got)

.rel.bss
 *(.rel.bss)

.rela.bss
 *(.rela.bss)

.rel.plt
 *(.rel.plt)

.rela.plt
 *(.rela.plt)

.text           0x00000000     0x78b6
 *(.vectors)
 .vectors       0x00000000       0xe4 /Applications/Arduino.app/Contents/Resources/Java/hardware/tools/avr/bin/../lib/gcc/avr/4.3.2/../../../../avr/lib/avr6/crtm2560.o
                0x00000000                __vectors
                0x00000000                __vector_default
 *(.vectors)
 *(.progmem.gcc*)
 .progmem.gcc_sw_table
                0x000000e4      0x182 /Users/jayhe/Documents/CEG4166/FreeRTOS801/Release/libFreeRTOS801.a(i2cMultiMaster.o)
 *(.progmem*)
 .progmem.data  0x00000266        0x8 /Applications/Arduino.app/Contents/Resources/Java/hardware/tools/avr/bin/../lib/gcc/avr/4.3.2/../../../../avr/lib/avr6/libprintf_flt.a(vfprintf_flt.o)
 .progmem.data  0x0000026e       0xfa /Applications/Arduino.app/Contents/Resources/Java/hardware/tools/avr/bin/../lib/gcc/avr/4.3.2/../../../../avr/lib/avr6/libc.a(ftoa_engine.o)
                0x00000368                . = ALIGN (0x2)
                0x00000368                __trampolines_start = .
 *(.trampolines)
 .trampolines   0x00000368        0x0 linker stubs
 *(.trampolines*)
                0x00000368                __trampolines_end = .
 *(.jumptables)
 *(.jumptables*)
 *(.lowtext)
 .lowtext       0x00000368      0x2e8 /Users/jayhe/Documents/CEG4166/FreeRTOS801/Release/libFreeRTOS801.a(tasks.o)
 *(.lowtext*)
                0x00000650                __ctors_start = .
 *(.ctors)
                0x00000650                __ctors_end = .
                0x00000650                __dtors_start = .
 *(.dtors)
                0x00000650                __dtors_end = .
 SORT(*)(.ctors)
 SORT(*)(.dtors)
 *(.init0)
 .init0         0x00000650        0x0 /Applications/Arduino.app/Contents/Resources/Java/hardware/tools/avr/bin/../lib/gcc/avr/4.3.2/../../../../avr/lib/avr6/crtm2560.o
                0x00000650                __init
 *(.init0)
 *(.init1)
 *(.init1)
 *(.init2)
 .init2         0x00000650       0x10 /Applications/Arduino.app/Contents/Resources/Java/hardware/tools/avr/bin/../lib/gcc/avr/4.3.2/../../../../avr/lib/avr6/crtm2560.o
 *(.init2)
 *(.init3)
 *(.init3)
 *(.init4)
 .init4         0x00000660       0x1c /Applications/Arduino.app/Contents/Resources/Java/hardware/tools/avr/bin/../lib/gcc/avr/4.3.2/../../../../avr/lib/avr6/crtm2560.o
                0x00000660                __do_copy_data
 .init4         0x0000067c       0x10 /Applications/Arduino.app/Contents/Resources/Java/hardware/tools/avr/bin/../lib/gcc/avr/4.3.2/avr6/libgcc.a(_clear_bss.o)
                0x0000067c                __do_clear_bss
 *(.init4)
 *(.init5)
 *(.init5)
 *(.init6)
 *(.init6)
 *(.init7)
 *(.init7)
 *(.init8)
 *(.init8)
 *(.init9)
 .init9         0x0000068c        0x8 /Applications/Arduino.app/Contents/Resources/Java/hardware/tools/avr/bin/../lib/gcc/avr/4.3.2/../../../../avr/lib/avr6/crtm2560.o
 *(.init9)
 *(.text)
 .text          0x00000694        0x4 /Applications/Arduino.app/Contents/Resources/Java/hardware/tools/avr/bin/../lib/gcc/avr/4.3.2/../../../../avr/lib/avr6/crtm2560.o
                0x00000694                __vector_38
                0x00000694                __vector_22
                0x00000694                __vector_28
                0x00000694                __vector_1
                0x00000694                __vector_34
                0x00000694                __vector_24
                0x00000694                __vector_12
                0x00000694                __bad_interrupt
                0x00000694                __vector_6
                0x00000694                __vector_31
                0x00000694                __vector_35
                0x00000694                __vector_3
                0x00000694                __vector_23
                0x00000694                __vector_30
                0x00000694                __vector_11
                0x00000694                __vector_13
                0x00000694                __vector_17
                0x00000694                __vector_19
                0x00000694                __vector_56
                0x00000694                __vector_7
                0x00000694                __vector_49
                0x00000694                __vector_43
                0x00000694                __vector_27
                0x00000694                __vector_5
                0x00000694                __vector_33
                0x00000694                __vector_47
                0x00000694                __vector_4
                0x00000694                __vector_44
                0x00000694                __vector_9
                0x00000694                __vector_2
                0x00000694                __vector_21
                0x00000694                __vector_15
                0x00000694                __vector_29
                0x00000694                __vector_40
                0x00000694                __vector_8
                0x00000694                __vector_48
                0x00000694                __vector_14
                0x00000694                __vector_53
                0x00000694                __vector_10
                0x00000694                __vector_16
                0x00000694                __vector_18
                0x00000694                __vector_20
                0x00000694                __vector_42
 .text          0x00000698        0x0 ./LCD.o
 .text          0x00000698        0x0 ./LED.o
 .text          0x00000698        0x0 ./Movement.o
 .text          0x00000698        0x0 ./ReadTmp.o
 .text          0x00000698        0x0 ./Scan.o
 .text          0x00000698        0x0 ./main.o
 .text          0x00000698        0x0 ./motion.o
 .text          0x00000698        0x0 /Users/jayhe/Documents/CEG4166/FreeRTOS801/Release/libFreeRTOS801.a(i2cMultiMaster.o)
 .text          0x00000698        0x0 /Users/jayhe/Documents/CEG4166/FreeRTOS801/Release/libFreeRTOS801.a(queue.o)
 .text          0x00000698        0x0 /Users/jayhe/Documents/CEG4166/FreeRTOS801/Release/libFreeRTOS801.a(tasks.o)
 .text          0x00000698        0x0 /Users/jayhe/Documents/CEG4166/FreeRTOS801/Release/libFreeRTOS801.a(port.o)
 .text          0x00000698       0x38 /Users/jayhe/Documents/CEG4166/FreeRTOS801/Release/libFreeRTOS801.a(system_tick.o)
                0x00000698                system_tick
 .text          0x000006d0        0x0 /Users/jayhe/Documents/CEG4166/FreeRTOS801/Release/libFreeRTOS801.a(system_time.o)
 .text          0x000006d0        0x0 /Users/jayhe/Documents/CEG4166/FreeRTOS801/Release/libFreeRTOS801.a(heap_4.o)
 .text          0x000006d0        0x0 /Users/jayhe/Documents/CEG4166/FreeRTOS801/Release/libFreeRTOS801.a(list.o)
 .text          0x000006d0        0x0 /Users/jayhe/Documents/CEG4166/FreeRTOS801/Release/libFreeRTOS801.a(runtTimeStatsTimer.o)
 .text          0x000006d0        0x0 /Applications/Arduino.app/Contents/Resources/Java/hardware/tools/avr/bin/../lib/gcc/avr/4.3.2/../../../../avr/lib/avr6/libm.a(addsf3.o)
 .text          0x000006d0        0x0 /Applications/Arduino.app/Contents/Resources/Java/hardware/tools/avr/bin/../lib/gcc/avr/4.3.2/../../../../avr/lib/avr6/libm.a(addsf3x.o)
 .text          0x000006d0        0x0 /Applications/Arduino.app/Contents/Resources/Java/hardware/tools/avr/bin/../lib/gcc/avr/4.3.2/../../../../avr/lib/avr6/libm.a(floatsisf.o)
 .text          0x000006d0        0x0 /Applications/Arduino.app/Contents/Resources/Java/hardware/tools/avr/bin/../lib/gcc/avr/4.3.2/../../../../avr/lib/avr6/libm.a(fp_inf.o)
 .text          0x000006d0        0x0 /Applications/Arduino.app/Contents/Resources/Java/hardware/tools/avr/bin/../lib/gcc/avr/4.3.2/../../../../avr/lib/avr6/libm.a(fp_nan.o)
 .text          0x000006d0        0x0 /Applications/Arduino.app/Contents/Resources/Java/hardware/tools/avr/bin/../lib/gcc/avr/4.3.2/../../../../avr/lib/avr6/libm.a(fp_pscA.o)
 .text          0x000006d0        0x0 /Applications/Arduino.app/Contents/Resources/Java/hardware/tools/avr/bin/../lib/gcc/avr/4.3.2/../../../../avr/lib/avr6/libm.a(fp_pscB.o)
 .text          0x000006d0        0x0 /Applications/Arduino.app/Contents/Resources/Java/hardware/tools/avr/bin/../lib/gcc/avr/4.3.2/../../../../avr/lib/avr6/libm.a(fp_round.o)
 .text          0x000006d0        0x0 /Applications/Arduino.app/Contents/Resources/Java/hardware/tools/avr/bin/../lib/gcc/avr/4.3.2/../../../../avr/lib/avr6/libm.a(fp_split3.o)
 .text          0x000006d0        0x0 /Applications/Arduino.app/Contents/Resources/Java/hardware/tools/avr/bin/../lib/gcc/avr/4.3.2/../../../../avr/lib/avr6/libm.a(fp_zero.o)
 .text          0x000006d0        0x0 /Applications/Arduino.app/Contents/Resources/Java/hardware/tools/avr/bin/../lib/gcc/avr/4.3.2/../../../../avr/lib/avr6/libm.a(mulsf3.o)
 .text          0x000006d0        0x0 /Applications/Arduino.app/Contents/Resources/Java/hardware/tools/avr/bin/../lib/gcc/avr/4.3.2/../../../../avr/lib/avr6/libm.a(mulsf3x.o)
 .text          0x000006d0      0x712 /Applications/Arduino.app/Contents/Resources/Java/hardware/tools/avr/bin/../lib/gcc/avr/4.3.2/../../../../avr/lib/avr6/libprintf_flt.a(vfprintf_flt.o)
                0x000006d0                vfprintf
 .text          0x00000de2        0x0 /Users/jayhe/Documents/CEG4166/CEG4166_RTS_Lib/Release/libCEG4166_RTS_Lib.a(usartSerial.o)
 .text          0x00000de2        0x0 /Applications/Arduino.app/Contents/Resources/Java/hardware/tools/avr/bin/../lib/gcc/avr/4.3.2/avr6/libgcc.a(_mulsi3.o)
 .text          0x00000de2        0x0 /Applications/Arduino.app/Contents/Resources/Java/hardware/tools/avr/bin/../lib/gcc/avr/4.3.2/avr6/libgcc.a(_divmodhi4.o)
 .text          0x00000de2        0x0 /Applications/Arduino.app/Contents/Resources/Java/hardware/tools/avr/bin/../lib/gcc/avr/4.3.2/avr6/libgcc.a(_udivmodsi4.o)
 .text          0x00000de2        0x0 /Applications/Arduino.app/Contents/Resources/Java/hardware/tools/avr/bin/../lib/gcc/avr/4.3.2/avr6/libgcc.a(_prologue.o)
 .text          0x00000de2        0x0 /Applications/Arduino.app/Contents/Resources/Java/hardware/tools/avr/bin/../lib/gcc/avr/4.3.2/avr6/libgcc.a(_epilogue.o)
 .text          0x00000de2        0x0 /Applications/Arduino.app/Contents/Resources/Java/hardware/tools/avr/bin/../lib/gcc/avr/4.3.2/avr6/libgcc.a(_exit.o)
 .text          0x00000de2        0x0 /Applications/Arduino.app/Contents/Resources/Java/hardware/tools/avr/bin/../lib/gcc/avr/4.3.2/avr6/libgcc.a(_tablejump.o)
 .text          0x00000de2        0x0 /Applications/Arduino.app/Contents/Resources/Java/hardware/tools/avr/bin/../lib/gcc/avr/4.3.2/avr6/libgcc.a(_clear_bss.o)
 .text          0x00000de2        0x0 /Applications/Arduino.app/Contents/Resources/Java/hardware/tools/avr/bin/../lib/gcc/avr/4.3.2/avr6/libgcc.a(_udivmodhi4.o)
 .text          0x00000de2      0x1b0 /Applications/Arduino.app/Contents/Resources/Java/hardware/tools/avr/bin/../lib/gcc/avr/4.3.2/../../../../avr/lib/avr6/libc.a(ftoa_engine.o)
                0x00000de2                __ftoa_engine
 .text          0x00000f92       0x12 /Applications/Arduino.app/Contents/Resources/Java/hardware/tools/avr/bin/../lib/gcc/avr/4.3.2/../../../../avr/lib/avr6/libc.a(strlen_P.o)
                0x00000f92                strlen_P
 .text          0x00000fa4       0x16 /Applications/Arduino.app/Contents/Resources/Java/hardware/tools/avr/bin/../lib/gcc/avr/4.3.2/../../../../avr/lib/avr6/libc.a(strnlen_P.o)
                0x00000fa4                strnlen_P
 .text          0x00000fba       0x12 /Applications/Arduino.app/Contents/Resources/Java/hardware/tools/avr/bin/../lib/gcc/avr/4.3.2/../../../../avr/lib/avr6/libc.a(memcpy.o)
                0x00000fba                memcpy
 .text          0x00000fcc        0xe /Applications/Arduino.app/Contents/Resources/Java/hardware/tools/avr/bin/../lib/gcc/avr/4.3.2/../../../../avr/lib/avr6/libc.a(memset.o)
                0x00000fcc                memset
 .text          0x00000fda       0x16 /Applications/Arduino.app/Contents/Resources/Java/hardware/tools/avr/bin/../lib/gcc/avr/4.3.2/../../../../avr/lib/avr6/libc.a(strnlen.o)
                0x00000fda                strnlen
 .text          0x00000ff0       0x58 /Applications/Arduino.app/Contents/Resources/Java/hardware/tools/avr/bin/../lib/gcc/avr/4.3.2/../../../../avr/lib/avr6/libc.a(fputc.o)
                0x00000ff0                fputc
 .text          0x00001048       0x48 /Applications/Arduino.app/Contents/Resources/Java/hardware/tools/avr/bin/../lib/gcc/avr/4.3.2/../../../../avr/lib/avr6/libc.a(sprintf.o)
                0x00001048                sprintf
 .text          0x00001090       0x54 /Applications/Arduino.app/Contents/Resources/Java/hardware/tools/avr/bin/../lib/gcc/avr/4.3.2/../../../../avr/lib/avr6/libc.a(vsnprintf.o)
                0x00001090                vsnprintf
 .text          0x000010e4       0x54 /Applications/Arduino.app/Contents/Resources/Java/hardware/tools/avr/bin/../lib/gcc/avr/4.3.2/../../../../avr/lib/avr6/libc.a(vsnprintf_p.o)
                0x000010e4                vsnprintf_P
 .text          0x00001138       0xbc /Applications/Arduino.app/Contents/Resources/Java/hardware/tools/avr/bin/../lib/gcc/avr/4.3.2/../../../../avr/lib/avr6/libc.a(ultoa_invert.o)
                0x00001138                __ultoa_invert
                0x000011f4                . = ALIGN (0x2)
 *(.text.*)
 .text.lcdPrint
                0x000011f4      0x24e ./LCD.o
                0x000011f4                lcdPrint
 .text.changeLED
                0x00001442       0x80 ./LED.o
                0x00001442                changeLED
 .text.robotSteady
                0x000014c2       0x30 ./Movement.o
                0x000014c2                robotSteady
 .text.robotRight
                0x000014f2       0x30 ./Movement.o
                0x000014f2                robotRight
 .text.robotLeft
                0x00001522       0x30 ./Movement.o
                0x00001522                robotLeft
 .text.robotBackwards
                0x00001552       0x30 ./Movement.o
                0x00001552                robotBackwards
 .text.robotForward
                0x00001582       0x30 ./Movement.o
                0x00001582                robotForward
 .text.TaskReadTemperature
                0x000015b2       0xca ./ReadTmp.o
                0x000015b2                TaskReadTemperature
 .text.move     0x0000167c       0x9a ./Scan.o
                0x0000167c                move
 .text.vApplicationStackOverflowHook
                0x00001716        0x2 ./main.o
                0x00001716                vApplicationStackOverflowHook
 .text.main     0x00001718       0x9c ./main.o
                0x00001718                main
 .text.moveRobot
                0x000017b4       0x62 ./main.o
                0x000017b4                moveRobot
 .text.scheduler
                0x00001816       0x3c ./main.o
                0x00001816                scheduler
 .text.motion_servo_start
                0x00001852       0xc4 ./motion.o
                0x00001852                motion_servo_start
 .text.motion_servo_stop
                0x00001916       0x9e ./motion.o
                0x00001916                motion_servo_stop
 .text.motion_servo_set_pulse_width
                0x000019b4       0x36 ./motion.o
                0x000019b4                motion_servo_set_pulse_width
 .text.motion_servo_get_pulse_width
                0x000019ea       0x2a ./motion.o
                0x000019ea                motion_servo_get_pulse_width
 .text.motion_enc_read
                0x00001a14       0x5a ./motion.o
                0x00001a14                motion_enc_read
 .text.__vector_45
                0x00001a6e       0x4a ./motion.o
                0x00001a6e                __vector_45
 .text.__vector_50
                0x00001ab8       0x4a ./motion.o
                0x00001ab8                __vector_50
 .text.__vector_41
                0x00001b02      0x116 ./motion.o
                0x00001b02                __vector_41
 .text.__vector_46
                0x00001c18      0x11c ./motion.o
                0x00001c18                __vector_46
 .text.motion_init
                0x00001d34      0x13e ./motion.o
                0x00001d34                motion_init
 .text.I2C_Slave_Start_Transceiver
                0x00001e72       0x1a /Users/jayhe/Documents/CEG4166/FreeRTOS801/Release/libFreeRTOS801.a(i2cMultiMaster.o)
                0x00001e72                I2C_Slave_Start_Transceiver
 .text.I2C_Master_Start_Transceiver
                0x00001e8c       0x1a /Users/jayhe/Documents/CEG4166/FreeRTOS801/Release/libFreeRTOS801.a(i2cMultiMaster.o)
                0x00001e8c                I2C_Master_Start_Transceiver
 .text.I2C_Slave_Start_Transceiver_With_Data
                0x00001ea6       0x40 /Users/jayhe/Documents/CEG4166/FreeRTOS801/Release/libFreeRTOS801.a(i2cMultiMaster.o)
                0x00001ea6                I2C_Slave_Start_Transceiver_With_Data
 .text.I2C_Master_Start_Transceiver_With_Data
                0x00001ee6       0x4e /Users/jayhe/Documents/CEG4166/FreeRTOS801/Release/libFreeRTOS801.a(i2cMultiMaster.o)
                0x00001ee6                I2C_Master_Start_Transceiver_With_Data
 .text.I2C_Slave_Get_Data_From_Transceiver
                0x00001f34       0x48 /Users/jayhe/Documents/CEG4166/FreeRTOS801/Release/libFreeRTOS801.a(i2cMultiMaster.o)
                0x00001f34                I2C_Slave_Get_Data_From_Transceiver
 .text.I2C_Master_Get_Data_From_Transceiver
                0x00001f7c       0x40 /Users/jayhe/Documents/CEG4166/FreeRTOS801/Release/libFreeRTOS801.a(i2cMultiMaster.o)
                0x00001f7c                I2C_Master_Get_Data_From_Transceiver
 .text.I2C_Check_Free_After_Stop
                0x00001fbc       0x12 /Users/jayhe/Documents/CEG4166/FreeRTOS801/Release/libFreeRTOS801.a(i2cMultiMaster.o)
                0x00001fbc                I2C_Check_Free_After_Stop
 .text.I2C_Get_State_Info
                0x00001fce        0xe /Users/jayhe/Documents/CEG4166/FreeRTOS801/Release/libFreeRTOS801.a(i2cMultiMaster.o)
                0x00001fce                I2C_Get_State_Info
 .text.__vector_39
                0x00001fdc      0x1b2 /Users/jayhe/Documents/CEG4166/FreeRTOS801/Release/libFreeRTOS801.a(i2cMultiMaster.o)
                0x00001fdc                __vector_39
 .text.I2C_Master_Initialise
                0x0000218e       0x60 /Users/jayhe/Documents/CEG4166/FreeRTOS801/Release/libFreeRTOS801.a(i2cMultiMaster.o)
                0x0000218e                I2C_Master_Initialise
 .text.I2C_Slave_Initialise
                0x000021ee       0x50 /Users/jayhe/Documents/CEG4166/FreeRTOS801/Release/libFreeRTOS801.a(i2cMultiMaster.o)
                0x000021ee                I2C_Slave_Initialise
 .text.hot      0x0000223e      0xc06 /Users/jayhe/Documents/CEG4166/FreeRTOS801/Release/libFreeRTOS801.a(queue.o)
                0x00002730                xQueueGenericSendFromISR
                0x000022be                xQueuePeekFromISR
                0x00002268                uxQueueGetQueueNumber
                0x000022a0                vQueueDelete
                0x00002842                xQueueGenericSend
                0x00002274                ucQueueGetQueueType
                0x00002318                xQueueReceiveFromISR
                0x00002d68                xQueueGenericCreate
                0x0000226e                vQueueSetQueueNumber
                0x0000224e                uxQueueSpacesAvailable
                0x0000228a                xQueueIsQueueFullFromISR
                0x000023a8                xQueueGenericReceive
                0x0000223e                uxQueueMessagesWaiting
                0x00002cd8                xQueueGenericReset
                0x00002262                uxQueueMessagesWaitingFromISR
                0x0000227a                xQueueIsQueueEmptyFromISR
                0x00002bf6                xQueueCreateMutex
 .text.hot      0x00002e44     0x3098 /Users/jayhe/Documents/CEG4166/FreeRTOS801/Release/libFreeRTOS801.a(tasks.o)
                0x0000356e                vTaskPlaceOnUnorderedEventList
                0x00003af2                vTaskGetRunTimeStats
                0x00005afa                vTaskEndScheduler
                0x0000364c                vTaskPlaceOnEventList
                0x00005b06                xTaskGenericCreate
                0x0000308a                uxTaskGetStackHighWaterMark
                0x000034c0                xTaskResumeFromISR
                0x00002e50                xTaskGetTickCount
                0x00003278                xTaskRemoveFromEventList
                0x00005a30                vTaskDelete
                0x00002e8e                xTaskCheckForTimeOut
                0x00002e44                vTaskSuspendAll
                0x00002e66                xTaskGetTickCountFromISR
                0x00003104                vTaskPriorityDisinherit
                0x00003168                vTaskPriorityInherit
                0x00005132                vTaskResume
                0x0000371c                vTaskSwitchContext
                0x00002f22                vTaskSetTaskNumber
                0x000051be                vTaskSuspend
                0x00002e72                uxTaskGetNumberOfTasks
                0x00004640                vTaskList
                0x00002f14                uxTaskGetTaskNumber
                0x000056f0                vTaskDelayUntil
                0x000030c8                xTaskGetCurrentTaskHandle
                0x00003208                xTaskRemoveFromUnorderedEventList
                0x00003878                xTaskResumeAll
                0x00005d10                vTaskStartScheduler
                0x00002f0c                vTaskMissedYield
                0x0000330a                xTaskIncrementTick
                0x000053e0                vTaskDelay
                0x00002e78                vTaskSetTimeOutState
                0x000030d4                uxTaskResetEventItemValue
 .text.uxTaskGetSystemState
                0x00005edc      0x102 /Users/jayhe/Documents/CEG4166/FreeRTOS801/Release/libFreeRTOS801.a(tasks.o)
                0x00005edc                uxTaskGetSystemState
 .text.hot      0x00005fde      0x12a /Users/jayhe/Documents/CEG4166/FreeRTOS801/Release/libFreeRTOS801.a(port.o)
                0x00006074                xPortStartScheduler
                0x00006106                vPortEndScheduler
                0x00005fde                pxPortInitialiseStack
 .text.vPortYieldFromTick
                0x00006108       0xf8 /Users/jayhe/Documents/CEG4166/FreeRTOS801/Release/libFreeRTOS801.a(port.o)
                0x00006108                vPortYieldFromTick
 .text.__vector_32
                0x00006200        0x6 /Users/jayhe/Documents/CEG4166/FreeRTOS801/Release/libFreeRTOS801.a(port.o)
                0x00006200                __vector_32
 .text.vPortYield
                0x00006206       0xc2 /Users/jayhe/Documents/CEG4166/FreeRTOS801/Release/libFreeRTOS801.a(port.o)
                0x00006206                vPortYield
 .text.hot      0x000062c8      0x2f8 /Users/jayhe/Documents/CEG4166/FreeRTOS801/Release/libFreeRTOS801.a(heap_4.o)
                0x000062c8                xPortGetFreeHeapSize
                0x000062de                vPortFree
                0x000063c4                pvPortMalloc
                0x000062dc                vPortInitialiseBlocks
                0x000062d2                xPortGetMinimumEverFreeHeapSize
 .text.vListInitialise
                0x000065c0       0x20 /Users/jayhe/Documents/CEG4166/FreeRTOS801/Release/libFreeRTOS801.a(list.o)
                0x000065c0                vListInitialise
 .text.vListInitialiseItem
                0x000065e0        0x8 /Users/jayhe/Documents/CEG4166/FreeRTOS801/Release/libFreeRTOS801.a(list.o)
                0x000065e0                vListInitialiseItem
 .text.vListInsertEnd
                0x000065e8       0x3e /Users/jayhe/Documents/CEG4166/FreeRTOS801/Release/libFreeRTOS801.a(list.o)
                0x000065e8                vListInsertEnd
 .text.vListInsert
                0x00006626       0x64 /Users/jayhe/Documents/CEG4166/FreeRTOS801/Release/libFreeRTOS801.a(list.o)
                0x00006626                vListInsert
 .text.uxListRemove
                0x0000668a       0x56 /Users/jayhe/Documents/CEG4166/FreeRTOS801/Release/libFreeRTOS801.a(list.o)
                0x0000668a                uxListRemove
 .text.xconfigTimerForRunTimeStats
                0x000066e0       0x18 /Users/jayhe/Documents/CEG4166/FreeRTOS801/Release/libFreeRTOS801.a(runtTimeStatsTimer.o)
                0x000066e0                xconfigTimerForRunTimeStats
 .text.fplib    0x000066f8        0xa /Applications/Arduino.app/Contents/Resources/Java/hardware/tools/avr/bin/../lib/gcc/avr/4.3.2/../../../../avr/lib/avr6/libm.a(addsf3.o)
                0x000066f8                __subsf3
                0x000066fa                __addsf3
 .text.fplib    0x00006702       0xc0 /Applications/Arduino.app/Contents/Resources/Java/hardware/tools/avr/bin/../lib/gcc/avr/4.3.2/../../../../avr/lib/avr6/libm.a(addsf3x.o)
                0x0000671c                __addsf3x
 .text.fplib    0x000067c2       0x7a /Applications/Arduino.app/Contents/Resources/Java/hardware/tools/avr/bin/../lib/gcc/avr/4.3.2/../../../../avr/lib/avr6/libm.a(floatsisf.o)
                0x000067c6                __floatsisf
                0x000067c2                __floatunsisf
 .text.fplib    0x0000683c        0xc /Applications/Arduino.app/Contents/Resources/Java/hardware/tools/avr/bin/../lib/gcc/avr/4.3.2/../../../../avr/lib/avr6/libm.a(fp_inf.o)
                0x0000683c                __fp_inf
 .text.fplib    0x00006848        0x6 /Applications/Arduino.app/Contents/Resources/Java/hardware/tools/avr/bin/../lib/gcc/avr/4.3.2/../../../../avr/lib/avr6/libm.a(fp_nan.o)
                0x00006848                __fp_nan
 .text.fplib    0x0000684e        0xe /Applications/Arduino.app/Contents/Resources/Java/hardware/tools/avr/bin/../lib/gcc/avr/4.3.2/../../../../avr/lib/avr6/libm.a(fp_pscA.o)
                0x0000684e                __fp_pscA
 .text.fplib    0x0000685c        0xe /Applications/Arduino.app/Contents/Resources/Java/hardware/tools/avr/bin/../lib/gcc/avr/4.3.2/../../../../avr/lib/avr6/libm.a(fp_pscB.o)
                0x0000685c                __fp_pscB
 .text.fplib    0x0000686a       0x22 /Applications/Arduino.app/Contents/Resources/Java/hardware/tools/avr/bin/../lib/gcc/avr/4.3.2/../../../../avr/lib/avr6/libm.a(fp_round.o)
                0x0000686a                __fp_round
 .text.fplib    0x0000688c       0x44 /Applications/Arduino.app/Contents/Resources/Java/hardware/tools/avr/bin/../lib/gcc/avr/4.3.2/../../../../avr/lib/avr6/libm.a(fp_split3.o)
                0x0000688c                __fp_split3
                0x0000689c                __fp_splitA
 .text.fplib    0x000068d0        0xe /Applications/Arduino.app/Contents/Resources/Java/hardware/tools/avr/bin/../lib/gcc/avr/4.3.2/../../../../avr/lib/avr6/libm.a(fp_zero.o)
                0x000068d0                __fp_zero
                0x000068d2                __fp_szero
 .text.fplib    0x000068de        0x4 /Applications/Arduino.app/Contents/Resources/Java/hardware/tools/avr/bin/../lib/gcc/avr/4.3.2/../../../../avr/lib/avr6/libm.a(mulsf3.o)
                0x000068de                __mulsf3
 .text.fplib    0x000068e2       0xc2 /Applications/Arduino.app/Contents/Resources/Java/hardware/tools/avr/bin/../lib/gcc/avr/4.3.2/../../../../avr/lib/avr6/libm.a(mulsf3x.o)
                0x000068fa                __mulsf3_pse
                0x000068f6                __mulsf3x
 .text.setDefaultUSART
                0x000069a4        0x6 /Users/jayhe/Documents/CEG4166/CEG4166_RTS_Lib/Release/libCEG4166_RTS_Lib.a(usartSerial.o)
                0x000069a4                setDefaultUSART
 .text.usartWrite
                0x000069aa       0x52 /Users/jayhe/Documents/CEG4166/CEG4166_RTS_Lib/Release/libCEG4166_RTS_Lib.a(usartSerial.o)
                0x000069aa                usartWrite
 .text.usartRead
                0x000069fc       0x5c /Users/jayhe/Documents/CEG4166/CEG4166_RTS_Lib/Release/libCEG4166_RTS_Lib.a(usartSerial.o)
                0x000069fc                usartRead
 .text.usart_xflushRx
                0x00006a58       0x82 /Users/jayhe/Documents/CEG4166/CEG4166_RTS_Lib/Release/libCEG4166_RTS_Lib.a(usartSerial.o)
                0x00006a58                usart_xflushRx
 .text.usart_AvailableCharRx
                0x00006ada       0x2a /Users/jayhe/Documents/CEG4166/CEG4166_RTS_Lib/Release/libCEG4166_RTS_Lib.a(usartSerial.o)
                0x00006ada                usart_AvailableCharRx
 .text.usart_xgetChar
                0x00006b04       0x8a /Users/jayhe/Documents/CEG4166/CEG4166_RTS_Lib/Release/libCEG4166_RTS_Lib.a(usartSerial.o)
                0x00006b04                usart_xgetChar
 .text.usart_xputChar
                0x00006b8e      0x116 /Users/jayhe/Documents/CEG4166/CEG4166_RTS_Lib/Release/libCEG4166_RTS_Lib.a(usartSerial.o)
                0x00006b8e                usart_xputChar
 .text.usartCheckRxComplete
                0x00006ca4       0x24 /Users/jayhe/Documents/CEG4166/CEG4166_RTS_Lib/Release/libCEG4166_RTS_Lib.a(usartSerial.o)
                0x00006ca4                usartCheckRxComplete
 .text.usart_rx_isr
                0x00006cc8       0xd0 /Users/jayhe/Documents/CEG4166/CEG4166_RTS_Lib/Release/libCEG4166_RTS_Lib.a(usartSerial.o)
                0x00006cc8                usart_rx_isr
 .text.__vector_54
                0x00006d98       0x52 /Users/jayhe/Documents/CEG4166/CEG4166_RTS_Lib/Release/libCEG4166_RTS_Lib.a(usartSerial.o)
                0x00006d98                __vector_54
 .text.__vector_51
                0x00006dea       0x52 /Users/jayhe/Documents/CEG4166/CEG4166_RTS_Lib/Release/libCEG4166_RTS_Lib.a(usartSerial.o)
                0x00006dea                __vector_51
 .text.__vector_36
                0x00006e3c       0x52 /Users/jayhe/Documents/CEG4166/CEG4166_RTS_Lib/Release/libCEG4166_RTS_Lib.a(usartSerial.o)
                0x00006e3c                __vector_36
 .text.__vector_25
                0x00006e8e       0x52 /Users/jayhe/Documents/CEG4166/CEG4166_RTS_Lib/Release/libCEG4166_RTS_Lib.a(usartSerial.o)
                0x00006e8e                __vector_25
 .text.usart_tx_isr
                0x00006ee0       0xb6 /Users/jayhe/Documents/CEG4166/CEG4166_RTS_Lib/Release/libCEG4166_RTS_Lib.a(usartSerial.o)
                0x00006ee0                usart_tx_isr
 .text.__vector_55
                0x00006f96       0x52 /Users/jayhe/Documents/CEG4166/CEG4166_RTS_Lib/Release/libCEG4166_RTS_Lib.a(usartSerial.o)
                0x00006f96                __vector_55
 .text.__vector_52
                0x00006fe8       0x52 /Users/jayhe/Documents/CEG4166/CEG4166_RTS_Lib/Release/libCEG4166_RTS_Lib.a(usartSerial.o)
                0x00006fe8                __vector_52
 .text.__vector_37
                0x0000703a       0x52 /Users/jayhe/Documents/CEG4166/CEG4166_RTS_Lib/Release/libCEG4166_RTS_Lib.a(usartSerial.o)
                0x0000703a                __vector_37
 .text.__vector_26
                0x0000708c       0x52 /Users/jayhe/Documents/CEG4166/CEG4166_RTS_Lib/Release/libCEG4166_RTS_Lib.a(usartSerial.o)
                0x0000708c                __vector_26
 .text.usart_xfprint_P
                0x000070de       0x48 /Users/jayhe/Documents/CEG4166/CEG4166_RTS_Lib/Release/libCEG4166_RTS_Lib.a(usartSerial.o)
                0x000070de                usart_xfprint_P
 .text.usart_xprint_P
                0x00007126        0xc /Users/jayhe/Documents/CEG4166/CEG4166_RTS_Lib/Release/libCEG4166_RTS_Lib.a(usartSerial.o)
                0x00007126                usart_xprint_P
 .text.usart_fprint_P
                0x00007132       0x8a /Users/jayhe/Documents/CEG4166/CEG4166_RTS_Lib/Release/libCEG4166_RTS_Lib.a(usartSerial.o)
                0x00007132                usart_fprint_P
 .text.usart_print_P
                0x000071bc        0xc /Users/jayhe/Documents/CEG4166/CEG4166_RTS_Lib/Release/libCEG4166_RTS_Lib.a(usartSerial.o)
                0x000071bc                usart_print_P
 .text.usart_xfprint
                0x000071c8       0x50 /Users/jayhe/Documents/CEG4166/CEG4166_RTS_Lib/Release/libCEG4166_RTS_Lib.a(usartSerial.o)
                0x000071c8                usart_xfprint
 .text.usart_xfprintf_P_arg
                0x00007218       0x7a /Users/jayhe/Documents/CEG4166/CEG4166_RTS_Lib/Release/libCEG4166_RTS_Lib.a(usartSerial.o)
                0x00007218                usart_xfprintf_P_arg
 .text.usart_xfprintf_arg
                0x00007292       0x7a /Users/jayhe/Documents/CEG4166/CEG4166_RTS_Lib/Release/libCEG4166_RTS_Lib.a(usartSerial.o)
                0x00007292                usart_xfprintf_arg
 .text.usart_xprint
                0x0000730c        0xc /Users/jayhe/Documents/CEG4166/CEG4166_RTS_Lib/Release/libCEG4166_RTS_Lib.a(usartSerial.o)
                0x0000730c                usart_xprint
 .text.usart_fprint
                0x00007318       0x84 /Users/jayhe/Documents/CEG4166/CEG4166_RTS_Lib/Release/libCEG4166_RTS_Lib.a(usartSerial.o)
                0x00007318                usart_fprint
 .text.usart_fprintf_P_arg
                0x0000739c       0x5c /Users/jayhe/Documents/CEG4166/CEG4166_RTS_Lib/Release/libCEG4166_RTS_Lib.a(usartSerial.o)
                0x0000739c                usart_fprintf_P_arg
 .text.usart_fprintf_arg
                0x000073f8       0x58 /Users/jayhe/Documents/CEG4166/CEG4166_RTS_Lib/Release/libCEG4166_RTS_Lib.a(usartSerial.o)
                0x000073f8                usart_fprintf_arg
 .text.usart_print
                0x00007450        0xc /Users/jayhe/Documents/CEG4166/CEG4166_RTS_Lib/Release/libCEG4166_RTS_Lib.a(usartSerial.o)
                0x00007450                usart_print
 .text.usart_xfprintf_P
                0x0000745c       0x20 /Users/jayhe/Documents/CEG4166/CEG4166_RTS_Lib/Release/libCEG4166_RTS_Lib.a(usartSerial.o)
                0x0000745c                usart_xfprintf_P
 .text.usart_xfprintf
                0x0000747c       0x20 /Users/jayhe/Documents/CEG4166/CEG4166_RTS_Lib/Release/libCEG4166_RTS_Lib.a(usartSerial.o)
                0x0000747c                usart_xfprintf
 .text.usart_xprintf_P
                0x0000749c       0x20 /Users/jayhe/Documents/CEG4166/CEG4166_RTS_Lib/Release/libCEG4166_RTS_Lib.a(usartSerial.o)
                0x0000749c                usart_xprintf_P
 .text.usart_xprintf
                0x000074bc       0x20 /Users/jayhe/Documents/CEG4166/CEG4166_RTS_Lib/Release/libCEG4166_RTS_Lib.a(usartSerial.o)
                0x000074bc                usart_xprintf
 .text.usart_fprintf_P
                0x000074dc       0x20 /Users/jayhe/Documents/CEG4166/CEG4166_RTS_Lib/Release/libCEG4166_RTS_Lib.a(usartSerial.o)
                0x000074dc                usart_fprintf_P
 .text.usart_fprintf
                0x000074fc       0x20 /Users/jayhe/Documents/CEG4166/CEG4166_RTS_Lib/Release/libCEG4166_RTS_Lib.a(usartSerial.o)
                0x000074fc                usart_fprintf
 .text.usart_printf_P
                0x0000751c       0x20 /Users/jayhe/Documents/CEG4166/CEG4166_RTS_Lib/Release/libCEG4166_RTS_Lib.a(usartSerial.o)
                0x0000751c                usart_printf_P
 .text.usart_printf
                0x0000753c       0x20 /Users/jayhe/Documents/CEG4166/CEG4166_RTS_Lib/Release/libCEG4166_RTS_Lib.a(usartSerial.o)
                0x0000753c                usart_printf
 .text.usartClose
                0x0000755c       0x82 /Users/jayhe/Documents/CEG4166/CEG4166_RTS_Lib/Release/libCEG4166_RTS_Lib.a(usartSerial.o)
                0x0000755c                usartClose
 .text.usartOpen
                0x000075de      0x18a /Users/jayhe/Documents/CEG4166/CEG4166_RTS_Lib/Release/libCEG4166_RTS_Lib.a(usartSerial.o)
                0x000075de                usartOpen
 .text.libgcc   0x00007768       0x3e /Applications/Arduino.app/Contents/Resources/Java/hardware/tools/avr/bin/../lib/gcc/avr/4.3.2/avr6/libgcc.a(_mulsi3.o)
                0x00007768                __mulsi3
 .text.libgcc   0x000077a6       0x26 /Applications/Arduino.app/Contents/Resources/Java/hardware/tools/avr/bin/../lib/gcc/avr/4.3.2/avr6/libgcc.a(_divmodhi4.o)
                0x000077a6                __divmodhi4
                0x000077a6                _div
 .text.libgcc   0x000077cc       0x44 /Applications/Arduino.app/Contents/Resources/Java/hardware/tools/avr/bin/../lib/gcc/avr/4.3.2/avr6/libgcc.a(_udivmodsi4.o)
                0x000077cc                __udivmodsi4
 .text.libgcc   0x00007810       0x38 /Applications/Arduino.app/Contents/Resources/Java/hardware/tools/avr/bin/../lib/gcc/avr/4.3.2/avr6/libgcc.a(_prologue.o)
                0x00007810                __prologue_saves__
 .text.libgcc   0x00007848       0x36 /Applications/Arduino.app/Contents/Resources/Java/hardware/tools/avr/bin/../lib/gcc/avr/4.3.2/avr6/libgcc.a(_epilogue.o)
                0x00007848                __epilogue_restores__
 .text.libgcc   0x0000787e        0x0 /Applications/Arduino.app/Contents/Resources/Java/hardware/tools/avr/bin/../lib/gcc/avr/4.3.2/avr6/libgcc.a(_exit.o)
 .text.libgcc   0x0000787e        0xc /Applications/Arduino.app/Contents/Resources/Java/hardware/tools/avr/bin/../lib/gcc/avr/4.3.2/avr6/libgcc.a(_tablejump.o)
                0x00007882                __tablejump__
                0x0000787e                __tablejump2__
 .text.libgcc   0x0000788a        0x0 /Applications/Arduino.app/Contents/Resources/Java/hardware/tools/avr/bin/../lib/gcc/avr/4.3.2/avr6/libgcc.a(_clear_bss.o)
 .text.libgcc   0x0000788a       0x28 /Applications/Arduino.app/Contents/Resources/Java/hardware/tools/avr/bin/../lib/gcc/avr/4.3.2/avr6/libgcc.a(_udivmodhi4.o)
                0x0000788a                __udivmodhi4
                0x000078b2                . = ALIGN (0x2)
 *(.fini9)
 .fini9         0x000078b2        0x0 /Applications/Arduino.app/Contents/Resources/Java/hardware/tools/avr/bin/../lib/gcc/avr/4.3.2/avr6/libgcc.a(_exit.o)
                0x000078b2                exit
                0x000078b2                _exit
 *(.fini9)
 *(.fini8)
 *(.fini8)
 *(.fini7)
 *(.fini7)
 *(.fini6)
 *(.fini6)
 *(.fini5)
 *(.fini5)
 *(.fini4)
 *(.fini4)
 *(.fini3)
 *(.fini3)
 *(.fini2)
 *(.fini2)
 *(.fini1)
 *(.fini1)
 *(.fini0)
 .fini0         0x000078b2        0x4 /Applications/Arduino.app/Contents/Resources/Java/hardware/tools/avr/bin/../lib/gcc/avr/4.3.2/avr6/libgcc.a(_exit.o)
 *(.fini0)
                0x000078b6                _etext = .

.data           0x00800200       0xc8 load address 0x000078b6
                0x00800200                PROVIDE (__data_start, .)
 *(.data)
 .data          0x00800200        0x0 /Applications/Arduino.app/Contents/Resources/Java/hardware/tools/avr/bin/../lib/gcc/avr/4.3.2/../../../../avr/lib/avr6/crtm2560.o
 .data          0x00800200        0x6 ./LCD.o
 .data          0x00800206        0x0 ./LED.o
 .data          0x00800206        0x0 ./Movement.o
 .data          0x00800206        0x0 ./ReadTmp.o
 .data          0x00800206        0x0 ./Scan.o
 .data          0x00800206        0x0 ./main.o
 .data          0x00800206        0x0 ./motion.o
 .data          0x00800206        0x0 /Users/jayhe/Documents/CEG4166/FreeRTOS801/Release/libFreeRTOS801.a(i2cMultiMaster.o)
 .data          0x00800206        0x0 /Users/jayhe/Documents/CEG4166/FreeRTOS801/Release/libFreeRTOS801.a(queue.o)
 .data          0x00800206       0x35 /Users/jayhe/Documents/CEG4166/FreeRTOS801/Release/libFreeRTOS801.a(tasks.o)
 .data          0x0080023b        0x0 /Users/jayhe/Documents/CEG4166/FreeRTOS801/Release/libFreeRTOS801.a(port.o)
 .data          0x0080023b        0x0 /Users/jayhe/Documents/CEG4166/FreeRTOS801/Release/libFreeRTOS801.a(system_tick.o)
 .data          0x0080023b        0x0 /Users/jayhe/Documents/CEG4166/FreeRTOS801/Release/libFreeRTOS801.a(system_time.o)
 .data          0x0080023b        0x0 /Users/jayhe/Documents/CEG4166/FreeRTOS801/Release/libFreeRTOS801.a(heap_4.o)
 .data          0x0080023b        0x0 /Users/jayhe/Documents/CEG4166/FreeRTOS801/Release/libFreeRTOS801.a(list.o)
 .data          0x0080023b        0x0 /Users/jayhe/Documents/CEG4166/FreeRTOS801/Release/libFreeRTOS801.a(runtTimeStatsTimer.o)
 .data          0x0080023b        0x0 /Applications/Arduino.app/Contents/Resources/Java/hardware/tools/avr/bin/../lib/gcc/avr/4.3.2/../../../../avr/lib/avr6/libm.a(addsf3.o)
 .data          0x0080023b        0x0 /Applications/Arduino.app/Contents/Resources/Java/hardware/tools/avr/bin/../lib/gcc/avr/4.3.2/../../../../avr/lib/avr6/libm.a(addsf3x.o)
 .data          0x0080023b        0x0 /Applications/Arduino.app/Contents/Resources/Java/hardware/tools/avr/bin/../lib/gcc/avr/4.3.2/../../../../avr/lib/avr6/libm.a(floatsisf.o)
 .data          0x0080023b        0x0 /Applications/Arduino.app/Contents/Resources/Java/hardware/tools/avr/bin/../lib/gcc/avr/4.3.2/../../../../avr/lib/avr6/libm.a(fp_inf.o)
 .data          0x0080023b        0x0 /Applications/Arduino.app/Contents/Resources/Java/hardware/tools/avr/bin/../lib/gcc/avr/4.3.2/../../../../avr/lib/avr6/libm.a(fp_nan.o)
 .data          0x0080023b        0x0 /Applications/Arduino.app/Contents/Resources/Java/hardware/tools/avr/bin/../lib/gcc/avr/4.3.2/../../../../avr/lib/avr6/libm.a(fp_pscA.o)
 .data          0x0080023b        0x0 /Applications/Arduino.app/Contents/Resources/Java/hardware/tools/avr/bin/../lib/gcc/avr/4.3.2/../../../../avr/lib/avr6/libm.a(fp_pscB.o)
 .data          0x0080023b        0x0 /Applications/Arduino.app/Contents/Resources/Java/hardware/tools/avr/bin/../lib/gcc/avr/4.3.2/../../../../avr/lib/avr6/libm.a(fp_round.o)
 .data          0x0080023b        0x0 /Applications/Arduino.app/Contents/Resources/Java/hardware/tools/avr/bin/../lib/gcc/avr/4.3.2/../../../../avr/lib/avr6/libm.a(fp_split3.o)
 .data          0x0080023b        0x0 /Applications/Arduino.app/Contents/Resources/Java/hardware/tools/avr/bin/../lib/gcc/avr/4.3.2/../../../../avr/lib/avr6/libm.a(fp_zero.o)
 .data          0x0080023b        0x0 /Applications/Arduino.app/Contents/Resources/Java/hardware/tools/avr/bin/../lib/gcc/avr/4.3.2/../../../../avr/lib/avr6/libm.a(mulsf3.o)
 .data          0x0080023b        0x0 /Applications/Arduino.app/Contents/Resources/Java/hardware/tools/avr/bin/../lib/gcc/avr/4.3.2/../../../../avr/lib/avr6/libm.a(mulsf3x.o)
 .data          0x0080023b        0x0 /Applications/Arduino.app/Contents/Resources/Java/hardware/tools/avr/bin/../lib/gcc/avr/4.3.2/../../../../avr/lib/avr6/libprintf_flt.a(vfprintf_flt.o)
 .data          0x0080023b        0x0 /Users/jayhe/Documents/CEG4166/CEG4166_RTS_Lib/Release/libCEG4166_RTS_Lib.a(usartSerial.o)
 .data          0x0080023b        0x0 /Applications/Arduino.app/Contents/Resources/Java/hardware/tools/avr/bin/../lib/gcc/avr/4.3.2/avr6/libgcc.a(_mulsi3.o)
 .data          0x0080023b        0x0 /Applications/Arduino.app/Contents/Resources/Java/hardware/tools/avr/bin/../lib/gcc/avr/4.3.2/avr6/libgcc.a(_divmodhi4.o)
 .data          0x0080023b        0x0 /Applications/Arduino.app/Contents/Resources/Java/hardware/tools/avr/bin/../lib/gcc/avr/4.3.2/avr6/libgcc.a(_udivmodsi4.o)
 .data          0x0080023b        0x0 /Applications/Arduino.app/Contents/Resources/Java/hardware/tools/avr/bin/../lib/gcc/avr/4.3.2/avr6/libgcc.a(_prologue.o)
 .data          0x0080023b        0x0 /Applications/Arduino.app/Contents/Resources/Java/hardware/tools/avr/bin/../lib/gcc/avr/4.3.2/avr6/libgcc.a(_epilogue.o)
 .data          0x0080023b        0x0 /Applications/Arduino.app/Contents/Resources/Java/hardware/tools/avr/bin/../lib/gcc/avr/4.3.2/avr6/libgcc.a(_exit.o)
 .data          0x0080023b        0x0 /Applications/Arduino.app/Contents/Resources/Java/hardware/tools/avr/bin/../lib/gcc/avr/4.3.2/avr6/libgcc.a(_tablejump.o)
 .data          0x0080023b        0x0 /Applications/Arduino.app/Contents/Resources/Java/hardware/tools/avr/bin/../lib/gcc/avr/4.3.2/avr6/libgcc.a(_clear_bss.o)
 .data          0x0080023b        0x0 /Applications/Arduino.app/Contents/Resources/Java/hardware/tools/avr/bin/../lib/gcc/avr/4.3.2/avr6/libgcc.a(_udivmodhi4.o)
 .data          0x0080023b        0x0 /Applications/Arduino.app/Contents/Resources/Java/hardware/tools/avr/bin/../lib/gcc/avr/4.3.2/../../../../avr/lib/avr6/libc.a(ftoa_engine.o)
 .data          0x0080023b        0x0 /Applications/Arduino.app/Contents/Resources/Java/hardware/tools/avr/bin/../lib/gcc/avr/4.3.2/../../../../avr/lib/avr6/libc.a(strlen_P.o)
 .data          0x0080023b        0x0 /Applications/Arduino.app/Contents/Resources/Java/hardware/tools/avr/bin/../lib/gcc/avr/4.3.2/../../../../avr/lib/avr6/libc.a(strnlen_P.o)
 .data          0x0080023b        0x0 /Applications/Arduino.app/Contents/Resources/Java/hardware/tools/avr/bin/../lib/gcc/avr/4.3.2/../../../../avr/lib/avr6/libc.a(memcpy.o)
 .data          0x0080023b        0x0 /Applications/Arduino.app/Contents/Resources/Java/hardware/tools/avr/bin/../lib/gcc/avr/4.3.2/../../../../avr/lib/avr6/libc.a(memset.o)
 .data          0x0080023b        0x0 /Applications/Arduino.app/Contents/Resources/Java/hardware/tools/avr/bin/../lib/gcc/avr/4.3.2/../../../../avr/lib/avr6/libc.a(strnlen.o)
 .data          0x0080023b        0x0 /Applications/Arduino.app/Contents/Resources/Java/hardware/tools/avr/bin/../lib/gcc/avr/4.3.2/../../../../avr/lib/avr6/libc.a(fputc.o)
 .data          0x0080023b        0x0 /Applications/Arduino.app/Contents/Resources/Java/hardware/tools/avr/bin/../lib/gcc/avr/4.3.2/../../../../avr/lib/avr6/libc.a(sprintf.o)
 .data          0x0080023b        0x0 /Applications/Arduino.app/Contents/Resources/Java/hardware/tools/avr/bin/../lib/gcc/avr/4.3.2/../../../../avr/lib/avr6/libc.a(vsnprintf.o)
 .data          0x0080023b        0x0 /Applications/Arduino.app/Contents/Resources/Java/hardware/tools/avr/bin/../lib/gcc/avr/4.3.2/../../../../avr/lib/avr6/libc.a(vsnprintf_p.o)
 .data          0x0080023b        0x0 /Applications/Arduino.app/Contents/Resources/Java/hardware/tools/avr/bin/../lib/gcc/avr/4.3.2/../../../../avr/lib/avr6/libc.a(ultoa_invert.o)
 *(.data*)
 .data.I2C_state
                0x0080023b        0x1 /Users/jayhe/Documents/CEG4166/FreeRTOS801/Release/libFreeRTOS801.a(i2cMultiMaster.o)
 .data.xNextTaskUnblockTime
                0x0080023c        0x2 /Users/jayhe/Documents/CEG4166/FreeRTOS801/Release/libFreeRTOS801.a(tasks.o)
 .data.xMinimumEverFreeBytesRemaining
                0x0080023e        0x2 /Users/jayhe/Documents/CEG4166/FreeRTOS801/Release/libFreeRTOS801.a(heap_4.o)
 .data.xFreeBytesRemaining
                0x00800240        0x2 /Users/jayhe/Documents/CEG4166/FreeRTOS801/Release/libFreeRTOS801.a(heap_4.o)
 .data.usartReg
                0x00800242       0x28 /Users/jayhe/Documents/CEG4166/CEG4166_RTS_Lib/Release/libCEG4166_RTS_Lib.a(usartSerial.o)
                0x00800242                usartReg
 *(.rodata)
 *(.rodata*)
 .rodata.C.0.1534
                0x0080026a       0x12 ./ReadTmp.o
 .rodata.encoders
                0x0080027c        0xe ./motion.o
 .rodata.tc_module_s
                0x0080028a       0x20 ./motion.o
 .rodata.motors
                0x008002aa       0x1e ./motion.o
 *(.gnu.linkonce.d*)
                0x008002c8                . = ALIGN (0x2)
                0x008002c8                _edata = .
                0x008002c8                PROVIDE (__data_end, .)

.bss            0x008002c8     0x135d
                0x008002c8                PROVIDE (__bss_start, .)
 *(.bss)
 .bss           0x008002c8        0x0 /Applications/Arduino.app/Contents/Resources/Java/hardware/tools/avr/bin/../lib/gcc/avr/4.3.2/../../../../avr/lib/avr6/crtm2560.o
 .bss           0x008002c8        0x0 ./LCD.o
 .bss           0x008002c8        0x0 ./LED.o
 .bss           0x008002c8        0x0 ./Movement.o
 .bss           0x008002c8        0x0 ./ReadTmp.o
 .bss           0x008002c8        0x0 ./Scan.o
 .bss           0x008002c8        0x0 ./main.o
 .bss           0x008002c8        0x0 ./motion.o
 .bss           0x008002c8        0x0 /Users/jayhe/Documents/CEG4166/FreeRTOS801/Release/libFreeRTOS801.a(i2cMultiMaster.o)
 .bss           0x008002c8        0x0 /Users/jayhe/Documents/CEG4166/FreeRTOS801/Release/libFreeRTOS801.a(queue.o)
 .bss           0x008002c8        0x0 /Users/jayhe/Documents/CEG4166/FreeRTOS801/Release/libFreeRTOS801.a(tasks.o)
 .bss           0x008002c8        0x0 /Users/jayhe/Documents/CEG4166/FreeRTOS801/Release/libFreeRTOS801.a(port.o)
 .bss           0x008002c8        0x0 /Users/jayhe/Documents/CEG4166/FreeRTOS801/Release/libFreeRTOS801.a(system_tick.o)
 .bss           0x008002c8        0x0 /Users/jayhe/Documents/CEG4166/FreeRTOS801/Release/libFreeRTOS801.a(system_time.o)
 .bss           0x008002c8        0x0 /Users/jayhe/Documents/CEG4166/FreeRTOS801/Release/libFreeRTOS801.a(heap_4.o)
 .bss           0x008002c8        0x0 /Users/jayhe/Documents/CEG4166/FreeRTOS801/Release/libFreeRTOS801.a(list.o)
 .bss           0x008002c8        0x0 /Users/jayhe/Documents/CEG4166/FreeRTOS801/Release/libFreeRTOS801.a(runtTimeStatsTimer.o)
 .bss           0x008002c8        0x0 /Applications/Arduino.app/Contents/Resources/Java/hardware/tools/avr/bin/../lib/gcc/avr/4.3.2/../../../../avr/lib/avr6/libm.a(addsf3.o)
 .bss           0x008002c8        0x0 /Applications/Arduino.app/Contents/Resources/Java/hardware/tools/avr/bin/../lib/gcc/avr/4.3.2/../../../../avr/lib/avr6/libm.a(addsf3x.o)
 .bss           0x008002c8        0x0 /Applications/Arduino.app/Contents/Resources/Java/hardware/tools/avr/bin/../lib/gcc/avr/4.3.2/../../../../avr/lib/avr6/libm.a(floatsisf.o)
 .bss           0x008002c8        0x0 /Applications/Arduino.app/Contents/Resources/Java/hardware/tools/avr/bin/../lib/gcc/avr/4.3.2/../../../../avr/lib/avr6/libm.a(fp_inf.o)
 .bss           0x008002c8        0x0 /Applications/Arduino.app/Contents/Resources/Java/hardware/tools/avr/bin/../lib/gcc/avr/4.3.2/../../../../avr/lib/avr6/libm.a(fp_nan.o)
 .bss           0x008002c8        0x0 /Applications/Arduino.app/Contents/Resources/Java/hardware/tools/avr/bin/../lib/gcc/avr/4.3.2/../../../../avr/lib/avr6/libm.a(fp_pscA.o)
 .bss           0x008002c8        0x0 /Applications/Arduino.app/Contents/Resources/Java/hardware/tools/avr/bin/../lib/gcc/avr/4.3.2/../../../../avr/lib/avr6/libm.a(fp_pscB.o)
 .bss           0x008002c8        0x0 /Applications/Arduino.app/Contents/Resources/Java/hardware/tools/avr/bin/../lib/gcc/avr/4.3.2/../../../../avr/lib/avr6/libm.a(fp_round.o)
 .bss           0x008002c8        0x0 /Applications/Arduino.app/Contents/Resources/Java/hardware/tools/avr/bin/../lib/gcc/avr/4.3.2/../../../../avr/lib/avr6/libm.a(fp_split3.o)
 .bss           0x008002c8        0x0 /Applications/Arduino.app/Contents/Resources/Java/hardware/tools/avr/bin/../lib/gcc/avr/4.3.2/../../../../avr/lib/avr6/libm.a(fp_zero.o)
 .bss           0x008002c8        0x0 /Applications/Arduino.app/Contents/Resources/Java/hardware/tools/avr/bin/../lib/gcc/avr/4.3.2/../../../../avr/lib/avr6/libm.a(mulsf3.o)
 .bss           0x008002c8        0x0 /Applications/Arduino.app/Contents/Resources/Java/hardware/tools/avr/bin/../lib/gcc/avr/4.3.2/../../../../avr/lib/avr6/libm.a(mulsf3x.o)
 .bss           0x008002c8        0x0 /Applications/Arduino.app/Contents/Resources/Java/hardware/tools/avr/bin/../lib/gcc/avr/4.3.2/../../../../avr/lib/avr6/libprintf_flt.a(vfprintf_flt.o)
 .bss           0x008002c8        0x0 /Users/jayhe/Documents/CEG4166/CEG4166_RTS_Lib/Release/libCEG4166_RTS_Lib.a(usartSerial.o)
 .bss           0x008002c8        0x0 /Applications/Arduino.app/Contents/Resources/Java/hardware/tools/avr/bin/../lib/gcc/avr/4.3.2/avr6/libgcc.a(_mulsi3.o)
 .bss           0x008002c8        0x0 /Applications/Arduino.app/Contents/Resources/Java/hardware/tools/avr/bin/../lib/gcc/avr/4.3.2/avr6/libgcc.a(_divmodhi4.o)
 .bss           0x008002c8        0x0 /Applications/Arduino.app/Contents/Resources/Java/hardware/tools/avr/bin/../lib/gcc/avr/4.3.2/avr6/libgcc.a(_udivmodsi4.o)
 .bss           0x008002c8        0x0 /Applications/Arduino.app/Contents/Resources/Java/hardware/tools/avr/bin/../lib/gcc/avr/4.3.2/avr6/libgcc.a(_prologue.o)
 .bss           0x008002c8        0x0 /Applications/Arduino.app/Contents/Resources/Java/hardware/tools/avr/bin/../lib/gcc/avr/4.3.2/avr6/libgcc.a(_epilogue.o)
 .bss           0x008002c8        0x0 /Applications/Arduino.app/Contents/Resources/Java/hardware/tools/avr/bin/../lib/gcc/avr/4.3.2/avr6/libgcc.a(_exit.o)
 .bss           0x008002c8        0x0 /Applications/Arduino.app/Contents/Resources/Java/hardware/tools/avr/bin/../lib/gcc/avr/4.3.2/avr6/libgcc.a(_tablejump.o)
 .bss           0x008002c8        0x0 /Applications/Arduino.app/Contents/Resources/Java/hardware/tools/avr/bin/../lib/gcc/avr/4.3.2/avr6/libgcc.a(_clear_bss.o)
 .bss           0x008002c8        0x0 /Applications/Arduino.app/Contents/Resources/Java/hardware/tools/avr/bin/../lib/gcc/avr/4.3.2/avr6/libgcc.a(_udivmodhi4.o)
 .bss           0x008002c8        0x0 /Applications/Arduino.app/Contents/Resources/Java/hardware/tools/avr/bin/../lib/gcc/avr/4.3.2/../../../../avr/lib/avr6/libc.a(ftoa_engine.o)
 .bss           0x008002c8        0x0 /Applications/Arduino.app/Contents/Resources/Java/hardware/tools/avr/bin/../lib/gcc/avr/4.3.2/../../../../avr/lib/avr6/libc.a(strlen_P.o)
 .bss           0x008002c8        0x0 /Applications/Arduino.app/Contents/Resources/Java/hardware/tools/avr/bin/../lib/gcc/avr/4.3.2/../../../../avr/lib/avr6/libc.a(strnlen_P.o)
 .bss           0x008002c8        0x0 /Applications/Arduino.app/Contents/Resources/Java/hardware/tools/avr/bin/../lib/gcc/avr/4.3.2/../../../../avr/lib/avr6/libc.a(memcpy.o)
 .bss           0x008002c8        0x0 /Applications/Arduino.app/Contents/Resources/Java/hardware/tools/avr/bin/../lib/gcc/avr/4.3.2/../../../../avr/lib/avr6/libc.a(memset.o)
 .bss           0x008002c8        0x0 /Applications/Arduino.app/Contents/Resources/Java/hardware/tools/avr/bin/../lib/gcc/avr/4.3.2/../../../../avr/lib/avr6/libc.a(strnlen.o)
 .bss           0x008002c8        0x0 /Applications/Arduino.app/Contents/Resources/Java/hardware/tools/avr/bin/../lib/gcc/avr/4.3.2/../../../../avr/lib/avr6/libc.a(fputc.o)
 .bss           0x008002c8        0x0 /Applications/Arduino.app/Contents/Resources/Java/hardware/tools/avr/bin/../lib/gcc/avr/4.3.2/../../../../avr/lib/avr6/libc.a(sprintf.o)
 .bss           0x008002c8        0x0 /Applications/Arduino.app/Contents/Resources/Java/hardware/tools/avr/bin/../lib/gcc/avr/4.3.2/../../../../avr/lib/avr6/libc.a(vsnprintf.o)
 .bss           0x008002c8        0x0 /Applications/Arduino.app/Contents/Resources/Java/hardware/tools/avr/bin/../lib/gcc/avr/4.3.2/../../../../avr/lib/avr6/libc.a(vsnprintf_p.o)
 .bss           0x008002c8        0x0 /Applications/Arduino.app/Contents/Resources/Java/hardware/tools/avr/bin/../lib/gcc/avr/4.3.2/../../../../avr/lib/avr6/libc.a(ultoa_invert.o)
 *(.bss*)
 .bss.tov_cntr  0x008002c8        0x8 ./motion.o
 .bss.last_icr  0x008002d0        0x4 ./motion.o
 .bss.new_data  0x008002d4        0x8 ./motion.o
 .bss.new_data_available
                0x008002dc        0x4 ./motion.o
 .bss.xI2CSemaphore
                0x008002e0        0x2 /Users/jayhe/Documents/CEG4166/FreeRTOS801/Release/libFreeRTOS801.a(i2cMultiMaster.o)
                0x008002e0                xI2CSemaphore
 .bss.I2C_statusReg
                0x008002e2        0x1 /Users/jayhe/Documents/CEG4166/FreeRTOS801/Release/libFreeRTOS801.a(i2cMultiMaster.o)
                0x008002e2                I2C_statusReg
 .bss.I2C_checkBusyAfterStop
                0x008002e3        0x1 /Users/jayhe/Documents/CEG4166/FreeRTOS801/Release/libFreeRTOS801.a(i2cMultiMaster.o)
 .bss.I2C_bufPtr.1864
                0x008002e4        0x1 /Users/jayhe/Documents/CEG4166/FreeRTOS801/Release/libFreeRTOS801.a(i2cMultiMaster.o)
 .bss.I2C_buf   0x008002e5       0x18 /Users/jayhe/Documents/CEG4166/FreeRTOS801/Release/libFreeRTOS801.a(i2cMultiMaster.o)
 .bss.I2C_msgSize
                0x008002fd        0x1 /Users/jayhe/Documents/CEG4166/FreeRTOS801/Release/libFreeRTOS801.a(i2cMultiMaster.o)
 .bss.pxCurrentTCB
                0x008002fe        0x2 /Users/jayhe/Documents/CEG4166/FreeRTOS801/Release/libFreeRTOS801.a(tasks.o)
                0x008002fe                pxCurrentTCB
 .bss.uxCurrentNumberOfTasks
                0x00800300        0x1 /Users/jayhe/Documents/CEG4166/FreeRTOS801/Release/libFreeRTOS801.a(tasks.o)
 .bss.uxTopReadyPriority
                0x00800301        0x1 /Users/jayhe/Documents/CEG4166/FreeRTOS801/Release/libFreeRTOS801.a(tasks.o)
 .bss.xYieldPending
                0x00800302        0x1 /Users/jayhe/Documents/CEG4166/FreeRTOS801/Release/libFreeRTOS801.a(tasks.o)
 .bss.xTickCount
                0x00800303        0x2 /Users/jayhe/Documents/CEG4166/FreeRTOS801/Release/libFreeRTOS801.a(tasks.o)
 .bss.xNumOfOverflows
                0x00800305        0x1 /Users/jayhe/Documents/CEG4166/FreeRTOS801/Release/libFreeRTOS801.a(tasks.o)
 .bss.uxSchedulerSuspended
                0x00800306        0x1 /Users/jayhe/Documents/CEG4166/FreeRTOS801/Release/libFreeRTOS801.a(tasks.o)
 .bss.ulTotalRunTime
                0x00800307        0x4 /Users/jayhe/Documents/CEG4166/FreeRTOS801/Release/libFreeRTOS801.a(tasks.o)
 .bss.ulTaskSwitchedInTime
                0x0080030b        0x4 /Users/jayhe/Documents/CEG4166/FreeRTOS801/Release/libFreeRTOS801.a(tasks.o)
 .bss.uxPendedTicks
                0x0080030f        0x1 /Users/jayhe/Documents/CEG4166/FreeRTOS801/Release/libFreeRTOS801.a(tasks.o)
 .bss.xSchedulerRunning
                0x00800310        0x1 /Users/jayhe/Documents/CEG4166/FreeRTOS801/Release/libFreeRTOS801.a(tasks.o)
 .bss.uxTasksDeleted
                0x00800311        0x1 /Users/jayhe/Documents/CEG4166/FreeRTOS801/Release/libFreeRTOS801.a(tasks.o)
 .bss.uxTaskNumber
                0x00800312        0x1 /Users/jayhe/Documents/CEG4166/FreeRTOS801/Release/libFreeRTOS801.a(tasks.o)
 .bss.pxReadyTasksLists
                0x00800313       0x24 /Users/jayhe/Documents/CEG4166/FreeRTOS801/Release/libFreeRTOS801.a(tasks.o)
 .bss.xDelayedTaskList1
                0x00800337        0x9 /Users/jayhe/Documents/CEG4166/FreeRTOS801/Release/libFreeRTOS801.a(tasks.o)
 .bss.xDelayedTaskList2
                0x00800340        0x9 /Users/jayhe/Documents/CEG4166/FreeRTOS801/Release/libFreeRTOS801.a(tasks.o)
 .bss.pxDelayedTaskList
                0x00800349        0x2 /Users/jayhe/Documents/CEG4166/FreeRTOS801/Release/libFreeRTOS801.a(tasks.o)
 .bss.pxOverflowDelayedTaskList
                0x0080034b        0x2 /Users/jayhe/Documents/CEG4166/FreeRTOS801/Release/libFreeRTOS801.a(tasks.o)
 .bss.xPendingReadyList
                0x0080034d        0x9 /Users/jayhe/Documents/CEG4166/FreeRTOS801/Release/libFreeRTOS801.a(tasks.o)
 .bss.xTasksWaitingTermination
                0x00800356        0x9 /Users/jayhe/Documents/CEG4166/FreeRTOS801/Release/libFreeRTOS801.a(tasks.o)
 .bss.xSuspendedTaskList
                0x0080035f        0x9 /Users/jayhe/Documents/CEG4166/FreeRTOS801/Release/libFreeRTOS801.a(tasks.o)
 .bss.portTickRateHz
                0x00800368        0x2 /Users/jayhe/Documents/CEG4166/FreeRTOS801/Release/libFreeRTOS801.a(port.o)
 .bss.ticksRemainingInSec
                0x0080036a        0x2 /Users/jayhe/Documents/CEG4166/FreeRTOS801/Release/libFreeRTOS801.a(port.o)
 .bss.xBlockAllocatedBit
                0x0080036c        0x2 /Users/jayhe/Documents/CEG4166/FreeRTOS801/Release/libFreeRTOS801.a(heap_4.o)
 .bss.pxEnd     0x0080036e        0x2 /Users/jayhe/Documents/CEG4166/FreeRTOS801/Release/libFreeRTOS801.a(heap_4.o)
 .bss.ucHeap    0x00800370     0x1200 /Users/jayhe/Documents/CEG4166/FreeRTOS801/Release/libFreeRTOS801.a(heap_4.o)
 .bss.xStart    0x00801570        0x4 /Users/jayhe/Documents/CEG4166/FreeRTOS801/Release/libFreeRTOS801.a(heap_4.o)
 .bss.defaultUSART
                0x00801574        0x1 /Users/jayhe/Documents/CEG4166/CEG4166_RTS_Lib/Release/libCEG4166_RTS_Lib.a(usartSerial.o)
                0x00801574                defaultUSART
 *(COMMON)
 COMMON         0x00801575       0x38 ./main.o
                0x00801575                spinning
                0x00801576                movingForwards
                0x00801577                avgTemperature
                0x00801578                lcdString
                0x00801598                movingBackwards
                0x00801599                result
                0x008015ab                usartfd
 COMMON         0x008015ad        0x4 /Users/jayhe/Documents/CEG4166/FreeRTOS801/Release/libFreeRTOS801.a(system_time.o)
                0x008015ad                __system_time
 COMMON         0x008015b1       0x74 /Users/jayhe/Documents/CEG4166/CEG4166_RTS_Lib/Release/libCEG4166_RTS_Lib.a(usartSerial.o)
                0x008015b1                usartComBuf
                0x00801625                PROVIDE (__bss_end, .)
                0x000078b6                __data_load_start = LOADADDR (.data)
                0x0000797e                __data_load_end = (__data_load_start + SIZEOF (.data))

.noinit         0x00801625        0x0
                0x00801625                PROVIDE (__noinit_start, .)
 *(.noinit*)
                0x00801625                PROVIDE (__noinit_end, .)
                0x00801625                _end = .
                0x00801625                PROVIDE (__heap_start, .)

.eeprom         0x00810000        0x0
 *(.eeprom*)
                0x00810000                __eeprom_end = .

.fuse
 *(.fuse)
 *(.lfuse)
 *(.hfuse)
 *(.efuse)

.lock
 *(.lock*)

.signature
 *(.signature*)

.stab
 *(.stab)

.stabstr
 *(.stabstr)

.stab.excl
 *(.stab.excl)

.stab.exclstr
 *(.stab.exclstr)

.stab.index
 *(.stab.index)

.stab.indexstr
 *(.stab.indexstr)

.comment
 *(.comment)

.debug
 *(.debug)

.line
 *(.line)

.debug_srcinfo
 *(.debug_srcinfo)

.debug_sfnames
 *(.debug_sfnames)

.debug_aranges  0x00000000       0xa0
 *(.debug_aranges)
 .debug_aranges
                0x00000000       0x20 /Applications/Arduino.app/Contents/Resources/Java/hardware/tools/avr/bin/../lib/gcc/avr/4.3.2/../../../../avr/lib/avr6/libprintf_flt.a(vfprintf_flt.o)
 .debug_aranges
                0x00000020       0x20 /Applications/Arduino.app/Contents/Resources/Java/hardware/tools/avr/bin/../lib/gcc/avr/4.3.2/../../../../avr/lib/avr6/libc.a(fputc.o)
 .debug_aranges
                0x00000040       0x20 /Applications/Arduino.app/Contents/Resources/Java/hardware/tools/avr/bin/../lib/gcc/avr/4.3.2/../../../../avr/lib/avr6/libc.a(sprintf.o)
 .debug_aranges
                0x00000060       0x20 /Applications/Arduino.app/Contents/Resources/Java/hardware/tools/avr/bin/../lib/gcc/avr/4.3.2/../../../../avr/lib/avr6/libc.a(vsnprintf.o)
 .debug_aranges
                0x00000080       0x20 /Applications/Arduino.app/Contents/Resources/Java/hardware/tools/avr/bin/../lib/gcc/avr/4.3.2/../../../../avr/lib/avr6/libc.a(vsnprintf_p.o)

.debug_pubnames
                0x00000000       0x9b
 *(.debug_pubnames)
 .debug_pubnames
                0x00000000       0x1f /Applications/Arduino.app/Contents/Resources/Java/hardware/tools/avr/bin/../lib/gcc/avr/4.3.2/../../../../avr/lib/avr6/libprintf_flt.a(vfprintf_flt.o)
 .debug_pubnames
                0x0000001f       0x1c /Applications/Arduino.app/Contents/Resources/Java/hardware/tools/avr/bin/../lib/gcc/avr/4.3.2/../../../../avr/lib/avr6/libc.a(fputc.o)
 .debug_pubnames
                0x0000003b       0x1e /Applications/Arduino.app/Contents/Resources/Java/hardware/tools/avr/bin/../lib/gcc/avr/4.3.2/../../../../avr/lib/avr6/libc.a(sprintf.o)
 .debug_pubnames
                0x00000059       0x20 /Applications/Arduino.app/Contents/Resources/Java/hardware/tools/avr/bin/../lib/gcc/avr/4.3.2/../../../../avr/lib/avr6/libc.a(vsnprintf.o)
 .debug_pubnames
                0x00000079       0x22 /Applications/Arduino.app/Contents/Resources/Java/hardware/tools/avr/bin/../lib/gcc/avr/4.3.2/../../../../avr/lib/avr6/libc.a(vsnprintf_p.o)

.debug_info     0x00000000      0xad9
 *(.debug_info)
 .debug_info    0x00000000      0x41d /Applications/Arduino.app/Contents/Resources/Java/hardware/tools/avr/bin/../lib/gcc/avr/4.3.2/../../../../avr/lib/avr6/libprintf_flt.a(vfprintf_flt.o)
 .debug_info    0x0000041d      0x166 /Applications/Arduino.app/Contents/Resources/Java/hardware/tools/avr/bin/../lib/gcc/avr/4.3.2/../../../../avr/lib/avr6/libc.a(fputc.o)
 .debug_info    0x00000583      0x1b0 /Applications/Arduino.app/Contents/Resources/Java/hardware/tools/avr/bin/../lib/gcc/avr/4.3.2/../../../../avr/lib/avr6/libc.a(sprintf.o)
 .debug_info    0x00000733      0x1d3 /Applications/Arduino.app/Contents/Resources/Java/hardware/tools/avr/bin/../lib/gcc/avr/4.3.2/../../../../avr/lib/avr6/libc.a(vsnprintf.o)
 .debug_info    0x00000906      0x1d3 /Applications/Arduino.app/Contents/Resources/Java/hardware/tools/avr/bin/../lib/gcc/avr/4.3.2/../../../../avr/lib/avr6/libc.a(vsnprintf_p.o)
 *(.gnu.linkonce.wi.*)

.debug_abbrev   0x00000000      0x54a
 *(.debug_abbrev)
 .debug_abbrev  0x00000000      0x18f /Applications/Arduino.app/Contents/Resources/Java/hardware/tools/avr/bin/../lib/gcc/avr/4.3.2/../../../../avr/lib/avr6/libprintf_flt.a(vfprintf_flt.o)
 .debug_abbrev  0x0000018f       0xd9 /Applications/Arduino.app/Contents/Resources/Java/hardware/tools/avr/bin/../lib/gcc/avr/4.3.2/../../../../avr/lib/avr6/libc.a(fputc.o)
 .debug_abbrev  0x00000268      0x10c /Applications/Arduino.app/Contents/Resources/Java/hardware/tools/avr/bin/../lib/gcc/avr/4.3.2/../../../../avr/lib/avr6/libc.a(sprintf.o)
 .debug_abbrev  0x00000374       0xeb /Applications/Arduino.app/Contents/Resources/Java/hardware/tools/avr/bin/../lib/gcc/avr/4.3.2/../../../../avr/lib/avr6/libc.a(vsnprintf.o)
 .debug_abbrev  0x0000045f       0xeb /Applications/Arduino.app/Contents/Resources/Java/hardware/tools/avr/bin/../lib/gcc/avr/4.3.2/../../../../avr/lib/avr6/libc.a(vsnprintf_p.o)

.debug_line     0x00000000      0xbad
 *(.debug_line)
 .debug_line    0x00000000      0x740 /Applications/Arduino.app/Contents/Resources/Java/hardware/tools/avr/bin/../lib/gcc/avr/4.3.2/../../../../avr/lib/avr6/libprintf_flt.a(vfprintf_flt.o)
 .debug_line    0x00000740       0xd0 /Applications/Arduino.app/Contents/Resources/Java/hardware/tools/avr/bin/../lib/gcc/avr/4.3.2/../../../../avr/lib/avr6/libc.a(fputc.o)
 .debug_line    0x00000810      0x125 /Applications/Arduino.app/Contents/Resources/Java/hardware/tools/avr/bin/../lib/gcc/avr/4.3.2/../../../../avr/lib/avr6/libc.a(sprintf.o)
 .debug_line    0x00000935      0x13b /Applications/Arduino.app/Contents/Resources/Java/hardware/tools/avr/bin/../lib/gcc/avr/4.3.2/../../../../avr/lib/avr6/libc.a(vsnprintf.o)
 .debug_line    0x00000a70      0x13d /Applications/Arduino.app/Contents/Resources/Java/hardware/tools/avr/bin/../lib/gcc/avr/4.3.2/../../../../avr/lib/avr6/libc.a(vsnprintf_p.o)

.debug_frame    0x00000000       0xa0
 *(.debug_frame)
 .debug_frame   0x00000000       0x20 /Applications/Arduino.app/Contents/Resources/Java/hardware/tools/avr/bin/../lib/gcc/avr/4.3.2/../../../../avr/lib/avr6/libprintf_flt.a(vfprintf_flt.o)
 .debug_frame   0x00000020       0x20 /Applications/Arduino.app/Contents/Resources/Java/hardware/tools/avr/bin/../lib/gcc/avr/4.3.2/../../../../avr/lib/avr6/libc.a(fputc.o)
 .debug_frame   0x00000040       0x20 /Applications/Arduino.app/Contents/Resources/Java/hardware/tools/avr/bin/../lib/gcc/avr/4.3.2/../../../../avr/lib/avr6/libc.a(sprintf.o)
 .debug_frame   0x00000060       0x20 /Applications/Arduino.app/Contents/Resources/Java/hardware/tools/avr/bin/../lib/gcc/avr/4.3.2/../../../../avr/lib/avr6/libc.a(vsnprintf.o)
 .debug_frame   0x00000080       0x20 /Applications/Arduino.app/Contents/Resources/Java/hardware/tools/avr/bin/../lib/gcc/avr/4.3.2/../../../../avr/lib/avr6/libc.a(vsnprintf_p.o)

.debug_str      0x00000000      0x21a
 *(.debug_str)
 .debug_str     0x00000000      0x17a /Applications/Arduino.app/Contents/Resources/Java/hardware/tools/avr/bin/../lib/gcc/avr/4.3.2/../../../../avr/lib/avr6/libprintf_flt.a(vfprintf_flt.o)
                                0x1bb (size before relaxing)
 .debug_str     0x0000017a       0x22 /Applications/Arduino.app/Contents/Resources/Java/hardware/tools/avr/bin/../lib/gcc/avr/4.3.2/../../../../avr/lib/avr6/libc.a(fputc.o)
                                0x125 (size before relaxing)
 .debug_str     0x0000019c       0x26 /Applications/Arduino.app/Contents/Resources/Java/hardware/tools/avr/bin/../lib/gcc/avr/4.3.2/../../../../avr/lib/avr6/libc.a(sprintf.o)
                                0x14b (size before relaxing)
 .debug_str     0x000001c2       0x2a /Applications/Arduino.app/Contents/Resources/Java/hardware/tools/avr/bin/../lib/gcc/avr/4.3.2/../../../../avr/lib/avr6/libc.a(vsnprintf.o)
                                0x156 (size before relaxing)
 .debug_str     0x000001ec       0x2e /Applications/Arduino.app/Contents/Resources/Java/hardware/tools/avr/bin/../lib/gcc/avr/4.3.2/../../../../avr/lib/avr6/libc.a(vsnprintf_p.o)
                                0x15a (size before relaxing)

.debug_loc      0x00000000      0xb0f
 *(.debug_loc)
 .debug_loc     0x00000000      0x9ab /Applications/Arduino.app/Contents/Resources/Java/hardware/tools/avr/bin/../lib/gcc/avr/4.3.2/../../../../avr/lib/avr6/libprintf_flt.a(vfprintf_flt.o)
 .debug_loc     0x000009ab       0x60 /Applications/Arduino.app/Contents/Resources/Java/hardware/tools/avr/bin/../lib/gcc/avr/4.3.2/../../../../avr/lib/avr6/libc.a(fputc.o)
 .debug_loc     0x00000a0b       0x24 /Applications/Arduino.app/Contents/Resources/Java/hardware/tools/avr/bin/../lib/gcc/avr/4.3.2/../../../../avr/lib/avr6/libc.a(sprintf.o)
 .debug_loc     0x00000a2f       0x70 /Applications/Arduino.app/Contents/Resources/Java/hardware/tools/avr/bin/../lib/gcc/avr/4.3.2/../../../../avr/lib/avr6/libc.a(vsnprintf.o)
 .debug_loc     0x00000a9f       0x70 /Applications/Arduino.app/Contents/Resources/Java/hardware/tools/avr/bin/../lib/gcc/avr/4.3.2/../../../../avr/lib/avr6/libc.a(vsnprintf_p.o)

.debug_macinfo
 *(.debug_macinfo)
OUTPUT(ProjectTemplate.elf elf32-avr)
LOAD linker stubs

.debug_ranges   0x00000000       0x18
 .debug_ranges  0x00000000       0x18 /Applications/Arduino.app/Contents/Resources/Java/hardware/tools/avr/bin/../lib/gcc/avr/4.3.2/../../../../avr/lib/avr6/libprintf_flt.a(vfprintf_flt.o)
